
scontrol show job 900010
JobId=900010 JobName=debugjob-1-notming
   UserId=notming(3159615) GroupId=notming(3159615) MCS_label=N/A
   Priority=11176563 Nice=0 Account=def-mmehride QOS=normal
   JobState=COMPLETING Reason=TimeLimit Dependency=(null)
   Requeue=0 Restarts=0 BatchFlag=0 Reboot=0 ExitCode=0:0
   RunTime=02:00:01 TimeLimit=02:00:00 TimeMin=N/A
   SubmitTime=2026-09-07T23:35:30 EligibleTime=2026-09-07T23:35:30
   AccrueTime=Unknown
   StartTime=2026-09-07T23:35:30 EndTime=2026-09-08T01:35:31 Deadline=N/A
   SuspendTime=None SecsPreSuspend=0 LastSchedEval=2026-09-07T23:35:30 Scheduler=Main
   Partition=debug AllocNode:Sid=trig-login01:2147409
   ReqNodeList=(null) ExcNodeList=(null)
   NodeList=trig0026
   BatchHost=trig0026
   NumNodes=1 NumCPUs=24 NumTasks=24 CPUs/Task=1 ReqB:S:C:T=0:0:*:*
   ReqTRES=cpu=24,mem=187.50G,node=1,billing=1,gres/gpu=1
   AllocTRES=cpu=24,mem=187.50G,node=1,billing=1,gres/gpu=1
   Socks/Node=* NtasksPerN:B:S:C=0:0:*:* CoreSpec=*
   MinCPUsNode=1 MinMemoryNode=187.50G MinTmpDiskNode=0
   Features=(null) DelayBoot=00:00:00
   OverSubscribe=OK Contiguous=0 Licenses=(null) LicensesAlloc=(null) Network=(null)
   Command=/bin/sh
   SubmitLine=SALLOC --comment /opt/slurm/bin/salloc --time=2:0:0 --job-name=debugjob-1-notming --nodes=1 --ntasks=24 --account=def-mmehride -p debug --gpus-per-node=1 --time=2:0:0 --job-name=debugjob-1-notming --nodes=1 --ntasks=24 --account=def-mmehride -p debug --gpus-per-node=1
   WorkDir=/scratch/notming
   Comment=/opt/slurm/bin/salloc --time=2:0:0 --job-name=debugjob-1-notming --nodes=1 --ntasks=24 --account=def-mmehride -p debug --gpus-per-node=1
   CpusPerTres=gpu:24
   TresPerNode=gres/gpu:1

sacct -j 900010
JobID           JobName    Account    Elapsed  MaxVMSize     MaxRSS  SystemCPU    UserCPU ExitCode 
------------ ---------- ---------- ---------- ---------- ---------- ---------- ---------- -------- 
900010       debugjob-+ def-mmehr+   02:00:01                         00:00:00   00:00:00      0:0 
900010.inte+ interacti+ def-mmehr+   02:00:01                         00:00:00   00:00:00      0:0 
900010.exte+     extern def-mmehr+   02:00:01                         00:00:00   00:00:00      0:0 

