
scontrol show job 760701
JobId=760701 JobName=debugjob-1-notming
   UserId=notming(3159615) GroupId=notming(3159615) MCS_label=N/A
   Priority=10984195 Nice=0 Account=def-mmehride QOS=normal
   JobState=COMPLETING Reason=NonZeroExitCode Dependency=(null)
   Requeue=0 Restarts=0 BatchFlag=0 Reboot=0 ExitCode=130:0
   RunTime=00:54:35 TimeLimit=02:00:00 TimeMin=N/A
   SubmitTime=2026-08-13T11:53:55 EligibleTime=2026-08-13T11:53:55
   AccrueTime=Unknown
   StartTime=2026-08-13T11:53:55 EndTime=2026-08-13T12:48:30 Deadline=N/A
   SuspendTime=None SecsPreSuspend=0 LastSchedEval=2026-08-13T11:53:55 Scheduler=Main
   Partition=debug AllocNode:Sid=trig-login01:1483555
   ReqNodeList=(null) ExcNodeList=(null)
   NodeList=trig0001
   BatchHost=trig0001
   NumNodes=1 NumCPUs=24 NumTasks=24 CPUs/Task=1 ReqB:S:C:T=0:0:*:*
   ReqTRES=cpu=24,mem=187.50G,node=1,billing=1,gres/gpu=1
   AllocTRES=cpu=24,mem=187.50G,node=1,billing=1,gres/gpu=1
   Socks/Node=* NtasksPerN:B:S:C=0:0:*:* CoreSpec=*
   MinCPUsNode=1 MinMemoryNode=187.50G MinTmpDiskNode=0
   Features=(null) DelayBoot=00:00:00
   OverSubscribe=OK Contiguous=0 Licenses=(null) LicensesAlloc=(null) Network=(null)
   Command=/bin/sh
   SubmitLine=SALLOC --comment /opt/slurm/bin/salloc --time=2:0:0 --job-name=debugjob-1-notming --nodes=1 --ntasks=24 --account=def-mmehride -p debug --gpus-per-node=1 --time=2:0:0 --job-name=debugjob-1-notming --nodes=1 --ntasks=24 --account=def-mmehride -p debug --gpus-per-node=1
   WorkDir=/scratch/notming
   Comment=/opt/slurm/bin/salloc --time=2:0:0 --job-name=debugjob-1-notming --nodes=1 --ntasks=24 --account=def-mmehride -p debug --gpus-per-node=1
   CpusPerTres=gpu:24
   TresPerNode=gres/gpu:1

sacct -j 760701
JobID           JobName    Account    Elapsed  MaxVMSize     MaxRSS  SystemCPU    UserCPU ExitCode 
------------ ---------- ---------- ---------- ---------- ---------- ---------- ---------- -------- 
760701       debugjob-+ def-mmehr+   00:54:35                         00:00:00   00:00:00      0:0 
760701.inte+ interacti+ def-mmehr+   00:54:35                         00:00:00   00:00:00      0:0 
760701.exte+     extern def-mmehr+   00:54:35                         00:00:00   00:00:00      0:0 

