INFO:    Setting 'NVIDIA_VISIBLE_DEVICES=all' to emulate legacy GPU binding.
INFO:    Setting --writable-tmpfs (required by nvidia-container-cli)
Starting Isolated Prune/Compress Benchmark (Testing 169 shapes)...

[1/169] Benchmarking 49152-49152...
/usr/local/lib/python3.12/dist-packages/torchao/sparsity/training/autograd.py:37: UserWarning: The PyTorch API of SparseSemiStructuredTensor is in prototype stage and will change in the near future. Please open a Github issue for features requests and see our documentation on the torch.sparse module for further information about the project.
  out = cls(
  TorchAO C++: 8.6217 ms (875.67 GB/s)
  Custom TMA:  2.7176 ms (2778.05 GB/s)

[2/169] Benchmarking 32768-49152...
  TorchAO C++: 5.7740 ms (871.70 GB/s)
  Custom TMA:  1.8336 ms (2744.95 GB/s)

[3/169] Benchmarking 49152-32768...
  TorchAO C++: 5.8032 ms (867.32 GB/s)
  Custom TMA:  1.8222 ms (2762.08 GB/s)

[4/169] Benchmarking 24576-49152...
  TorchAO C++: 4.4142 ms (855.17 GB/s)
  Custom TMA:  1.3968 ms (2702.55 GB/s)

[5/169] Benchmarking 49152-24576...
  TorchAO C++: 4.3940 ms (859.10 GB/s)
  Custom TMA:  1.3950 ms (2705.91 GB/s)

[6/169] Benchmarking 32768-32768...
  TorchAO C++: 3.8504 ms (871.45 GB/s)
  Custom TMA:  1.2424 ms (2700.76 GB/s)

[7/169] Benchmarking 16384-49152...
  TorchAO C++: 2.9024 ms (867.08 GB/s)
  Custom TMA:  0.9529 ms (2640.96 GB/s)

[8/169] Benchmarking 24576-32768...
  TorchAO C++: 2.9213 ms (861.45 GB/s)
  Custom TMA:  0.9479 ms (2654.86 GB/s)

[9/169] Benchmarking 32768-24576...
  TorchAO C++: 2.9378 ms (856.63 GB/s)
  Custom TMA:  0.9545 ms (2636.52 GB/s)

[10/169] Benchmarking 49152-16384...
  TorchAO C++: 2.8924 ms (870.07 GB/s)
  Custom TMA:  0.9462 ms (2659.81 GB/s)

[11/169] Benchmarking 12288-49152...
  TorchAO C++: 2.2061 ms (855.56 GB/s)
  Custom TMA:  0.7333 ms (2573.80 GB/s)

[12/169] Benchmarking 24576-24576...
  TorchAO C++: 2.2255 ms (848.11 GB/s)
  Custom TMA:  0.7359 ms (2564.77 GB/s)

[13/169] Benchmarking 49152-12288...
  TorchAO C++: 2.1876 ms (862.78 GB/s)
  Custom TMA:  0.7341 ms (2571.05 GB/s)

[14/169] Benchmarking 16384-32768...
  TorchAO C++: 1.9272 ms (870.56 GB/s)
  Custom TMA:  0.6575 ms (2551.75 GB/s)

[15/169] Benchmarking 32768-16384...
  TorchAO C++: 1.9272 ms (870.53 GB/s)
  Custom TMA:  0.6554 ms (2559.89 GB/s)

[16/169] Benchmarking 8192-49152...
  TorchAO C++: 1.4968 ms (840.67 GB/s)
  Custom TMA:  0.5144 ms (2446.04 GB/s)

[17/169] Benchmarking 12288-32768...
  TorchAO C++: 1.4645 ms (859.17 GB/s)
  Custom TMA:  0.5110 ms (2462.47 GB/s)

[18/169] Benchmarking 16384-24576...
  TorchAO C++: 1.4636 ms (859.70 GB/s)
  Custom TMA:  0.5139 ms (2448.74 GB/s)

[19/169] Benchmarking 24576-16384...
  TorchAO C++: 1.4652 ms (858.76 GB/s)
  Custom TMA:  0.5098 ms (2468.39 GB/s)

[20/169] Benchmarking 32768-12288...
  TorchAO C++: 1.4694 ms (856.35 GB/s)
  Custom TMA:  0.5138 ms (2449.11 GB/s)

[21/169] Benchmarking 49152-8192...
  TorchAO C++: 1.4972 ms (840.42 GB/s)
  Custom TMA:  0.5115 ms (2459.93 GB/s)

[22/169] Benchmarking 6144-49152...
  TorchAO C++: 1.1559 ms (816.41 GB/s)
  Custom TMA:  0.4039 ms (2336.34 GB/s)

[23/169] Benchmarking 12288-24576...
  TorchAO C++: 1.1164 ms (845.31 GB/s)
  Custom TMA:  0.4036 ms (2338.02 GB/s)

[24/169] Benchmarking 24576-12288...
  TorchAO C++: 1.1152 ms (846.25 GB/s)
  Custom TMA:  0.4025 ms (2344.56 GB/s)

[25/169] Benchmarking 49152-6144...
  TorchAO C++: 1.1485 ms (821.71 GB/s)
  Custom TMA:  0.4012 ms (2352.35 GB/s)

[26/169] Benchmarking 8192-32768...
  TorchAO C++: 1.0011 ms (837.98 GB/s)
  Custom TMA:  0.3638 ms (2305.73 GB/s)

[27/169] Benchmarking 16384-16384...
  TorchAO C++: 0.9690 ms (865.68 GB/s)
  Custom TMA:  0.3637 ms (2306.47 GB/s)

[28/169] Benchmarking 32768-8192...
  TorchAO C++: 1.0009 ms (838.09 GB/s)
  Custom TMA:  0.3644 ms (2301.84 GB/s)

[29/169] Benchmarking 4096-49152...
  TorchAO C++: 0.8004 ms (786.03 GB/s)
  Custom TMA:  0.2923 ms (2152.04 GB/s)

[30/169] Benchmarking 6144-32768...
  TorchAO C++: 0.7704 ms (816.67 GB/s)
  Custom TMA:  0.2913 ms (2160.12 GB/s)

[31/169] Benchmarking 8192-24576...
  TorchAO C++: 0.7700 ms (817.12 GB/s)
  Custom TMA:  0.2930 ms (2147.51 GB/s)

[32/169] Benchmarking 12288-16384...
  TorchAO C++: 0.7367 ms (854.05 GB/s)
  Custom TMA:  0.2910 ms (2162.12 GB/s)

[33/169] Benchmarking 16384-12288...
  TorchAO C++: 0.7357 ms (855.12 GB/s)
  Custom TMA:  0.2929 ms (2147.69 GB/s)

[34/169] Benchmarking 24576-8192...
  TorchAO C++: 0.7694 ms (817.67 GB/s)
  Custom TMA:  0.2918 ms (2156.13 GB/s)

[35/169] Benchmarking 32768-6144...
  TorchAO C++: 0.7688 ms (818.39 GB/s)
  Custom TMA:  0.2925 ms (2150.64 GB/s)

[36/169] Benchmarking 49152-4096...
  TorchAO C++: 0.8048 ms (781.73 GB/s)
  Custom TMA:  0.2912 ms (2160.28 GB/s)

[37/169] Benchmarking 3072-49152...
  TorchAO C++: 0.6290 ms (750.14 GB/s)
  Custom TMA:  0.2391 ms (1973.21 GB/s)

[38/169] Benchmarking 6144-24576...
  TorchAO C++: 0.6007 ms (785.57 GB/s)
  Custom TMA:  0.2385 ms (1978.63 GB/s)

[39/169] Benchmarking 12288-12288...
  TorchAO C++: 0.5623 ms (839.16 GB/s)
  Custom TMA:  0.2388 ms (1975.99 GB/s)

[40/169] Benchmarking 24576-6144...
  TorchAO C++: 0.5961 ms (791.60 GB/s)
  Custom TMA:  0.2382 ms (1980.53 GB/s)

[41/169] Benchmarking 49152-3072...
  TorchAO C++: 0.6311 ms (747.66 GB/s)
  Custom TMA:  0.2362 ms (1997.46 GB/s)

[42/169] Benchmarking 4096-32768...
  TorchAO C++: 0.5386 ms (778.81 GB/s)
  Custom TMA:  0.2181 ms (1923.42 GB/s)

[43/169] Benchmarking 8192-16384...
  TorchAO C++: 0.5044 ms (831.58 GB/s)
  Custom TMA:  0.2177 ms (1926.61 GB/s)

[44/169] Benchmarking 16384-8192...
  TorchAO C++: 0.5043 ms (831.67 GB/s)
  Custom TMA:  0.2201 ms (1905.72 GB/s)

[45/169] Benchmarking 32768-4096...
  TorchAO C++: 0.5368 ms (781.34 GB/s)
  Custom TMA:  0.2171 ms (1932.32 GB/s)

[46/169] Benchmarking 2048-49152...
  TorchAO C++: 0.4548 ms (691.64 GB/s)
  Custom TMA:  0.1827 ms (1721.58 GB/s)

[47/169] Benchmarking 3072-32768...
  TorchAO C++: 0.4220 ms (745.44 GB/s)
  Custom TMA:  0.1817 ms (1730.83 GB/s)

[48/169] Benchmarking 4096-24576...
  TorchAO C++: 0.4239 ms (742.14 GB/s)
  Custom TMA:  0.1831 ms (1718.29 GB/s)

[49/169] Benchmarking 6144-16384...
  TorchAO C++: 0.3893 ms (808.12 GB/s)
  Custom TMA:  0.1812 ms (1736.00 GB/s)

[50/169] Benchmarking 8192-12288...
  TorchAO C++: 0.3889 ms (808.87 GB/s)
  Custom TMA:  0.1832 ms (1717.34 GB/s)

[51/169] Benchmarking 12288-8192...
  TorchAO C++: 0.3891 ms (808.44 GB/s)
  Custom TMA:  0.1821 ms (1727.85 GB/s)

[52/169] Benchmarking 16384-6144...
  TorchAO C++: 0.3887 ms (809.23 GB/s)
  Custom TMA:  0.1821 ms (1727.87 GB/s)

[53/169] Benchmarking 24576-4096...
  TorchAO C++: 0.4224 ms (744.74 GB/s)
  Custom TMA:  0.1817 ms (1730.90 GB/s)

[54/169] Benchmarking 32768-3072...
  TorchAO C++: 0.4226 ms (744.38 GB/s)
  Custom TMA:  0.1813 ms (1734.65 GB/s)

[55/169] Benchmarking 49152-2048...
  TorchAO C++: 0.4531 ms (694.19 GB/s)
  Custom TMA:  0.1799 ms (1748.14 GB/s)

[56/169] Benchmarking 1536-49152...
  TorchAO C++: 0.3679 ms (641.20 GB/s)
  Custom TMA:  0.1559 ms (1513.62 GB/s)

[57/169] Benchmarking 3072-24576...
  TorchAO C++: 0.3367 ms (700.76 GB/s)
  Custom TMA:  0.1549 ms (1523.36 GB/s)

[58/169] Benchmarking 6144-12288...
  TorchAO C++: 0.3035 ms (777.41 GB/s)
  Custom TMA:  0.1554 ms (1517.78 GB/s)

[59/169] Benchmarking 12288-6144...
  TorchAO C++: 0.3037 ms (776.94 GB/s)
  Custom TMA:  0.1549 ms (1523.44 GB/s)

[60/169] Benchmarking 24576-3072...
  TorchAO C++: 0.3370 ms (699.98 GB/s)
  Custom TMA:  0.1542 ms (1530.26 GB/s)

[61/169] Benchmarking 49152-1536...
  TorchAO C++: 0.3685 ms (640.27 GB/s)
  Custom TMA:  0.1538 ms (1534.36 GB/s)

[62/169] Benchmarking 2048-32768...
  TorchAO C++: 0.3082 ms (680.45 GB/s)
  Custom TMA:  0.1468 ms (1428.23 GB/s)

[63/169] Benchmarking 4096-16384...
  TorchAO C++: 0.2745 ms (763.94 GB/s)
  Custom TMA:  0.1454 ms (1442.42 GB/s)

[64/169] Benchmarking 8192-8192...
  TorchAO C++: 0.2751 ms (762.46 GB/s)
  Custom TMA:  0.1452 ms (1443.92 GB/s)

[65/169] Benchmarking 16384-4096...
  TorchAO C++: 0.2754 ms (761.63 GB/s)
  Custom TMA:  0.1450 ms (1446.03 GB/s)

[66/169] Benchmarking 32768-2048...
  TorchAO C++: 0.3101 ms (676.36 GB/s)
  Custom TMA:  0.1444 ms (1452.43 GB/s)

[67/169] Benchmarking 1024-49152...
  TorchAO C++: 0.2815 ms (558.66 GB/s)
  Custom TMA:  0.1280 ms (1228.81 GB/s)

[68/169] Benchmarking 1536-32768...
  TorchAO C++: 0.2496 ms (630.11 GB/s)
  Custom TMA:  0.1275 ms (1233.57 GB/s)

[69/169] Benchmarking 2048-24576...
  TorchAO C++: 0.2500 ms (629.18 GB/s)
  Custom TMA:  0.1275 ms (1233.34 GB/s)

[70/169] Benchmarking 3072-16384...
  TorchAO C++: 0.2163 ms (727.05 GB/s)
  Custom TMA:  0.1271 ms (1237.84 GB/s)

[71/169] Benchmarking 4096-12288...
  TorchAO C++: 0.2164 ms (726.86 GB/s)
  Custom TMA:  0.1279 ms (1229.89 GB/s)

[72/169] Benchmarking 6144-8192...
  TorchAO C++: 0.2161 ms (727.92 GB/s)
  Custom TMA:  0.1267 ms (1241.13 GB/s)

[73/169] Benchmarking 8192-6144...
  TorchAO C++: 0.2161 ms (727.96 GB/s)
  Custom TMA:  0.1281 ms (1227.44 GB/s)

[74/169] Benchmarking 12288-4096...
  TorchAO C++: 0.2166 ms (726.28 GB/s)
  Custom TMA:  0.1264 ms (1244.31 GB/s)

[75/169] Benchmarking 16384-3072...
  TorchAO C++: 0.2163 ms (727.09 GB/s)
  Custom TMA:  0.1271 ms (1237.55 GB/s)

[76/169] Benchmarking 24576-2048...
  TorchAO C++: 0.2496 ms (630.19 GB/s)
  Custom TMA:  0.1261 ms (1246.91 GB/s)

[77/169] Benchmarking 32768-1536...
  TorchAO C++: 0.2504 ms (628.21 GB/s)
  Custom TMA:  0.1265 ms (1243.09 GB/s)

[78/169] Benchmarking 49152-1024...
  TorchAO C++: 0.2802 ms (561.32 GB/s)
  Custom TMA:  0.1247 ms (1261.60 GB/s)

[79/169] Benchmarking 768-49152...
  TorchAO C++: 0.2372 ms (497.38 GB/s)
  Custom TMA:  0.1125 ms (1048.11 GB/s)

[80/169] Benchmarking 1536-24576...
  TorchAO C++: 0.2059 ms (572.91 GB/s)
  Custom TMA:  0.1128 ms (1045.71 GB/s)

[81/169] Benchmarking 3072-12288...
  TorchAO C++: 0.1735 ms (679.89 GB/s)
  Custom TMA:  0.1129 ms (1044.52 GB/s)

[82/169] Benchmarking 6144-6144...
  TorchAO C++: 0.1738 ms (678.79 GB/s)
  Custom TMA:  0.1122 ms (1050.97 GB/s)

[83/169] Benchmarking 12288-3072...
  TorchAO C++: 0.1735 ms (680.06 GB/s)
  Custom TMA:  0.1122 ms (1051.19 GB/s)

[84/169] Benchmarking 24576-1536...
  TorchAO C++: 0.2081 ms (566.88 GB/s)
  Custom TMA:  0.1118 ms (1055.03 GB/s)

[85/169] Benchmarking 49152-768...
  TorchAO C++: 0.2372 ms (497.42 GB/s)
  Custom TMA:  0.1121 ms (1052.13 GB/s)

[86/169] Benchmarking 1024-32768...
  TorchAO C++: 0.1922 ms (545.54 GB/s)
  Custom TMA:  0.1072 ms (977.97 GB/s)

[87/169] Benchmarking 2048-16384...
  TorchAO C++: 0.1591 ms (658.98 GB/s)
  Custom TMA:  0.1074 ms (976.67 GB/s)

[88/169] Benchmarking 4096-8192...
  TorchAO C++: 0.1589 ms (659.78 GB/s)
  Custom TMA:  0.1080 ms (970.62 GB/s)

[89/169] Benchmarking 8192-4096...
  TorchAO C++: 0.1593 ms (658.17 GB/s)
  Custom TMA:  0.1069 ms (980.68 GB/s)

[90/169] Benchmarking 16384-2048...
  TorchAO C++: 0.1588 ms (660.20 GB/s)
  Custom TMA:  0.1062 ms (987.34 GB/s)

[91/169] Benchmarking 32768-1024...
  TorchAO C++: 0.1924 ms (545.05 GB/s)
  Custom TMA:  0.1061 ms (988.73 GB/s)

[92/169] Benchmarking 768-32768...
  TorchAO C++: 0.1638 ms (480.20 GB/s)
  Custom TMA:  0.0966 ms (814.40 GB/s)

[93/169] Benchmarking 1024-24576...
  TorchAO C++: 0.1621 ms (485.13 GB/s)
  Custom TMA:  0.0968 ms (812.38 GB/s)

[94/169] Benchmarking 1536-16384...
  TorchAO C++: 0.1306 ms (602.35 GB/s)
  Custom TMA:  0.0974 ms (807.18 GB/s)

[95/169] Benchmarking 2048-12288...
  TorchAO C++: 0.1306 ms (602.10 GB/s)
  Custom TMA:  0.0974 ms (807.58 GB/s)

[96/169] Benchmarking 3072-8192...
  TorchAO C++: 0.1307 ms (601.81 GB/s)
  Custom TMA:  0.0969 ms (811.94 GB/s)

[97/169] Benchmarking 4096-6144...
  TorchAO C++: 0.1306 ms (602.36 GB/s)
  Custom TMA:  0.0974 ms (807.05 GB/s)

[98/169] Benchmarking 6144-4096...
  TorchAO C++: 0.1306 ms (601.95 GB/s)
  Custom TMA:  0.0969 ms (811.99 GB/s)

[99/169] Benchmarking 8192-3072...
  TorchAO C++: 0.1303 ms (603.37 GB/s)
  Custom TMA:  0.0973 ms (808.02 GB/s)

[100/169] Benchmarking 12288-2048...
  TorchAO C++: 0.1301 ms (604.32 GB/s)
  Custom TMA:  0.0966 ms (814.43 GB/s)

[101/169] Benchmarking 16384-1536...
  TorchAO C++: 0.1307 ms (601.76 GB/s)
  Custom TMA:  0.0966 ms (814.14 GB/s)

[102/169] Benchmarking 24576-1024...
  TorchAO C++: 0.1621 ms (485.27 GB/s)
  Custom TMA:  0.0967 ms (813.12 GB/s)

[103/169] Benchmarking 32768-768...
  TorchAO C++: 0.1641 ms (479.32 GB/s)
  Custom TMA:  0.0969 ms (811.77 GB/s)

[104/169] Benchmarking 768-24576...
  TorchAO C++: 0.1438 ms (410.09 GB/s)
  Custom TMA:  0.0892 ms (661.02 GB/s)

[105/169] Benchmarking 1536-12288...
  TorchAO C++: 0.1081 ms (545.54 GB/s)
  Custom TMA:  0.0892 ms (661.51 GB/s)

[106/169] Benchmarking 3072-6144...
  TorchAO C++: 0.1084 ms (544.13 GB/s)
  Custom TMA:  0.0889 ms (663.49 GB/s)

[107/169] Benchmarking 6144-3072...
  TorchAO C++: 0.1085 ms (543.82 GB/s)
  Custom TMA:  0.0890 ms (662.98 GB/s)

[108/169] Benchmarking 12288-1536...
  TorchAO C++: 0.1081 ms (545.50 GB/s)
  Custom TMA:  0.0887 ms (665.16 GB/s)

[109/169] Benchmarking 24576-768...
  TorchAO C++: 0.1424 ms (414.08 GB/s)
  Custom TMA:  0.0884 ms (667.49 GB/s)

[110/169] Benchmarking 1024-16384...
  TorchAO C++: 0.1012 ms (518.02 GB/s)
  Custom TMA:  0.0867 ms (604.38 GB/s)

[111/169] Benchmarking 2048-8192...
  TorchAO C++: 0.1013 ms (517.68 GB/s)
  Custom TMA:  0.0863 ms (607.63 GB/s)

[112/169] Benchmarking 4096-4096...
  TorchAO C++: 0.1019 ms (514.59 GB/s)
  Custom TMA:  0.0868 ms (603.75 GB/s)

[113/169] Benchmarking 8192-2048...
  TorchAO C++: 0.1015 ms (516.29 GB/s)
  Custom TMA:  0.0866 ms (605.41 GB/s)

[114/169] Benchmarking 16384-1024...
  TorchAO C++: 0.1014 ms (517.07 GB/s)
  Custom TMA:  0.0853 ms (614.37 GB/s)

[115/169] Benchmarking 768-16384...
  TorchAO C++: 0.0878 ms (448.08 GB/s)
  Custom TMA:  0.0803 ms (489.72 GB/s)

[116/169] Benchmarking 1024-12288...
  TorchAO C++: 0.0878 ms (447.92 GB/s)
  Custom TMA:  0.0806 ms (487.82 GB/s)

[117/169] Benchmarking 1536-8192...
  TorchAO C++: 0.0874 ms (450.06 GB/s)
  Custom TMA:  0.0810 ms (485.35 GB/s)

[118/169] Benchmarking 2048-6144...
  TorchAO C++: 0.0877 ms (448.50 GB/s)
  Custom TMA:  0.0812 ms (483.97 GB/s)

[119/169] Benchmarking 3072-4096...
  TorchAO C++: 0.0876 ms (448.63 GB/s)
  Custom TMA:  0.0811 ms (484.77 GB/s)

[120/169] Benchmarking 4096-3072...
  TorchAO C++: 0.0877 ms (448.47 GB/s)
  Custom TMA:  0.0812 ms (484.33 GB/s)

[121/169] Benchmarking 6144-2048...
  TorchAO C++: 0.0874 ms (449.75 GB/s)
  Custom TMA:  0.0805 ms (488.76 GB/s)

[122/169] Benchmarking 8192-1536...
  TorchAO C++: 0.0873 ms (450.49 GB/s)
  Custom TMA:  0.0813 ms (483.89 GB/s)

[123/169] Benchmarking 12288-1024...
  TorchAO C++: 0.0877 ms (448.24 GB/s)
  Custom TMA:  0.0805 ms (488.18 GB/s)

[124/169] Benchmarking 16384-768...
  TorchAO C++: 0.0877 ms (448.13 GB/s)
  Custom TMA:  0.0805 ms (488.46 GB/s)

[125/169] Benchmarking 768-12288...
  TorchAO C++: 0.0777 ms (379.64 GB/s)
  Custom TMA:  0.0766 ms (385.08 GB/s)

[126/169] Benchmarking 1536-6144...
  TorchAO C++: 0.0767 ms (384.34 GB/s)
  Custom TMA:  0.0768 ms (384.08 GB/s)

[127/169] Benchmarking 3072-3072...
  TorchAO C++: 0.0772 ms (382.14 GB/s)
  Custom TMA:  0.0762 ms (387.06 GB/s)

[128/169] Benchmarking 6144-1536...
  TorchAO C++: 0.0772 ms (382.02 GB/s)
  Custom TMA:  0.0767 ms (384.69 GB/s)

[129/169] Benchmarking 12288-768...
  TorchAO C++: 0.0774 ms (381.13 GB/s)
  Custom TMA:  0.0756 ms (389.91 GB/s)

[130/169] Benchmarking 1024-8192...
  TorchAO C++: 0.0710 ms (369.28 GB/s)
  Custom TMA:  0.0721 ms (363.52 GB/s)

[131/169] Benchmarking 2048-4096...
  TorchAO C++: 0.0714 ms (367.40 GB/s)
  Custom TMA:  0.0722 ms (363.09 GB/s)

[132/169] Benchmarking 4096-2048...
  TorchAO C++: 0.0720 ms (364.32 GB/s)
  Custom TMA:  0.0715 ms (366.53 GB/s)

[133/169] Benchmarking 8192-1024...
  TorchAO C++: 0.0716 ms (366.32 GB/s)
  Custom TMA:  0.0714 ms (367.07 GB/s)

[134/169] Benchmarking 768-8192...
  TorchAO C++: 0.0672 ms (292.54 GB/s)
  Custom TMA:  0.0696 ms (282.64 GB/s)

[135/169] Benchmarking 1024-6144...
  TorchAO C++: 0.0675 ms (291.37 GB/s)
  Custom TMA:  0.0695 ms (282.86 GB/s)

[136/169] Benchmarking 1536-4096...
  TorchAO C++: 0.0667 ms (294.78 GB/s)
  Custom TMA:  0.0697 ms (281.90 GB/s)

[137/169] Benchmarking 2048-3072...
  TorchAO C++: 0.0670 ms (293.66 GB/s)
  Custom TMA:  0.0695 ms (282.96 GB/s)

[138/169] Benchmarking 3072-2048...
  TorchAO C++: 0.0669 ms (294.02 GB/s)
  Custom TMA:  0.0693 ms (283.58 GB/s)

[139/169] Benchmarking 4096-1536...
  TorchAO C++: 0.0667 ms (294.81 GB/s)
  Custom TMA:  0.0694 ms (283.15 GB/s)

[140/169] Benchmarking 6144-1024...
  TorchAO C++: 0.0667 ms (294.72 GB/s)
  Custom TMA:  0.0694 ms (283.19 GB/s)

[141/169] Benchmarking 8192-768...
  TorchAO C++: 0.0674 ms (291.81 GB/s)
  Custom TMA:  0.0698 ms (281.67 GB/s)

[142/169] Benchmarking 768-6144...
  TorchAO C++: 0.0616 ms (239.31 GB/s)
  Custom TMA:  0.0677 ms (217.88 GB/s)

[143/169] Benchmarking 1536-3072...
  TorchAO C++: 0.0615 ms (239.95 GB/s)
  Custom TMA:  0.0683 ms (215.84 GB/s)

[144/169] Benchmarking 3072-1536...
  TorchAO C++: 0.0613 ms (240.46 GB/s)
  Custom TMA:  0.0679 ms (217.11 GB/s)

[145/169] Benchmarking 6144-768...
  TorchAO C++: 0.0614 ms (240.06 GB/s)
  Custom TMA:  0.0679 ms (217.05 GB/s)

[146/169] Benchmarking 1024-4096...
  TorchAO C++: 0.0568 ms (230.83 GB/s)
  Custom TMA:  0.0649 ms (201.87 GB/s)

[147/169] Benchmarking 2048-2048...
  TorchAO C++: 0.0560 ms (233.91 GB/s)
  Custom TMA:  0.0656 ms (199.96 GB/s)

[148/169] Benchmarking 4096-1024...
  TorchAO C++: 0.0563 ms (232.62 GB/s)
  Custom TMA:  0.0647 ms (202.44 GB/s)

[149/169] Benchmarking 768-4096...
  TorchAO C++: 0.0508 ms (193.53 GB/s)
  Custom TMA:  0.0633 ms (155.22 GB/s)

[150/169] Benchmarking 1024-3072...
  TorchAO C++: 0.0504 ms (194.98 GB/s)
  Custom TMA:  0.0635 ms (154.69 GB/s)

[151/169] Benchmarking 1536-2048...
  TorchAO C++: 0.0504 ms (194.92 GB/s)
  Custom TMA:  0.0635 ms (154.74 GB/s)

[152/169] Benchmarking 2048-1536...
  TorchAO C++: 0.0500 ms (196.53 GB/s)
  Custom TMA:  0.0634 ms (155.12 GB/s)

[153/169] Benchmarking 3072-1024...
  TorchAO C++: 0.0504 ms (194.99 GB/s)
  Custom TMA:  0.0666 ms (147.59 GB/s)

[154/169] Benchmarking 4096-768...
  TorchAO C++: 0.0502 ms (195.91 GB/s)
  Custom TMA:  0.0644 ms (152.74 GB/s)

[155/169] Benchmarking 768-3072...
  TorchAO C++: 0.0498 ms (148.08 GB/s)
  Custom TMA:  0.0639 ms (115.34 GB/s)

[156/169] Benchmarking 1536-1536...
  TorchAO C++: 0.0499 ms (147.69 GB/s)
  Custom TMA:  0.0685 ms (107.57 GB/s)

[157/169] Benchmarking 3072-768...
  TorchAO C++: 0.0500 ms (147.35 GB/s)
  Custom TMA:  0.0631 ms (116.87 GB/s)

[158/169] Benchmarking 1024-2048...
  TorchAO C++: 0.0474 ms (138.28 GB/s)
  Custom TMA:  0.0614 ms (106.70 GB/s)

[159/169] Benchmarking 2048-1024...
  TorchAO C++: 0.0474 ms (138.37 GB/s)
  Custom TMA:  0.0617 ms (106.24 GB/s)

[160/169] Benchmarking 768-2048...
  TorchAO C++: 0.0470 ms (104.53 GB/s)
  Custom TMA:  0.0606 ms (81.04 GB/s)

[161/169] Benchmarking 1024-1536...
  TorchAO C++: 0.0467 ms (105.21 GB/s)
  Custom TMA:  0.0608 ms (80.85 GB/s)

[162/169] Benchmarking 1536-1024...
  TorchAO C++: 0.0467 ms (105.23 GB/s)
  Custom TMA:  0.0605 ms (81.23 GB/s)

[163/169] Benchmarking 2048-768...
  TorchAO C++: 0.0464 ms (106.03 GB/s)
  Custom TMA:  0.0602 ms (81.59 GB/s)

[164/169] Benchmarking 768-1536...
  TorchAO C++: 0.0461 ms (79.96 GB/s)
  Custom TMA:  0.0598 ms (61.64 GB/s)

[165/169] Benchmarking 1536-768...
  TorchAO C++: 0.0461 ms (79.89 GB/s)
  Custom TMA:  0.0597 ms (61.79 GB/s)

[166/169] Benchmarking 1024-1024...
  TorchAO C++: 0.0446 ms (73.44 GB/s)
  Custom TMA:  0.0590 ms (55.50 GB/s)

[167/169] Benchmarking 768-1024...
  TorchAO C++: 0.0444 ms (55.35 GB/s)
  Custom TMA:  0.0585 ms (42.02 GB/s)

[168/169] Benchmarking 1024-768...
  TorchAO C++: 0.0448 ms (54.85 GB/s)
  Custom TMA:  0.0582 ms (42.24 GB/s)

[169/169] Benchmarking 768-768...
  TorchAO C++: 0.0441 ms (41.79 GB/s)
  Custom TMA:  0.0585 ms (31.50 GB/s)

[INFO] Benchmark charts saved to 'Benchmark/v11.1/v11.1_Compression_Benchmark.png'

scontrol show job 718812
JobId=718812 JobName=11.1_pruning
   UserId=notming(3159615) GroupId=notming(3159615) MCS_label=N/A
   Priority=1369874 Nice=0 Account=rrg-mmehride QOS=normal
   JobState=COMPLETING Reason=None Dependency=(null)
   Requeue=0 Restarts=0 BatchFlag=1 Reboot=0 ExitCode=0:0
   RunTime=00:46:26 TimeLimit=01:00:00 TimeMin=N/A
   SubmitTime=2026-08-05T23:57:52 EligibleTime=2026-08-05T23:57:52
   AccrueTime=2026-08-05T23:57:52
   StartTime=2026-08-05T23:58:06 EndTime=2026-08-06T00:44:32 Deadline=N/A
   SuspendTime=None SecsPreSuspend=0 LastSchedEval=2026-08-05T23:58:06 Scheduler=Main
   Partition=compute AllocNode:Sid=trig-login01:1349995
   ReqNodeList=(null) ExcNodeList=(null)
   NodeList=trig0033
   BatchHost=trig0033
   NumNodes=1 NumCPUs=24 NumTasks=1 CPUs/Task=1 ReqB:S:C:T=0:0:*:*
   ReqTRES=cpu=1,mem=187.50G,node=1,billing=1,gres/gpu=1
   AllocTRES=cpu=24,mem=187.50G,node=1,billing=1,gres/gpu=1
   Socks/Node=* NtasksPerN:B:S:C=0:0:*:* CoreSpec=*
   MinCPUsNode=1 MinMemoryNode=187.50G MinTmpDiskNode=0
   Features=(null) DelayBoot=00:00:00
   OverSubscribe=OK Contiguous=0 Licenses=(null) LicensesAlloc=(null) Network=(null)
   Command=/scratch/notming/compression/sbatch_sh/trillium/11.1_benchmark_pruning.sh
   SubmitLine=SBATCH --comment /opt/slurm/bin/sbatch --export=NONE --get-user-env sbatch_sh/trillium/11.1_benchmark_pruning.sh --export=NONE --get-user-env sbatch_sh/trillium/11.1_benchmark_pruning.sh
   WorkDir=/scratch/notming/compression
   Comment=/opt/slurm/bin/sbatch --export=NONE --get-user-env sbatch_sh/trillium/11.1_benchmark_pruning.sh
   StdErr=
   StdIn=/dev/null
   StdOut=/scratch/notming/compression/11.1_pruning_718812.out
   CpusPerTres=gpu:24
   TresPerNode=gres/gpu:1

sacct -j 718812
JobID           JobName    Account    Elapsed  MaxVMSize     MaxRSS  SystemCPU    UserCPU ExitCode 
------------ ---------- ---------- ---------- ---------- ---------- ---------- ---------- -------- 
718812       11.1_prun+ rrg-mmehr+   00:46:26                         00:00:00   00:00:00      0:0 
718812.batch      batch rrg-mmehr+   00:46:26                         00:00:00   00:00:00      0:0 
718812.exte+     extern rrg-mmehr+   00:46:26                         00:00:00   00:00:00      0:0 

