INFO:    Setting 'NVIDIA_VISIBLE_DEVICES=all' to emulate legacy GPU binding.
INFO:    Setting --writable-tmpfs (required by nvidia-container-cli)
start 49152-8192-49152 (1/169)
/usr/local/lib/python3.12/dist-packages/torch/sparse/semi_structured.py:573: UserWarning: The PyTorch API of SparseSemiStructuredTensor is in prototype stage and will change in the near future. Please open a Github issue for features requests and see our documentation on the torch.sparse module for further information about the project.
  return cls(
Dense WS TFLOPS: 685.76
Sparse WS TFLOPS: 1066.86
Your Runtime (11.1) TFLOPS: 984.88
TorchAO E2E TFLOPS: 303.30
start 32768-8192-49152 (2/169)
Dense WS TFLOPS: 660.55
Sparse WS TFLOPS: 1063.98
Your Runtime (11.1) TFLOPS: 960.84
TorchAO E2E TFLOPS: 293.75
start 49152-8192-32768 (3/169)
Dense WS TFLOPS: 659.53
Sparse WS TFLOPS: 1065.90
Your Runtime (11.1) TFLOPS: 965.82
TorchAO E2E TFLOPS: 277.04
start 24576-8192-49152 (4/169)
Dense WS TFLOPS: 662.63
Sparse WS TFLOPS: 1062.32
Your Runtime (11.1) TFLOPS: 985.18
TorchAO E2E TFLOPS: 301.78
start 49152-8192-24576 (5/169)
Dense WS TFLOPS: 659.20
Sparse WS TFLOPS: 1061.67
Your Runtime (11.1) TFLOPS: 967.35
TorchAO E2E TFLOPS: 293.63
start 32768-8192-32768 (6/169)
Dense WS TFLOPS: 659.48
Sparse WS TFLOPS: 1062.24
Your Runtime (11.1) TFLOPS: 974.18
TorchAO E2E TFLOPS: 292.11
start 16384-8192-49152 (7/169)
Dense WS TFLOPS: 658.39
Sparse WS TFLOPS: 1056.75
Your Runtime (11.1) TFLOPS: 959.11
TorchAO E2E TFLOPS: 300.83
start 24576-8192-32768 (8/169)
Dense WS TFLOPS: 659.82
Sparse WS TFLOPS: 1060.72
Your Runtime (11.1) TFLOPS: 965.93
TorchAO E2E TFLOPS: 284.64
start 32768-8192-24576 (9/169)
Dense WS TFLOPS: 658.53
Sparse WS TFLOPS: 1059.76
Your Runtime (11.1) TFLOPS: 959.95
TorchAO E2E TFLOPS: 293.01
start 49152-8192-16384 (10/169)
Dense WS TFLOPS: 661.20
Sparse WS TFLOPS: 1055.53
Your Runtime (11.1) TFLOPS: 964.14
TorchAO E2E TFLOPS: 286.68
start 12288-8192-49152 (11/169)
Dense WS TFLOPS: 658.32
Sparse WS TFLOPS: 1056.41
Your Runtime (11.1) TFLOPS: 941.45
TorchAO E2E TFLOPS: 289.46
start 24576-8192-24576 (12/169)
Dense WS TFLOPS: 661.78
Sparse WS TFLOPS: 1062.62
Your Runtime (11.1) TFLOPS: 962.78
TorchAO E2E TFLOPS: 297.40
start 49152-8192-12288 (13/169)
Dense WS TFLOPS: 658.18
Sparse WS TFLOPS: 1051.34
Your Runtime (11.1) TFLOPS: 945.12
TorchAO E2E TFLOPS: 287.57
start 16384-8192-32768 (14/169)
Dense WS TFLOPS: 658.47
Sparse WS TFLOPS: 1053.02
Your Runtime (11.1) TFLOPS: 950.37
TorchAO E2E TFLOPS: 277.94
start 32768-8192-16384 (15/169)
Dense WS TFLOPS: 658.88
Sparse WS TFLOPS: 1053.91
Your Runtime (11.1) TFLOPS: 666.48
TorchAO E2E TFLOPS: 274.41
start 8192-8192-49152 (16/169)
Dense WS TFLOPS: 659.02
Sparse WS TFLOPS: 1056.93
Your Runtime (11.1) TFLOPS: 920.80
TorchAO E2E TFLOPS: 290.71
start 12288-8192-32768 (17/169)
Dense WS TFLOPS: 657.07
Sparse WS TFLOPS: 1055.53
Your Runtime (11.1) TFLOPS: 916.90
TorchAO E2E TFLOPS: 274.71
start 16384-8192-24576 (18/169)
Dense WS TFLOPS: 655.26
Sparse WS TFLOPS: 1050.23
Your Runtime (11.1) TFLOPS: 911.87
TorchAO E2E TFLOPS: 299.29
start 24576-8192-16384 (19/169)
Dense WS TFLOPS: 663.96
Sparse WS TFLOPS: 1054.86
Your Runtime (11.1) TFLOPS: 920.15
TorchAO E2E TFLOPS: 265.54
start 32768-8192-12288 (20/169)
Dense WS TFLOPS: 655.40
Sparse WS TFLOPS: 1040.76
Your Runtime (11.1) TFLOPS: 919.64
TorchAO E2E TFLOPS: 291.97
start 49152-8192-8192 (21/169)
Dense WS TFLOPS: 655.27
Sparse WS TFLOPS: 1035.95
Your Runtime (11.1) TFLOPS: 621.86
TorchAO E2E TFLOPS: 261.58
start 6144-8192-49152 (22/169)
Dense WS TFLOPS: 659.11
Sparse WS TFLOPS: 1052.48
Your Runtime (11.1) TFLOPS: 889.30
TorchAO E2E TFLOPS: 288.05
start 12288-8192-24576 (23/169)
Dense WS TFLOPS: 656.93
Sparse WS TFLOPS: 1047.92
Your Runtime (11.1) TFLOPS: 876.70
TorchAO E2E TFLOPS: 296.35
start 24576-8192-12288 (24/169)
Dense WS TFLOPS: 659.73
Sparse WS TFLOPS: 1051.26
Your Runtime (11.1) TFLOPS: 880.22
TorchAO E2E TFLOPS: 295.72
start 49152-8192-6144 (25/169)
Dense WS TFLOPS: 651.85
Sparse WS TFLOPS: 1027.00
Your Runtime (11.1) TFLOPS: 866.28
TorchAO E2E TFLOPS: 304.54
start 8192-8192-32768 (26/169)
Dense WS TFLOPS: 660.83
Sparse WS TFLOPS: 1053.87
Your Runtime (11.1) TFLOPS: 868.24
TorchAO E2E TFLOPS: 276.94
start 16384-8192-16384 (27/169)
Dense WS TFLOPS: 654.09
Sparse WS TFLOPS: 1041.11
Your Runtime (11.1) TFLOPS: 535.47
TorchAO E2E TFLOPS: 276.63
start 32768-8192-8192 (28/169)
Dense WS TFLOPS: 654.17
Sparse WS TFLOPS: 1030.18
Your Runtime (11.1) TFLOPS: 857.15
TorchAO E2E TFLOPS: 257.99
start 4096-8192-49152 (29/169)
Dense WS TFLOPS: 660.99
Sparse WS TFLOPS: 1057.33
Your Runtime (11.1) TFLOPS: 831.57
TorchAO E2E TFLOPS: 281.52
start 6144-8192-32768 (30/169)
Dense WS TFLOPS: 661.59
Sparse WS TFLOPS: 1050.54
Your Runtime (11.1) TFLOPS: 823.91
TorchAO E2E TFLOPS: 281.46
start 8192-8192-24576 (31/169)
Dense WS TFLOPS: 660.00
Sparse WS TFLOPS: 1047.23
Your Runtime (11.1) TFLOPS: 820.93
TorchAO E2E TFLOPS: 296.34
start 12288-8192-16384 (32/169)
Dense WS TFLOPS: 655.82
Sparse WS TFLOPS: 1043.60
Your Runtime (11.1) TFLOPS: 829.80
TorchAO E2E TFLOPS: 266.23
start 16384-8192-12288 (33/169)
Dense WS TFLOPS: 652.32
Sparse WS TFLOPS: 1030.01
Your Runtime (11.1) TFLOPS: 815.79
TorchAO E2E TFLOPS: 292.86
start 24576-8192-8192 (34/169)
Dense WS TFLOPS: 656.51
Sparse WS TFLOPS: 1035.85
Your Runtime (11.1) TFLOPS: 820.79
TorchAO E2E TFLOPS: 273.92
start 32768-8192-6144 (35/169)
Dense WS TFLOPS: 648.96
Sparse WS TFLOPS: 1012.63
Your Runtime (11.1) TFLOPS: 808.98
TorchAO E2E TFLOPS: 299.93
start 49152-8192-4096 (36/169)
Dense WS TFLOPS: 647.10
Sparse WS TFLOPS: 1004.02
Your Runtime (11.1) TFLOPS: 800.11
TorchAO E2E TFLOPS: 281.34
start 3072-8192-49152 (37/169)
Dense WS TFLOPS: 664.41
Sparse WS TFLOPS: 1057.46
Your Runtime (11.1) TFLOPS: 775.83
TorchAO E2E TFLOPS: 275.35
start 6144-8192-24576 (38/169)
Dense WS TFLOPS: 659.90
Sparse WS TFLOPS: 1051.84
Your Runtime (11.1) TFLOPS: 768.87
TorchAO E2E TFLOPS: 288.74
start 12288-8192-12288 (39/169)
Dense WS TFLOPS: 653.63
Sparse WS TFLOPS: 1035.58
Your Runtime (11.1) TFLOPS: 772.09
TorchAO E2E TFLOPS: 301.81
start 24576-8192-6144 (40/169)
Dense WS TFLOPS: 651.01
Sparse WS TFLOPS: 1025.97
Your Runtime (11.1) TFLOPS: 761.53
TorchAO E2E TFLOPS: 300.67
start 49152-8192-3072 (41/169)
Dense WS TFLOPS: 639.12
Sparse WS TFLOPS: 989.19
Your Runtime (11.1) TFLOPS: 740.44
TorchAO E2E TFLOPS: 296.25
start 4096-8192-32768 (42/169)
Dense WS TFLOPS: 662.14
Sparse WS TFLOPS: 1056.42
Your Runtime (11.1) TFLOPS: 746.55
TorchAO E2E TFLOPS: 272.90
start 8192-8192-16384 (43/169)
Dense WS TFLOPS: 655.10
Sparse WS TFLOPS: 1039.47
Your Runtime (11.1) TFLOPS: 741.58
TorchAO E2E TFLOPS: 271.28
start 16384-8192-8192 (44/169)
Dense WS TFLOPS: 644.89
Sparse WS TFLOPS: 999.70
Your Runtime (11.1) TFLOPS: 736.17
TorchAO E2E TFLOPS: 276.58
start 32768-8192-4096 (45/169)
Dense WS TFLOPS: 641.61
Sparse WS TFLOPS: 995.75
Your Runtime (11.1) TFLOPS: 724.01
TorchAO E2E TFLOPS: 278.05
start 2048-8192-49152 (46/169)
Dense WS TFLOPS: 665.67
Sparse WS TFLOPS: 1056.16
Your Runtime (11.1) TFLOPS: 674.32
TorchAO E2E TFLOPS: 264.30
start 3072-8192-32768 (47/169)
Dense WS TFLOPS: 662.06
Sparse WS TFLOPS: 1053.47
Your Runtime (11.1) TFLOPS: 681.28
TorchAO E2E TFLOPS: 271.79
start 4096-8192-24576 (48/169)
Dense WS TFLOPS: 661.21
Sparse WS TFLOPS: 1049.02
Your Runtime (11.1) TFLOPS: 680.32
TorchAO E2E TFLOPS: 277.11
start 6144-8192-16384 (49/169)
Dense WS TFLOPS: 657.69
Sparse WS TFLOPS: 1045.87
Your Runtime (11.1) TFLOPS: 677.27
TorchAO E2E TFLOPS: 267.22
start 8192-8192-12288 (50/169)
Dense WS TFLOPS: 653.66
Sparse WS TFLOPS: 1033.24
Your Runtime (11.1) TFLOPS: 672.67
TorchAO E2E TFLOPS: 284.25
start 12288-8192-8192 (51/169)
Dense WS TFLOPS: 648.99
Sparse WS TFLOPS: 1001.46
Your Runtime (11.1) TFLOPS: 670.70
TorchAO E2E TFLOPS: 267.82
start 16384-8192-6144 (52/169)
Dense WS TFLOPS: 629.72
Sparse WS TFLOPS: 988.86
Your Runtime (11.1) TFLOPS: 665.45
TorchAO E2E TFLOPS: 290.14
start 24576-8192-4096 (53/169)
Dense WS TFLOPS: 644.55
Sparse WS TFLOPS: 1002.18
Your Runtime (11.1) TFLOPS: 661.33
TorchAO E2E TFLOPS: 276.21
start 32768-8192-3072 (54/169)
Dense WS TFLOPS: 634.17
Sparse WS TFLOPS: 974.51
Your Runtime (11.1) TFLOPS: 654.36
TorchAO E2E TFLOPS: 290.48
start 49152-8192-2048 (55/169)
Dense WS TFLOPS: 629.81
Sparse WS TFLOPS: 952.96
Your Runtime (11.1) TFLOPS: 642.10
TorchAO E2E TFLOPS: 280.48
start 1536-8192-49152 (56/169)
Dense WS TFLOPS: 658.45
Sparse WS TFLOPS: 1037.73
Your Runtime (11.1) TFLOPS: 604.17
TorchAO E2E TFLOPS: 247.80
start 3072-8192-24576 (57/169)
Dense WS TFLOPS: 658.35
Sparse WS TFLOPS: 1046.12
Your Runtime (11.1) TFLOPS: 606.86
TorchAO E2E TFLOPS: 262.54
start 6144-8192-12288 (58/169)
Dense WS TFLOPS: 649.58
Sparse WS TFLOPS: 1024.60
Your Runtime (11.1) TFLOPS: 601.68
TorchAO E2E TFLOPS: 277.61
start 12288-8192-6144 (59/169)
Dense WS TFLOPS: 636.62
Sparse WS TFLOPS: 988.00
Your Runtime (11.1) TFLOPS: 595.66
TorchAO E2E TFLOPS: 279.64
start 24576-8192-3072 (60/169)
Dense WS TFLOPS: 634.25
Sparse WS TFLOPS: 981.75
Your Runtime (11.1) TFLOPS: 588.79
TorchAO E2E TFLOPS: 278.04
start 49152-8192-1536 (61/169)
Dense WS TFLOPS: 617.88
Sparse WS TFLOPS: 918.13
Your Runtime (11.1) TFLOPS: 567.48
TorchAO E2E TFLOPS: 266.58
start 2048-8192-32768 (62/169)
Dense WS TFLOPS: 661.40
Sparse WS TFLOPS: 1056.49
Your Runtime (11.1) TFLOPS: 577.51
TorchAO E2E TFLOPS: 248.71
start 4096-8192-16384 (63/169)
Dense WS TFLOPS: 657.64
Sparse WS TFLOPS: 1040.18
Your Runtime (11.1) TFLOPS: 575.84
TorchAO E2E TFLOPS: 251.99
start 8192-8192-8192 (64/169)
Dense WS TFLOPS: 647.40
Sparse WS TFLOPS: 1014.69
Your Runtime (11.1) TFLOPS: 570.92
TorchAO E2E TFLOPS: 255.95
start 16384-8192-4096 (65/169)
Dense WS TFLOPS: 621.95
Sparse WS TFLOPS: 961.73
Your Runtime (11.1) TFLOPS: 558.67
TorchAO E2E TFLOPS: 262.29
start 32768-8192-2048 (66/169)
Dense WS TFLOPS: 623.82
Sparse WS TFLOPS: 935.41
Your Runtime (11.1) TFLOPS: 551.93
TorchAO E2E TFLOPS: 255.32
start 1024-8192-49152 (67/169)
Dense WS TFLOPS: 667.74
Sparse WS TFLOPS: 1063.85
Your Runtime (11.1) TFLOPS: 503.98
TorchAO E2E TFLOPS: 218.76
start 1536-8192-32768 (68/169)
Dense WS TFLOPS: 664.46
Sparse WS TFLOPS: 1049.62
Your Runtime (11.1) TFLOPS: 499.80
TorchAO E2E TFLOPS: 228.87
start 2048-8192-24576 (69/169)
Dense WS TFLOPS: 662.95
Sparse WS TFLOPS: 1053.39
Your Runtime (11.1) TFLOPS: 501.95
TorchAO E2E TFLOPS: 237.27
start 3072-8192-16384 (70/169)
Dense WS TFLOPS: 661.50
Sparse WS TFLOPS: 1045.68
Your Runtime (11.1) TFLOPS: 500.37
TorchAO E2E TFLOPS: 245.07
start 4096-8192-12288 (71/169)
Dense WS TFLOPS: 652.81
Sparse WS TFLOPS: 1040.81
Your Runtime (11.1) TFLOPS: 498.23
TorchAO E2E TFLOPS: 254.70
start 6144-8192-8192 (72/169)
Dense WS TFLOPS: 650.80
Sparse WS TFLOPS: 1027.97
Your Runtime (11.1) TFLOPS: 496.25
TorchAO E2E TFLOPS: 244.76
start 8192-8192-6144 (73/169)
Dense WS TFLOPS: 640.96
Sparse WS TFLOPS: 1007.27
Your Runtime (11.1) TFLOPS: 493.12
TorchAO E2E TFLOPS: 255.66
start 12288-8192-4096 (74/169)
Dense WS TFLOPS: 618.39
Sparse WS TFLOPS: 969.34
Your Runtime (11.1) TFLOPS: 485.91
TorchAO E2E TFLOPS: 248.32
start 16384-8192-3072 (75/169)
Dense WS TFLOPS: 643.14
Sparse WS TFLOPS: 953.20
Your Runtime (11.1) TFLOPS: 482.33
TorchAO E2E TFLOPS: 258.87
start 24576-8192-2048 (76/169)
Dense WS TFLOPS: 628.03
Sparse WS TFLOPS: 957.44
Your Runtime (11.1) TFLOPS: 481.03
TorchAO E2E TFLOPS: 244.68
start 32768-8192-1536 (77/169)
Dense WS TFLOPS: 615.75
Sparse WS TFLOPS: 923.33
Your Runtime (11.1) TFLOPS: 475.01
TorchAO E2E TFLOPS: 250.62
start 49152-8192-1024 (78/169)
Dense WS TFLOPS: 596.11
Sparse WS TFLOPS: 879.13
Your Runtime (11.1) TFLOPS: 461.34
TorchAO E2E TFLOPS: 235.23
start 768-8192-49152 (79/169)
Dense WS TFLOPS: 635.07
Sparse WS TFLOPS: 934.31
Your Runtime (11.1) TFLOPS: 389.61
TorchAO E2E TFLOPS: 201.14
start 1536-8192-24576 (80/169)
Dense WS TFLOPS: 659.84
Sparse WS TFLOPS: 1034.68
Your Runtime (11.1) TFLOPS: 422.39
TorchAO E2E TFLOPS: 234.41
start 3072-8192-12288 (81/169)
Dense WS TFLOPS: 649.97
Sparse WS TFLOPS: 1034.73
Your Runtime (11.1) TFLOPS: 423.46
TorchAO E2E TFLOPS: 249.18
start 6144-8192-6144 (82/169)
Dense WS TFLOPS: 641.76
Sparse WS TFLOPS: 1007.09
Your Runtime (11.1) TFLOPS: 418.81
TorchAO E2E TFLOPS: 259.34
start 12288-8192-3072 (83/169)
Dense WS TFLOPS: 614.43
Sparse WS TFLOPS: 950.78
Your Runtime (11.1) TFLOPS: 412.49
TorchAO E2E TFLOPS: 254.34
start 24576-8192-1536 (84/169)
Dense WS TFLOPS: 615.46
Sparse WS TFLOPS: 917.41
Your Runtime (11.1) TFLOPS: 403.13
TorchAO E2E TFLOPS: 246.69
start 49152-8192-768 (85/169)
Dense WS TFLOPS: 574.51
Sparse WS TFLOPS: 828.31
Your Runtime (11.1) TFLOPS: 384.86
TorchAO E2E TFLOPS: 231.06
start 1024-8192-32768 (86/169)
Dense WS TFLOPS: 655.11
Sparse WS TFLOPS: 1053.92
Your Runtime (11.1) TFLOPS: 397.51
TorchAO E2E TFLOPS: 200.69
start 2048-8192-16384 (87/169)
Dense WS TFLOPS: 656.68
Sparse WS TFLOPS: 1043.61
Your Runtime (11.1) TFLOPS: 395.08
TorchAO E2E TFLOPS: 209.74
start 4096-8192-8192 (88/169)
Dense WS TFLOPS: 646.50
Sparse WS TFLOPS: 1021.94
Your Runtime (11.1) TFLOPS: 389.64
TorchAO E2E TFLOPS: 215.38
start 8192-8192-4096 (89/169)
Dense WS TFLOPS: 624.27
Sparse WS TFLOPS: 979.74
Your Runtime (11.1) TFLOPS: 385.09
TorchAO E2E TFLOPS: 216.40
start 16384-8192-2048 (90/169)
Dense WS TFLOPS: 601.45
Sparse WS TFLOPS: 931.93
Your Runtime (11.1) TFLOPS: 382.34
TorchAO E2E TFLOPS: 217.54
start 32768-8192-1024 (91/169)
Dense WS TFLOPS: 598.87
Sparse WS TFLOPS: 858.04
Your Runtime (11.1) TFLOPS: 371.46
TorchAO E2E TFLOPS: 211.08
start 768-8192-32768 (92/169)
Dense WS TFLOPS: 629.85
Sparse WS TFLOPS: 953.33
Your Runtime (11.1) TFLOPS: 305.39
TorchAO E2E TFLOPS: 165.01
start 1024-8192-24576 (93/169)
Dense WS TFLOPS: 668.80
Sparse WS TFLOPS: 1067.70
Your Runtime (11.1) TFLOPS: 325.23
TorchAO E2E TFLOPS: 177.39
start 1536-8192-16384 (94/169)
Dense WS TFLOPS: 658.71
Sparse WS TFLOPS: 1046.56
Your Runtime (11.1) TFLOPS: 325.19
TorchAO E2E TFLOPS: 186.35
start 2048-8192-12288 (95/169)
Dense WS TFLOPS: 654.38
Sparse WS TFLOPS: 1050.20
Your Runtime (11.1) TFLOPS: 326.54
TorchAO E2E TFLOPS: 189.29
start 3072-8192-8192 (96/169)
Dense WS TFLOPS: 652.12
Sparse WS TFLOPS: 1033.27
Your Runtime (11.1) TFLOPS: 324.68
TorchAO E2E TFLOPS: 195.14
start 4096-8192-6144 (97/169)
Dense WS TFLOPS: 645.80
Sparse WS TFLOPS: 1017.97
Your Runtime (11.1) TFLOPS: 323.00
TorchAO E2E TFLOPS: 196.97
start 6144-8192-4096 (98/169)
Dense WS TFLOPS: 634.39
Sparse WS TFLOPS: 994.61
Your Runtime (11.1) TFLOPS: 321.01
TorchAO E2E TFLOPS: 195.94
start 8192-8192-3072 (99/169)
Dense WS TFLOPS: 613.16
Sparse WS TFLOPS: 971.73
Your Runtime (11.1) TFLOPS: 318.89
TorchAO E2E TFLOPS: 199.82
start 12288-8192-2048 (100/169)
Dense WS TFLOPS: 597.36
Sparse WS TFLOPS: 936.48
Your Runtime (11.1) TFLOPS: 316.86
TorchAO E2E TFLOPS: 196.13
start 16384-8192-1536 (101/169)
Dense WS TFLOPS: 607.12
Sparse WS TFLOPS: 877.98
Your Runtime (11.1) TFLOPS: 315.72
TorchAO E2E TFLOPS: 197.09
start 24576-8192-1024 (102/169)
Dense WS TFLOPS: 594.36
Sparse WS TFLOPS: 879.56
Your Runtime (11.1) TFLOPS: 308.85
TorchAO E2E TFLOPS: 185.62
start 32768-8192-768 (103/169)
Dense WS TFLOPS: 577.66
Sparse WS TFLOPS: 826.68
Your Runtime (11.1) TFLOPS: 301.86
TorchAO E2E TFLOPS: 187.30
start 768-8192-24576 (104/169)
Dense WS TFLOPS: 636.59
Sparse WS TFLOPS: 940.66
Your Runtime (11.1) TFLOPS: 250.00
TorchAO E2E TFLOPS: 140.46
start 1536-8192-12288 (105/169)
Dense WS TFLOPS: 659.67
Sparse WS TFLOPS: 1024.31
Your Runtime (11.1) TFLOPS: 265.63
TorchAO E2E TFLOPS: 160.27
start 3072-8192-6144 (106/169)
Dense WS TFLOPS: 650.93
Sparse WS TFLOPS: 1005.04
Your Runtime (11.1) TFLOPS: 263.71
TorchAO E2E TFLOPS: 167.20
start 6144-8192-3072 (107/169)
Dense WS TFLOPS: 629.52
Sparse WS TFLOPS: 969.37
Your Runtime (11.1) TFLOPS: 260.99
TorchAO E2E TFLOPS: 171.66
start 12288-8192-1536 (108/169)
Dense WS TFLOPS: 590.26
Sparse WS TFLOPS: 899.95
Your Runtime (11.1) TFLOPS: 258.09
TorchAO E2E TFLOPS: 170.97
start 24576-8192-768 (109/169)
Dense WS TFLOPS: 575.81
Sparse WS TFLOPS: 831.39
Your Runtime (11.1) TFLOPS: 249.15
TorchAO E2E TFLOPS: 165.33
start 1024-8192-16384 (110/169)
Dense WS TFLOPS: 659.32
Sparse WS TFLOPS: 1043.05
Your Runtime (11.1) TFLOPS: 31.17
TorchAO E2E TFLOPS: 147.55
start 2048-8192-8192 (111/169)
Dense WS TFLOPS: 652.50
Sparse WS TFLOPS: 1025.05
Your Runtime (11.1) TFLOPS: 241.57
TorchAO E2E TFLOPS: 157.43
start 4096-8192-4096 (112/169)
Dense WS TFLOPS: 637.22
Sparse WS TFLOPS: 983.42
Your Runtime (11.1) TFLOPS: 239.12
TorchAO E2E TFLOPS: 159.67
start 8192-8192-2048 (113/169)
Dense WS TFLOPS: 617.58
Sparse WS TFLOPS: 938.58
Your Runtime (11.1) TFLOPS: 236.48
TorchAO E2E TFLOPS: 159.19
start 16384-8192-1024 (114/169)
Dense WS TFLOPS: 590.95
Sparse WS TFLOPS: 872.41
Your Runtime (11.1) TFLOPS: 232.51
TorchAO E2E TFLOPS: 154.64
start 768-8192-16384 (115/169)
Dense WS TFLOPS: 630.72
Sparse WS TFLOPS: 917.40
Your Runtime (11.1) TFLOPS: 183.95
TorchAO E2E TFLOPS: 128.23
start 1024-8192-12288 (116/169)
Dense WS TFLOPS: 648.54
Sparse WS TFLOPS: 1031.70
Your Runtime (11.1) TFLOPS: 193.08
TorchAO E2E TFLOPS: 135.16
start 1536-8192-8192 (117/169)
Dense WS TFLOPS: 646.93
Sparse WS TFLOPS: 1019.53
Your Runtime (11.1) TFLOPS: 192.52
TorchAO E2E TFLOPS: 141.14
start 2048-8192-6144 (118/169)
Dense WS TFLOPS: 640.26
Sparse WS TFLOPS: 1011.70
Your Runtime (11.1) TFLOPS: 191.63
TorchAO E2E TFLOPS: 144.27
start 3072-8192-4096 (119/169)
Dense WS TFLOPS: 636.20
Sparse WS TFLOPS: 987.24
Your Runtime (11.1) TFLOPS: 191.70
TorchAO E2E TFLOPS: 147.40
start 4096-8192-3072 (120/169)
Dense WS TFLOPS: 621.87
Sparse WS TFLOPS: 969.82
Your Runtime (11.1) TFLOPS: 191.18
TorchAO E2E TFLOPS: 148.70
start 6144-8192-2048 (121/169)
Dense WS TFLOPS: 611.13
Sparse WS TFLOPS: 922.76
Your Runtime (11.1) TFLOPS: 188.68
TorchAO E2E TFLOPS: 150.07
start 8192-8192-1536 (122/169)
Dense WS TFLOPS: 600.13
Sparse WS TFLOPS: 895.98
Your Runtime (11.1) TFLOPS: 188.01
TorchAO E2E TFLOPS: 148.17
start 12288-8192-1024 (123/169)
Dense WS TFLOPS: 588.32
Sparse WS TFLOPS: 855.34
Your Runtime (11.1) TFLOPS: 185.99
TorchAO E2E TFLOPS: 146.09
start 16384-8192-768 (124/169)
Dense WS TFLOPS: 560.71
Sparse WS TFLOPS: 798.30
Your Runtime (11.1) TFLOPS: 183.94
TorchAO E2E TFLOPS: 144.35
start 768-8192-12288 (125/169)
Dense WS TFLOPS: 623.84
Sparse WS TFLOPS: 943.91
Your Runtime (11.1) TFLOPS: 145.25
TorchAO E2E TFLOPS: 105.93
start 1536-8192-6144 (126/169)
Dense WS TFLOPS: 641.16
Sparse WS TFLOPS: 1005.04
Your Runtime (11.1) TFLOPS: 150.67
TorchAO E2E TFLOPS: 114.94
start 3072-8192-3072 (127/169)
Dense WS TFLOPS: 626.77
Sparse WS TFLOPS: 1000.61
Your Runtime (11.1) TFLOPS: 149.50
TorchAO E2E TFLOPS: 119.77
start 6144-8192-1536 (128/169)
Dense WS TFLOPS: 599.92
Sparse WS TFLOPS: 909.60
Your Runtime (11.1) TFLOPS: 149.41
TorchAO E2E TFLOPS: 121.90
start 12288-8192-768 (129/169)
Dense WS TFLOPS: 557.28
Sparse WS TFLOPS: 789.28
Your Runtime (11.1) TFLOPS: 145.83
TorchAO E2E TFLOPS: 119.63
start 1024-8192-8192 (130/169)
Dense WS TFLOPS: 662.42
Sparse WS TFLOPS: 1068.59
Your Runtime (11.1) TFLOPS: 137.50
TorchAO E2E TFLOPS: 103.53
start 2048-8192-4096 (131/169)
Dense WS TFLOPS: 647.30
Sparse WS TFLOPS: 1015.70
Your Runtime (11.1) TFLOPS: 136.26
TorchAO E2E TFLOPS: 108.33
start 4096-8192-2048 (132/169)
Dense WS TFLOPS: 619.84
Sparse WS TFLOPS: 961.44
Your Runtime (11.1) TFLOPS: 136.27
TorchAO E2E TFLOPS: 111.53
start 8192-8192-1024 (133/169)
Dense WS TFLOPS: 580.54
Sparse WS TFLOPS: 881.15
Your Runtime (11.1) TFLOPS: 134.35
TorchAO E2E TFLOPS: 109.18
start 768-8192-8192 (134/169)
Dense WS TFLOPS: 645.90
Sparse WS TFLOPS: 950.63
Your Runtime (11.1) TFLOPS: 103.62
TorchAO E2E TFLOPS: 79.28
start 1024-8192-6144 (135/169)
Dense WS TFLOPS: 666.39
Sparse WS TFLOPS: 1040.43
Your Runtime (11.1) TFLOPS: 106.93
TorchAO E2E TFLOPS: 82.36
start 1536-8192-4096 (136/169)
Dense WS TFLOPS: 659.03
Sparse WS TFLOPS: 1002.35
Your Runtime (11.1) TFLOPS: 106.17
TorchAO E2E TFLOPS: 84.01
start 2048-8192-3072 (137/169)
Dense WS TFLOPS: 643.70
Sparse WS TFLOPS: 998.57
Your Runtime (11.1) TFLOPS: 106.06
TorchAO E2E TFLOPS: 85.67
start 3072-8192-2048 (138/169)
Dense WS TFLOPS: 633.28
Sparse WS TFLOPS: 959.71
Your Runtime (11.1) TFLOPS: 106.37
TorchAO E2E TFLOPS: 86.58
start 4096-8192-1536 (139/169)
Dense WS TFLOPS: 624.05
Sparse WS TFLOPS: 939.29
Your Runtime (11.1) TFLOPS: 105.67
TorchAO E2E TFLOPS: 88.74
start 6144-8192-1024 (140/169)
Dense WS TFLOPS: 603.42
Sparse WS TFLOPS: 873.76
Your Runtime (11.1) TFLOPS: 104.79
TorchAO E2E TFLOPS: 87.21
start 8192-8192-768 (141/169)
Dense WS TFLOPS: 573.42
Sparse WS TFLOPS: 804.17
Your Runtime (11.1) TFLOPS: 103.87
TorchAO E2E TFLOPS: 85.64
start 768-8192-6144 (142/169)
Dense WS TFLOPS: 636.10
Sparse WS TFLOPS: 935.05
Your Runtime (11.1) TFLOPS: 79.62
TorchAO E2E TFLOPS: 61.72
start 1536-8192-3072 (143/169)
Dense WS TFLOPS: 644.89
Sparse WS TFLOPS: 979.37
Your Runtime (11.1) TFLOPS: 82.03
TorchAO E2E TFLOPS: 64.81
start 3072-8192-1536 (144/169)
Dense WS TFLOPS: 620.82
Sparse WS TFLOPS: 905.72
Your Runtime (11.1) TFLOPS: 81.50
TorchAO E2E TFLOPS: 66.88
start 6144-8192-768 (145/169)
Dense WS TFLOPS: 582.24
Sparse WS TFLOPS: 813.82
Your Runtime (11.1) TFLOPS: 80.27
TorchAO E2E TFLOPS: 67.61
start 1024-8192-4096 (146/169)
Dense WS TFLOPS: 652.99
Sparse WS TFLOPS: 1025.32
Your Runtime (11.1) TFLOPS: 73.96
TorchAO E2E TFLOPS: 57.97
start 2048-8192-2048 (147/169)
Dense WS TFLOPS: 626.64
Sparse WS TFLOPS: 940.57
Your Runtime (11.1) TFLOPS: 73.36
TorchAO E2E TFLOPS: 59.74
start 4096-8192-1024 (148/169)
Dense WS TFLOPS: 598.03
Sparse WS TFLOPS: 859.92
Your Runtime (11.1) TFLOPS: 72.89
TorchAO E2E TFLOPS: 60.41
start 768-8192-4096 (149/169)
Dense WS TFLOPS: 625.22
Sparse WS TFLOPS: 895.01
Your Runtime (11.1) TFLOPS: 55.68
TorchAO E2E TFLOPS: 43.88
start 1024-8192-3072 (150/169)
Dense WS TFLOPS: 640.23
Sparse WS TFLOPS: 989.59
Your Runtime (11.1) TFLOPS: 56.19
TorchAO E2E TFLOPS: 44.72
start 1536-8192-2048 (151/169)
Dense WS TFLOPS: 628.45
Sparse WS TFLOPS: 932.51
Your Runtime (11.1) TFLOPS: 56.30
TorchAO E2E TFLOPS: 44.90
start 2048-8192-1536 (152/169)
Dense WS TFLOPS: 609.09
Sparse WS TFLOPS: 890.41
Your Runtime (11.1) TFLOPS: 56.46
TorchAO E2E TFLOPS: 45.73
start 3072-8192-1024 (153/169)
Dense WS TFLOPS: 592.76
Sparse WS TFLOPS: 847.33
Your Runtime (11.1) TFLOPS: 55.81
TorchAO E2E TFLOPS: 45.76
start 4096-8192-768 (154/169)
Dense WS TFLOPS: 566.19
Sparse WS TFLOPS: 800.71
Your Runtime (11.1) TFLOPS: 55.76
TorchAO E2E TFLOPS: 45.94
start 768-8192-3072 (155/169)
Dense WS TFLOPS: 613.50
Sparse WS TFLOPS: 870.98
Your Runtime (11.1) TFLOPS: 41.91
TorchAO E2E TFLOPS: 33.18
start 1536-8192-1536 (156/169)
Dense WS TFLOPS: 603.55
Sparse WS TFLOPS: 886.54
Your Runtime (11.1) TFLOPS: 42.78
TorchAO E2E TFLOPS: 35.17
start 3072-8192-768 (157/169)
Dense WS TFLOPS: 573.76
Sparse WS TFLOPS: 798.97
Your Runtime (11.1) TFLOPS: 42.53
TorchAO E2E TFLOPS: 35.34
start 1024-8192-2048 (158/169)
Dense WS TFLOPS: 606.82
Sparse WS TFLOPS: 910.59
Your Runtime (11.1) TFLOPS: 38.31
TorchAO E2E TFLOPS: 31.15
start 2048-8192-1024 (159/169)
Dense WS TFLOPS: 568.60
Sparse WS TFLOPS: 823.45
Your Runtime (11.1) TFLOPS: 38.12
TorchAO E2E TFLOPS: 31.92
start 768-8192-2048 (160/169)
Dense WS TFLOPS: 594.11
Sparse WS TFLOPS: 823.92
Your Runtime (11.1) TFLOPS: 28.71
TorchAO E2E TFLOPS: 23.30
start 1024-8192-1536 (161/169)
Dense WS TFLOPS: 599.75
Sparse WS TFLOPS: 875.94
Your Runtime (11.1) TFLOPS: 29.13
TorchAO E2E TFLOPS: 23.73
start 1536-8192-1024 (162/169)
Dense WS TFLOPS: 570.25
Sparse WS TFLOPS: 833.81
Your Runtime (11.1) TFLOPS: 29.06
TorchAO E2E TFLOPS: 23.91
start 2048-8192-768 (163/169)
Dense WS TFLOPS: 551.60
Sparse WS TFLOPS: 772.53
Your Runtime (11.1) TFLOPS: 28.83
TorchAO E2E TFLOPS: 23.73
start 768-8192-1536 (164/169)
Dense WS TFLOPS: 569.25
Sparse WS TFLOPS: 808.00
Your Runtime (11.1) TFLOPS: 21.64
TorchAO E2E TFLOPS: 17.59
start 1536-8192-768 (165/169)
Dense WS TFLOPS: 550.02
Sparse WS TFLOPS: 775.53
Your Runtime (11.1) TFLOPS: 21.81
TorchAO E2E TFLOPS: 17.89
start 1024-8192-1024 (166/169)
Dense WS TFLOPS: 571.02
Sparse WS TFLOPS: 830.88
Your Runtime (11.1) TFLOPS: 19.43
TorchAO E2E TFLOPS: 16.00
start 768-8192-1024 (167/169)
Dense WS TFLOPS: 557.68
Sparse WS TFLOPS: 808.36
Your Runtime (11.1) TFLOPS: 14.62
TorchAO E2E TFLOPS: 11.90
start 1024-8192-768 (168/169)
Dense WS TFLOPS: 566.81
Sparse WS TFLOPS: 792.84
Your Runtime (11.1) TFLOPS: 14.72
TorchAO E2E TFLOPS: 12.04
start 768-8192-768 (169/169)
Dense WS TFLOPS: 557.25
Sparse WS TFLOPS: 750.89
Your Runtime (11.1) TFLOPS: 11.06
TorchAO E2E TFLOPS: 9.00

[INFO] Benchmark charts saved to 'Benchmark/v11.1/v11.1_Benchmark_8192.png'

scontrol show job 717280
JobId=717280 JobName=11.1_N=8192
   UserId=notming(3159615) GroupId=notming(3159615) MCS_label=N/A
   Priority=1372589 Nice=0 Account=rrg-mmehride QOS=normal
   JobState=COMPLETING Reason=None Dependency=(null)
   Requeue=0 Restarts=0 BatchFlag=1 Reboot=0 ExitCode=0:0
   RunTime=04:50:01 TimeLimit=16:00:00 TimeMin=N/A
   SubmitTime=2026-08-05T17:32:13 EligibleTime=2026-08-05T17:32:13
   AccrueTime=2026-08-05T17:32:13
   StartTime=2026-08-05T17:32:14 EndTime=2026-08-05T22:22:15 Deadline=N/A
   SuspendTime=None SecsPreSuspend=0 LastSchedEval=2026-08-05T17:32:14 Scheduler=Main
   Partition=compute AllocNode:Sid=trig-login01:1983893
   ReqNodeList=(null) ExcNodeList=(null)
   NodeList=trig0007
   BatchHost=trig0007
   NumNodes=1 NumCPUs=24 NumTasks=1 CPUs/Task=1 ReqB:S:C:T=0:0:*:*
   ReqTRES=cpu=1,mem=187.50G,node=1,billing=1,gres/gpu=1
   AllocTRES=cpu=24,mem=187.50G,node=1,billing=1,gres/gpu=1
   Socks/Node=* NtasksPerN:B:S:C=0:0:*:* CoreSpec=*
   MinCPUsNode=1 MinMemoryNode=187.50G MinTmpDiskNode=0
   Features=(null) DelayBoot=00:00:00
   OverSubscribe=OK Contiguous=0 Licenses=(null) LicensesAlloc=(null) Network=(null)
   Command=/scratch/notming/compression/sbatch_sh/trillium/11.1_benchmark.sh
   SubmitLine=SBATCH --comment /opt/slurm/bin/sbatch --export=NONE --get-user-env sbatch_sh/trillium/11.1_benchmark.sh --export=NONE --get-user-env sbatch_sh/trillium/11.1_benchmark.sh
   WorkDir=/scratch/notming/compression
   Comment=/opt/slurm/bin/sbatch --export=NONE --get-user-env sbatch_sh/trillium/11.1_benchmark.sh
   StdErr=
   StdIn=/dev/null
   StdOut=/scratch/notming/compression/11.1_N=8192_717280.out
   CpusPerTres=gpu:24
   TresPerNode=gres/gpu:1

sacct -j 717280
JobID           JobName    Account    Elapsed  MaxVMSize     MaxRSS  SystemCPU    UserCPU ExitCode 
------------ ---------- ---------- ---------- ---------- ---------- ---------- ---------- -------- 
717280       11.1_N=81+ rrg-mmehr+   04:50:01                         00:00:00   00:00:00      0:0 
717280.batch      batch rrg-mmehr+   04:50:01                         00:00:00   00:00:00      0:0 
717280.exte+     extern rrg-mmehr+   04:50:01                         00:00:00   00:00:00      0:0 

