Mon Jul 20 01:28:12 2026       
+-----------------------------------------------------------------------------------------+
| NVIDIA-SMI 580.159.04             Driver Version: 580.159.04     CUDA Version: 13.2     |
+-----------------------------------------+------------------------+----------------------+
| GPU  Name                 Persistence-M | Bus-Id          Disp.A | Volatile Uncorr. ECC |
| Fan  Temp   Perf          Pwr:Usage/Cap |           Memory-Usage | GPU-Util  Compute M. |
|                                         |                        |               MIG M. |
|=========================================+========================+======================|
|   0  NVIDIA H100 80GB HBM3          Off |   00000000:CB:00.0 Off |                    0 |
| N/A   49C    P0             73W /  700W |       0MiB /  81559MiB |      0%      Default |
|                                         |                        |             Disabled |
+-----------------------------------------+------------------------+----------------------+

+-----------------------------------------------------------------------------------------+
| Processes:                                                                              |
|  GPU   GI   CI              PID   Type   Process name                        GPU Memory |
|        ID   ID                                                               Usage      |
|=========================================================================================|
|  No running processes found                                                             |
+-----------------------------------------------------------------------------------------+
/usr/bin/rm: cannot remove '/usr/local/cuda/compat/lib': Read-only file system
rm: cannot remove '/usr/local/cuda/compat/lib': Read-only file system
CUDA Available: True
Device Count: 1
/usr/bin/rm: cannot remove '/usr/local/cuda/compat/lib': Read-only file system
rm: cannot remove '/usr/local/cuda/compat/lib': Read-only file system
start 49152-16-49152
finish 49152-16-49152, (1/169) -> Dense: 50.19846637275779, Precomp: 86.42579209007994, Runtime: 49.11152395026073
  Dense   best config: {'BLOCK_M': 128, 'BLOCK_N': 64, 'BLOCK_K': 128, 'num_buffers': 3, 'STEALB': False}, num_warps=4
  Sparse  best config: {'BLOCK_M': 128, 'BLOCK_N': 64, 'BLOCK_K': 256, 'num_buffers': 3, 'STEALB': False}, num_warps=16
  Runtime best config: {'BLOCK_M': 64, 'BLOCK_N': 64, 'BLOCK_K': 128, 'num_buffers': 5, 'STEALB': False}, num_warps=4
start 32768-16-49152
finish 32768-16-49152, (2/169) -> Dense: 49.874630527743044, Precomp: 86.4424423412495, Runtime: 48.680140736283256
  Dense   best config: {'BLOCK_M': 128, 'BLOCK_N': 64, 'BLOCK_K': 64, 'num_buffers': 5, 'STEALB': False}, num_warps=4
  Sparse  best config: {'BLOCK_M': 128, 'BLOCK_N': 64, 'BLOCK_K': 256, 'num_buffers': 3, 'STEALB': False}, num_warps=8
  Runtime best config: {'BLOCK_M': 64, 'BLOCK_N': 64, 'BLOCK_K': 128, 'num_buffers': 5, 'STEALB': False}, num_warps=4
start 49152-16-32768
finish 49152-16-32768, (3/169) -> Dense: 50.211139768799285, Precomp: 86.41055893626111, Runtime: 49.023658579984904
  Dense   best config: {'BLOCK_M': 128, 'BLOCK_N': 64, 'BLOCK_K': 128, 'num_buffers': 3, 'STEALB': False}, num_warps=4
  Sparse  best config: {'BLOCK_M': 128, 'BLOCK_N': 64, 'BLOCK_K': 256, 'num_buffers': 3, 'STEALB': False}, num_warps=16
  Runtime best config: {'BLOCK_M': 64, 'BLOCK_N': 64, 'BLOCK_K': 128, 'num_buffers': 5, 'STEALB': False}, num_warps=4
start 24576-16-49152
finish 24576-16-49152, (4/169) -> Dense: 49.903057224600154, Precomp: 83.97522722947025, Runtime: 48.51814763969309
  Dense   best config: {'BLOCK_M': 128, 'BLOCK_N': 64, 'BLOCK_K': 128, 'num_buffers': 4, 'STEALB': True}, num_warps=4
  Sparse  best config: {'BLOCK_M': 128, 'BLOCK_N': 64, 'BLOCK_K': 128, 'num_buffers': 5, 'STEALB': False}, num_warps=4
  Runtime best config: {'BLOCK_M': 64, 'BLOCK_N': 64, 'BLOCK_K': 128, 'num_buffers': 5, 'STEALB': False}, num_warps=4
start 49152-16-24576
finish 49152-16-24576, (5/169) -> Dense: 49.57531257173625, Precomp: 84.06520351236675, Runtime: 48.42079987337402
  Dense   best config: {'BLOCK_M': 128, 'BLOCK_N': 64, 'BLOCK_K': 128, 'num_buffers': 3, 'STEALB': False}, num_warps=4
  Sparse  best config: {'BLOCK_M': 128, 'BLOCK_N': 64, 'BLOCK_K': 256, 'num_buffers': 3, 'STEALB': False}, num_warps=8
  Runtime best config: {'BLOCK_M': 64, 'BLOCK_N': 64, 'BLOCK_K': 128, 'num_buffers': 5, 'STEALB': False}, num_warps=4
start 32768-16-32768
finish 32768-16-32768, (6/169) -> Dense: 50.01881649934044, Precomp: 86.13316732798879, Runtime: 48.76027113427445
  Dense   best config: {'BLOCK_M': 128, 'BLOCK_N': 64, 'BLOCK_K': 128, 'num_buffers': 3, 'STEALB': False}, num_warps=4
  Sparse  best config: {'BLOCK_M': 128, 'BLOCK_N': 64, 'BLOCK_K': 256, 'num_buffers': 3, 'STEALB': False}, num_warps=8
  Runtime best config: {'BLOCK_M': 128, 'BLOCK_N': 64, 'BLOCK_K': 128, 'num_buffers': 4, 'STEALB': True}, num_warps=8
start 16384-16-49152
finish 16384-16-49152, (7/169) -> Dense: 49.957195011325204, Precomp: 86.36236741861832, Runtime: 48.722047046849404
  Dense   best config: {'BLOCK_M': 128, 'BLOCK_N': 64, 'BLOCK_K': 128, 'num_buffers': 4, 'STEALB': True}, num_warps=4
  Sparse  best config: {'BLOCK_M': 128, 'BLOCK_N': 64, 'BLOCK_K': 256, 'num_buffers': 3, 'STEALB': False}, num_warps=4
  Runtime best config: {'BLOCK_M': 128, 'BLOCK_N': 64, 'BLOCK_K': 128, 'num_buffers': 4, 'STEALB': True}, num_warps=8
start 24576-16-32768
finish 24576-16-32768, (8/169) -> Dense: 48.66193765932465, Precomp: 83.86327655165309, Runtime: 48.19052788248571
  Dense   best config: {'BLOCK_M': 64, 'BLOCK_N': 64, 'BLOCK_K': 64, 'num_buffers': 7, 'STEALB': False}, num_warps=4
  Sparse  best config: {'BLOCK_M': 256, 'BLOCK_N': 64, 'BLOCK_K': 64, 'num_buffers': 5, 'STEALB': False}, num_warps=4
  Runtime best config: {'BLOCK_M': 64, 'BLOCK_N': 64, 'BLOCK_K': 128, 'num_buffers': 5, 'STEALB': False}, num_warps=4
start 32768-16-24576
finish 32768-16-24576, (9/169) -> Dense: 49.58511107468213, Precomp: 85.24339999277424, Runtime: 48.06180516828174
  Dense   best config: {'BLOCK_M': 128, 'BLOCK_N': 64, 'BLOCK_K': 64, 'num_buffers': 5, 'STEALB': False}, num_warps=4
  Sparse  best config: {'BLOCK_M': 128, 'BLOCK_N': 64, 'BLOCK_K': 256, 'num_buffers': 3, 'STEALB': False}, num_warps=4
  Runtime best config: {'BLOCK_M': 128, 'BLOCK_N': 64, 'BLOCK_K': 128, 'num_buffers': 3, 'STEALB': False}, num_warps=8
start 49152-16-16384
finish 49152-16-16384, (10/169) -> Dense: 49.57537844263154, Precomp: 84.9854823171983, Runtime: 48.82600174937083
  Dense   best config: {'BLOCK_M': 128, 'BLOCK_N': 64, 'BLOCK_K': 128, 'num_buffers': 3, 'STEALB': True}, num_warps=4
  Sparse  best config: {'BLOCK_M': 128, 'BLOCK_N': 64, 'BLOCK_K': 256, 'num_buffers': 3, 'STEALB': False}, num_warps=4
  Runtime best config: {'BLOCK_M': 128, 'BLOCK_N': 64, 'BLOCK_K': 128, 'num_buffers': 3, 'STEALB': False}, num_warps=8
start 12288-16-49152
finish 12288-16-49152, (11/169) -> Dense: 48.784318489254886, Precomp: 82.37106931010184, Runtime: 47.81465342415662
  Dense   best config: {'BLOCK_M': 128, 'BLOCK_N': 64, 'BLOCK_K': 128, 'num_buffers': 4, 'STEALB': True}, num_warps=16
  Sparse  best config: {'BLOCK_M': 128, 'BLOCK_N': 64, 'BLOCK_K': 256, 'num_buffers': 3, 'STEALB': False}, num_warps=4
  Runtime best config: {'BLOCK_M': 128, 'BLOCK_N': 64, 'BLOCK_K': 128, 'num_buffers': 4, 'STEALB': False}, num_warps=4
start 24576-16-24576
finish 24576-16-24576, (12/169) -> Dense: 48.10915380157178, Precomp: 82.093788775254, Runtime: 47.428559110566376
  Dense   best config: {'BLOCK_M': 64, 'BLOCK_N': 64, 'BLOCK_K': 128, 'num_buffers': 4, 'STEALB': False}, num_warps=4
  Sparse  best config: {'BLOCK_M': 256, 'BLOCK_N': 64, 'BLOCK_K': 64, 'num_buffers': 5, 'STEALB': False}, num_warps=4
  Runtime best config: {'BLOCK_M': 64, 'BLOCK_N': 64, 'BLOCK_K': 128, 'num_buffers': 6, 'STEALB': True}, num_warps=4
start 49152-16-12288
finish 49152-16-12288, (13/169) -> Dense: 49.05544855263961, Precomp: 83.57705844686912, Runtime: 47.76475872215175
  Dense   best config: {'BLOCK_M': 128, 'BLOCK_N': 64, 'BLOCK_K': 64, 'num_buffers': 5, 'STEALB': False}, num_warps=4
  Sparse  best config: {'BLOCK_M': 128, 'BLOCK_N': 64, 'BLOCK_K': 256, 'num_buffers': 3, 'STEALB': False}, num_warps=4
  Runtime best config: {'BLOCK_M': 128, 'BLOCK_N': 64, 'BLOCK_K': 128, 'num_buffers': 4, 'STEALB': False}, num_warps=8
start 16384-16-32768
finish 16384-16-32768, (14/169) -> Dense: 49.79250551201485, Precomp: 85.81385677310817, Runtime: 48.50213233412801
  Dense   best config: {'BLOCK_M': 128, 'BLOCK_N': 64, 'BLOCK_K': 128, 'num_buffers': 4, 'STEALB': True}, num_warps=4
  Sparse  best config: {'BLOCK_M': 128, 'BLOCK_N': 64, 'BLOCK_K': 256, 'num_buffers': 3, 'STEALB': False}, num_warps=4
  Runtime best config: {'BLOCK_M': 128, 'BLOCK_N': 64, 'BLOCK_K': 128, 'num_buffers': 3, 'STEALB': False}, num_warps=8
start 32768-16-16384
finish 32768-16-16384, (15/169) -> Dense: 49.463141203583376, Precomp: 83.81969692154405, Runtime: 48.317101545316476
  Dense   best config: {'BLOCK_M': 128, 'BLOCK_N': 64, 'BLOCK_K': 128, 'num_buffers': 3, 'STEALB': True}, num_warps=4
  Sparse  best config: {'BLOCK_M': 128, 'BLOCK_N': 64, 'BLOCK_K': 256, 'num_buffers': 3, 'STEALB': False}, num_warps=8
  Runtime best config: {'BLOCK_M': 128, 'BLOCK_N': 64, 'BLOCK_K': 128, 'num_buffers': 3, 'STEALB': False}, num_warps=8
start 8192-16-49152
finish 8192-16-49152, (16/169) -> Dense: 48.797805370567595, Precomp: 78.17835669606356, Runtime: 46.8589108683238
  Dense   best config: {'BLOCK_M': 64, 'BLOCK_N': 64, 'BLOCK_K': 128, 'num_buffers': 6, 'STEALB': False}, num_warps=4
  Sparse  best config: {'BLOCK_M': 128, 'BLOCK_N': 64, 'BLOCK_K': 128, 'num_buffers': 6, 'STEALB': False}, num_warps=4
  Runtime best config: {'BLOCK_M': 64, 'BLOCK_N': 64, 'BLOCK_K': 128, 'num_buffers': 6, 'STEALB': True}, num_warps=4
start 12288-16-32768
finish 12288-16-32768, (17/169) -> Dense: 49.123846984754366, Precomp: 81.86941250758271, Runtime: 47.950917881327534
  Dense   best config: {'BLOCK_M': 128, 'BLOCK_N': 64, 'BLOCK_K': 64, 'num_buffers': 5, 'STEALB': False}, num_warps=4
  Sparse  best config: {'BLOCK_M': 128, 'BLOCK_N': 64, 'BLOCK_K': 128, 'num_buffers': 5, 'STEALB': True}, num_warps=8
  Runtime best config: {'BLOCK_M': 128, 'BLOCK_N': 64, 'BLOCK_K': 128, 'num_buffers': 4, 'STEALB': True}, num_warps=8
start 16384-16-24576
finish 16384-16-24576, (18/169) -> Dense: 49.304738936800184, Precomp: 83.76945417525475, Runtime: 47.98402058195003
  Dense   best config: {'BLOCK_M': 128, 'BLOCK_N': 64, 'BLOCK_K': 128, 'num_buffers': 4, 'STEALB': True}, num_warps=4
  Sparse  best config: {'BLOCK_M': 128, 'BLOCK_N': 64, 'BLOCK_K': 256, 'num_buffers': 3, 'STEALB': False}, num_warps=4
  Runtime best config: {'BLOCK_M': 128, 'BLOCK_N': 64, 'BLOCK_K': 128, 'num_buffers': 4, 'STEALB': False}, num_warps=8
start 24576-16-16384
finish 24576-16-16384, (19/169) -> Dense: 48.956660875166016, Precomp: 80.6762317503974, Runtime: 47.92960422920262
  Dense   best config: {'BLOCK_M': 128, 'BLOCK_N': 64, 'BLOCK_K': 64, 'num_buffers': 5, 'STEALB': False}, num_warps=4
  Sparse  best config: {'BLOCK_M': 256, 'BLOCK_N': 64, 'BLOCK_K': 64, 'num_buffers': 5, 'STEALB': False}, num_warps=4
  Runtime best config: {'BLOCK_M': 128, 'BLOCK_N': 64, 'BLOCK_K': 128, 'num_buffers': 4, 'STEALB': False}, num_warps=8
start 32768-16-12288
finish 32768-16-12288, (20/169) -> Dense: 48.8901592521978, Precomp: 82.93670312185134, Runtime: 47.68618579457503
  Dense   best config: {'BLOCK_M': 128, 'BLOCK_N': 64, 'BLOCK_K': 128, 'num_buffers': 4, 'STEALB': True}, num_warps=4
  Sparse  best config: {'BLOCK_M': 128, 'BLOCK_N': 64, 'BLOCK_K': 256, 'num_buffers': 3, 'STEALB': False}, num_warps=4
  Runtime best config: {'BLOCK_M': 128, 'BLOCK_N': 64, 'BLOCK_K': 128, 'num_buffers': 3, 'STEALB': False}, num_warps=4
start 49152-16-8192
finish 49152-16-8192, (21/169) -> Dense: 48.78435777792231, Precomp: 83.15239917948456, Runtime: 47.99410524790176
  Dense   best config: {'BLOCK_M': 128, 'BLOCK_N': 64, 'BLOCK_K': 128, 'num_buffers': 4, 'STEALB': True}, num_warps=4
  Sparse  best config: {'BLOCK_M': 128, 'BLOCK_N': 64, 'BLOCK_K': 256, 'num_buffers': 3, 'STEALB': False}, num_warps=4
  Runtime best config: {'BLOCK_M': 128, 'BLOCK_N': 64, 'BLOCK_K': 128, 'num_buffers': 3, 'STEALB': False}, num_warps=8
start 6144-16-49152
finish 6144-16-49152, (22/169) -> Dense: 45.94525270364218, Precomp: 60.21175311615553, Runtime: 43.09417536760817
  Dense   best config: {'BLOCK_M': 64, 'BLOCK_N': 64, 'BLOCK_K': 128, 'num_buffers': 5, 'STEALB': True}, num_warps=4
  Sparse  best config: {'BLOCK_M': 64, 'BLOCK_N': 64, 'BLOCK_K': 128, 'num_buffers': 7, 'STEALB': False}, num_warps=4
  Runtime best config: {'BLOCK_M': 64, 'BLOCK_N': 64, 'BLOCK_K': 128, 'num_buffers': 5, 'STEALB': False}, num_warps=4
start 12288-16-24576
finish 12288-16-24576, (23/169) -> Dense: 47.89641742405616, Precomp: 80.3101754146061, Runtime: 46.850237200474844
  Dense   best config: {'BLOCK_M': 128, 'BLOCK_N': 64, 'BLOCK_K': 64, 'num_buffers': 5, 'STEALB': False}, num_warps=4
  Sparse  best config: {'BLOCK_M': 128, 'BLOCK_N': 64, 'BLOCK_K': 256, 'num_buffers': 3, 'STEALB': False}, num_warps=4
  Runtime best config: {'BLOCK_M': 128, 'BLOCK_N': 64, 'BLOCK_K': 128, 'num_buffers': 4, 'STEALB': False}, num_warps=8
start 24576-16-12288
finish 24576-16-12288, (24/169) -> Dense: 48.73398306377559, Precomp: 80.93746671063506, Runtime: 47.245572175497045
  Dense   best config: {'BLOCK_M': 128, 'BLOCK_N': 64, 'BLOCK_K': 128, 'num_buffers': 4, 'STEALB': True}, num_warps=4
  Sparse  best config: {'BLOCK_M': 128, 'BLOCK_N': 64, 'BLOCK_K': 128, 'num_buffers': 6, 'STEALB': True}, num_warps=4
  Runtime best config: {'BLOCK_M': 128, 'BLOCK_N': 64, 'BLOCK_K': 128, 'num_buffers': 4, 'STEALB': False}, num_warps=8
start 49152-16-6144
finish 49152-16-6144, (25/169) -> Dense: 48.19847708873291, Precomp: 80.78691513386956, Runtime: 46.34839956054087
  Dense   best config: {'BLOCK_M': 128, 'BLOCK_N': 64, 'BLOCK_K': 128, 'num_buffers': 4, 'STEALB': False}, num_warps=4
  Sparse  best config: {'BLOCK_M': 128, 'BLOCK_N': 64, 'BLOCK_K': 128, 'num_buffers': 5, 'STEALB': False}, num_warps=8
  Runtime best config: {'BLOCK_M': 128, 'BLOCK_N': 64, 'BLOCK_K': 128, 'num_buffers': 4, 'STEALB': False}, num_warps=8
start 8192-16-32768
finish 8192-16-32768, (26/169) -> Dense: 48.73842709575828, Precomp: 77.36000586241215, Runtime: 46.34468134467996
  Dense   best config: {'BLOCK_M': 64, 'BLOCK_N': 64, 'BLOCK_K': 128, 'num_buffers': 6, 'STEALB': False}, num_warps=4
  Sparse  best config: {'BLOCK_M': 128, 'BLOCK_N': 64, 'BLOCK_K': 128, 'num_buffers': 6, 'STEALB': True}, num_warps=4
  Runtime best config: {'BLOCK_M': 64, 'BLOCK_N': 64, 'BLOCK_K': 128, 'num_buffers': 5, 'STEALB': True}, num_warps=4
start 16384-16-16384
finish 16384-16-16384, (27/169) -> Dense: 49.07997144080923, Precomp: 82.85973943898964, Runtime: 47.123734804667755
  Dense   best config: {'BLOCK_M': 128, 'BLOCK_N': 64, 'BLOCK_K': 128, 'num_buffers': 4, 'STEALB': True}, num_warps=4
  Sparse  best config: {'BLOCK_M': 128, 'BLOCK_N': 64, 'BLOCK_K': 128, 'num_buffers': 5, 'STEALB': False}, num_warps=4
  Runtime best config: {'BLOCK_M': 128, 'BLOCK_N': 64, 'BLOCK_K': 128, 'num_buffers': 4, 'STEALB': False}, num_warps=8
start 32768-16-8192
finish 32768-16-8192, (28/169) -> Dense: 48.44917575224175, Precomp: 81.3027948775175, Runtime: 46.82196283162496
  Dense   best config: {'BLOCK_M': 128, 'BLOCK_N': 64, 'BLOCK_K': 128, 'num_buffers': 3, 'STEALB': False}, num_warps=4
  Sparse  best config: {'BLOCK_M': 128, 'BLOCK_N': 64, 'BLOCK_K': 128, 'num_buffers': 5, 'STEALB': False}, num_warps=4
  Runtime best config: {'BLOCK_M': 128, 'BLOCK_N': 64, 'BLOCK_K': 128, 'num_buffers': 3, 'STEALB': False}, num_warps=4
start 4096-16-49152
finish 4096-16-49152, (29/169) -> Dense: 42.210598808613526, Precomp: 53.58506289003187, Runtime: 32.11582066428973
  Dense   best config: {'BLOCK_M': 64, 'BLOCK_N': 64, 'BLOCK_K': 128, 'num_buffers': 6, 'STEALB': True}, num_warps=4
  Sparse  best config: {'BLOCK_M': 64, 'BLOCK_N': 64, 'BLOCK_K': 128, 'num_buffers': 6, 'STEALB': False}, num_warps=4
  Runtime best config: {'BLOCK_M': 64, 'BLOCK_N': 64, 'BLOCK_K': 256, 'num_buffers': 3, 'STEALB': False}, num_warps=4
start 6144-16-32768
finish 6144-16-32768, (30/169) -> Dense: 45.245282936598564, Precomp: 59.960775051857105, Runtime: 42.781757126512865
  Dense   best config: {'BLOCK_M': 64, 'BLOCK_N': 64, 'BLOCK_K': 128, 'num_buffers': 5, 'STEALB': False}, num_warps=4
  Sparse  best config: {'BLOCK_M': 128, 'BLOCK_N': 64, 'BLOCK_K': 128, 'num_buffers': 5, 'STEALB': True}, num_warps=4
  Runtime best config: {'BLOCK_M': 64, 'BLOCK_N': 64, 'BLOCK_K': 128, 'num_buffers': 5, 'STEALB': False}, num_warps=4
start 8192-16-24576
finish 8192-16-24576, (31/169) -> Dense: 47.74050530734842, Precomp: 75.77337614318213, Runtime: 45.16278149820374
  Dense   best config: {'BLOCK_M': 64, 'BLOCK_N': 64, 'BLOCK_K': 128, 'num_buffers': 6, 'STEALB': False}, num_warps=4
  Sparse  best config: {'BLOCK_M': 128, 'BLOCK_N': 64, 'BLOCK_K': 128, 'num_buffers': 6, 'STEALB': False}, num_warps=4
  Runtime best config: {'BLOCK_M': 64, 'BLOCK_N': 64, 'BLOCK_K': 128, 'num_buffers': 5, 'STEALB': True}, num_warps=4
start 12288-16-16384
finish 12288-16-16384, (32/169) -> Dense: 48.081617228653634, Precomp: 78.73852930672399, Runtime: 46.452250397724264
  Dense   best config: {'BLOCK_M': 128, 'BLOCK_N': 64, 'BLOCK_K': 64, 'num_buffers': 5, 'STEALB': False}, num_warps=4
  Sparse  best config: {'BLOCK_M': 128, 'BLOCK_N': 64, 'BLOCK_K': 256, 'num_buffers': 3, 'STEALB': False}, num_warps=4
  Runtime best config: {'BLOCK_M': 128, 'BLOCK_N': 64, 'BLOCK_K': 128, 'num_buffers': 4, 'STEALB': False}, num_warps=8
start 16384-16-12288
finish 16384-16-12288, (33/169) -> Dense: 48.23346674813249, Precomp: 81.0855395239058, Runtime: 46.45347801021187
  Dense   best config: {'BLOCK_M': 128, 'BLOCK_N': 64, 'BLOCK_K': 128, 'num_buffers': 4, 'STEALB': False}, num_warps=4
  Sparse  best config: {'BLOCK_M': 128, 'BLOCK_N': 64, 'BLOCK_K': 128, 'num_buffers': 5, 'STEALB': False}, num_warps=4
  Runtime best config: {'BLOCK_M': 128, 'BLOCK_N': 64, 'BLOCK_K': 128, 'num_buffers': 4, 'STEALB': False}, num_warps=8
start 24576-16-8192
finish 24576-16-8192, (34/169) -> Dense: 46.96186319555758, Precomp: 78.49075284963953, Runtime: 45.31857849419691
  Dense   best config: {'BLOCK_M': 64, 'BLOCK_N': 64, 'BLOCK_K': 128, 'num_buffers': 6, 'STEALB': False}, num_warps=4
  Sparse  best config: {'BLOCK_M': 256, 'BLOCK_N': 64, 'BLOCK_K': 128, 'num_buffers': 3, 'STEALB': False}, num_warps=4
  Runtime best config: {'BLOCK_M': 64, 'BLOCK_N': 64, 'BLOCK_K': 256, 'num_buffers': 3, 'STEALB': False}, num_warps=4
start 32768-16-6144
finish 32768-16-6144, (35/169) -> Dense: 48.08229458013456, Precomp: 79.48020976923638, Runtime: 46.35324108436546
  Dense   best config: {'BLOCK_M': 128, 'BLOCK_N': 64, 'BLOCK_K': 64, 'num_buffers': 5, 'STEALB': False}, num_warps=4
  Sparse  best config: {'BLOCK_M': 256, 'BLOCK_N': 64, 'BLOCK_K': 128, 'num_buffers': 3, 'STEALB': False}, num_warps=4
  Runtime best config: {'BLOCK_M': 128, 'BLOCK_N': 64, 'BLOCK_K': 128, 'num_buffers': 3, 'STEALB': False}, num_warps=4
start 49152-16-4096
finish 49152-16-4096, (36/169) -> Dense: 47.83385185457486, Precomp: 79.32241438098586, Runtime: 46.67861393587115
  Dense   best config: {'BLOCK_M': 128, 'BLOCK_N': 64, 'BLOCK_K': 128, 'num_buffers': 4, 'STEALB': True}, num_warps=4
  Sparse  best config: {'BLOCK_M': 128, 'BLOCK_N': 64, 'BLOCK_K': 128, 'num_buffers': 6, 'STEALB': False}, num_warps=4
  Runtime best config: {'BLOCK_M': 128, 'BLOCK_N': 64, 'BLOCK_K': 128, 'num_buffers': 3, 'STEALB': False}, num_warps=4
start 3072-16-49152
finish 3072-16-49152, (37/169) -> Dense: 32.06330364984916, Precomp: 40.7997298213269, Runtime: 24.52862623556428
  Dense   best config: {'BLOCK_M': 64, 'BLOCK_N': 64, 'BLOCK_K': 64, 'num_buffers': 7, 'STEALB': True}, num_warps=4
  Sparse  best config: {'BLOCK_M': 64, 'BLOCK_N': 64, 'BLOCK_K': 128, 'num_buffers': 7, 'STEALB': True}, num_warps=8
  Runtime best config: {'BLOCK_M': 64, 'BLOCK_N': 64, 'BLOCK_K': 256, 'num_buffers': 3, 'STEALB': False}, num_warps=4
start 6144-16-24576
finish 6144-16-24576, (38/169) -> Dense: 44.90157137870785, Precomp: 59.95446231737351, Runtime: 41.88467142320341
  Dense   best config: {'BLOCK_M': 64, 'BLOCK_N': 64, 'BLOCK_K': 128, 'num_buffers': 5, 'STEALB': False}, num_warps=4
  Sparse  best config: {'BLOCK_M': 128, 'BLOCK_N': 64, 'BLOCK_K': 128, 'num_buffers': 5, 'STEALB': False}, num_warps=4
  Runtime best config: {'BLOCK_M': 64, 'BLOCK_N': 64, 'BLOCK_K': 128, 'num_buffers': 5, 'STEALB': False}, num_warps=4
start 12288-16-12288
finish 12288-16-12288, (39/169) -> Dense: 46.88430339283462, Precomp: 76.3516266048867, Runtime: 45.09269505619497
  Dense   best config: {'BLOCK_M': 128, 'BLOCK_N': 64, 'BLOCK_K': 64, 'num_buffers': 5, 'STEALB': False}, num_warps=4
  Sparse  best config: {'BLOCK_M': 128, 'BLOCK_N': 64, 'BLOCK_K': 256, 'num_buffers': 3, 'STEALB': False}, num_warps=4
  Runtime best config: {'BLOCK_M': 128, 'BLOCK_N': 64, 'BLOCK_K': 128, 'num_buffers': 4, 'STEALB': False}, num_warps=8
start 24576-16-6144
finish 24576-16-6144, (40/169) -> Dense: 45.9547337633082, Precomp: 77.7716158184597, Runtime: 44.13628649095491
  Dense   best config: {'BLOCK_M': 64, 'BLOCK_N': 64, 'BLOCK_K': 128, 'num_buffers': 6, 'STEALB': True}, num_warps=4
  Sparse  best config: {'BLOCK_M': 256, 'BLOCK_N': 64, 'BLOCK_K': 64, 'num_buffers': 5, 'STEALB': False}, num_warps=4
  Runtime best config: {'BLOCK_M': 128, 'BLOCK_N': 64, 'BLOCK_K': 128, 'num_buffers': 4, 'STEALB': True}, num_warps=8
start 49152-16-3072
finish 49152-16-3072, (41/169) -> Dense: 46.65701792649379, Precomp: 77.44835206456645, Runtime: 44.984717665206254
  Dense   best config: {'BLOCK_M': 128, 'BLOCK_N': 64, 'BLOCK_K': 128, 'num_buffers': 4, 'STEALB': False}, num_warps=4
  Sparse  best config: {'BLOCK_M': 128, 'BLOCK_N': 64, 'BLOCK_K': 128, 'num_buffers': 5, 'STEALB': False}, num_warps=4
  Runtime best config: {'BLOCK_M': 128, 'BLOCK_N': 64, 'BLOCK_K': 128, 'num_buffers': 3, 'STEALB': False}, num_warps=4
start 4096-16-32768
finish 4096-16-32768, (42/169) -> Dense: 41.509432267589766, Precomp: 53.08645292099737, Runtime: 31.71721374225337
  Dense   best config: {'BLOCK_M': 64, 'BLOCK_N': 64, 'BLOCK_K': 128, 'num_buffers': 6, 'STEALB': False}, num_warps=4
  Sparse  best config: {'BLOCK_M': 64, 'BLOCK_N': 64, 'BLOCK_K': 128, 'num_buffers': 6, 'STEALB': True}, num_warps=4
  Runtime best config: {'BLOCK_M': 64, 'BLOCK_N': 64, 'BLOCK_K': 256, 'num_buffers': 3, 'STEALB': False}, num_warps=4
start 8192-16-16384
finish 8192-16-16384, (43/169) -> Dense: 47.266599435834365, Precomp: 74.17419920212537, Runtime: 44.59751893747302
  Dense   best config: {'BLOCK_M': 64, 'BLOCK_N': 64, 'BLOCK_K': 128, 'num_buffers': 6, 'STEALB': False}, num_warps=4
  Sparse  best config: {'BLOCK_M': 128, 'BLOCK_N': 64, 'BLOCK_K': 128, 'num_buffers': 6, 'STEALB': False}, num_warps=4
  Runtime best config: {'BLOCK_M': 64, 'BLOCK_N': 64, 'BLOCK_K': 128, 'num_buffers': 5, 'STEALB': False}, num_warps=4
start 16384-16-8192
finish 16384-16-8192, (44/169) -> Dense: 47.44428238859086, Precomp: 79.06399350474354, Runtime: 45.88755683381532
  Dense   best config: {'BLOCK_M': 128, 'BLOCK_N': 64, 'BLOCK_K': 128, 'num_buffers': 4, 'STEALB': True}, num_warps=4
  Sparse  best config: {'BLOCK_M': 128, 'BLOCK_N': 64, 'BLOCK_K': 128, 'num_buffers': 5, 'STEALB': False}, num_warps=4
  Runtime best config: {'BLOCK_M': 128, 'BLOCK_N': 64, 'BLOCK_K': 128, 'num_buffers': 3, 'STEALB': False}, num_warps=8
start 32768-16-4096
finish 32768-16-4096, (45/169) -> Dense: 47.053275115169455, Precomp: 78.30263551229363, Runtime: 45.47096185728818
  Dense   best config: {'BLOCK_M': 128, 'BLOCK_N': 64, 'BLOCK_K': 128, 'num_buffers': 4, 'STEALB': True}, num_warps=4
  Sparse  best config: {'BLOCK_M': 256, 'BLOCK_N': 64, 'BLOCK_K': 128, 'num_buffers': 3, 'STEALB': False}, num_warps=4
  Runtime best config: {'BLOCK_M': 128, 'BLOCK_N': 64, 'BLOCK_K': 128, 'num_buffers': 3, 'STEALB': False}, num_warps=8
start 2048-16-49152
finish 2048-16-49152, (46/169) -> Dense: 23.84367548472296, Precomp: 30.33696112102116, Runtime: 15.906624600753942
  Dense   best config: {'BLOCK_M': 64, 'BLOCK_N': 64, 'BLOCK_K': 64, 'num_buffers': 7, 'STEALB': True}, num_warps=4
  Sparse  best config: {'BLOCK_M': 64, 'BLOCK_N': 64, 'BLOCK_K': 128, 'num_buffers': 6, 'STEALB': True}, num_warps=8
  Runtime best config: {'BLOCK_M': 64, 'BLOCK_N': 64, 'BLOCK_K': 256, 'num_buffers': 3, 'STEALB': True}, num_warps=4
start 3072-16-32768
finish 3072-16-32768, (47/169) -> Dense: 31.86434037862678, Precomp: 40.80956598240802, Runtime: 24.213395522617805
  Dense   best config: {'BLOCK_M': 64, 'BLOCK_N': 64, 'BLOCK_K': 128, 'num_buffers': 5, 'STEALB': False}, num_warps=4
  Sparse  best config: {'BLOCK_M': 64, 'BLOCK_N': 64, 'BLOCK_K': 128, 'num_buffers': 7, 'STEALB': True}, num_warps=8
  Runtime best config: {'BLOCK_M': 64, 'BLOCK_N': 64, 'BLOCK_K': 256, 'num_buffers': 3, 'STEALB': False}, num_warps=4
start 4096-16-24576
finish 4096-16-24576, (48/169) -> Dense: 41.05424681872138, Precomp: 53.07430911350062, Runtime: 31.473982312935263
  Dense   best config: {'BLOCK_M': 64, 'BLOCK_N': 64, 'BLOCK_K': 128, 'num_buffers': 6, 'STEALB': False}, num_warps=4
  Sparse  best config: {'BLOCK_M': 64, 'BLOCK_N': 64, 'BLOCK_K': 128, 'num_buffers': 6, 'STEALB': False}, num_warps=4
  Runtime best config: {'BLOCK_M': 64, 'BLOCK_N': 64, 'BLOCK_K': 256, 'num_buffers': 3, 'STEALB': False}, num_warps=4
start 6144-16-16384
finish 6144-16-16384, (49/169) -> Dense: 43.48292359287071, Precomp: 58.95776024049852, Runtime: 41.24057471185609
  Dense   best config: {'BLOCK_M': 64, 'BLOCK_N': 64, 'BLOCK_K': 128, 'num_buffers': 5, 'STEALB': True}, num_warps=4
  Sparse  best config: {'BLOCK_M': 128, 'BLOCK_N': 64, 'BLOCK_K': 128, 'num_buffers': 5, 'STEALB': False}, num_warps=4
  Runtime best config: {'BLOCK_M': 64, 'BLOCK_N': 64, 'BLOCK_K': 128, 'num_buffers': 5, 'STEALB': False}, num_warps=4
start 8192-16-12288
finish 8192-16-12288, (50/169) -> Dense: 46.05088292594576, Precomp: 71.53937535964104, Runtime: 42.90166879900042
  Dense   best config: {'BLOCK_M': 64, 'BLOCK_N': 64, 'BLOCK_K': 128, 'num_buffers': 6, 'STEALB': False}, num_warps=4
  Sparse  best config: {'BLOCK_M': 128, 'BLOCK_N': 64, 'BLOCK_K': 128, 'num_buffers': 6, 'STEALB': True}, num_warps=4
  Runtime best config: {'BLOCK_M': 64, 'BLOCK_N': 64, 'BLOCK_K': 128, 'num_buffers': 5, 'STEALB': False}, num_warps=4
start 12288-16-8192
finish 12288-16-8192, (51/169) -> Dense: 46.41252331043855, Precomp: 73.45269234400627, Runtime: 43.86712325016933
  Dense   best config: {'BLOCK_M': 128, 'BLOCK_N': 64, 'BLOCK_K': 64, 'num_buffers': 5, 'STEALB': False}, num_warps=4
  Sparse  best config: {'BLOCK_M': 128, 'BLOCK_N': 64, 'BLOCK_K': 128, 'num_buffers': 4, 'STEALB': True}, num_warps=4
  Runtime best config: {'BLOCK_M': 128, 'BLOCK_N': 64, 'BLOCK_K': 128, 'num_buffers': 4, 'STEALB': False}, num_warps=8
start 16384-16-6144
finish 16384-16-6144, (52/169) -> Dense: 46.476890738307034, Precomp: 76.238338965044, Runtime: 44.72043607303229
  Dense   best config: {'BLOCK_M': 128, 'BLOCK_N': 64, 'BLOCK_K': 128, 'num_buffers': 4, 'STEALB': False}, num_warps=4
  Sparse  best config: {'BLOCK_M': 128, 'BLOCK_N': 64, 'BLOCK_K': 128, 'num_buffers': 5, 'STEALB': False}, num_warps=4
  Runtime best config: {'BLOCK_M': 128, 'BLOCK_N': 64, 'BLOCK_K': 128, 'num_buffers': 4, 'STEALB': False}, num_warps=8
start 24576-16-4096
finish 24576-16-4096, (53/169) -> Dense: 45.84194052807039, Precomp: 74.8777190481722, Runtime: 43.97302788883486
  Dense   best config: {'BLOCK_M': 128, 'BLOCK_N': 64, 'BLOCK_K': 64, 'num_buffers': 5, 'STEALB': False}, num_warps=4
  Sparse  best config: {'BLOCK_M': 256, 'BLOCK_N': 64, 'BLOCK_K': 128, 'num_buffers': 3, 'STEALB': False}, num_warps=4
  Runtime best config: {'BLOCK_M': 128, 'BLOCK_N': 64, 'BLOCK_K': 128, 'num_buffers': 4, 'STEALB': False}, num_warps=8
start 32768-16-3072
finish 32768-16-3072, (54/169) -> Dense: 45.812611781089885, Precomp: 75.00810969118008, Runtime: 44.058517824000354
  Dense   best config: {'BLOCK_M': 128, 'BLOCK_N': 64, 'BLOCK_K': 128, 'num_buffers': 4, 'STEALB': True}, num_warps=4
  Sparse  best config: {'BLOCK_M': 256, 'BLOCK_N': 64, 'BLOCK_K': 128, 'num_buffers': 3, 'STEALB': False}, num_warps=4
  Runtime best config: {'BLOCK_M': 128, 'BLOCK_N': 64, 'BLOCK_K': 128, 'num_buffers': 3, 'STEALB': False}, num_warps=4
start 49152-16-2048
finish 49152-16-2048, (55/169) -> Dense: 45.83049030412865, Precomp: 74.70335266403625, Runtime: 44.06471903626803
  Dense   best config: {'BLOCK_M': 128, 'BLOCK_N': 64, 'BLOCK_K': 128, 'num_buffers': 4, 'STEALB': False}, num_warps=4
  Sparse  best config: {'BLOCK_M': 128, 'BLOCK_N': 64, 'BLOCK_K': 128, 'num_buffers': 6, 'STEALB': True}, num_warps=4
  Runtime best config: {'BLOCK_M': 128, 'BLOCK_N': 64, 'BLOCK_K': 128, 'num_buffers': 3, 'STEALB': False}, num_warps=4
start 1536-16-49152
finish 1536-16-49152, (56/169) -> Dense: 19.561728499838097, Precomp: 24.83054910770461, Runtime: 12.15903505951034
  Dense   best config: {'BLOCK_M': 64, 'BLOCK_N': 64, 'BLOCK_K': 128, 'num_buffers': 6, 'STEALB': True}, num_warps=8
  Sparse  best config: {'BLOCK_M': 64, 'BLOCK_N': 64, 'BLOCK_K': 128, 'num_buffers': 6, 'STEALB': False}, num_warps=8
  Runtime best config: {'BLOCK_M': 64, 'BLOCK_N': 64, 'BLOCK_K': 256, 'num_buffers': 3, 'STEALB': False}, num_warps=4
start 3072-16-24576
finish 3072-16-24576, (57/169) -> Dense: 31.66969375397506, Precomp: 40.53182701290084, Runtime: 23.91307738794119
  Dense   best config: {'BLOCK_M': 64, 'BLOCK_N': 64, 'BLOCK_K': 128, 'num_buffers': 5, 'STEALB': False}, num_warps=4
  Sparse  best config: {'BLOCK_M': 64, 'BLOCK_N': 64, 'BLOCK_K': 128, 'num_buffers': 7, 'STEALB': True}, num_warps=8
  Runtime best config: {'BLOCK_M': 64, 'BLOCK_N': 64, 'BLOCK_K': 256, 'num_buffers': 3, 'STEALB': False}, num_warps=4
start 6144-16-12288
finish 6144-16-12288, (58/169) -> Dense: 42.83377823552446, Precomp: 57.615560090613286, Runtime: 39.816041355592155
  Dense   best config: {'BLOCK_M': 64, 'BLOCK_N': 64, 'BLOCK_K': 128, 'num_buffers': 5, 'STEALB': False}, num_warps=4
  Sparse  best config: {'BLOCK_M': 128, 'BLOCK_N': 64, 'BLOCK_K': 128, 'num_buffers': 5, 'STEALB': False}, num_warps=4
  Runtime best config: {'BLOCK_M': 64, 'BLOCK_N': 64, 'BLOCK_K': 128, 'num_buffers': 5, 'STEALB': False}, num_warps=4
start 12288-16-6144
finish 12288-16-6144, (59/169) -> Dense: 44.64235465698258, Precomp: 71.50069801637099, Runtime: 42.52731693752726
  Dense   best config: {'BLOCK_M': 128, 'BLOCK_N': 64, 'BLOCK_K': 64, 'num_buffers': 5, 'STEALB': False}, num_warps=4
  Sparse  best config: {'BLOCK_M': 128, 'BLOCK_N': 64, 'BLOCK_K': 128, 'num_buffers': 5, 'STEALB': False}, num_warps=4
  Runtime best config: {'BLOCK_M': 128, 'BLOCK_N': 64, 'BLOCK_K': 128, 'num_buffers': 4, 'STEALB': False}, num_warps=8
start 24576-16-3072
finish 24576-16-3072, (60/169) -> Dense: 43.75421732373357, Precomp: 71.66710999628971, Runtime: 42.13183267075358
  Dense   best config: {'BLOCK_M': 256, 'BLOCK_N': 64, 'BLOCK_K': 64, 'num_buffers': 4, 'STEALB': False}, num_warps=4
  Sparse  best config: {'BLOCK_M': 256, 'BLOCK_N': 64, 'BLOCK_K': 128, 'num_buffers': 3, 'STEALB': False}, num_warps=4
  Runtime best config: {'BLOCK_M': 256, 'BLOCK_N': 64, 'BLOCK_K': 64, 'num_buffers': 4, 'STEALB': False}, num_warps=8
start 49152-16-1536
finish 49152-16-1536, (61/169) -> Dense: 44.429867309970525, Precomp: 69.78443175296707, Runtime: 42.36450156036778
  Dense   best config: {'BLOCK_M': 128, 'BLOCK_N': 64, 'BLOCK_K': 128, 'num_buffers': 4, 'STEALB': True}, num_warps=4
  Sparse  best config: {'BLOCK_M': 128, 'BLOCK_N': 64, 'BLOCK_K': 128, 'num_buffers': 6, 'STEALB': True}, num_warps=4
  Runtime best config: {'BLOCK_M': 128, 'BLOCK_N': 64, 'BLOCK_K': 128, 'num_buffers': 3, 'STEALB': False}, num_warps=4
start 2048-16-32768
finish 2048-16-32768, (62/169) -> Dense: 23.486687112414668, Precomp: 29.910341367279294, Runtime: 15.877198178352646
  Dense   best config: {'BLOCK_M': 64, 'BLOCK_N': 64, 'BLOCK_K': 64, 'num_buffers': 7, 'STEALB': True}, num_warps=4
  Sparse  best config: {'BLOCK_M': 64, 'BLOCK_N': 64, 'BLOCK_K': 128, 'num_buffers': 6, 'STEALB': True}, num_warps=8
  Runtime best config: {'BLOCK_M': 64, 'BLOCK_N': 64, 'BLOCK_K': 256, 'num_buffers': 3, 'STEALB': True}, num_warps=4
start 4096-16-16384
finish 4096-16-16384, (63/169) -> Dense: 39.94219229131527, Precomp: 51.38466769757834, Runtime: 30.38051155707909
  Dense   best config: {'BLOCK_M': 64, 'BLOCK_N': 64, 'BLOCK_K': 128, 'num_buffers': 5, 'STEALB': False}, num_warps=4
  Sparse  best config: {'BLOCK_M': 64, 'BLOCK_N': 64, 'BLOCK_K': 128, 'num_buffers': 6, 'STEALB': True}, num_warps=4
  Runtime best config: {'BLOCK_M': 64, 'BLOCK_N': 64, 'BLOCK_K': 256, 'num_buffers': 3, 'STEALB': False}, num_warps=4
start 8192-16-8192
finish 8192-16-8192, (64/169) -> Dense: 44.49667008649367, Precomp: 68.14701672068433, Runtime: 41.45708664946736
  Dense   best config: {'BLOCK_M': 64, 'BLOCK_N': 64, 'BLOCK_K': 128, 'num_buffers': 6, 'STEALB': False}, num_warps=4
  Sparse  best config: {'BLOCK_M': 128, 'BLOCK_N': 64, 'BLOCK_K': 128, 'num_buffers': 6, 'STEALB': False}, num_warps=4
  Runtime best config: {'BLOCK_M': 64, 'BLOCK_N': 64, 'BLOCK_K': 128, 'num_buffers': 5, 'STEALB': False}, num_warps=4
start 16384-16-4096
finish 16384-16-4096, (65/169) -> Dense: 45.20761782949532, Precomp: 72.36268148465807, Runtime: 43.28807011994993
  Dense   best config: {'BLOCK_M': 128, 'BLOCK_N': 64, 'BLOCK_K': 128, 'num_buffers': 4, 'STEALB': False}, num_warps=4
  Sparse  best config: {'BLOCK_M': 128, 'BLOCK_N': 64, 'BLOCK_K': 128, 'num_buffers': 5, 'STEALB': False}, num_warps=4
  Runtime best config: {'BLOCK_M': 128, 'BLOCK_N': 64, 'BLOCK_K': 128, 'num_buffers': 4, 'STEALB': False}, num_warps=8
start 32768-16-2048
finish 32768-16-2048, (66/169) -> Dense: 44.41611729614716, Precomp: 71.7339600798581, Runtime: 42.236533209952896
  Dense   best config: {'BLOCK_M': 128, 'BLOCK_N': 64, 'BLOCK_K': 128, 'num_buffers': 4, 'STEALB': False}, num_warps=4
  Sparse  best config: {'BLOCK_M': 128, 'BLOCK_N': 64, 'BLOCK_K': 128, 'num_buffers': 6, 'STEALB': False}, num_warps=4
  Runtime best config: {'BLOCK_M': 128, 'BLOCK_N': 64, 'BLOCK_K': 128, 'num_buffers': 4, 'STEALB': False}, num_warps=8
start 1024-16-49152
finish 1024-16-49152, (67/169) -> Dense: 14.40150405300777, Precomp: 18.995619711542016, Runtime: 8.177250310134834
  Dense   best config: {'BLOCK_M': 64, 'BLOCK_N': 64, 'BLOCK_K': 128, 'num_buffers': 5, 'STEALB': False}, num_warps=4
  Sparse  best config: {'BLOCK_M': 64, 'BLOCK_N': 64, 'BLOCK_K': 128, 'num_buffers': 6, 'STEALB': True}, num_warps=4
  Runtime best config: {'BLOCK_M': 64, 'BLOCK_N': 64, 'BLOCK_K': 256, 'num_buffers': 3, 'STEALB': False}, num_warps=4
start 1536-16-32768
finish 1536-16-32768, (68/169) -> Dense: 19.62626144134776, Precomp: 24.637009285142007, Runtime: 12.018510746133318
  Dense   best config: {'BLOCK_M': 64, 'BLOCK_N': 64, 'BLOCK_K': 128, 'num_buffers': 6, 'STEALB': True}, num_warps=8
  Sparse  best config: {'BLOCK_M': 64, 'BLOCK_N': 64, 'BLOCK_K': 128, 'num_buffers': 5, 'STEALB': False}, num_warps=4
  Runtime best config: {'BLOCK_M': 64, 'BLOCK_N': 64, 'BLOCK_K': 256, 'num_buffers': 3, 'STEALB': False}, num_warps=4
start 2048-16-24576
finish 2048-16-24576, (69/169) -> Dense: 23.379141738401103, Precomp: 29.652704434921866, Runtime: 15.685622397798634
  Dense   best config: {'BLOCK_M': 64, 'BLOCK_N': 64, 'BLOCK_K': 64, 'num_buffers': 7, 'STEALB': False}, num_warps=4
  Sparse  best config: {'BLOCK_M': 64, 'BLOCK_N': 64, 'BLOCK_K': 128, 'num_buffers': 5, 'STEALB': True}, num_warps=4
  Runtime best config: {'BLOCK_M': 64, 'BLOCK_N': 64, 'BLOCK_K': 256, 'num_buffers': 3, 'STEALB': True}, num_warps=4
start 3072-16-16384
finish 3072-16-16384, (70/169) -> Dense: 31.203713444816255, Precomp: 39.602684084199915, Runtime: 23.286686876050926
  Dense   best config: {'BLOCK_M': 64, 'BLOCK_N': 64, 'BLOCK_K': 128, 'num_buffers': 5, 'STEALB': False}, num_warps=4
  Sparse  best config: {'BLOCK_M': 64, 'BLOCK_N': 64, 'BLOCK_K': 128, 'num_buffers': 5, 'STEALB': False}, num_warps=4
  Runtime best config: {'BLOCK_M': 64, 'BLOCK_N': 64, 'BLOCK_K': 256, 'num_buffers': 3, 'STEALB': False}, num_warps=4
start 4096-16-12288
finish 4096-16-12288, (71/169) -> Dense: 39.01369262984488, Precomp: 50.53369600451754, Runtime: 29.697369281448776
  Dense   best config: {'BLOCK_M': 64, 'BLOCK_N': 64, 'BLOCK_K': 128, 'num_buffers': 5, 'STEALB': False}, num_warps=4
  Sparse  best config: {'BLOCK_M': 64, 'BLOCK_N': 64, 'BLOCK_K': 128, 'num_buffers': 6, 'STEALB': False}, num_warps=4
  Runtime best config: {'BLOCK_M': 64, 'BLOCK_N': 64, 'BLOCK_K': 256, 'num_buffers': 3, 'STEALB': False}, num_warps=4
start 6144-16-8192
finish 6144-16-8192, (72/169) -> Dense: 40.90500726114662, Precomp: 55.23115934039231, Runtime: 38.10362381356753
  Dense   best config: {'BLOCK_M': 64, 'BLOCK_N': 64, 'BLOCK_K': 128, 'num_buffers': 5, 'STEALB': False}, num_warps=4
  Sparse  best config: {'BLOCK_M': 128, 'BLOCK_N': 64, 'BLOCK_K': 128, 'num_buffers': 5, 'STEALB': False}, num_warps=4
  Runtime best config: {'BLOCK_M': 64, 'BLOCK_N': 64, 'BLOCK_K': 128, 'num_buffers': 5, 'STEALB': False}, num_warps=4
start 8192-16-6144
finish 8192-16-6144, (73/169) -> Dense: 42.3745055082367, Precomp: 64.3674545242586, Runtime: 39.7509327927722
  Dense   best config: {'BLOCK_M': 64, 'BLOCK_N': 64, 'BLOCK_K': 128, 'num_buffers': 6, 'STEALB': False}, num_warps=4
  Sparse  best config: {'BLOCK_M': 128, 'BLOCK_N': 64, 'BLOCK_K': 128, 'num_buffers': 6, 'STEALB': False}, num_warps=4
  Runtime best config: {'BLOCK_M': 64, 'BLOCK_N': 64, 'BLOCK_K': 128, 'num_buffers': 5, 'STEALB': False}, num_warps=4
start 12288-16-4096
finish 12288-16-4096, (74/169) -> Dense: 42.6410562044853, Precomp: 66.03814464947114, Runtime: 40.39440994152021
  Dense   best config: {'BLOCK_M': 128, 'BLOCK_N': 64, 'BLOCK_K': 64, 'num_buffers': 5, 'STEALB': False}, num_warps=4
  Sparse  best config: {'BLOCK_M': 128, 'BLOCK_N': 64, 'BLOCK_K': 128, 'num_buffers': 4, 'STEALB': True}, num_warps=4
  Runtime best config: {'BLOCK_M': 128, 'BLOCK_N': 64, 'BLOCK_K': 128, 'num_buffers': 4, 'STEALB': False}, num_warps=8
start 16384-16-3072
finish 16384-16-3072, (75/169) -> Dense: 43.65497212232986, Precomp: 67.8812832443892, Runtime: 41.25370778766627
  Dense   best config: {'BLOCK_M': 128, 'BLOCK_N': 64, 'BLOCK_K': 128, 'num_buffers': 4, 'STEALB': False}, num_warps=4
  Sparse  best config: {'BLOCK_M': 128, 'BLOCK_N': 64, 'BLOCK_K': 128, 'num_buffers': 5, 'STEALB': False}, num_warps=4
  Runtime best config: {'BLOCK_M': 128, 'BLOCK_N': 64, 'BLOCK_K': 128, 'num_buffers': 4, 'STEALB': False}, num_warps=8
start 24576-16-2048
finish 24576-16-2048, (76/169) -> Dense: 42.686253525116115, Precomp: 67.18707101838078, Runtime: 40.510378844930415
  Dense   best config: {'BLOCK_M': 128, 'BLOCK_N': 64, 'BLOCK_K': 128, 'num_buffers': 4, 'STEALB': False}, num_warps=4
  Sparse  best config: {'BLOCK_M': 256, 'BLOCK_N': 64, 'BLOCK_K': 128, 'num_buffers': 3, 'STEALB': False}, num_warps=4
  Runtime best config: {'BLOCK_M': 256, 'BLOCK_N': 64, 'BLOCK_K': 64, 'num_buffers': 4, 'STEALB': False}, num_warps=8
start 32768-16-1536
finish 32768-16-1536, (77/169) -> Dense: 43.15916640824982, Precomp: 66.836376614196, Runtime: 41.27467932689967
  Dense   best config: {'BLOCK_M': 256, 'BLOCK_N': 64, 'BLOCK_K': 64, 'num_buffers': 4, 'STEALB': False}, num_warps=4
  Sparse  best config: {'BLOCK_M': 256, 'BLOCK_N': 64, 'BLOCK_K': 64, 'num_buffers': 7, 'STEALB': False}, num_warps=4
  Runtime best config: {'BLOCK_M': 256, 'BLOCK_N': 64, 'BLOCK_K': 64, 'num_buffers': 4, 'STEALB': False}, num_warps=8
start 49152-16-1024
finish 49152-16-1024, (78/169) -> Dense: 42.31315787740128, Precomp: 67.04539739329083, Runtime: 40.89754896201433
  Dense   best config: {'BLOCK_M': 128, 'BLOCK_N': 64, 'BLOCK_K': 128, 'num_buffers': 4, 'STEALB': False}, num_warps=4
  Sparse  best config: {'BLOCK_M': 128, 'BLOCK_N': 64, 'BLOCK_K': 128, 'num_buffers': 5, 'STEALB': False}, num_warps=4
  Runtime best config: {'BLOCK_M': 128, 'BLOCK_N': 64, 'BLOCK_K': 128, 'num_buffers': 4, 'STEALB': False}, num_warps=8
start 768-16-49152
finish 768-16-49152, (79/169) -> Dense: 10.876394863040773, Precomp: 14.729264294882494, Runtime: 6.13654906300892
  Dense   best config: {'BLOCK_M': 64, 'BLOCK_N': 64, 'BLOCK_K': 128, 'num_buffers': 5, 'STEALB': False}, num_warps=4
  Sparse  best config: {'BLOCK_M': 64, 'BLOCK_N': 64, 'BLOCK_K': 128, 'num_buffers': 6, 'STEALB': True}, num_warps=4
  Runtime best config: {'BLOCK_M': 64, 'BLOCK_N': 64, 'BLOCK_K': 256, 'num_buffers': 3, 'STEALB': False}, num_warps=4
start 1536-16-24576
finish 1536-16-24576, (80/169) -> Dense: 19.45968514857019, Precomp: 24.497872453586663, Runtime: 11.900834723128657
  Dense   best config: {'BLOCK_M': 64, 'BLOCK_N': 64, 'BLOCK_K': 128, 'num_buffers': 6, 'STEALB': True}, num_warps=8
  Sparse  best config: {'BLOCK_M': 64, 'BLOCK_N': 64, 'BLOCK_K': 128, 'num_buffers': 5, 'STEALB': False}, num_warps=4
  Runtime best config: {'BLOCK_M': 64, 'BLOCK_N': 64, 'BLOCK_K': 256, 'num_buffers': 3, 'STEALB': False}, num_warps=4
start 3072-16-12288
finish 3072-16-12288, (81/169) -> Dense: 30.82757914750859, Precomp: 37.93252450229343, Runtime: 22.46777981378875
  Dense   best config: {'BLOCK_M': 64, 'BLOCK_N': 64, 'BLOCK_K': 128, 'num_buffers': 5, 'STEALB': False}, num_warps=4
  Sparse  best config: {'BLOCK_M': 64, 'BLOCK_N': 64, 'BLOCK_K': 128, 'num_buffers': 7, 'STEALB': True}, num_warps=8
  Runtime best config: {'BLOCK_M': 64, 'BLOCK_N': 64, 'BLOCK_K': 256, 'num_buffers': 3, 'STEALB': False}, num_warps=4
start 6144-16-6144
finish 6144-16-6144, (82/169) -> Dense: 39.0007775469632, Precomp: 53.73155251926883, Runtime: 35.92876311223614
  Dense   best config: {'BLOCK_M': 64, 'BLOCK_N': 64, 'BLOCK_K': 128, 'num_buffers': 4, 'STEALB': False}, num_warps=4
  Sparse  best config: {'BLOCK_M': 128, 'BLOCK_N': 64, 'BLOCK_K': 128, 'num_buffers': 5, 'STEALB': False}, num_warps=4
  Runtime best config: {'BLOCK_M': 64, 'BLOCK_N': 64, 'BLOCK_K': 128, 'num_buffers': 5, 'STEALB': False}, num_warps=4
start 12288-16-3072
finish 12288-16-3072, (83/169) -> Dense: 41.154563401782525, Precomp: 70.10334025620617, Runtime: 37.88804805634585
  Dense   best config: {'BLOCK_M': 128, 'BLOCK_N': 64, 'BLOCK_K': 64, 'num_buffers': 5, 'STEALB': False}, num_warps=4
  Sparse  best config: {'BLOCK_M': 128, 'BLOCK_N': 64, 'BLOCK_K': 128, 'num_buffers': 5, 'STEALB': False}, num_warps=4
  Runtime best config: {'BLOCK_M': 128, 'BLOCK_N': 64, 'BLOCK_K': 128, 'num_buffers': 4, 'STEALB': False}, num_warps=8
start 24576-16-1536
finish 24576-16-1536, (84/169) -> Dense: 41.15984934566022, Precomp: 75.3381933533114, Runtime: 38.32386592424133
  Dense   best config: {'BLOCK_M': 256, 'BLOCK_N': 64, 'BLOCK_K': 64, 'num_buffers': 4, 'STEALB': False}, num_warps=4
  Sparse  best config: {'BLOCK_M': 256, 'BLOCK_N': 64, 'BLOCK_K': 128, 'num_buffers': 3, 'STEALB': False}, num_warps=4
  Runtime best config: {'BLOCK_M': 256, 'BLOCK_N': 64, 'BLOCK_K': 64, 'num_buffers': 4, 'STEALB': False}, num_warps=8
start 49152-16-768
finish 49152-16-768, (85/169) -> Dense: 40.84631366852486, Precomp: 68.95384285094764, Runtime: 38.74448054956258
  Dense   best config: {'BLOCK_M': 128, 'BLOCK_N': 64, 'BLOCK_K': 128, 'num_buffers': 4, 'STEALB': False}, num_warps=4
  Sparse  best config: {'BLOCK_M': 128, 'BLOCK_N': 64, 'BLOCK_K': 128, 'num_buffers': 6, 'STEALB': True}, num_warps=4
  Runtime best config: {'BLOCK_M': 128, 'BLOCK_N': 64, 'BLOCK_K': 128, 'num_buffers': 4, 'STEALB': False}, num_warps=8
start 1024-16-32768
finish 1024-16-32768, (86/169) -> Dense: 14.329022051531403, Precomp: 18.80281602311993, Runtime: 8.104963406376756
  Dense   best config: {'BLOCK_M': 64, 'BLOCK_N': 64, 'BLOCK_K': 128, 'num_buffers': 5, 'STEALB': False}, num_warps=4
  Sparse  best config: {'BLOCK_M': 64, 'BLOCK_N': 64, 'BLOCK_K': 128, 'num_buffers': 5, 'STEALB': True}, num_warps=4
  Runtime best config: {'BLOCK_M': 64, 'BLOCK_N': 64, 'BLOCK_K': 256, 'num_buffers': 3, 'STEALB': False}, num_warps=4
start 2048-16-16384
finish 2048-16-16384, (87/169) -> Dense: 22.871717450901183, Precomp: 28.77088124835701, Runtime: 15.308680907087476
  Dense   best config: {'BLOCK_M': 64, 'BLOCK_N': 64, 'BLOCK_K': 64, 'num_buffers': 7, 'STEALB': False}, num_warps=4
  Sparse  best config: {'BLOCK_M': 64, 'BLOCK_N': 64, 'BLOCK_K': 128, 'num_buffers': 7, 'STEALB': False}, num_warps=8
  Runtime best config: {'BLOCK_M': 64, 'BLOCK_N': 64, 'BLOCK_K': 256, 'num_buffers': 3, 'STEALB': True}, num_warps=4
start 4096-16-8192
finish 4096-16-8192, (88/169) -> Dense: 37.584351864064736, Precomp: 47.9762997094665, Runtime: 28.466761106825853
  Dense   best config: {'BLOCK_M': 64, 'BLOCK_N': 64, 'BLOCK_K': 128, 'num_buffers': 5, 'STEALB': False}, num_warps=4
  Sparse  best config: {'BLOCK_M': 64, 'BLOCK_N': 64, 'BLOCK_K': 128, 'num_buffers': 6, 'STEALB': True}, num_warps=8
  Runtime best config: {'BLOCK_M': 64, 'BLOCK_N': 64, 'BLOCK_K': 256, 'num_buffers': 3, 'STEALB': False}, num_warps=4
start 8192-16-4096
finish 8192-16-4096, (89/169) -> Dense: 40.18718684658241, Precomp: 65.99834294848428, Runtime: 36.67780481346877
  Dense   best config: {'BLOCK_M': 64, 'BLOCK_N': 64, 'BLOCK_K': 128, 'num_buffers': 6, 'STEALB': False}, num_warps=4
  Sparse  best config: {'BLOCK_M': 128, 'BLOCK_N': 64, 'BLOCK_K': 128, 'num_buffers': 4, 'STEALB': True}, num_warps=4
  Runtime best config: {'BLOCK_M': 64, 'BLOCK_N': 64, 'BLOCK_K': 128, 'num_buffers': 6, 'STEALB': False}, num_warps=4
start 16384-16-2048
finish 16384-16-2048, (90/169) -> Dense: 41.39257982737361, Precomp: 77.83322621661085, Runtime: 38.20974533422117
  Dense   best config: {'BLOCK_M': 128, 'BLOCK_N': 64, 'BLOCK_K': 128, 'num_buffers': 4, 'STEALB': True}, num_warps=4
  Sparse  best config: {'BLOCK_M': 256, 'BLOCK_N': 64, 'BLOCK_K': 64, 'num_buffers': 6, 'STEALB': False}, num_warps=4
  Runtime best config: {'BLOCK_M': 128, 'BLOCK_N': 64, 'BLOCK_K': 128, 'num_buffers': 4, 'STEALB': True}, num_warps=8
start 32768-16-1024
finish 32768-16-1024, (91/169) -> Dense: 41.0243240919259, Precomp: 85.78819049808995, Runtime: 38.44025654976997
  Dense   best config: {'BLOCK_M': 256, 'BLOCK_N': 64, 'BLOCK_K': 64, 'num_buffers': 4, 'STEALB': False}, num_warps=4
  Sparse  best config: {'BLOCK_M': 256, 'BLOCK_N': 64, 'BLOCK_K': 64, 'num_buffers': 5, 'STEALB': False}, num_warps=4
  Runtime best config: {'BLOCK_M': 256, 'BLOCK_N': 64, 'BLOCK_K': 64, 'num_buffers': 4, 'STEALB': False}, num_warps=8
start 768-16-32768
finish 768-16-32768, (92/169) -> Dense: 10.746028163085485, Precomp: 14.766568217674097, Runtime: 6.081247471948777
  Dense   best config: {'BLOCK_M': 64, 'BLOCK_N': 64, 'BLOCK_K': 128, 'num_buffers': 6, 'STEALB': False}, num_warps=4
  Sparse  best config: {'BLOCK_M': 64, 'BLOCK_N': 64, 'BLOCK_K': 128, 'num_buffers': 6, 'STEALB': True}, num_warps=4
  Runtime best config: {'BLOCK_M': 64, 'BLOCK_N': 64, 'BLOCK_K': 256, 'num_buffers': 3, 'STEALB': False}, num_warps=4
start 1024-16-24576
finish 1024-16-24576, (93/169) -> Dense: 14.12597845586347, Precomp: 18.92755395037983, Runtime: 8.027876592599718
  Dense   best config: {'BLOCK_M': 64, 'BLOCK_N': 64, 'BLOCK_K': 128, 'num_buffers': 5, 'STEALB': False}, num_warps=4
  Sparse  best config: {'BLOCK_M': 64, 'BLOCK_N': 64, 'BLOCK_K': 128, 'num_buffers': 6, 'STEALB': True}, num_warps=4
  Runtime best config: {'BLOCK_M': 64, 'BLOCK_N': 64, 'BLOCK_K': 256, 'num_buffers': 3, 'STEALB': False}, num_warps=4
start 1536-16-16384
finish 1536-16-16384, (94/169) -> Dense: 18.959345101312174, Precomp: 23.68142027550133, Runtime: 11.704572658917915
  Dense   best config: {'BLOCK_M': 64, 'BLOCK_N': 64, 'BLOCK_K': 128, 'num_buffers': 6, 'STEALB': True}, num_warps=8
  Sparse  best config: {'BLOCK_M': 64, 'BLOCK_N': 64, 'BLOCK_K': 128, 'num_buffers': 6, 'STEALB': False}, num_warps=8
  Runtime best config: {'BLOCK_M': 64, 'BLOCK_N': 64, 'BLOCK_K': 256, 'num_buffers': 3, 'STEALB': False}, num_warps=4
start 2048-16-12288
finish 2048-16-12288, (95/169) -> Dense: 22.409361951989474, Precomp: 29.361065546031536, Runtime: 15.024970454322332
  Dense   best config: {'BLOCK_M': 64, 'BLOCK_N': 64, 'BLOCK_K': 64, 'num_buffers': 7, 'STEALB': False}, num_warps=4
  Sparse  best config: {'BLOCK_M': 64, 'BLOCK_N': 64, 'BLOCK_K': 128, 'num_buffers': 5, 'STEALB': False}, num_warps=8
  Runtime best config: {'BLOCK_M': 64, 'BLOCK_N': 64, 'BLOCK_K': 256, 'num_buffers': 3, 'STEALB': True}, num_warps=4
start 3072-16-8192
finish 3072-16-8192, (96/169) -> Dense: 29.78550010623627, Precomp: 37.77843219487755, Runtime: 21.70564214873592
  Dense   best config: {'BLOCK_M': 64, 'BLOCK_N': 64, 'BLOCK_K': 128, 'num_buffers': 5, 'STEALB': False}, num_warps=4
  Sparse  best config: {'BLOCK_M': 64, 'BLOCK_N': 64, 'BLOCK_K': 128, 'num_buffers': 6, 'STEALB': True}, num_warps=8
  Runtime best config: {'BLOCK_M': 64, 'BLOCK_N': 64, 'BLOCK_K': 256, 'num_buffers': 3, 'STEALB': False}, num_warps=4
start 4096-16-6144
finish 4096-16-6144, (97/169) -> Dense: 35.695592490503465, Precomp: 47.806302835647124, Runtime: 27.091090864010106
  Dense   best config: {'BLOCK_M': 64, 'BLOCK_N': 64, 'BLOCK_K': 128, 'num_buffers': 6, 'STEALB': False}, num_warps=4
  Sparse  best config: {'BLOCK_M': 64, 'BLOCK_N': 64, 'BLOCK_K': 128, 'num_buffers': 6, 'STEALB': True}, num_warps=8
  Runtime best config: {'BLOCK_M': 64, 'BLOCK_N': 64, 'BLOCK_K': 256, 'num_buffers': 3, 'STEALB': False}, num_warps=4
start 6144-16-4096
finish 6144-16-4096, (98/169) -> Dense: 36.389653994766654, Precomp: 52.12330504434623, Runtime: 32.762770349591584
  Dense   best config: {'BLOCK_M': 64, 'BLOCK_N': 64, 'BLOCK_K': 128, 'num_buffers': 5, 'STEALB': False}, num_warps=4
  Sparse  best config: {'BLOCK_M': 128, 'BLOCK_N': 64, 'BLOCK_K': 128, 'num_buffers': 4, 'STEALB': True}, num_warps=4
  Runtime best config: {'BLOCK_M': 64, 'BLOCK_N': 64, 'BLOCK_K': 128, 'num_buffers': 5, 'STEALB': False}, num_warps=4
start 8192-16-3072
finish 8192-16-3072, (99/169) -> Dense: 37.98821126497088, Precomp: 62.615577367401386, Runtime: 34.33222261359457
  Dense   best config: {'BLOCK_M': 64, 'BLOCK_N': 64, 'BLOCK_K': 128, 'num_buffers': 6, 'STEALB': False}, num_warps=4
  Sparse  best config: {'BLOCK_M': 128, 'BLOCK_N': 64, 'BLOCK_K': 128, 'num_buffers': 4, 'STEALB': True}, num_warps=4
  Runtime best config: {'BLOCK_M': 64, 'BLOCK_N': 64, 'BLOCK_K': 128, 'num_buffers': 5, 'STEALB': False}, num_warps=4
start 12288-16-2048
finish 12288-16-2048, (100/169) -> Dense: 38.47054896526511, Precomp: 65.44342882128544, Runtime: 34.51780822970681
  Dense   best config: {'BLOCK_M': 128, 'BLOCK_N': 64, 'BLOCK_K': 64, 'num_buffers': 5, 'STEALB': False}, num_warps=4
  Sparse  best config: {'BLOCK_M': 128, 'BLOCK_N': 64, 'BLOCK_K': 128, 'num_buffers': 5, 'STEALB': False}, num_warps=4
  Runtime best config: {'BLOCK_M': 128, 'BLOCK_N': 64, 'BLOCK_K': 128, 'num_buffers': 4, 'STEALB': False}, num_warps=8
start 16384-16-1536
finish 16384-16-1536, (101/169) -> Dense: 39.05272545539521, Precomp: 72.0530071622338, Runtime: 36.43193485717435
  Dense   best config: {'BLOCK_M': 128, 'BLOCK_N': 64, 'BLOCK_K': 128, 'num_buffers': 4, 'STEALB': True}, num_warps=4
  Sparse  best config: {'BLOCK_M': 256, 'BLOCK_N': 64, 'BLOCK_K': 64, 'num_buffers': 5, 'STEALB': False}, num_warps=4
  Runtime best config: {'BLOCK_M': 128, 'BLOCK_N': 64, 'BLOCK_K': 64, 'num_buffers': 6, 'STEALB': False}, num_warps=4
start 24576-16-1024
finish 24576-16-1024, (102/169) -> Dense: 38.58439084461545, Precomp: 76.21430783519745, Runtime: 35.52023488055074
  Dense   best config: {'BLOCK_M': 256, 'BLOCK_N': 64, 'BLOCK_K': 64, 'num_buffers': 3, 'STEALB': False}, num_warps=4
  Sparse  best config: {'BLOCK_M': 256, 'BLOCK_N': 64, 'BLOCK_K': 64, 'num_buffers': 5, 'STEALB': False}, num_warps=4
  Runtime best config: {'BLOCK_M': 256, 'BLOCK_N': 64, 'BLOCK_K': 64, 'num_buffers': 4, 'STEALB': False}, num_warps=8
start 32768-16-768
finish 32768-16-768, (103/169) -> Dense: 38.86941033603988, Precomp: 78.55377735260143, Runtime: 36.39854388708568
  Dense   best config: {'BLOCK_M': 128, 'BLOCK_N': 64, 'BLOCK_K': 128, 'num_buffers': 4, 'STEALB': False}, num_warps=4
  Sparse  best config: {'BLOCK_M': 256, 'BLOCK_N': 64, 'BLOCK_K': 64, 'num_buffers': 5, 'STEALB': False}, num_warps=4
  Runtime best config: {'BLOCK_M': 128, 'BLOCK_N': 64, 'BLOCK_K': 128, 'num_buffers': 4, 'STEALB': True}, num_warps=8
start 768-16-24576
finish 768-16-24576, (104/169) -> Dense: 10.755257886664095, Precomp: 14.892396527684582, Runtime: 6.102522668445926
  Dense   best config: {'BLOCK_M': 64, 'BLOCK_N': 64, 'BLOCK_K': 128, 'num_buffers': 5, 'STEALB': False}, num_warps=4
  Sparse  best config: {'BLOCK_M': 64, 'BLOCK_N': 64, 'BLOCK_K': 128, 'num_buffers': 6, 'STEALB': False}, num_warps=4
  Runtime best config: {'BLOCK_M': 64, 'BLOCK_N': 64, 'BLOCK_K': 256, 'num_buffers': 3, 'STEALB': False}, num_warps=4
start 1536-16-12288
finish 1536-16-12288, (105/169) -> Dense: 18.460727936200843, Precomp: 23.166199509126564, Runtime: 11.732420119373248
  Dense   best config: {'BLOCK_M': 64, 'BLOCK_N': 64, 'BLOCK_K': 128, 'num_buffers': 6, 'STEALB': True}, num_warps=8
  Sparse  best config: {'BLOCK_M': 64, 'BLOCK_N': 64, 'BLOCK_K': 128, 'num_buffers': 7, 'STEALB': True}, num_warps=4
  Runtime best config: {'BLOCK_M': 64, 'BLOCK_N': 64, 'BLOCK_K': 256, 'num_buffers': 3, 'STEALB': False}, num_warps=4
start 3072-16-6144
finish 3072-16-6144, (106/169) -> Dense: 29.32171519582061, Precomp: 37.0895893453041, Runtime: 22.055711082153202
  Dense   best config: {'BLOCK_M': 64, 'BLOCK_N': 64, 'BLOCK_K': 128, 'num_buffers': 5, 'STEALB': False}, num_warps=4
  Sparse  best config: {'BLOCK_M': 64, 'BLOCK_N': 64, 'BLOCK_K': 256, 'num_buffers': 4, 'STEALB': False}, num_warps=4
  Runtime best config: {'BLOCK_M': 64, 'BLOCK_N': 64, 'BLOCK_K': 256, 'num_buffers': 3, 'STEALB': False}, num_warps=4
start 6144-16-3072
finish 6144-16-3072, (107/169) -> Dense: 39.074854112638135, Precomp: 49.27761396499387, Runtime: 34.11290377294905
  Dense   best config: {'BLOCK_M': 64, 'BLOCK_N': 64, 'BLOCK_K': 128, 'num_buffers': 5, 'STEALB': False}, num_warps=4
  Sparse  best config: {'BLOCK_M': 128, 'BLOCK_N': 64, 'BLOCK_K': 128, 'num_buffers': 4, 'STEALB': True}, num_warps=4
  Runtime best config: {'BLOCK_M': 64, 'BLOCK_N': 64, 'BLOCK_K': 128, 'num_buffers': 5, 'STEALB': False}, num_warps=4
start 12288-16-1536
finish 12288-16-1536, (108/169) -> Dense: 47.88888710874254, Precomp: 60.16460394985938, Runtime: 39.885336885675926
  Dense   best config: {'BLOCK_M': 128, 'BLOCK_N': 64, 'BLOCK_K': 64, 'num_buffers': 5, 'STEALB': False}, num_warps=4
  Sparse  best config: {'BLOCK_M': 128, 'BLOCK_N': 64, 'BLOCK_K': 128, 'num_buffers': 5, 'STEALB': False}, num_warps=4
  Runtime best config: {'BLOCK_M': 128, 'BLOCK_N': 64, 'BLOCK_K': 128, 'num_buffers': 4, 'STEALB': False}, num_warps=8
start 24576-16-768
finish 24576-16-768, (109/169) -> Dense: 52.6046057909119, Precomp: 68.72271076415518, Runtime: 39.474767247964245
  Dense   best config: {'BLOCK_M': 256, 'BLOCK_N': 64, 'BLOCK_K': 64, 'num_buffers': 4, 'STEALB': False}, num_warps=4
  Sparse  best config: {'BLOCK_M': 256, 'BLOCK_N': 64, 'BLOCK_K': 64, 'num_buffers': 5, 'STEALB': False}, num_warps=4
  Runtime best config: {'BLOCK_M': 256, 'BLOCK_N': 64, 'BLOCK_K': 64, 'num_buffers': 3, 'STEALB': False}, num_warps=8
start 1024-16-16384
finish 1024-16-16384, (110/169) -> Dense: 13.796526663684984, Precomp: 18.87877989248191, Runtime: 8.009330822281838
  Dense   best config: {'BLOCK_M': 64, 'BLOCK_N': 64, 'BLOCK_K': 128, 'num_buffers': 6, 'STEALB': True}, num_warps=4
  Sparse  best config: {'BLOCK_M': 64, 'BLOCK_N': 64, 'BLOCK_K': 128, 'num_buffers': 6, 'STEALB': False}, num_warps=4
  Runtime best config: {'BLOCK_M': 64, 'BLOCK_N': 64, 'BLOCK_K': 256, 'num_buffers': 3, 'STEALB': False}, num_warps=4
start 2048-16-8192
finish 2048-16-8192, (111/169) -> Dense: 22.414601573284425, Precomp: 28.505148770328628, Runtime: 15.247359594653053
  Dense   best config: {'BLOCK_M': 64, 'BLOCK_N': 64, 'BLOCK_K': 64, 'num_buffers': 7, 'STEALB': False}, num_warps=4
  Sparse  best config: {'BLOCK_M': 64, 'BLOCK_N': 64, 'BLOCK_K': 128, 'num_buffers': 5, 'STEALB': False}, num_warps=8
  Runtime best config: {'BLOCK_M': 64, 'BLOCK_N': 64, 'BLOCK_K': 256, 'num_buffers': 3, 'STEALB': False}, num_warps=4
start 4096-16-4096
finish 4096-16-4096, (112/169) -> Dense: 35.85610487747957, Precomp: 44.331453973938785, Runtime: 27.028162087087985
  Dense   best config: {'BLOCK_M': 64, 'BLOCK_N': 64, 'BLOCK_K': 128, 'num_buffers': 4, 'STEALB': False}, num_warps=4
  Sparse  best config: {'BLOCK_M': 64, 'BLOCK_N': 64, 'BLOCK_K': 128, 'num_buffers': 5, 'STEALB': False}, num_warps=4
  Runtime best config: {'BLOCK_M': 64, 'BLOCK_N': 64, 'BLOCK_K': 256, 'num_buffers': 3, 'STEALB': False}, num_warps=4
start 8192-16-2048
finish 8192-16-2048, (113/169) -> Dense: 44.32205748097187, Precomp: 56.05687175245971, Runtime: 37.11716670328849
  Dense   best config: {'BLOCK_M': 128, 'BLOCK_N': 64, 'BLOCK_K': 64, 'num_buffers': 6, 'STEALB': False}, num_warps=4
  Sparse  best config: {'BLOCK_M': 128, 'BLOCK_N': 64, 'BLOCK_K': 128, 'num_buffers': 4, 'STEALB': True}, num_warps=4
  Runtime best config: {'BLOCK_M': 64, 'BLOCK_N': 64, 'BLOCK_K': 128, 'num_buffers': 5, 'STEALB': False}, num_warps=4
start 16384-16-1024
finish 16384-16-1024, (114/169) -> Dense: 49.4750735609656, Precomp: 62.767548522166805, Runtime: 42.133101606735536
  Dense   best config: {'BLOCK_M': 256, 'BLOCK_N': 64, 'BLOCK_K': 64, 'num_buffers': 4, 'STEALB': False}, num_warps=4
  Sparse  best config: {'BLOCK_M': 256, 'BLOCK_N': 64, 'BLOCK_K': 128, 'num_buffers': 3, 'STEALB': False}, num_warps=4
  Runtime best config: {'BLOCK_M': 128, 'BLOCK_N': 64, 'BLOCK_K': 128, 'num_buffers': 4, 'STEALB': False}, num_warps=8
start 768-16-16384
finish 768-16-16384, (115/169) -> Dense: 10.40054237864088, Precomp: 14.459477348722384, Runtime: 6.0392219437562416
  Dense   best config: {'BLOCK_M': 64, 'BLOCK_N': 64, 'BLOCK_K': 128, 'num_buffers': 4, 'STEALB': False}, num_warps=8
  Sparse  best config: {'BLOCK_M': 64, 'BLOCK_N': 64, 'BLOCK_K': 128, 'num_buffers': 6, 'STEALB': False}, num_warps=4
  Runtime best config: {'BLOCK_M': 64, 'BLOCK_N': 64, 'BLOCK_K': 256, 'num_buffers': 3, 'STEALB': False}, num_warps=4
start 1024-16-12288
finish 1024-16-12288, (116/169) -> Dense: 13.64829249936351, Precomp: 18.207917107949836, Runtime: 7.889407600045255
  Dense   best config: {'BLOCK_M': 64, 'BLOCK_N': 64, 'BLOCK_K': 128, 'num_buffers': 6, 'STEALB': True}, num_warps=4
  Sparse  best config: {'BLOCK_M': 64, 'BLOCK_N': 64, 'BLOCK_K': 128, 'num_buffers': 6, 'STEALB': False}, num_warps=4
  Runtime best config: {'BLOCK_M': 64, 'BLOCK_N': 64, 'BLOCK_K': 256, 'num_buffers': 3, 'STEALB': False}, num_warps=4
start 1536-16-8192
finish 1536-16-8192, (117/169) -> Dense: 18.51539382255177, Precomp: 22.545047993037507, Runtime: 11.444952087412483
  Dense   best config: {'BLOCK_M': 64, 'BLOCK_N': 64, 'BLOCK_K': 64, 'num_buffers': 6, 'STEALB': False}, num_warps=4
  Sparse  best config: {'BLOCK_M': 64, 'BLOCK_N': 64, 'BLOCK_K': 128, 'num_buffers': 5, 'STEALB': True}, num_warps=4
  Runtime best config: {'BLOCK_M': 64, 'BLOCK_N': 64, 'BLOCK_K': 256, 'num_buffers': 3, 'STEALB': False}, num_warps=4
start 2048-16-6144
finish 2048-16-6144, (118/169) -> Dense: 21.669785007607093, Precomp: 27.1554419214806, Runtime: 14.956178664121774
  Dense   best config: {'BLOCK_M': 64, 'BLOCK_N': 64, 'BLOCK_K': 64, 'num_buffers': 6, 'STEALB': True}, num_warps=4
  Sparse  best config: {'BLOCK_M': 64, 'BLOCK_N': 64, 'BLOCK_K': 128, 'num_buffers': 5, 'STEALB': False}, num_warps=8
  Runtime best config: {'BLOCK_M': 64, 'BLOCK_N': 64, 'BLOCK_K': 256, 'num_buffers': 3, 'STEALB': False}, num_warps=4
start 3072-16-4096
finish 3072-16-4096, (119/169) -> Dense: 27.958099336066095, Precomp: 34.26204691047145, Runtime: 20.707921193634437
  Dense   best config: {'BLOCK_M': 64, 'BLOCK_N': 64, 'BLOCK_K': 128, 'num_buffers': 4, 'STEALB': False}, num_warps=4
  Sparse  best config: {'BLOCK_M': 64, 'BLOCK_N': 64, 'BLOCK_K': 256, 'num_buffers': 4, 'STEALB': False}, num_warps=4
  Runtime best config: {'BLOCK_M': 64, 'BLOCK_N': 64, 'BLOCK_K': 256, 'num_buffers': 3, 'STEALB': False}, num_warps=4
start 4096-16-3072
finish 4096-16-3072, (120/169) -> Dense: 34.30750335376383, Precomp: 41.30265093824993, Runtime: 25.16183500969227
  Dense   best config: {'BLOCK_M': 64, 'BLOCK_N': 64, 'BLOCK_K': 128, 'num_buffers': 5, 'STEALB': False}, num_warps=4
  Sparse  best config: {'BLOCK_M': 64, 'BLOCK_N': 64, 'BLOCK_K': 128, 'num_buffers': 5, 'STEALB': False}, num_warps=4
  Runtime best config: {'BLOCK_M': 64, 'BLOCK_N': 64, 'BLOCK_K': 256, 'num_buffers': 3, 'STEALB': False}, num_warps=4
start 6144-16-2048
finish 6144-16-2048, (121/169) -> Dense: 35.99640471016433, Precomp: 43.83311098601462, Runtime: 30.395298663352612
  Dense   best config: {'BLOCK_M': 64, 'BLOCK_N': 64, 'BLOCK_K': 128, 'num_buffers': 5, 'STEALB': False}, num_warps=4
  Sparse  best config: {'BLOCK_M': 128, 'BLOCK_N': 64, 'BLOCK_K': 128, 'num_buffers': 4, 'STEALB': True}, num_warps=4
  Runtime best config: {'BLOCK_M': 64, 'BLOCK_N': 64, 'BLOCK_K': 128, 'num_buffers': 4, 'STEALB': False}, num_warps=4
start 8192-16-1536
finish 8192-16-1536, (122/169) -> Dense: 41.03751640451621, Precomp: 50.84854355409288, Runtime: 33.382719386348015
  Dense   best config: {'BLOCK_M': 128, 'BLOCK_N': 64, 'BLOCK_K': 64, 'num_buffers': 6, 'STEALB': False}, num_warps=4
  Sparse  best config: {'BLOCK_M': 128, 'BLOCK_N': 64, 'BLOCK_K': 128, 'num_buffers': 4, 'STEALB': True}, num_warps=4
  Runtime best config: {'BLOCK_M': 64, 'BLOCK_N': 64, 'BLOCK_K': 128, 'num_buffers': 5, 'STEALB': False}, num_warps=4
start 12288-16-1024
finish 12288-16-1024, (123/169) -> Dense: 42.871050334927126, Precomp: 52.93963311712039, Runtime: 34.75092433112322
  Dense   best config: {'BLOCK_M': 128, 'BLOCK_N': 64, 'BLOCK_K': 64, 'num_buffers': 6, 'STEALB': False}, num_warps=4
  Sparse  best config: {'BLOCK_M': 128, 'BLOCK_N': 64, 'BLOCK_K': 128, 'num_buffers': 5, 'STEALB': False}, num_warps=4
  Runtime best config: {'BLOCK_M': 128, 'BLOCK_N': 64, 'BLOCK_K': 128, 'num_buffers': 3, 'STEALB': False}, num_warps=8
start 16384-16-768
finish 16384-16-768, (124/169) -> Dense: 45.032759528274575, Precomp: 56.989877688341274, Runtime: 36.960609839136374
  Dense   best config: {'BLOCK_M': 256, 'BLOCK_N': 64, 'BLOCK_K': 64, 'num_buffers': 4, 'STEALB': False}, num_warps=4
  Sparse  best config: {'BLOCK_M': 256, 'BLOCK_N': 64, 'BLOCK_K': 64, 'num_buffers': 5, 'STEALB': False}, num_warps=4
  Runtime best config: {'BLOCK_M': 128, 'BLOCK_N': 64, 'BLOCK_K': 128, 'num_buffers': 4, 'STEALB': False}, num_warps=8
start 768-16-12288
finish 768-16-12288, (125/169) -> Dense: 10.325027964110474, Precomp: 14.042304612548547, Runtime: 5.960846088154814
  Dense   best config: {'BLOCK_M': 64, 'BLOCK_N': 64, 'BLOCK_K': 128, 'num_buffers': 6, 'STEALB': True}, num_warps=4
  Sparse  best config: {'BLOCK_M': 64, 'BLOCK_N': 64, 'BLOCK_K': 128, 'num_buffers': 6, 'STEALB': False}, num_warps=4
  Runtime best config: {'BLOCK_M': 64, 'BLOCK_N': 64, 'BLOCK_K': 256, 'num_buffers': 3, 'STEALB': False}, num_warps=4
start 1536-16-6144
finish 1536-16-6144, (126/169) -> Dense: 17.85184487285953, Precomp: 21.86676324035393, Runtime: 11.113908322255314
  Dense   best config: {'BLOCK_M': 64, 'BLOCK_N': 64, 'BLOCK_K': 64, 'num_buffers': 6, 'STEALB': False}, num_warps=4
  Sparse  best config: {'BLOCK_M': 64, 'BLOCK_N': 64, 'BLOCK_K': 128, 'num_buffers': 4, 'STEALB': True}, num_warps=4
  Runtime best config: {'BLOCK_M': 64, 'BLOCK_N': 64, 'BLOCK_K': 256, 'num_buffers': 3, 'STEALB': False}, num_warps=4
start 3072-16-3072
finish 3072-16-3072, (127/169) -> Dense: 26.647615979177054, Precomp: 32.082342254329895, Runtime: 19.408160860878557
  Dense   best config: {'BLOCK_M': 64, 'BLOCK_N': 64, 'BLOCK_K': 128, 'num_buffers': 5, 'STEALB': False}, num_warps=4
  Sparse  best config: {'BLOCK_M': 64, 'BLOCK_N': 64, 'BLOCK_K': 128, 'num_buffers': 5, 'STEALB': False}, num_warps=4
  Runtime best config: {'BLOCK_M': 64, 'BLOCK_N': 64, 'BLOCK_K': 256, 'num_buffers': 3, 'STEALB': False}, num_warps=4
start 6144-16-1536
finish 6144-16-1536, (128/169) -> Dense: 32.89605831047779, Precomp: 40.135085493724006, Runtime: 27.932120843236127
  Dense   best config: {'BLOCK_M': 64, 'BLOCK_N': 64, 'BLOCK_K': 128, 'num_buffers': 5, 'STEALB': False}, num_warps=4
  Sparse  best config: {'BLOCK_M': 128, 'BLOCK_N': 64, 'BLOCK_K': 128, 'num_buffers': 4, 'STEALB': True}, num_warps=4
  Runtime best config: {'BLOCK_M': 64, 'BLOCK_N': 64, 'BLOCK_K': 128, 'num_buffers': 4, 'STEALB': False}, num_warps=4
start 12288-16-768
finish 12288-16-768, (129/169) -> Dense: 39.474623692733005, Precomp: 45.426163089658395, Runtime: 30.97571902719561
  Dense   best config: {'BLOCK_M': 128, 'BLOCK_N': 64, 'BLOCK_K': 64, 'num_buffers': 6, 'STEALB': False}, num_warps=4
  Sparse  best config: {'BLOCK_M': 128, 'BLOCK_N': 64, 'BLOCK_K': 128, 'num_buffers': 4, 'STEALB': True}, num_warps=4
  Runtime best config: {'BLOCK_M': 128, 'BLOCK_N': 64, 'BLOCK_K': 128, 'num_buffers': 3, 'STEALB': False}, num_warps=8
start 1024-16-8192
finish 1024-16-8192, (130/169) -> Dense: 13.331518133541046, Precomp: 17.56217914406825, Runtime: 7.66406108517325
  Dense   best config: {'BLOCK_M': 64, 'BLOCK_N': 64, 'BLOCK_K': 128, 'num_buffers': 6, 'STEALB': True}, num_warps=4
  Sparse  best config: {'BLOCK_M': 64, 'BLOCK_N': 64, 'BLOCK_K': 128, 'num_buffers': 6, 'STEALB': False}, num_warps=4
  Runtime best config: {'BLOCK_M': 64, 'BLOCK_N': 64, 'BLOCK_K': 256, 'num_buffers': 3, 'STEALB': False}, num_warps=4
start 2048-16-4096
finish 2048-16-4096, (131/169) -> Dense: 20.303359591461067, Precomp: 25.047179862789772, Runtime: 14.025979007343258
  Dense   best config: {'BLOCK_M': 64, 'BLOCK_N': 64, 'BLOCK_K': 64, 'num_buffers': 7, 'STEALB': False}, num_warps=4
  Sparse  best config: {'BLOCK_M': 64, 'BLOCK_N': 64, 'BLOCK_K': 256, 'num_buffers': 4, 'STEALB': False}, num_warps=4
  Runtime best config: {'BLOCK_M': 64, 'BLOCK_N': 64, 'BLOCK_K': 256, 'num_buffers': 3, 'STEALB': False}, num_warps=4
start 4096-16-2048
finish 4096-16-2048, (132/169) -> Dense: 30.656556312501024, Precomp: 36.016251541864605, Runtime: 22.562352692468863
  Dense   best config: {'BLOCK_M': 64, 'BLOCK_N': 64, 'BLOCK_K': 128, 'num_buffers': 5, 'STEALB': False}, num_warps=4
  Sparse  best config: {'BLOCK_M': 64, 'BLOCK_N': 64, 'BLOCK_K': 128, 'num_buffers': 5, 'STEALB': False}, num_warps=4
  Runtime best config: {'BLOCK_M': 64, 'BLOCK_N': 64, 'BLOCK_K': 128, 'num_buffers': 3, 'STEALB': False}, num_warps=4
start 8192-16-1024
finish 8192-16-1024, (133/169) -> Dense: 35.93488642666053, Precomp: 43.00289515983169, Runtime: 28.09511602774411
  Dense   best config: {'BLOCK_M': 128, 'BLOCK_N': 64, 'BLOCK_K': 128, 'num_buffers': 4, 'STEALB': False}, num_warps=4
  Sparse  best config: {'BLOCK_M': 128, 'BLOCK_N': 64, 'BLOCK_K': 128, 'num_buffers': 4, 'STEALB': True}, num_warps=4
  Runtime best config: {'BLOCK_M': 64, 'BLOCK_N': 64, 'BLOCK_K': 128, 'num_buffers': 5, 'STEALB': False}, num_warps=4
start 768-16-8192
finish 768-16-8192, (134/169) -> Dense: 10.182355672501302, Precomp: 13.328399301526623, Runtime: 5.814404540096215
  Dense   best config: {'BLOCK_M': 64, 'BLOCK_N': 64, 'BLOCK_K': 128, 'num_buffers': 6, 'STEALB': True}, num_warps=4
  Sparse  best config: {'BLOCK_M': 64, 'BLOCK_N': 64, 'BLOCK_K': 128, 'num_buffers': 6, 'STEALB': False}, num_warps=4
  Runtime best config: {'BLOCK_M': 64, 'BLOCK_N': 64, 'BLOCK_K': 256, 'num_buffers': 3, 'STEALB': False}, num_warps=4
start 1024-16-6144
finish 1024-16-6144, (135/169) -> Dense: 12.940797102319877, Precomp: 16.66059014501102, Runtime: 7.444255981920795
  Dense   best config: {'BLOCK_M': 64, 'BLOCK_N': 64, 'BLOCK_K': 128, 'num_buffers': 6, 'STEALB': True}, num_warps=4
  Sparse  best config: {'BLOCK_M': 64, 'BLOCK_N': 64, 'BLOCK_K': 128, 'num_buffers': 6, 'STEALB': False}, num_warps=4
  Runtime best config: {'BLOCK_M': 64, 'BLOCK_N': 64, 'BLOCK_K': 256, 'num_buffers': 3, 'STEALB': False}, num_warps=4
start 1536-16-4096
finish 1536-16-4096, (136/169) -> Dense: 16.62016526341226, Precomp: 20.19323435278264, Runtime: 10.515554159880056
  Dense   best config: {'BLOCK_M': 64, 'BLOCK_N': 64, 'BLOCK_K': 64, 'num_buffers': 6, 'STEALB': False}, num_warps=4
  Sparse  best config: {'BLOCK_M': 64, 'BLOCK_N': 64, 'BLOCK_K': 128, 'num_buffers': 5, 'STEALB': True}, num_warps=4
  Runtime best config: {'BLOCK_M': 64, 'BLOCK_N': 64, 'BLOCK_K': 256, 'num_buffers': 3, 'STEALB': False}, num_warps=4
start 2048-16-3072
finish 2048-16-3072, (137/169) -> Dense: 19.41519606633838, Precomp: 23.43832762693715, Runtime: 13.073589330700305
  Dense   best config: {'BLOCK_M': 64, 'BLOCK_N': 64, 'BLOCK_K': 128, 'num_buffers': 4, 'STEALB': False}, num_warps=4
  Sparse  best config: {'BLOCK_M': 64, 'BLOCK_N': 64, 'BLOCK_K': 128, 'num_buffers': 5, 'STEALB': False}, num_warps=4
  Runtime best config: {'BLOCK_M': 64, 'BLOCK_N': 64, 'BLOCK_K': 256, 'num_buffers': 3, 'STEALB': False}, num_warps=4
start 3072-16-2048
finish 3072-16-2048, (138/169) -> Dense: 24.186014150436332, Precomp: 28.260290808784127, Runtime: 17.377346014806758
  Dense   best config: {'BLOCK_M': 64, 'BLOCK_N': 64, 'BLOCK_K': 128, 'num_buffers': 4, 'STEALB': False}, num_warps=4
  Sparse  best config: {'BLOCK_M': 64, 'BLOCK_N': 64, 'BLOCK_K': 128, 'num_buffers': 4, 'STEALB': False}, num_warps=4
  Runtime best config: {'BLOCK_M': 64, 'BLOCK_N': 64, 'BLOCK_K': 128, 'num_buffers': 3, 'STEALB': False}, num_warps=4
start 4096-16-1536
finish 4096-16-1536, (139/169) -> Dense: 27.695719458861163, Precomp: 32.11451339795023, Runtime: 20.808895507071398
  Dense   best config: {'BLOCK_M': 64, 'BLOCK_N': 64, 'BLOCK_K': 128, 'num_buffers': 5, 'STEALB': False}, num_warps=4
  Sparse  best config: {'BLOCK_M': 64, 'BLOCK_N': 64, 'BLOCK_K': 128, 'num_buffers': 6, 'STEALB': False}, num_warps=4
  Runtime best config: {'BLOCK_M': 64, 'BLOCK_N': 64, 'BLOCK_K': 128, 'num_buffers': 3, 'STEALB': False}, num_warps=4
start 6144-16-1024
finish 6144-16-1024, (140/169) -> Dense: 29.131000666516083, Precomp: 34.20342534687298, Runtime: 23.694182008604262
  Dense   best config: {'BLOCK_M': 64, 'BLOCK_N': 64, 'BLOCK_K': 128, 'num_buffers': 5, 'STEALB': False}, num_warps=4
  Sparse  best config: {'BLOCK_M': 128, 'BLOCK_N': 64, 'BLOCK_K': 128, 'num_buffers': 4, 'STEALB': True}, num_warps=4
  Runtime best config: {'BLOCK_M': 64, 'BLOCK_N': 64, 'BLOCK_K': 128, 'num_buffers': 4, 'STEALB': False}, num_warps=4
start 8192-16-768
finish 8192-16-768, (141/169) -> Dense: 33.07062191145025, Precomp: 38.29237057976039, Runtime: 23.728663555105847
  Dense   best config: {'BLOCK_M': 128, 'BLOCK_N': 64, 'BLOCK_K': 128, 'num_buffers': 4, 'STEALB': False}, num_warps=4
  Sparse  best config: {'BLOCK_M': 128, 'BLOCK_N': 64, 'BLOCK_K': 128, 'num_buffers': 4, 'STEALB': True}, num_warps=4
  Runtime best config: {'BLOCK_M': 64, 'BLOCK_N': 64, 'BLOCK_K': 128, 'num_buffers': 5, 'STEALB': False}, num_warps=4
start 768-16-6144
finish 768-16-6144, (142/169) -> Dense: 9.847447225239785, Precomp: 12.74415571982617, Runtime: 5.667308397948318
  Dense   best config: {'BLOCK_M': 64, 'BLOCK_N': 64, 'BLOCK_K': 128, 'num_buffers': 4, 'STEALB': False}, num_warps=4
  Sparse  best config: {'BLOCK_M': 64, 'BLOCK_N': 64, 'BLOCK_K': 128, 'num_buffers': 5, 'STEALB': False}, num_warps=4
  Runtime best config: {'BLOCK_M': 64, 'BLOCK_N': 64, 'BLOCK_K': 256, 'num_buffers': 3, 'STEALB': False}, num_warps=4
start 1536-16-3072
finish 1536-16-3072, (143/169) -> Dense: 15.781420801748595, Precomp: 19.028215965502817, Runtime: 9.972990950444638
  Dense   best config: {'BLOCK_M': 64, 'BLOCK_N': 64, 'BLOCK_K': 128, 'num_buffers': 4, 'STEALB': False}, num_warps=4
  Sparse  best config: {'BLOCK_M': 64, 'BLOCK_N': 64, 'BLOCK_K': 128, 'num_buffers': 5, 'STEALB': True}, num_warps=4
  Runtime best config: {'BLOCK_M': 64, 'BLOCK_N': 64, 'BLOCK_K': 256, 'num_buffers': 3, 'STEALB': False}, num_warps=4
start 3072-16-1536
finish 3072-16-1536, (144/169) -> Dense: 22.064597059939057, Precomp: 25.325636838369398, Runtime: 16.062883087196813
  Dense   best config: {'BLOCK_M': 64, 'BLOCK_N': 64, 'BLOCK_K': 128, 'num_buffers': 4, 'STEALB': False}, num_warps=4
  Sparse  best config: {'BLOCK_M': 64, 'BLOCK_N': 64, 'BLOCK_K': 128, 'num_buffers': 5, 'STEALB': False}, num_warps=4
  Runtime best config: {'BLOCK_M': 64, 'BLOCK_N': 64, 'BLOCK_K': 128, 'num_buffers': 3, 'STEALB': False}, num_warps=4
start 6144-16-768
finish 6144-16-768, (145/169) -> Dense: 25.731838906273925, Precomp: 30.680358488856562, Runtime: 20.62043205921351
  Dense   best config: {'BLOCK_M': 128, 'BLOCK_N': 64, 'BLOCK_K': 128, 'num_buffers': 4, 'STEALB': False}, num_warps=4
  Sparse  best config: {'BLOCK_M': 128, 'BLOCK_N': 64, 'BLOCK_K': 128, 'num_buffers': 4, 'STEALB': True}, num_warps=4
  Runtime best config: {'BLOCK_M': 64, 'BLOCK_N': 64, 'BLOCK_K': 128, 'num_buffers': 4, 'STEALB': False}, num_warps=4
start 1024-16-4096
finish 1024-16-4096, (146/169) -> Dense: 12.045016451582162, Precomp: 15.158423286535985, Runtime: 7.046887841633193
  Dense   best config: {'BLOCK_M': 64, 'BLOCK_N': 64, 'BLOCK_K': 128, 'num_buffers': 4, 'STEALB': False}, num_warps=4
  Sparse  best config: {'BLOCK_M': 64, 'BLOCK_N': 64, 'BLOCK_K': 128, 'num_buffers': 6, 'STEALB': False}, num_warps=4
  Runtime best config: {'BLOCK_M': 64, 'BLOCK_N': 64, 'BLOCK_K': 256, 'num_buffers': 3, 'STEALB': False}, num_warps=4
start 2048-16-2048
finish 2048-16-2048, (147/169) -> Dense: 17.627218241416696, Precomp: 20.777567559712715, Runtime: 11.949544437624931
  Dense   best config: {'BLOCK_M': 64, 'BLOCK_N': 64, 'BLOCK_K': 128, 'num_buffers': 4, 'STEALB': False}, num_warps=4
  Sparse  best config: {'BLOCK_M': 64, 'BLOCK_N': 64, 'BLOCK_K': 128, 'num_buffers': 5, 'STEALB': False}, num_warps=4
  Runtime best config: {'BLOCK_M': 64, 'BLOCK_N': 64, 'BLOCK_K': 128, 'num_buffers': 3, 'STEALB': False}, num_warps=4
start 4096-16-1024
finish 4096-16-1024, (148/169) -> Dense: 24.134597463369023, Precomp: 26.655658152936404, Runtime: 17.96144275293909
  Dense   best config: {'BLOCK_M': 64, 'BLOCK_N': 64, 'BLOCK_K': 128, 'num_buffers': 5, 'STEALB': False}, num_warps=4
  Sparse  best config: {'BLOCK_M': 64, 'BLOCK_N': 64, 'BLOCK_K': 128, 'num_buffers': 5, 'STEALB': False}, num_warps=4
  Runtime best config: {'BLOCK_M': 64, 'BLOCK_N': 64, 'BLOCK_K': 128, 'num_buffers': 3, 'STEALB': False}, num_warps=4
start 768-16-4096
finish 768-16-4096, (149/169) -> Dense: 9.345406171950353, Precomp: 11.59883476125235, Runtime: 5.404294963551692
  Dense   best config: {'BLOCK_M': 64, 'BLOCK_N': 64, 'BLOCK_K': 128, 'num_buffers': 4, 'STEALB': False}, num_warps=4
  Sparse  best config: {'BLOCK_M': 64, 'BLOCK_N': 64, 'BLOCK_K': 128, 'num_buffers': 5, 'STEALB': False}, num_warps=4
  Runtime best config: {'BLOCK_M': 64, 'BLOCK_N': 64, 'BLOCK_K': 256, 'num_buffers': 3, 'STEALB': False}, num_warps=4
start 1024-16-3072
finish 1024-16-3072, (150/169) -> Dense: 11.491063025442095, Precomp: 13.951064204475776, Runtime: 6.7069818853643985
  Dense   best config: {'BLOCK_M': 64, 'BLOCK_N': 64, 'BLOCK_K': 128, 'num_buffers': 4, 'STEALB': False}, num_warps=4
  Sparse  best config: {'BLOCK_M': 64, 'BLOCK_N': 64, 'BLOCK_K': 128, 'num_buffers': 6, 'STEALB': False}, num_warps=4
  Runtime best config: {'BLOCK_M': 64, 'BLOCK_N': 64, 'BLOCK_K': 256, 'num_buffers': 3, 'STEALB': False}, num_warps=4
start 1536-16-2048
finish 1536-16-2048, (151/169) -> Dense: 14.241184777932052, Precomp: 16.598651057687736, Runtime: 9.04389005134505
  Dense   best config: {'BLOCK_M': 64, 'BLOCK_N': 64, 'BLOCK_K': 128, 'num_buffers': 4, 'STEALB': False}, num_warps=4
  Sparse  best config: {'BLOCK_M': 64, 'BLOCK_N': 64, 'BLOCK_K': 128, 'num_buffers': 5, 'STEALB': False}, num_warps=4
  Runtime best config: {'BLOCK_M': 64, 'BLOCK_N': 64, 'BLOCK_K': 128, 'num_buffers': 3, 'STEALB': False}, num_warps=4
start 2048-16-1536
finish 2048-16-1536, (152/169) -> Dense: 15.840735656361247, Precomp: 18.568924671639166, Runtime: 11.109397677745722
  Dense   best config: {'BLOCK_M': 64, 'BLOCK_N': 64, 'BLOCK_K': 128, 'num_buffers': 4, 'STEALB': False}, num_warps=4
  Sparse  best config: {'BLOCK_M': 64, 'BLOCK_N': 64, 'BLOCK_K': 128, 'num_buffers': 5, 'STEALB': False}, num_warps=4
  Runtime best config: {'BLOCK_M': 64, 'BLOCK_N': 64, 'BLOCK_K': 128, 'num_buffers': 3, 'STEALB': False}, num_warps=4
start 3072-16-1024
finish 3072-16-1024, (153/169) -> Dense: 19.127286092589305, Precomp: 21.20506713735754, Runtime: 13.97222536260336
  Dense   best config: {'BLOCK_M': 64, 'BLOCK_N': 64, 'BLOCK_K': 128, 'num_buffers': 5, 'STEALB': False}, num_warps=4
  Sparse  best config: {'BLOCK_M': 64, 'BLOCK_N': 64, 'BLOCK_K': 128, 'num_buffers': 5, 'STEALB': False}, num_warps=4
  Runtime best config: {'BLOCK_M': 64, 'BLOCK_N': 64, 'BLOCK_K': 128, 'num_buffers': 3, 'STEALB': False}, num_warps=4
start 4096-16-768
finish 4096-16-768, (154/169) -> Dense: 20.673471026845608, Precomp: 21.75357037449892, Runtime: 15.813218561171384
  Dense   best config: {'BLOCK_M': 64, 'BLOCK_N': 64, 'BLOCK_K': 128, 'num_buffers': 4, 'STEALB': False}, num_warps=4
  Sparse  best config: {'BLOCK_M': 64, 'BLOCK_N': 64, 'BLOCK_K': 128, 'num_buffers': 5, 'STEALB': False}, num_warps=4
  Runtime best config: {'BLOCK_M': 64, 'BLOCK_N': 64, 'BLOCK_K': 128, 'num_buffers': 3, 'STEALB': False}, num_warps=4
start 768-16-3072
finish 768-16-3072, (155/169) -> Dense: 8.863400652323184, Precomp: 10.68161096303611, Runtime: 5.159479041403958
  Dense   best config: {'BLOCK_M': 64, 'BLOCK_N': 64, 'BLOCK_K': 128, 'num_buffers': 4, 'STEALB': False}, num_warps=4
  Sparse  best config: {'BLOCK_M': 64, 'BLOCK_N': 64, 'BLOCK_K': 128, 'num_buffers': 5, 'STEALB': False}, num_warps=4
  Runtime best config: {'BLOCK_M': 64, 'BLOCK_N': 64, 'BLOCK_K': 256, 'num_buffers': 3, 'STEALB': False}, num_warps=4
start 1536-16-1536
finish 1536-16-1536, (156/169) -> Dense: 12.824682909919424, Precomp: 14.807290454561779, Runtime: 8.435185770551355
  Dense   best config: {'BLOCK_M': 64, 'BLOCK_N': 64, 'BLOCK_K': 128, 'num_buffers': 4, 'STEALB': False}, num_warps=4
  Sparse  best config: {'BLOCK_M': 64, 'BLOCK_N': 64, 'BLOCK_K': 128, 'num_buffers': 5, 'STEALB': False}, num_warps=4
  Runtime best config: {'BLOCK_M': 64, 'BLOCK_N': 64, 'BLOCK_K': 128, 'num_buffers': 3, 'STEALB': False}, num_warps=4
start 3072-16-768
finish 3072-16-768, (157/169) -> Dense: 16.956251956164188, Precomp: 18.05988352622433, Runtime: 12.314873519180479
  Dense   best config: {'BLOCK_M': 64, 'BLOCK_N': 64, 'BLOCK_K': 128, 'num_buffers': 4, 'STEALB': False}, num_warps=4
  Sparse  best config: {'BLOCK_M': 64, 'BLOCK_N': 64, 'BLOCK_K': 128, 'num_buffers': 4, 'STEALB': False}, num_warps=4
  Runtime best config: {'BLOCK_M': 64, 'BLOCK_N': 64, 'BLOCK_K': 128, 'num_buffers': 3, 'STEALB': False}, num_warps=4
start 1024-16-2048
finish 1024-16-2048, (158/169) -> Dense: 10.171224888765233, Precomp: 12.012007311656076, Runtime: 6.086472298189123
  Dense   best config: {'BLOCK_M': 64, 'BLOCK_N': 64, 'BLOCK_K': 128, 'num_buffers': 4, 'STEALB': False}, num_warps=4
  Sparse  best config: {'BLOCK_M': 64, 'BLOCK_N': 64, 'BLOCK_K': 128, 'num_buffers': 5, 'STEALB': False}, num_warps=4
  Runtime best config: {'BLOCK_M': 64, 'BLOCK_N': 64, 'BLOCK_K': 128, 'num_buffers': 3, 'STEALB': False}, num_warps=4
start 2048-16-1024
finish 2048-16-1024, (159/169) -> Dense: 13.900203073119169, Precomp: 15.354570831379707, Runtime: 9.755809628400797
  Dense   best config: {'BLOCK_M': 64, 'BLOCK_N': 64, 'BLOCK_K': 128, 'num_buffers': 5, 'STEALB': False}, num_warps=4
  Sparse  best config: {'BLOCK_M': 64, 'BLOCK_N': 64, 'BLOCK_K': 128, 'num_buffers': 5, 'STEALB': False}, num_warps=4
  Runtime best config: {'BLOCK_M': 64, 'BLOCK_N': 64, 'BLOCK_K': 128, 'num_buffers': 3, 'STEALB': False}, num_warps=4
start 768-16-2048
finish 768-16-2048, (160/169) -> Dense: 7.926211311597536, Precomp: 9.259275097798387, Runtime: 4.664664900602658
  Dense   best config: {'BLOCK_M': 64, 'BLOCK_N': 64, 'BLOCK_K': 128, 'num_buffers': 4, 'STEALB': False}, num_warps=4
  Sparse  best config: {'BLOCK_M': 64, 'BLOCK_N': 64, 'BLOCK_K': 128, 'num_buffers': 4, 'STEALB': False}, num_warps=4
  Runtime best config: {'BLOCK_M': 64, 'BLOCK_N': 64, 'BLOCK_K': 256, 'num_buffers': 3, 'STEALB': False}, num_warps=4
start 1024-16-1536
finish 1024-16-1536, (161/169) -> Dense: 9.248701826261511, Precomp: 10.599358883003095, Runtime: 5.697134278418601
  Dense   best config: {'BLOCK_M': 64, 'BLOCK_N': 64, 'BLOCK_K': 128, 'num_buffers': 4, 'STEALB': False}, num_warps=4
  Sparse  best config: {'BLOCK_M': 64, 'BLOCK_N': 64, 'BLOCK_K': 128, 'num_buffers': 5, 'STEALB': False}, num_warps=4
  Runtime best config: {'BLOCK_M': 64, 'BLOCK_N': 64, 'BLOCK_K': 128, 'num_buffers': 3, 'STEALB': False}, num_warps=4
start 1536-16-1024
finish 1536-16-1024, (162/169) -> Dense: 10.933550070034428, Precomp: 12.0667381028817, Runtime: 7.426997973085757
  Dense   best config: {'BLOCK_M': 64, 'BLOCK_N': 64, 'BLOCK_K': 128, 'num_buffers': 5, 'STEALB': False}, num_warps=4
  Sparse  best config: {'BLOCK_M': 64, 'BLOCK_N': 64, 'BLOCK_K': 128, 'num_buffers': 4, 'STEALB': False}, num_warps=4
  Runtime best config: {'BLOCK_M': 64, 'BLOCK_N': 64, 'BLOCK_K': 128, 'num_buffers': 3, 'STEALB': False}, num_warps=4
start 2048-16-768
finish 2048-16-768, (163/169) -> Dense: 12.11424243122606, Precomp: 13.201738686170723, Runtime: 8.68204554131569
  Dense   best config: {'BLOCK_M': 64, 'BLOCK_N': 64, 'BLOCK_K': 128, 'num_buffers': 4, 'STEALB': False}, num_warps=4
  Sparse  best config: {'BLOCK_M': 64, 'BLOCK_N': 64, 'BLOCK_K': 128, 'num_buffers': 4, 'STEALB': False}, num_warps=4
  Runtime best config: {'BLOCK_M': 64, 'BLOCK_N': 64, 'BLOCK_K': 128, 'num_buffers': 3, 'STEALB': False}, num_warps=4
start 768-16-1536
finish 768-16-1536, (164/169) -> Dense: 7.205147355192025, Precomp: 8.188356653200637, Runtime: 4.303642640427044
  Dense   best config: {'BLOCK_M': 64, 'BLOCK_N': 64, 'BLOCK_K': 128, 'num_buffers': 4, 'STEALB': False}, num_warps=4
  Sparse  best config: {'BLOCK_M': 64, 'BLOCK_N': 64, 'BLOCK_K': 128, 'num_buffers': 4, 'STEALB': False}, num_warps=4
  Runtime best config: {'BLOCK_M': 64, 'BLOCK_N': 64, 'BLOCK_K': 128, 'num_buffers': 3, 'STEALB': False}, num_warps=4
start 1536-16-768
finish 1536-16-768, (165/169) -> Dense: 9.632324313547793, Precomp: 10.285943121451128, Runtime: 6.649796075880264
  Dense   best config: {'BLOCK_M': 64, 'BLOCK_N': 64, 'BLOCK_K': 128, 'num_buffers': 4, 'STEALB': False}, num_warps=4
  Sparse  best config: {'BLOCK_M': 64, 'BLOCK_N': 64, 'BLOCK_K': 128, 'num_buffers': 4, 'STEALB': False}, num_warps=4
  Runtime best config: {'BLOCK_M': 64, 'BLOCK_N': 64, 'BLOCK_K': 128, 'num_buffers': 3, 'STEALB': False}, num_warps=4
start 1024-16-1024
finish 1024-16-1024, (166/169) -> Dense: 7.746121780755079, Precomp: 8.502828616069515, Runtime: 5.059206954342674
  Dense   best config: {'BLOCK_M': 64, 'BLOCK_N': 64, 'BLOCK_K': 128, 'num_buffers': 4, 'STEALB': False}, num_warps=4
  Sparse  best config: {'BLOCK_M': 64, 'BLOCK_N': 64, 'BLOCK_K': 128, 'num_buffers': 4, 'STEALB': False}, num_warps=4
  Runtime best config: {'BLOCK_M': 64, 'BLOCK_N': 64, 'BLOCK_K': 128, 'num_buffers': 3, 'STEALB': False}, num_warps=4
start 768-16-1024
finish 768-16-1024, (167/169) -> Dense: 5.987787886585958, Precomp: 6.5890584291474985, Runtime: 3.8245287545861855
  Dense   best config: {'BLOCK_M': 64, 'BLOCK_N': 64, 'BLOCK_K': 128, 'num_buffers': 4, 'STEALB': False}, num_warps=4
  Sparse  best config: {'BLOCK_M': 64, 'BLOCK_N': 64, 'BLOCK_K': 128, 'num_buffers': 4, 'STEALB': False}, num_warps=4
  Runtime best config: {'BLOCK_M': 64, 'BLOCK_N': 64, 'BLOCK_K': 128, 'num_buffers': 3, 'STEALB': False}, num_warps=4
start 1024-16-768
finish 1024-16-768, (168/169) -> Dense: 6.803362279415997, Precomp: 7.173224166292231, Runtime: 4.5518940967686685
  Dense   best config: {'BLOCK_M': 64, 'BLOCK_N': 64, 'BLOCK_K': 128, 'num_buffers': 4, 'STEALB': False}, num_warps=4
  Sparse  best config: {'BLOCK_M': 64, 'BLOCK_N': 64, 'BLOCK_K': 128, 'num_buffers': 4, 'STEALB': False}, num_warps=4
  Runtime best config: {'BLOCK_M': 64, 'BLOCK_N': 64, 'BLOCK_K': 128, 'num_buffers': 3, 'STEALB': False}, num_warps=4
start 768-16-768
finish 768-16-768, (169/169) -> Dense: 5.226512976210661, Precomp: 5.587572372449587, Runtime: 3.4412673896917187
  Dense   best config: {'BLOCK_M': 64, 'BLOCK_N': 64, 'BLOCK_K': 128, 'num_buffers': 4, 'STEALB': False}, num_warps=4
  Sparse  best config: {'BLOCK_M': 64, 'BLOCK_N': 64, 'BLOCK_K': 128, 'num_buffers': 4, 'STEALB': False}, num_warps=4
  Runtime best config: {'BLOCK_M': 64, 'BLOCK_N': 64, 'BLOCK_K': 128, 'num_buffers': 3, 'STEALB': False}, num_warps=4
0.8089041694167806

[INFO] Optimization charts successfully compiled and saved to 'Benchmark/v7.3/v7.3_16.png'
