INFO:    Setting 'NVIDIA_VISIBLE_DEVICES=all' to emulate legacy GPU binding.
INFO:    Setting --writable-tmpfs (required by nvidia-container-cli)
start 49152-16-49152
finish 49152-16-49152, (1/169) -> Max Dense: 49.64, Max Precomp: 91.88, Max Runtime: 47.04
dense config: BLOCK_SIZE_M: 128, BLOCK_SIZE_N: 64, BLOCK_SIZE_K: 128, num_buffers: 3, num_warps: 4, num_ctas: 1, num_stages: 3, maxnreg: None
precomp config: BLOCK_SIZE_M: 128, BLOCK_SIZE_N: 64, BLOCK_SIZE_K: 128, num_buffers: 4, num_warps: 4, num_ctas: 1, num_stages: 3, maxnreg: None
runtime config: BLOCK_SIZE_M: 128, BLOCK_SIZE_N: 64, BLOCK_SIZE_K: 128, num_buffers: 4, num_warps: 8, num_ctas: 1, num_stages: 3, maxnreg: None
start 32768-16-49152
finish 32768-16-49152, (2/169) -> Max Dense: 49.22, Max Precomp: 90.91, Max Runtime: 46.67
dense config: BLOCK_SIZE_M: 128, BLOCK_SIZE_N: 64, BLOCK_SIZE_K: 64, num_buffers: 5, num_warps: 4, num_ctas: 1, num_stages: 3, maxnreg: None
precomp config: BLOCK_SIZE_M: 128, BLOCK_SIZE_N: 64, BLOCK_SIZE_K: 128, num_buffers: 4, num_warps: 4, num_ctas: 1, num_stages: 3, maxnreg: None
runtime config: BLOCK_SIZE_M: 128, BLOCK_SIZE_N: 64, BLOCK_SIZE_K: 128, num_buffers: 4, num_warps: 8, num_ctas: 1, num_stages: 3, maxnreg: None
start 49152-16-32768
finish 49152-16-32768, (3/169) -> Max Dense: 49.48, Max Precomp: 91.80, Max Runtime: 46.68
dense config: BLOCK_SIZE_M: 128, BLOCK_SIZE_N: 64, BLOCK_SIZE_K: 128, num_buffers: 3, num_warps: 8, num_ctas: 1, num_stages: 3, maxnreg: None
precomp config: BLOCK_SIZE_M: 128, BLOCK_SIZE_N: 64, BLOCK_SIZE_K: 128, num_buffers: 4, num_warps: 4, num_ctas: 1, num_stages: 3, maxnreg: None
runtime config: BLOCK_SIZE_M: 128, BLOCK_SIZE_N: 64, BLOCK_SIZE_K: 128, num_buffers: 4, num_warps: 8, num_ctas: 1, num_stages: 3, maxnreg: None
start 24576-16-49152
finish 24576-16-49152, (4/169) -> Max Dense: 48.41, Max Precomp: 79.10, Max Runtime: 38.60
dense config: BLOCK_SIZE_M: 64, BLOCK_SIZE_N: 64, BLOCK_SIZE_K: 64, num_buffers: 7, num_warps: 4, num_ctas: 1, num_stages: 3, maxnreg: None
precomp config: BLOCK_SIZE_M: 128, BLOCK_SIZE_N: 64, BLOCK_SIZE_K: 64, num_buffers: 7, num_warps: 4, num_ctas: 1, num_stages: 3, maxnreg: None
runtime config: BLOCK_SIZE_M: 64, BLOCK_SIZE_N: 64, BLOCK_SIZE_K: 256, num_buffers: 3, num_warps: 4, num_ctas: 1, num_stages: 3, maxnreg: None
start 49152-16-24576
finish 49152-16-24576, (5/169) -> Max Dense: 48.81, Max Precomp: 88.96, Max Runtime: 46.36
dense config: BLOCK_SIZE_M: 128, BLOCK_SIZE_N: 64, BLOCK_SIZE_K: 64, num_buffers: 5, num_warps: 8, num_ctas: 1, num_stages: 3, maxnreg: None
precomp config: BLOCK_SIZE_M: 128, BLOCK_SIZE_N: 64, BLOCK_SIZE_K: 128, num_buffers: 4, num_warps: 4, num_ctas: 1, num_stages: 3, maxnreg: None
runtime config: BLOCK_SIZE_M: 128, BLOCK_SIZE_N: 64, BLOCK_SIZE_K: 128, num_buffers: 4, num_warps: 8, num_ctas: 1, num_stages: 3, maxnreg: None
start 32768-16-32768
finish 32768-16-32768, (6/169) -> Max Dense: 49.07, Max Precomp: 90.04, Max Runtime: 46.28
dense config: BLOCK_SIZE_M: 128, BLOCK_SIZE_N: 64, BLOCK_SIZE_K: 128, num_buffers: 3, num_warps: 8, num_ctas: 1, num_stages: 3, maxnreg: None
precomp config: BLOCK_SIZE_M: 128, BLOCK_SIZE_N: 64, BLOCK_SIZE_K: 128, num_buffers: 4, num_warps: 4, num_ctas: 1, num_stages: 3, maxnreg: None
runtime config: BLOCK_SIZE_M: 128, BLOCK_SIZE_N: 64, BLOCK_SIZE_K: 128, num_buffers: 4, num_warps: 8, num_ctas: 1, num_stages: 3, maxnreg: None
start 16384-16-49152
finish 16384-16-49152, (7/169) -> Max Dense: 48.51, Max Precomp: 88.55, Max Runtime: 45.91
dense config: BLOCK_SIZE_M: 128, BLOCK_SIZE_N: 64, BLOCK_SIZE_K: 128, num_buffers: 4, num_warps: 8, num_ctas: 1, num_stages: 3, maxnreg: None
precomp config: BLOCK_SIZE_M: 128, BLOCK_SIZE_N: 64, BLOCK_SIZE_K: 128, num_buffers: 4, num_warps: 4, num_ctas: 1, num_stages: 3, maxnreg: None
runtime config: BLOCK_SIZE_M: 128, BLOCK_SIZE_N: 64, BLOCK_SIZE_K: 128, num_buffers: 4, num_warps: 8, num_ctas: 1, num_stages: 3, maxnreg: None
start 24576-16-32768
finish 24576-16-32768, (8/169) -> Max Dense: 48.03, Max Precomp: 77.88, Max Runtime: 38.10
dense config: BLOCK_SIZE_M: 64, BLOCK_SIZE_N: 64, BLOCK_SIZE_K: 128, num_buffers: 4, num_warps: 4, num_ctas: 1, num_stages: 3, maxnreg: None
precomp config: BLOCK_SIZE_M: 128, BLOCK_SIZE_N: 64, BLOCK_SIZE_K: 64, num_buffers: 7, num_warps: 8, num_ctas: 1, num_stages: 3, maxnreg: None
runtime config: BLOCK_SIZE_M: 64, BLOCK_SIZE_N: 64, BLOCK_SIZE_K: 256, num_buffers: 3, num_warps: 4, num_ctas: 1, num_stages: 3, maxnreg: None
start 32768-16-24576
finish 32768-16-24576, (9/169) -> Max Dense: 48.21, Max Precomp: 87.78, Max Runtime: 46.06
dense config: BLOCK_SIZE_M: 128, BLOCK_SIZE_N: 64, BLOCK_SIZE_K: 64, num_buffers: 5, num_warps: 4, num_ctas: 1, num_stages: 3, maxnreg: None
precomp config: BLOCK_SIZE_M: 128, BLOCK_SIZE_N: 64, BLOCK_SIZE_K: 128, num_buffers: 4, num_warps: 4, num_ctas: 1, num_stages: 3, maxnreg: None
runtime config: BLOCK_SIZE_M: 128, BLOCK_SIZE_N: 64, BLOCK_SIZE_K: 128, num_buffers: 4, num_warps: 8, num_ctas: 1, num_stages: 3, maxnreg: None
start 49152-16-16384
finish 49152-16-16384, (10/169) -> Max Dense: 48.49, Max Precomp: 88.38, Max Runtime: 45.93
dense config: BLOCK_SIZE_M: 128, BLOCK_SIZE_N: 64, BLOCK_SIZE_K: 128, num_buffers: 3, num_warps: 8, num_ctas: 1, num_stages: 3, maxnreg: None
precomp config: BLOCK_SIZE_M: 128, BLOCK_SIZE_N: 64, BLOCK_SIZE_K: 128, num_buffers: 4, num_warps: 4, num_ctas: 1, num_stages: 3, maxnreg: None
runtime config: BLOCK_SIZE_M: 128, BLOCK_SIZE_N: 64, BLOCK_SIZE_K: 128, num_buffers: 3, num_warps: 8, num_ctas: 1, num_stages: 3, maxnreg: None
start 12288-16-49152
finish 12288-16-49152, (11/169) -> Max Dense: 47.14, Max Precomp: 80.36, Max Runtime: 36.06
dense config: BLOCK_SIZE_M: 128, BLOCK_SIZE_N: 64, BLOCK_SIZE_K: 128, num_buffers: 4, num_warps: 16, num_ctas: 1, num_stages: 3, maxnreg: None
precomp config: BLOCK_SIZE_M: 128, BLOCK_SIZE_N: 64, BLOCK_SIZE_K: 128, num_buffers: 4, num_warps: 4, num_ctas: 1, num_stages: 3, maxnreg: None
runtime config: BLOCK_SIZE_M: 128, BLOCK_SIZE_N: 64, BLOCK_SIZE_K: 128, num_buffers: 3, num_warps: 8, num_ctas: 1, num_stages: 3, maxnreg: None
start 24576-16-24576
finish 24576-16-24576, (12/169) -> Max Dense: 46.86, Max Precomp: 76.02, Max Runtime: 37.77
dense config: BLOCK_SIZE_M: 64, BLOCK_SIZE_N: 64, BLOCK_SIZE_K: 128, num_buffers: 4, num_warps: 4, num_ctas: 1, num_stages: 3, maxnreg: None
precomp config: BLOCK_SIZE_M: 128, BLOCK_SIZE_N: 64, BLOCK_SIZE_K: 64, num_buffers: 7, num_warps: 4, num_ctas: 1, num_stages: 3, maxnreg: None
runtime config: BLOCK_SIZE_M: 64, BLOCK_SIZE_N: 64, BLOCK_SIZE_K: 256, num_buffers: 3, num_warps: 4, num_ctas: 1, num_stages: 3, maxnreg: None
start 49152-16-12288
finish 49152-16-12288, (13/169) -> Max Dense: 47.12, Max Precomp: 85.09, Max Runtime: 45.33
dense config: BLOCK_SIZE_M: 128, BLOCK_SIZE_N: 64, BLOCK_SIZE_K: 128, num_buffers: 3, num_warps: 8, num_ctas: 1, num_stages: 3, maxnreg: None
precomp config: BLOCK_SIZE_M: 128, BLOCK_SIZE_N: 64, BLOCK_SIZE_K: 128, num_buffers: 4, num_warps: 4, num_ctas: 1, num_stages: 3, maxnreg: None
runtime config: BLOCK_SIZE_M: 128, BLOCK_SIZE_N: 64, BLOCK_SIZE_K: 128, num_buffers: 4, num_warps: 8, num_ctas: 1, num_stages: 3, maxnreg: None
start 16384-16-32768
finish 16384-16-32768, (14/169) -> Max Dense: 48.01, Max Precomp: 86.68, Max Runtime: 45.41
dense config: BLOCK_SIZE_M: 128, BLOCK_SIZE_N: 64, BLOCK_SIZE_K: 64, num_buffers: 5, num_warps: 4, num_ctas: 1, num_stages: 3, maxnreg: None
precomp config: BLOCK_SIZE_M: 128, BLOCK_SIZE_N: 64, BLOCK_SIZE_K: 128, num_buffers: 4, num_warps: 4, num_ctas: 1, num_stages: 3, maxnreg: None
runtime config: BLOCK_SIZE_M: 128, BLOCK_SIZE_N: 64, BLOCK_SIZE_K: 128, num_buffers: 4, num_warps: 8, num_ctas: 1, num_stages: 3, maxnreg: None
start 32768-16-16384
finish 32768-16-16384, (15/169) -> Max Dense: 47.72, Max Precomp: 85.85, Max Runtime: 45.34
dense config: BLOCK_SIZE_M: 128, BLOCK_SIZE_N: 64, BLOCK_SIZE_K: 128, num_buffers: 3, num_warps: 8, num_ctas: 1, num_stages: 3, maxnreg: None
precomp config: BLOCK_SIZE_M: 128, BLOCK_SIZE_N: 64, BLOCK_SIZE_K: 128, num_buffers: 4, num_warps: 4, num_ctas: 1, num_stages: 3, maxnreg: None
runtime config: BLOCK_SIZE_M: 128, BLOCK_SIZE_N: 64, BLOCK_SIZE_K: 128, num_buffers: 4, num_warps: 8, num_ctas: 1, num_stages: 3, maxnreg: None
start 8192-16-49152
finish 8192-16-49152, (16/169) -> Max Dense: 46.52, Max Precomp: 69.14, Max Runtime: 37.28
dense config: BLOCK_SIZE_M: 64, BLOCK_SIZE_N: 64, BLOCK_SIZE_K: 128, num_buffers: 6, num_warps: 4, num_ctas: 1, num_stages: 3, maxnreg: None
precomp config: BLOCK_SIZE_M: 64, BLOCK_SIZE_N: 64, BLOCK_SIZE_K: 128, num_buffers: 6, num_warps: 4, num_ctas: 1, num_stages: 3, maxnreg: None
runtime config: BLOCK_SIZE_M: 64, BLOCK_SIZE_N: 64, BLOCK_SIZE_K: 256, num_buffers: 3, num_warps: 4, num_ctas: 1, num_stages: 3, maxnreg: None
start 12288-16-32768
finish 12288-16-32768, (17/169) -> Max Dense: 46.56, Max Precomp: 78.59, Max Runtime: 35.56
dense config: BLOCK_SIZE_M: 128, BLOCK_SIZE_N: 64, BLOCK_SIZE_K: 64, num_buffers: 5, num_warps: 4, num_ctas: 1, num_stages: 3, maxnreg: None
precomp config: BLOCK_SIZE_M: 128, BLOCK_SIZE_N: 64, BLOCK_SIZE_K: 128, num_buffers: 4, num_warps: 4, num_ctas: 1, num_stages: 3, maxnreg: None
runtime config: BLOCK_SIZE_M: 128, BLOCK_SIZE_N: 64, BLOCK_SIZE_K: 128, num_buffers: 3, num_warps: 8, num_ctas: 1, num_stages: 3, maxnreg: None
start 16384-16-24576
finish 16384-16-24576, (18/169) -> Max Dense: 46.85, Max Precomp: 82.62, Max Runtime: 44.42
dense config: BLOCK_SIZE_M: 128, BLOCK_SIZE_N: 64, BLOCK_SIZE_K: 128, num_buffers: 4, num_warps: 8, num_ctas: 1, num_stages: 3, maxnreg: None
precomp config: BLOCK_SIZE_M: 128, BLOCK_SIZE_N: 64, BLOCK_SIZE_K: 128, num_buffers: 4, num_warps: 4, num_ctas: 1, num_stages: 3, maxnreg: None
runtime config: BLOCK_SIZE_M: 128, BLOCK_SIZE_N: 64, BLOCK_SIZE_K: 128, num_buffers: 4, num_warps: 8, num_ctas: 1, num_stages: 3, maxnreg: None
start 24576-16-16384
finish 24576-16-16384, (19/169) -> Max Dense: 46.31, Max Precomp: 73.48, Max Runtime: 37.14
dense config: BLOCK_SIZE_M: 64, BLOCK_SIZE_N: 64, BLOCK_SIZE_K: 128, num_buffers: 4, num_warps: 4, num_ctas: 1, num_stages: 3, maxnreg: None
precomp config: BLOCK_SIZE_M: 128, BLOCK_SIZE_N: 64, BLOCK_SIZE_K: 64, num_buffers: 7, num_warps: 4, num_ctas: 1, num_stages: 3, maxnreg: None
runtime config: BLOCK_SIZE_M: 64, BLOCK_SIZE_N: 64, BLOCK_SIZE_K: 256, num_buffers: 3, num_warps: 4, num_ctas: 1, num_stages: 3, maxnreg: None
start 32768-16-12288
finish 32768-16-12288, (20/169) -> Max Dense: 46.59, Max Precomp: 82.70, Max Runtime: 44.35
dense config: BLOCK_SIZE_M: 128, BLOCK_SIZE_N: 64, BLOCK_SIZE_K: 128, num_buffers: 3, num_warps: 8, num_ctas: 1, num_stages: 3, maxnreg: None
precomp config: BLOCK_SIZE_M: 128, BLOCK_SIZE_N: 64, BLOCK_SIZE_K: 128, num_buffers: 4, num_warps: 4, num_ctas: 1, num_stages: 3, maxnreg: None
runtime config: BLOCK_SIZE_M: 128, BLOCK_SIZE_N: 64, BLOCK_SIZE_K: 128, num_buffers: 4, num_warps: 8, num_ctas: 1, num_stages: 3, maxnreg: None
start 49152-16-8192
finish 49152-16-8192, (21/169) -> Max Dense: 46.63, Max Precomp: 83.06, Max Runtime: 44.47
dense config: BLOCK_SIZE_M: 128, BLOCK_SIZE_N: 64, BLOCK_SIZE_K: 128, num_buffers: 3, num_warps: 4, num_ctas: 1, num_stages: 3, maxnreg: None
precomp config: BLOCK_SIZE_M: 128, BLOCK_SIZE_N: 64, BLOCK_SIZE_K: 128, num_buffers: 4, num_warps: 4, num_ctas: 1, num_stages: 3, maxnreg: None
runtime config: BLOCK_SIZE_M: 128, BLOCK_SIZE_N: 64, BLOCK_SIZE_K: 128, num_buffers: 4, num_warps: 8, num_ctas: 1, num_stages: 3, maxnreg: None
start 6144-16-49152
finish 6144-16-49152, (22/169) -> Max Dense: 43.50, Max Precomp: 58.31, Max Runtime: 28.29
dense config: BLOCK_SIZE_M: 64, BLOCK_SIZE_N: 64, BLOCK_SIZE_K: 128, num_buffers: 5, num_warps: 4, num_ctas: 1, num_stages: 3, maxnreg: None
precomp config: BLOCK_SIZE_M: 64, BLOCK_SIZE_N: 64, BLOCK_SIZE_K: 128, num_buffers: 6, num_warps: 4, num_ctas: 1, num_stages: 3, maxnreg: None
runtime config: BLOCK_SIZE_M: 64, BLOCK_SIZE_N: 64, BLOCK_SIZE_K: 256, num_buffers: 3, num_warps: 4, num_ctas: 1, num_stages: 3, maxnreg: None
start 12288-16-24576
finish 12288-16-24576, (23/169) -> Max Dense: 44.61, Max Precomp: 75.39, Max Runtime: 34.99
dense config: BLOCK_SIZE_M: 128, BLOCK_SIZE_N: 64, BLOCK_SIZE_K: 64, num_buffers: 5, num_warps: 4, num_ctas: 1, num_stages: 3, maxnreg: None
precomp config: BLOCK_SIZE_M: 128, BLOCK_SIZE_N: 64, BLOCK_SIZE_K: 128, num_buffers: 4, num_warps: 4, num_ctas: 1, num_stages: 3, maxnreg: None
runtime config: BLOCK_SIZE_M: 128, BLOCK_SIZE_N: 64, BLOCK_SIZE_K: 128, num_buffers: 3, num_warps: 8, num_ctas: 1, num_stages: 3, maxnreg: None
start 24576-16-12288
finish 24576-16-12288, (24/169) -> Max Dense: 44.74, Max Precomp: 70.75, Max Runtime: 36.48
dense config: BLOCK_SIZE_M: 64, BLOCK_SIZE_N: 64, BLOCK_SIZE_K: 128, num_buffers: 5, num_warps: 4, num_ctas: 1, num_stages: 3, maxnreg: None
precomp config: BLOCK_SIZE_M: 128, BLOCK_SIZE_N: 64, BLOCK_SIZE_K: 64, num_buffers: 7, num_warps: 4, num_ctas: 1, num_stages: 3, maxnreg: None
runtime config: BLOCK_SIZE_M: 64, BLOCK_SIZE_N: 64, BLOCK_SIZE_K: 256, num_buffers: 3, num_warps: 4, num_ctas: 1, num_stages: 3, maxnreg: None
start 49152-16-6144
finish 49152-16-6144, (25/169) -> Max Dense: 45.05, Max Precomp: 79.12, Max Runtime: 43.32
dense config: BLOCK_SIZE_M: 128, BLOCK_SIZE_N: 64, BLOCK_SIZE_K: 128, num_buffers: 4, num_warps: 8, num_ctas: 1, num_stages: 3, maxnreg: None
precomp config: BLOCK_SIZE_M: 128, BLOCK_SIZE_N: 64, BLOCK_SIZE_K: 128, num_buffers: 4, num_warps: 4, num_ctas: 1, num_stages: 3, maxnreg: None
runtime config: BLOCK_SIZE_M: 128, BLOCK_SIZE_N: 64, BLOCK_SIZE_K: 128, num_buffers: 4, num_warps: 8, num_ctas: 1, num_stages: 3, maxnreg: None
start 8192-16-32768
finish 8192-16-32768, (26/169) -> Max Dense: 45.59, Max Precomp: 66.68, Max Runtime: 36.35
dense config: BLOCK_SIZE_M: 64, BLOCK_SIZE_N: 64, BLOCK_SIZE_K: 128, num_buffers: 6, num_warps: 4, num_ctas: 1, num_stages: 3, maxnreg: None
precomp config: BLOCK_SIZE_M: 64, BLOCK_SIZE_N: 64, BLOCK_SIZE_K: 128, num_buffers: 6, num_warps: 4, num_ctas: 1, num_stages: 3, maxnreg: None
runtime config: BLOCK_SIZE_M: 64, BLOCK_SIZE_N: 64, BLOCK_SIZE_K: 256, num_buffers: 3, num_warps: 4, num_ctas: 1, num_stages: 3, maxnreg: None
start 16384-16-16384
finish 16384-16-16384, (27/169) -> Max Dense: 45.52, Max Precomp: 79.91, Max Runtime: 42.91
dense config: BLOCK_SIZE_M: 128, BLOCK_SIZE_N: 64, BLOCK_SIZE_K: 128, num_buffers: 4, num_warps: 8, num_ctas: 1, num_stages: 3, maxnreg: None
precomp config: BLOCK_SIZE_M: 128, BLOCK_SIZE_N: 64, BLOCK_SIZE_K: 128, num_buffers: 4, num_warps: 4, num_ctas: 1, num_stages: 3, maxnreg: None
runtime config: BLOCK_SIZE_M: 128, BLOCK_SIZE_N: 64, BLOCK_SIZE_K: 128, num_buffers: 4, num_warps: 8, num_ctas: 1, num_stages: 3, maxnreg: None
start 32768-16-8192
finish 32768-16-8192, (28/169) -> Max Dense: 44.99, Max Precomp: 78.81, Max Runtime: 42.72
dense config: BLOCK_SIZE_M: 128, BLOCK_SIZE_N: 64, BLOCK_SIZE_K: 128, num_buffers: 3, num_warps: 4, num_ctas: 1, num_stages: 3, maxnreg: None
precomp config: BLOCK_SIZE_M: 128, BLOCK_SIZE_N: 64, BLOCK_SIZE_K: 128, num_buffers: 4, num_warps: 4, num_ctas: 1, num_stages: 3, maxnreg: None
runtime config: BLOCK_SIZE_M: 128, BLOCK_SIZE_N: 64, BLOCK_SIZE_K: 128, num_buffers: 4, num_warps: 8, num_ctas: 1, num_stages: 3, maxnreg: None
start 4096-16-49152
finish 4096-16-49152, (29/169) -> Max Dense: 39.12, Max Precomp: 50.31, Max Runtime: 18.43
dense config: BLOCK_SIZE_M: 64, BLOCK_SIZE_N: 64, BLOCK_SIZE_K: 128, num_buffers: 6, num_warps: 4, num_ctas: 1, num_stages: 3, maxnreg: None
precomp config: BLOCK_SIZE_M: 64, BLOCK_SIZE_N: 64, BLOCK_SIZE_K: 128, num_buffers: 6, num_warps: 4, num_ctas: 1, num_stages: 3, maxnreg: None
runtime config: BLOCK_SIZE_M: 64, BLOCK_SIZE_N: 64, BLOCK_SIZE_K: 128, num_buffers: 5, num_warps: 4, num_ctas: 1, num_stages: 3, maxnreg: None
start 6144-16-32768
finish 6144-16-32768, (30/169) -> Max Dense: 41.93, Max Precomp: 56.10, Max Runtime: 27.90
dense config: BLOCK_SIZE_M: 64, BLOCK_SIZE_N: 64, BLOCK_SIZE_K: 128, num_buffers: 5, num_warps: 4, num_ctas: 1, num_stages: 3, maxnreg: None
precomp config: BLOCK_SIZE_M: 64, BLOCK_SIZE_N: 64, BLOCK_SIZE_K: 128, num_buffers: 6, num_warps: 4, num_ctas: 1, num_stages: 3, maxnreg: None
runtime config: BLOCK_SIZE_M: 64, BLOCK_SIZE_N: 64, BLOCK_SIZE_K: 256, num_buffers: 3, num_warps: 4, num_ctas: 1, num_stages: 3, maxnreg: None
start 8192-16-24576
finish 8192-16-24576, (31/169) -> Max Dense: 43.71, Max Precomp: 64.16, Max Runtime: 35.53
dense config: BLOCK_SIZE_M: 64, BLOCK_SIZE_N: 64, BLOCK_SIZE_K: 128, num_buffers: 6, num_warps: 4, num_ctas: 1, num_stages: 3, maxnreg: None
precomp config: BLOCK_SIZE_M: 64, BLOCK_SIZE_N: 64, BLOCK_SIZE_K: 128, num_buffers: 6, num_warps: 4, num_ctas: 1, num_stages: 3, maxnreg: None
runtime config: BLOCK_SIZE_M: 64, BLOCK_SIZE_N: 64, BLOCK_SIZE_K: 256, num_buffers: 3, num_warps: 4, num_ctas: 1, num_stages: 3, maxnreg: None
start 12288-16-16384
finish 12288-16-16384, (32/169) -> Max Dense: 43.61, Max Precomp: 71.49, Max Runtime: 34.09
dense config: BLOCK_SIZE_M: 128, BLOCK_SIZE_N: 64, BLOCK_SIZE_K: 64, num_buffers: 5, num_warps: 4, num_ctas: 1, num_stages: 3, maxnreg: None
precomp config: BLOCK_SIZE_M: 128, BLOCK_SIZE_N: 64, BLOCK_SIZE_K: 128, num_buffers: 4, num_warps: 4, num_ctas: 1, num_stages: 3, maxnreg: None
runtime config: BLOCK_SIZE_M: 128, BLOCK_SIZE_N: 64, BLOCK_SIZE_K: 128, num_buffers: 3, num_warps: 8, num_ctas: 1, num_stages: 3, maxnreg: None
start 16384-16-12288
finish 16384-16-12288, (33/169) -> Max Dense: 43.85, Max Precomp: 75.08, Max Runtime: 41.44
dense config: BLOCK_SIZE_M: 128, BLOCK_SIZE_N: 64, BLOCK_SIZE_K: 128, num_buffers: 4, num_warps: 8, num_ctas: 1, num_stages: 3, maxnreg: None
precomp config: BLOCK_SIZE_M: 128, BLOCK_SIZE_N: 64, BLOCK_SIZE_K: 128, num_buffers: 4, num_warps: 4, num_ctas: 1, num_stages: 3, maxnreg: None
runtime config: BLOCK_SIZE_M: 128, BLOCK_SIZE_N: 64, BLOCK_SIZE_K: 128, num_buffers: 4, num_warps: 8, num_ctas: 1, num_stages: 3, maxnreg: None
start 24576-16-8192
finish 24576-16-8192, (34/169) -> Max Dense: 43.16, Max Precomp: 67.97, Max Runtime: 35.52
dense config: BLOCK_SIZE_M: 64, BLOCK_SIZE_N: 64, BLOCK_SIZE_K: 128, num_buffers: 4, num_warps: 4, num_ctas: 1, num_stages: 3, maxnreg: None
precomp config: BLOCK_SIZE_M: 128, BLOCK_SIZE_N: 64, BLOCK_SIZE_K: 128, num_buffers: 4, num_warps: 4, num_ctas: 1, num_stages: 3, maxnreg: None
runtime config: BLOCK_SIZE_M: 64, BLOCK_SIZE_N: 64, BLOCK_SIZE_K: 256, num_buffers: 3, num_warps: 4, num_ctas: 1, num_stages: 3, maxnreg: None
start 32768-16-6144
finish 32768-16-6144, (35/169) -> Max Dense: 43.74, Max Precomp: 74.36, Max Runtime: 41.63
dense config: BLOCK_SIZE_M: 128, BLOCK_SIZE_N: 64, BLOCK_SIZE_K: 64, num_buffers: 5, num_warps: 4, num_ctas: 1, num_stages: 3, maxnreg: None
precomp config: BLOCK_SIZE_M: 128, BLOCK_SIZE_N: 64, BLOCK_SIZE_K: 128, num_buffers: 4, num_warps: 4, num_ctas: 1, num_stages: 3, maxnreg: None
runtime config: BLOCK_SIZE_M: 128, BLOCK_SIZE_N: 64, BLOCK_SIZE_K: 128, num_buffers: 4, num_warps: 8, num_ctas: 1, num_stages: 3, maxnreg: None
start 49152-16-4096
finish 49152-16-4096, (36/169) -> Max Dense: 43.59, Max Precomp: 74.06, Max Runtime: 41.56
dense config: BLOCK_SIZE_M: 128, BLOCK_SIZE_N: 64, BLOCK_SIZE_K: 128, num_buffers: 4, num_warps: 8, num_ctas: 1, num_stages: 3, maxnreg: None
precomp config: BLOCK_SIZE_M: 128, BLOCK_SIZE_N: 64, BLOCK_SIZE_K: 128, num_buffers: 4, num_warps: 4, num_ctas: 1, num_stages: 3, maxnreg: None
runtime config: BLOCK_SIZE_M: 128, BLOCK_SIZE_N: 64, BLOCK_SIZE_K: 128, num_buffers: 4, num_warps: 8, num_ctas: 1, num_stages: 3, maxnreg: None
start 3072-16-49152
finish 3072-16-49152, (37/169) -> Max Dense: 30.49, Max Precomp: 39.13, Max Runtime: 13.74
dense config: BLOCK_SIZE_M: 64, BLOCK_SIZE_N: 64, BLOCK_SIZE_K: 128, num_buffers: 6, num_warps: 4, num_ctas: 1, num_stages: 3, maxnreg: None
precomp config: BLOCK_SIZE_M: 64, BLOCK_SIZE_N: 64, BLOCK_SIZE_K: 128, num_buffers: 6, num_warps: 4, num_ctas: 1, num_stages: 3, maxnreg: None
runtime config: BLOCK_SIZE_M: 64, BLOCK_SIZE_N: 128, BLOCK_SIZE_K: 128, num_buffers: 4, num_warps: 4, num_ctas: 1, num_stages: 3, maxnreg: None
start 6144-16-24576
finish 6144-16-24576, (38/169) -> Max Dense: 40.22, Max Precomp: 54.64, Max Runtime: 27.47
dense config: BLOCK_SIZE_M: 64, BLOCK_SIZE_N: 64, BLOCK_SIZE_K: 128, num_buffers: 5, num_warps: 4, num_ctas: 1, num_stages: 3, maxnreg: None
precomp config: BLOCK_SIZE_M: 64, BLOCK_SIZE_N: 64, BLOCK_SIZE_K: 128, num_buffers: 6, num_warps: 4, num_ctas: 1, num_stages: 3, maxnreg: None
runtime config: BLOCK_SIZE_M: 64, BLOCK_SIZE_N: 64, BLOCK_SIZE_K: 256, num_buffers: 3, num_warps: 4, num_ctas: 1, num_stages: 3, maxnreg: None
start 12288-16-12288
finish 12288-16-12288, (39/169) -> Max Dense: 41.27, Max Precomp: 67.12, Max Runtime: 33.11
dense config: BLOCK_SIZE_M: 128, BLOCK_SIZE_N: 64, BLOCK_SIZE_K: 64, num_buffers: 5, num_warps: 4, num_ctas: 1, num_stages: 3, maxnreg: None
precomp config: BLOCK_SIZE_M: 128, BLOCK_SIZE_N: 64, BLOCK_SIZE_K: 128, num_buffers: 4, num_warps: 4, num_ctas: 1, num_stages: 3, maxnreg: None
runtime config: BLOCK_SIZE_M: 128, BLOCK_SIZE_N: 64, BLOCK_SIZE_K: 128, num_buffers: 3, num_warps: 8, num_ctas: 1, num_stages: 3, maxnreg: None
start 24576-16-6144
finish 24576-16-6144, (40/169) -> Max Dense: 41.28, Max Precomp: 64.27, Max Runtime: 34.33
dense config: BLOCK_SIZE_M: 64, BLOCK_SIZE_N: 64, BLOCK_SIZE_K: 128, num_buffers: 4, num_warps: 4, num_ctas: 1, num_stages: 3, maxnreg: None
precomp config: BLOCK_SIZE_M: 128, BLOCK_SIZE_N: 64, BLOCK_SIZE_K: 128, num_buffers: 4, num_warps: 4, num_ctas: 1, num_stages: 3, maxnreg: None
runtime config: BLOCK_SIZE_M: 64, BLOCK_SIZE_N: 64, BLOCK_SIZE_K: 256, num_buffers: 3, num_warps: 4, num_ctas: 1, num_stages: 3, maxnreg: None
start 49152-16-3072
finish 49152-16-3072, (41/169) -> Max Dense: 41.71, Max Precomp: 69.06, Max Runtime: 39.64
dense config: BLOCK_SIZE_M: 128, BLOCK_SIZE_N: 64, BLOCK_SIZE_K: 128, num_buffers: 4, num_warps: 4, num_ctas: 1, num_stages: 3, maxnreg: None
precomp config: BLOCK_SIZE_M: 128, BLOCK_SIZE_N: 64, BLOCK_SIZE_K: 128, num_buffers: 4, num_warps: 4, num_ctas: 1, num_stages: 3, maxnreg: None
runtime config: BLOCK_SIZE_M: 128, BLOCK_SIZE_N: 64, BLOCK_SIZE_K: 128, num_buffers: 4, num_warps: 8, num_ctas: 1, num_stages: 3, maxnreg: None
start 4096-16-32768
finish 4096-16-32768, (42/169) -> Max Dense: 37.69, Max Precomp: 48.53, Max Runtime: 18.21
dense config: BLOCK_SIZE_M: 64, BLOCK_SIZE_N: 64, BLOCK_SIZE_K: 128, num_buffers: 6, num_warps: 4, num_ctas: 1, num_stages: 3, maxnreg: None
precomp config: BLOCK_SIZE_M: 64, BLOCK_SIZE_N: 64, BLOCK_SIZE_K: 128, num_buffers: 6, num_warps: 4, num_ctas: 1, num_stages: 3, maxnreg: None
runtime config: BLOCK_SIZE_M: 64, BLOCK_SIZE_N: 64, BLOCK_SIZE_K: 128, num_buffers: 5, num_warps: 4, num_ctas: 1, num_stages: 3, maxnreg: None
start 8192-16-16384
finish 8192-16-16384, (43/169) -> Max Dense: 41.41, Max Precomp: 60.09, Max Runtime: 33.96
dense config: BLOCK_SIZE_M: 64, BLOCK_SIZE_N: 64, BLOCK_SIZE_K: 128, num_buffers: 6, num_warps: 4, num_ctas: 1, num_stages: 3, maxnreg: None
precomp config: BLOCK_SIZE_M: 64, BLOCK_SIZE_N: 64, BLOCK_SIZE_K: 128, num_buffers: 6, num_warps: 4, num_ctas: 1, num_stages: 3, maxnreg: None
runtime config: BLOCK_SIZE_M: 64, BLOCK_SIZE_N: 64, BLOCK_SIZE_K: 256, num_buffers: 3, num_warps: 4, num_ctas: 1, num_stages: 3, maxnreg: None
start 16384-16-8192
finish 16384-16-8192, (44/169) -> Max Dense: 41.56, Max Precomp: 68.01, Max Runtime: 39.14
dense config: BLOCK_SIZE_M: 128, BLOCK_SIZE_N: 64, BLOCK_SIZE_K: 64, num_buffers: 5, num_warps: 4, num_ctas: 1, num_stages: 3, maxnreg: None
precomp config: BLOCK_SIZE_M: 128, BLOCK_SIZE_N: 64, BLOCK_SIZE_K: 128, num_buffers: 4, num_warps: 4, num_ctas: 1, num_stages: 3, maxnreg: None
runtime config: BLOCK_SIZE_M: 128, BLOCK_SIZE_N: 64, BLOCK_SIZE_K: 128, num_buffers: 4, num_warps: 8, num_ctas: 1, num_stages: 3, maxnreg: None
start 32768-16-4096
finish 32768-16-4096, (45/169) -> Max Dense: 41.20, Max Precomp: 67.89, Max Runtime: 39.09
dense config: BLOCK_SIZE_M: 128, BLOCK_SIZE_N: 64, BLOCK_SIZE_K: 128, num_buffers: 4, num_warps: 4, num_ctas: 1, num_stages: 3, maxnreg: None
precomp config: BLOCK_SIZE_M: 128, BLOCK_SIZE_N: 64, BLOCK_SIZE_K: 128, num_buffers: 4, num_warps: 4, num_ctas: 1, num_stages: 3, maxnreg: None
runtime config: BLOCK_SIZE_M: 128, BLOCK_SIZE_N: 64, BLOCK_SIZE_K: 128, num_buffers: 4, num_warps: 8, num_ctas: 1, num_stages: 3, maxnreg: None
start 2048-16-49152
finish 2048-16-49152, (46/169) -> Max Dense: 22.53, Max Precomp: 29.03, Max Runtime: 9.21
dense config: BLOCK_SIZE_M: 64, BLOCK_SIZE_N: 64, BLOCK_SIZE_K: 128, num_buffers: 6, num_warps: 4, num_ctas: 1, num_stages: 3, maxnreg: None
precomp config: BLOCK_SIZE_M: 64, BLOCK_SIZE_N: 64, BLOCK_SIZE_K: 128, num_buffers: 6, num_warps: 4, num_ctas: 1, num_stages: 3, maxnreg: None
runtime config: BLOCK_SIZE_M: 64, BLOCK_SIZE_N: 64, BLOCK_SIZE_K: 256, num_buffers: 3, num_warps: 4, num_ctas: 1, num_stages: 3, maxnreg: None
start 3072-16-32768
finish 3072-16-32768, (47/169) -> Max Dense: 29.81, Max Precomp: 38.15, Max Runtime: 13.67
dense config: BLOCK_SIZE_M: 64, BLOCK_SIZE_N: 64, BLOCK_SIZE_K: 128, num_buffers: 6, num_warps: 4, num_ctas: 1, num_stages: 3, maxnreg: None
precomp config: BLOCK_SIZE_M: 64, BLOCK_SIZE_N: 64, BLOCK_SIZE_K: 128, num_buffers: 6, num_warps: 4, num_ctas: 1, num_stages: 3, maxnreg: None
runtime config: BLOCK_SIZE_M: 64, BLOCK_SIZE_N: 128, BLOCK_SIZE_K: 128, num_buffers: 4, num_warps: 4, num_ctas: 1, num_stages: 3, maxnreg: None
start 4096-16-24576
finish 4096-16-24576, (48/169) -> Max Dense: 35.92, Max Precomp: 46.38, Max Runtime: 18.16
dense config: BLOCK_SIZE_M: 64, BLOCK_SIZE_N: 64, BLOCK_SIZE_K: 128, num_buffers: 6, num_warps: 4, num_ctas: 1, num_stages: 3, maxnreg: None
precomp config: BLOCK_SIZE_M: 64, BLOCK_SIZE_N: 64, BLOCK_SIZE_K: 128, num_buffers: 6, num_warps: 4, num_ctas: 1, num_stages: 3, maxnreg: None
runtime config: BLOCK_SIZE_M: 64, BLOCK_SIZE_N: 64, BLOCK_SIZE_K: 128, num_buffers: 5, num_warps: 4, num_ctas: 1, num_stages: 3, maxnreg: None
start 6144-16-16384
finish 6144-16-16384, (49/169) -> Max Dense: 37.73, Max Precomp: 51.45, Max Runtime: 26.60
dense config: BLOCK_SIZE_M: 64, BLOCK_SIZE_N: 64, BLOCK_SIZE_K: 128, num_buffers: 5, num_warps: 4, num_ctas: 1, num_stages: 3, maxnreg: None
precomp config: BLOCK_SIZE_M: 64, BLOCK_SIZE_N: 64, BLOCK_SIZE_K: 128, num_buffers: 6, num_warps: 4, num_ctas: 1, num_stages: 3, maxnreg: None
runtime config: BLOCK_SIZE_M: 64, BLOCK_SIZE_N: 64, BLOCK_SIZE_K: 256, num_buffers: 3, num_warps: 4, num_ctas: 1, num_stages: 3, maxnreg: None
start 8192-16-12288
finish 8192-16-12288, (50/169) -> Max Dense: 38.93, Max Precomp: 57.01, Max Runtime: 32.73
dense config: BLOCK_SIZE_M: 64, BLOCK_SIZE_N: 64, BLOCK_SIZE_K: 128, num_buffers: 6, num_warps: 4, num_ctas: 1, num_stages: 3, maxnreg: None
precomp config: BLOCK_SIZE_M: 64, BLOCK_SIZE_N: 64, BLOCK_SIZE_K: 128, num_buffers: 6, num_warps: 4, num_ctas: 1, num_stages: 3, maxnreg: None
runtime config: BLOCK_SIZE_M: 64, BLOCK_SIZE_N: 64, BLOCK_SIZE_K: 256, num_buffers: 3, num_warps: 4, num_ctas: 1, num_stages: 3, maxnreg: None
start 12288-16-8192
finish 12288-16-8192, (51/169) -> Max Dense: 38.87, Max Precomp: 61.05, Max Runtime: 31.53
dense config: BLOCK_SIZE_M: 128, BLOCK_SIZE_N: 64, BLOCK_SIZE_K: 64, num_buffers: 5, num_warps: 4, num_ctas: 1, num_stages: 3, maxnreg: None
precomp config: BLOCK_SIZE_M: 128, BLOCK_SIZE_N: 64, BLOCK_SIZE_K: 128, num_buffers: 4, num_warps: 4, num_ctas: 1, num_stages: 3, maxnreg: None
runtime config: BLOCK_SIZE_M: 128, BLOCK_SIZE_N: 64, BLOCK_SIZE_K: 128, num_buffers: 4, num_warps: 8, num_ctas: 1, num_stages: 3, maxnreg: None
start 16384-16-6144
finish 16384-16-6144, (52/169) -> Max Dense: 39.27, Max Precomp: 62.59, Max Runtime: 36.84
dense config: BLOCK_SIZE_M: 128, BLOCK_SIZE_N: 64, BLOCK_SIZE_K: 64, num_buffers: 5, num_warps: 4, num_ctas: 1, num_stages: 3, maxnreg: None
precomp config: BLOCK_SIZE_M: 128, BLOCK_SIZE_N: 64, BLOCK_SIZE_K: 128, num_buffers: 4, num_warps: 4, num_ctas: 1, num_stages: 3, maxnreg: None
runtime config: BLOCK_SIZE_M: 128, BLOCK_SIZE_N: 64, BLOCK_SIZE_K: 128, num_buffers: 4, num_warps: 8, num_ctas: 1, num_stages: 3, maxnreg: None
start 24576-16-4096
finish 24576-16-4096, (53/169) -> Max Dense: 38.62, Max Precomp: 59.14, Max Runtime: 32.43
dense config: BLOCK_SIZE_M: 64, BLOCK_SIZE_N: 64, BLOCK_SIZE_K: 128, num_buffers: 6, num_warps: 4, num_ctas: 1, num_stages: 3, maxnreg: None
precomp config: BLOCK_SIZE_M: 128, BLOCK_SIZE_N: 64, BLOCK_SIZE_K: 128, num_buffers: 4, num_warps: 4, num_ctas: 1, num_stages: 3, maxnreg: None
runtime config: BLOCK_SIZE_M: 64, BLOCK_SIZE_N: 64, BLOCK_SIZE_K: 256, num_buffers: 3, num_warps: 4, num_ctas: 1, num_stages: 3, maxnreg: None
start 32768-16-3072
finish 32768-16-3072, (54/169) -> Max Dense: 38.98, Max Precomp: 61.99, Max Runtime: 36.96
dense config: BLOCK_SIZE_M: 128, BLOCK_SIZE_N: 64, BLOCK_SIZE_K: 64, num_buffers: 5, num_warps: 4, num_ctas: 1, num_stages: 3, maxnreg: None
precomp config: BLOCK_SIZE_M: 128, BLOCK_SIZE_N: 64, BLOCK_SIZE_K: 128, num_buffers: 4, num_warps: 4, num_ctas: 1, num_stages: 3, maxnreg: None
runtime config: BLOCK_SIZE_M: 128, BLOCK_SIZE_N: 64, BLOCK_SIZE_K: 128, num_buffers: 4, num_warps: 8, num_ctas: 1, num_stages: 3, maxnreg: None
start 49152-16-2048
finish 49152-16-2048, (55/169) -> Max Dense: 38.79, Max Precomp: 62.76, Max Runtime: 36.77
dense config: BLOCK_SIZE_M: 128, BLOCK_SIZE_N: 64, BLOCK_SIZE_K: 128, num_buffers: 4, num_warps: 4, num_ctas: 1, num_stages: 3, maxnreg: None
precomp config: BLOCK_SIZE_M: 128, BLOCK_SIZE_N: 64, BLOCK_SIZE_K: 128, num_buffers: 4, num_warps: 4, num_ctas: 1, num_stages: 3, maxnreg: None
runtime config: BLOCK_SIZE_M: 128, BLOCK_SIZE_N: 64, BLOCK_SIZE_K: 128, num_buffers: 4, num_warps: 8, num_ctas: 1, num_stages: 3, maxnreg: None
start 1536-16-49152
finish 1536-16-49152, (56/169) -> Max Dense: 18.62, Max Precomp: 24.31, Max Runtime: 6.97
dense config: BLOCK_SIZE_M: 64, BLOCK_SIZE_N: 64, BLOCK_SIZE_K: 128, num_buffers: 6, num_warps: 4, num_ctas: 1, num_stages: 3, maxnreg: None
precomp config: BLOCK_SIZE_M: 64, BLOCK_SIZE_N: 64, BLOCK_SIZE_K: 128, num_buffers: 6, num_warps: 4, num_ctas: 1, num_stages: 3, maxnreg: None
runtime config: BLOCK_SIZE_M: 64, BLOCK_SIZE_N: 64, BLOCK_SIZE_K: 256, num_buffers: 3, num_warps: 4, num_ctas: 1, num_stages: 3, maxnreg: None
start 3072-16-24576
finish 3072-16-24576, (57/169) -> Max Dense: 28.81, Max Precomp: 37.14, Max Runtime: 13.48
dense config: BLOCK_SIZE_M: 64, BLOCK_SIZE_N: 64, BLOCK_SIZE_K: 128, num_buffers: 6, num_warps: 4, num_ctas: 1, num_stages: 3, maxnreg: None
precomp config: BLOCK_SIZE_M: 64, BLOCK_SIZE_N: 64, BLOCK_SIZE_K: 128, num_buffers: 6, num_warps: 4, num_ctas: 1, num_stages: 3, maxnreg: None
runtime config: BLOCK_SIZE_M: 64, BLOCK_SIZE_N: 128, BLOCK_SIZE_K: 128, num_buffers: 4, num_warps: 4, num_ctas: 1, num_stages: 3, maxnreg: None
start 6144-16-12288
finish 6144-16-12288, (58/169) -> Max Dense: 35.51, Max Precomp: 48.77, Max Runtime: 25.77
dense config: BLOCK_SIZE_M: 64, BLOCK_SIZE_N: 64, BLOCK_SIZE_K: 128, num_buffers: 5, num_warps: 4, num_ctas: 1, num_stages: 3, maxnreg: None
precomp config: BLOCK_SIZE_M: 64, BLOCK_SIZE_N: 64, BLOCK_SIZE_K: 128, num_buffers: 6, num_warps: 4, num_ctas: 1, num_stages: 3, maxnreg: None
runtime config: BLOCK_SIZE_M: 64, BLOCK_SIZE_N: 64, BLOCK_SIZE_K: 256, num_buffers: 3, num_warps: 4, num_ctas: 1, num_stages: 3, maxnreg: None
start 12288-16-6144
finish 12288-16-6144, (59/169) -> Max Dense: 36.16, Max Precomp: 55.32, Max Runtime: 30.53
dense config: BLOCK_SIZE_M: 128, BLOCK_SIZE_N: 64, BLOCK_SIZE_K: 64, num_buffers: 5, num_warps: 4, num_ctas: 1, num_stages: 3, maxnreg: None
precomp config: BLOCK_SIZE_M: 128, BLOCK_SIZE_N: 64, BLOCK_SIZE_K: 128, num_buffers: 4, num_warps: 4, num_ctas: 1, num_stages: 3, maxnreg: None
runtime config: BLOCK_SIZE_M: 128, BLOCK_SIZE_N: 64, BLOCK_SIZE_K: 128, num_buffers: 4, num_warps: 8, num_ctas: 1, num_stages: 3, maxnreg: None
start 24576-16-3072
finish 24576-16-3072, (60/169) -> Max Dense: 36.11, Max Precomp: 54.20, Max Runtime: 31.13
dense config: BLOCK_SIZE_M: 64, BLOCK_SIZE_N: 64, BLOCK_SIZE_K: 128, num_buffers: 5, num_warps: 4, num_ctas: 1, num_stages: 3, maxnreg: None
precomp config: BLOCK_SIZE_M: 128, BLOCK_SIZE_N: 64, BLOCK_SIZE_K: 128, num_buffers: 4, num_warps: 4, num_ctas: 1, num_stages: 3, maxnreg: None
runtime config: BLOCK_SIZE_M: 64, BLOCK_SIZE_N: 64, BLOCK_SIZE_K: 128, num_buffers: 5, num_warps: 4, num_ctas: 1, num_stages: 3, maxnreg: None
start 49152-16-1536
finish 49152-16-1536, (61/169) -> Max Dense: 36.17, Max Precomp: 56.10, Max Runtime: 34.32
dense config: BLOCK_SIZE_M: 128, BLOCK_SIZE_N: 64, BLOCK_SIZE_K: 128, num_buffers: 4, num_warps: 8, num_ctas: 1, num_stages: 3, maxnreg: None
precomp config: BLOCK_SIZE_M: 128, BLOCK_SIZE_N: 64, BLOCK_SIZE_K: 128, num_buffers: 4, num_warps: 4, num_ctas: 1, num_stages: 3, maxnreg: None
runtime config: BLOCK_SIZE_M: 128, BLOCK_SIZE_N: 64, BLOCK_SIZE_K: 128, num_buffers: 4, num_warps: 8, num_ctas: 1, num_stages: 3, maxnreg: None
start 2048-16-32768
finish 2048-16-32768, (62/169) -> Max Dense: 22.14, Max Precomp: 28.52, Max Runtime: 9.07
dense config: BLOCK_SIZE_M: 64, BLOCK_SIZE_N: 64, BLOCK_SIZE_K: 128, num_buffers: 6, num_warps: 4, num_ctas: 1, num_stages: 3, maxnreg: None
precomp config: BLOCK_SIZE_M: 64, BLOCK_SIZE_N: 64, BLOCK_SIZE_K: 128, num_buffers: 6, num_warps: 4, num_ctas: 1, num_stages: 3, maxnreg: None
runtime config: BLOCK_SIZE_M: 64, BLOCK_SIZE_N: 64, BLOCK_SIZE_K: 256, num_buffers: 3, num_warps: 4, num_ctas: 1, num_stages: 3, maxnreg: None
start 4096-16-16384
finish 4096-16-16384, (63/169) -> Max Dense: 33.39, Max Precomp: 43.00, Max Runtime: 17.77
dense config: BLOCK_SIZE_M: 64, BLOCK_SIZE_N: 64, BLOCK_SIZE_K: 128, num_buffers: 6, num_warps: 4, num_ctas: 1, num_stages: 3, maxnreg: None
precomp config: BLOCK_SIZE_M: 64, BLOCK_SIZE_N: 64, BLOCK_SIZE_K: 128, num_buffers: 6, num_warps: 4, num_ctas: 1, num_stages: 3, maxnreg: None
runtime config: BLOCK_SIZE_M: 64, BLOCK_SIZE_N: 64, BLOCK_SIZE_K: 128, num_buffers: 6, num_warps: 4, num_ctas: 1, num_stages: 3, maxnreg: None
start 8192-16-8192
finish 8192-16-8192, (64/169) -> Max Dense: 35.21, Max Precomp: 51.50, Max Runtime: 30.44
dense config: BLOCK_SIZE_M: 64, BLOCK_SIZE_N: 64, BLOCK_SIZE_K: 128, num_buffers: 6, num_warps: 4, num_ctas: 1, num_stages: 3, maxnreg: None
precomp config: BLOCK_SIZE_M: 64, BLOCK_SIZE_N: 64, BLOCK_SIZE_K: 128, num_buffers: 6, num_warps: 4, num_ctas: 1, num_stages: 3, maxnreg: None
runtime config: BLOCK_SIZE_M: 64, BLOCK_SIZE_N: 64, BLOCK_SIZE_K: 256, num_buffers: 3, num_warps: 4, num_ctas: 1, num_stages: 3, maxnreg: None
start 16384-16-4096
finish 16384-16-4096, (65/169) -> Max Dense: 35.49, Max Precomp: 54.91, Max Runtime: 33.51
dense config: BLOCK_SIZE_M: 128, BLOCK_SIZE_N: 64, BLOCK_SIZE_K: 128, num_buffers: 4, num_warps: 4, num_ctas: 1, num_stages: 3, maxnreg: None
precomp config: BLOCK_SIZE_M: 128, BLOCK_SIZE_N: 64, BLOCK_SIZE_K: 128, num_buffers: 4, num_warps: 4, num_ctas: 1, num_stages: 3, maxnreg: None
runtime config: BLOCK_SIZE_M: 128, BLOCK_SIZE_N: 64, BLOCK_SIZE_K: 128, num_buffers: 3, num_warps: 8, num_ctas: 1, num_stages: 3, maxnreg: None
start 32768-16-2048
finish 32768-16-2048, (66/169) -> Max Dense: 35.45, Max Precomp: 55.52, Max Runtime: 33.52
dense config: BLOCK_SIZE_M: 128, BLOCK_SIZE_N: 64, BLOCK_SIZE_K: 64, num_buffers: 5, num_warps: 4, num_ctas: 1, num_stages: 3, maxnreg: None
precomp config: BLOCK_SIZE_M: 128, BLOCK_SIZE_N: 64, BLOCK_SIZE_K: 128, num_buffers: 4, num_warps: 4, num_ctas: 1, num_stages: 3, maxnreg: None
runtime config: BLOCK_SIZE_M: 256, BLOCK_SIZE_N: 64, BLOCK_SIZE_K: 64, num_buffers: 3, num_warps: 8, num_ctas: 1, num_stages: 3, maxnreg: None
start 1024-16-49152
finish 1024-16-49152, (67/169) -> Max Dense: 14.11, Max Precomp: 16.72, Max Runtime: 4.69
dense config: BLOCK_SIZE_M: 64, BLOCK_SIZE_N: 64, BLOCK_SIZE_K: 128, num_buffers: 6, num_warps: 4, num_ctas: 1, num_stages: 3, maxnreg: None
precomp config: BLOCK_SIZE_M: 64, BLOCK_SIZE_N: 64, BLOCK_SIZE_K: 128, num_buffers: 6, num_warps: 4, num_ctas: 1, num_stages: 3, maxnreg: None
runtime config: BLOCK_SIZE_M: 64, BLOCK_SIZE_N: 64, BLOCK_SIZE_K: 256, num_buffers: 3, num_warps: 4, num_ctas: 1, num_stages: 3, maxnreg: None
start 1536-16-32768
finish 1536-16-32768, (68/169) -> Max Dense: 18.30, Max Precomp: 23.34, Max Runtime: 6.90
dense config: BLOCK_SIZE_M: 64, BLOCK_SIZE_N: 64, BLOCK_SIZE_K: 128, num_buffers: 6, num_warps: 4, num_ctas: 1, num_stages: 3, maxnreg: None
precomp config: BLOCK_SIZE_M: 64, BLOCK_SIZE_N: 64, BLOCK_SIZE_K: 128, num_buffers: 6, num_warps: 4, num_ctas: 1, num_stages: 3, maxnreg: None
runtime config: BLOCK_SIZE_M: 64, BLOCK_SIZE_N: 64, BLOCK_SIZE_K: 256, num_buffers: 3, num_warps: 4, num_ctas: 1, num_stages: 3, maxnreg: None
start 2048-16-24576
finish 2048-16-24576, (69/169) -> Max Dense: 21.57, Max Precomp: 27.79, Max Runtime: 9.03
dense config: BLOCK_SIZE_M: 64, BLOCK_SIZE_N: 64, BLOCK_SIZE_K: 128, num_buffers: 6, num_warps: 4, num_ctas: 1, num_stages: 3, maxnreg: None
precomp config: BLOCK_SIZE_M: 64, BLOCK_SIZE_N: 64, BLOCK_SIZE_K: 128, num_buffers: 6, num_warps: 4, num_ctas: 1, num_stages: 3, maxnreg: None
runtime config: BLOCK_SIZE_M: 64, BLOCK_SIZE_N: 64, BLOCK_SIZE_K: 256, num_buffers: 3, num_warps: 4, num_ctas: 1, num_stages: 3, maxnreg: None
start 3072-16-16384
finish 3072-16-16384, (70/169) -> Max Dense: 27.19, Max Precomp: 35.08, Max Runtime: 13.17
dense config: BLOCK_SIZE_M: 64, BLOCK_SIZE_N: 64, BLOCK_SIZE_K: 128, num_buffers: 6, num_warps: 4, num_ctas: 1, num_stages: 3, maxnreg: None
precomp config: BLOCK_SIZE_M: 64, BLOCK_SIZE_N: 64, BLOCK_SIZE_K: 128, num_buffers: 6, num_warps: 4, num_ctas: 1, num_stages: 3, maxnreg: None
runtime config: BLOCK_SIZE_M: 64, BLOCK_SIZE_N: 64, BLOCK_SIZE_K: 256, num_buffers: 3, num_warps: 4, num_ctas: 1, num_stages: 3, maxnreg: None
start 4096-16-12288
finish 4096-16-12288, (71/169) -> Max Dense: 30.87, Max Precomp: 39.42, Max Runtime: 17.42
dense config: BLOCK_SIZE_M: 64, BLOCK_SIZE_N: 64, BLOCK_SIZE_K: 128, num_buffers: 6, num_warps: 4, num_ctas: 1, num_stages: 3, maxnreg: None
precomp config: BLOCK_SIZE_M: 64, BLOCK_SIZE_N: 64, BLOCK_SIZE_K: 128, num_buffers: 6, num_warps: 4, num_ctas: 1, num_stages: 3, maxnreg: None
runtime config: BLOCK_SIZE_M: 64, BLOCK_SIZE_N: 64, BLOCK_SIZE_K: 128, num_buffers: 5, num_warps: 4, num_ctas: 1, num_stages: 3, maxnreg: None
start 6144-16-8192
finish 6144-16-8192, (72/169) -> Max Dense: 31.43, Max Precomp: 44.24, Max Runtime: 24.43
dense config: BLOCK_SIZE_M: 64, BLOCK_SIZE_N: 64, BLOCK_SIZE_K: 128, num_buffers: 5, num_warps: 4, num_ctas: 1, num_stages: 3, maxnreg: None
precomp config: BLOCK_SIZE_M: 64, BLOCK_SIZE_N: 64, BLOCK_SIZE_K: 128, num_buffers: 6, num_warps: 4, num_ctas: 1, num_stages: 3, maxnreg: None
runtime config: BLOCK_SIZE_M: 64, BLOCK_SIZE_N: 64, BLOCK_SIZE_K: 128, num_buffers: 5, num_warps: 4, num_ctas: 1, num_stages: 3, maxnreg: None
start 8192-16-6144
finish 8192-16-6144, (73/169) -> Max Dense: 32.27, Max Precomp: 46.90, Max Runtime: 28.76
dense config: BLOCK_SIZE_M: 64, BLOCK_SIZE_N: 64, BLOCK_SIZE_K: 128, num_buffers: 5, num_warps: 4, num_ctas: 1, num_stages: 3, maxnreg: None
precomp config: BLOCK_SIZE_M: 64, BLOCK_SIZE_N: 64, BLOCK_SIZE_K: 128, num_buffers: 6, num_warps: 4, num_ctas: 1, num_stages: 3, maxnreg: None
runtime config: BLOCK_SIZE_M: 64, BLOCK_SIZE_N: 64, BLOCK_SIZE_K: 128, num_buffers: 5, num_warps: 4, num_ctas: 1, num_stages: 3, maxnreg: None
start 12288-16-4096
finish 12288-16-4096, (74/169) -> Max Dense: 32.27, Max Precomp: 48.07, Max Runtime: 28.18
dense config: BLOCK_SIZE_M: 128, BLOCK_SIZE_N: 64, BLOCK_SIZE_K: 64, num_buffers: 5, num_warps: 4, num_ctas: 1, num_stages: 3, maxnreg: None
precomp config: BLOCK_SIZE_M: 128, BLOCK_SIZE_N: 64, BLOCK_SIZE_K: 128, num_buffers: 4, num_warps: 4, num_ctas: 1, num_stages: 3, maxnreg: None
runtime config: BLOCK_SIZE_M: 128, BLOCK_SIZE_N: 64, BLOCK_SIZE_K: 128, num_buffers: 4, num_warps: 8, num_ctas: 1, num_stages: 3, maxnreg: None
start 16384-16-3072
finish 16384-16-3072, (75/169) -> Max Dense: 32.76, Max Precomp: 49.88, Max Runtime: 30.54
dense config: BLOCK_SIZE_M: 128, BLOCK_SIZE_N: 64, BLOCK_SIZE_K: 64, num_buffers: 5, num_warps: 4, num_ctas: 1, num_stages: 3, maxnreg: None
precomp config: BLOCK_SIZE_M: 128, BLOCK_SIZE_N: 64, BLOCK_SIZE_K: 128, num_buffers: 4, num_warps: 4, num_ctas: 1, num_stages: 3, maxnreg: None
runtime config: BLOCK_SIZE_M: 128, BLOCK_SIZE_N: 64, BLOCK_SIZE_K: 64, num_buffers: 5, num_warps: 8, num_ctas: 1, num_stages: 3, maxnreg: None
start 24576-16-2048
finish 24576-16-2048, (76/169) -> Max Dense: 32.24, Max Precomp: 48.18, Max Runtime: 28.69
dense config: BLOCK_SIZE_M: 64, BLOCK_SIZE_N: 64, BLOCK_SIZE_K: 128, num_buffers: 6, num_warps: 4, num_ctas: 1, num_stages: 3, maxnreg: None
precomp config: BLOCK_SIZE_M: 128, BLOCK_SIZE_N: 64, BLOCK_SIZE_K: 128, num_buffers: 4, num_warps: 4, num_ctas: 1, num_stages: 3, maxnreg: None
runtime config: BLOCK_SIZE_M: 64, BLOCK_SIZE_N: 64, BLOCK_SIZE_K: 128, num_buffers: 5, num_warps: 4, num_ctas: 1, num_stages: 3, maxnreg: None
start 32768-16-1536
finish 32768-16-1536, (77/169) -> Max Dense: 32.41, Max Precomp: 49.48, Max Runtime: 30.44
dense config: BLOCK_SIZE_M: 128, BLOCK_SIZE_N: 64, BLOCK_SIZE_K: 128, num_buffers: 4, num_warps: 8, num_ctas: 1, num_stages: 3, maxnreg: None
precomp config: BLOCK_SIZE_M: 128, BLOCK_SIZE_N: 64, BLOCK_SIZE_K: 128, num_buffers: 4, num_warps: 4, num_ctas: 1, num_stages: 3, maxnreg: None
runtime config: BLOCK_SIZE_M: 128, BLOCK_SIZE_N: 64, BLOCK_SIZE_K: 64, num_buffers: 5, num_warps: 8, num_ctas: 1, num_stages: 3, maxnreg: None
start 49152-16-1024
finish 49152-16-1024, (78/169) -> Max Dense: 32.55, Max Precomp: 48.96, Max Runtime: 30.87
dense config: BLOCK_SIZE_M: 128, BLOCK_SIZE_N: 64, BLOCK_SIZE_K: 64, num_buffers: 7, num_warps: 4, num_ctas: 1, num_stages: 3, maxnreg: None
precomp config: BLOCK_SIZE_M: 128, BLOCK_SIZE_N: 64, BLOCK_SIZE_K: 128, num_buffers: 4, num_warps: 4, num_ctas: 1, num_stages: 3, maxnreg: None
runtime config: BLOCK_SIZE_M: 128, BLOCK_SIZE_N: 64, BLOCK_SIZE_K: 128, num_buffers: 3, num_warps: 8, num_ctas: 1, num_stages: 3, maxnreg: None
start 768-16-49152
finish 768-16-49152, (79/169) -> Max Dense: 10.61, Max Precomp: 12.58, Max Runtime: 3.50
dense config: BLOCK_SIZE_M: 64, BLOCK_SIZE_N: 64, BLOCK_SIZE_K: 128, num_buffers: 6, num_warps: 4, num_ctas: 1, num_stages: 3, maxnreg: None
precomp config: BLOCK_SIZE_M: 64, BLOCK_SIZE_N: 64, BLOCK_SIZE_K: 128, num_buffers: 6, num_warps: 4, num_ctas: 1, num_stages: 3, maxnreg: None
runtime config: BLOCK_SIZE_M: 64, BLOCK_SIZE_N: 64, BLOCK_SIZE_K: 256, num_buffers: 3, num_warps: 4, num_ctas: 1, num_stages: 3, maxnreg: None
start 1536-16-24576
finish 1536-16-24576, (80/169) -> Max Dense: 17.94, Max Precomp: 22.50, Max Runtime: 6.83
dense config: BLOCK_SIZE_M: 64, BLOCK_SIZE_N: 64, BLOCK_SIZE_K: 128, num_buffers: 6, num_warps: 4, num_ctas: 1, num_stages: 3, maxnreg: None
precomp config: BLOCK_SIZE_M: 64, BLOCK_SIZE_N: 64, BLOCK_SIZE_K: 128, num_buffers: 6, num_warps: 4, num_ctas: 1, num_stages: 3, maxnreg: None
runtime config: BLOCK_SIZE_M: 64, BLOCK_SIZE_N: 64, BLOCK_SIZE_K: 256, num_buffers: 3, num_warps: 4, num_ctas: 1, num_stages: 3, maxnreg: None
start 3072-16-12288
finish 3072-16-12288, (81/169) -> Max Dense: 25.84, Max Precomp: 32.89, Max Runtime: 12.94
dense config: BLOCK_SIZE_M: 64, BLOCK_SIZE_N: 64, BLOCK_SIZE_K: 128, num_buffers: 6, num_warps: 4, num_ctas: 1, num_stages: 3, maxnreg: None
precomp config: BLOCK_SIZE_M: 64, BLOCK_SIZE_N: 64, BLOCK_SIZE_K: 128, num_buffers: 6, num_warps: 4, num_ctas: 1, num_stages: 3, maxnreg: None
runtime config: BLOCK_SIZE_M: 64, BLOCK_SIZE_N: 64, BLOCK_SIZE_K: 128, num_buffers: 5, num_warps: 4, num_ctas: 1, num_stages: 3, maxnreg: None
start 6144-16-6144
finish 6144-16-6144, (82/169) -> Max Dense: 29.11, Max Precomp: 41.06, Max Runtime: 23.37
dense config: BLOCK_SIZE_M: 64, BLOCK_SIZE_N: 64, BLOCK_SIZE_K: 128, num_buffers: 5, num_warps: 4, num_ctas: 1, num_stages: 3, maxnreg: None
precomp config: BLOCK_SIZE_M: 64, BLOCK_SIZE_N: 64, BLOCK_SIZE_K: 128, num_buffers: 6, num_warps: 4, num_ctas: 1, num_stages: 3, maxnreg: None
runtime config: BLOCK_SIZE_M: 64, BLOCK_SIZE_N: 64, BLOCK_SIZE_K: 128, num_buffers: 5, num_warps: 4, num_ctas: 1, num_stages: 3, maxnreg: None
start 12288-16-3072
finish 12288-16-3072, (83/169) -> Max Dense: 29.60, Max Precomp: 45.03, Max Runtime: 26.06
dense config: BLOCK_SIZE_M: 128, BLOCK_SIZE_N: 64, BLOCK_SIZE_K: 64, num_buffers: 5, num_warps: 4, num_ctas: 1, num_stages: 3, maxnreg: None
precomp config: BLOCK_SIZE_M: 128, BLOCK_SIZE_N: 64, BLOCK_SIZE_K: 128, num_buffers: 4, num_warps: 4, num_ctas: 1, num_stages: 3, maxnreg: None
runtime config: BLOCK_SIZE_M: 128, BLOCK_SIZE_N: 64, BLOCK_SIZE_K: 128, num_buffers: 4, num_warps: 8, num_ctas: 1, num_stages: 3, maxnreg: None
start 24576-16-1536
finish 24576-16-1536, (84/169) -> Max Dense: 29.07, Max Precomp: 43.36, Max Runtime: 26.23
dense config: BLOCK_SIZE_M: 128, BLOCK_SIZE_N: 64, BLOCK_SIZE_K: 64, num_buffers: 5, num_warps: 4, num_ctas: 1, num_stages: 3, maxnreg: None
precomp config: BLOCK_SIZE_M: 128, BLOCK_SIZE_N: 64, BLOCK_SIZE_K: 128, num_buffers: 4, num_warps: 4, num_ctas: 1, num_stages: 3, maxnreg: None
runtime config: BLOCK_SIZE_M: 64, BLOCK_SIZE_N: 64, BLOCK_SIZE_K: 128, num_buffers: 5, num_warps: 4, num_ctas: 1, num_stages: 3, maxnreg: None
start 49152-16-768
finish 49152-16-768, (85/169) -> Max Dense: 29.69, Max Precomp: 45.69, Max Runtime: 28.00
dense config: BLOCK_SIZE_M: 128, BLOCK_SIZE_N: 64, BLOCK_SIZE_K: 64, num_buffers: 6, num_warps: 4, num_ctas: 1, num_stages: 3, maxnreg: None
precomp config: BLOCK_SIZE_M: 128, BLOCK_SIZE_N: 64, BLOCK_SIZE_K: 128, num_buffers: 4, num_warps: 4, num_ctas: 1, num_stages: 3, maxnreg: None
runtime config: BLOCK_SIZE_M: 128, BLOCK_SIZE_N: 64, BLOCK_SIZE_K: 64, num_buffers: 5, num_warps: 8, num_ctas: 1, num_stages: 3, maxnreg: None
start 1024-16-32768
finish 1024-16-32768, (86/169) -> Max Dense: 13.81, Max Precomp: 16.19, Max Runtime: 4.65
dense config: BLOCK_SIZE_M: 64, BLOCK_SIZE_N: 64, BLOCK_SIZE_K: 128, num_buffers: 6, num_warps: 4, num_ctas: 1, num_stages: 3, maxnreg: None
precomp config: BLOCK_SIZE_M: 64, BLOCK_SIZE_N: 64, BLOCK_SIZE_K: 128, num_buffers: 6, num_warps: 4, num_ctas: 1, num_stages: 3, maxnreg: None
runtime config: BLOCK_SIZE_M: 64, BLOCK_SIZE_N: 64, BLOCK_SIZE_K: 256, num_buffers: 3, num_warps: 4, num_ctas: 1, num_stages: 3, maxnreg: None
start 2048-16-16384
finish 2048-16-16384, (87/169) -> Max Dense: 20.67, Max Precomp: 26.20, Max Runtime: 8.86
dense config: BLOCK_SIZE_M: 64, BLOCK_SIZE_N: 64, BLOCK_SIZE_K: 128, num_buffers: 6, num_warps: 4, num_ctas: 1, num_stages: 3, maxnreg: None
precomp config: BLOCK_SIZE_M: 64, BLOCK_SIZE_N: 64, BLOCK_SIZE_K: 128, num_buffers: 6, num_warps: 4, num_ctas: 1, num_stages: 3, maxnreg: None
runtime config: BLOCK_SIZE_M: 64, BLOCK_SIZE_N: 64, BLOCK_SIZE_K: 256, num_buffers: 3, num_warps: 4, num_ctas: 1, num_stages: 3, maxnreg: None
start 4096-16-8192
finish 4096-16-8192, (88/169) -> Max Dense: 27.28, Max Precomp: 36.17, Max Runtime: 16.72
dense config: BLOCK_SIZE_M: 64, BLOCK_SIZE_N: 64, BLOCK_SIZE_K: 128, num_buffers: 6, num_warps: 4, num_ctas: 1, num_stages: 3, maxnreg: None
precomp config: BLOCK_SIZE_M: 64, BLOCK_SIZE_N: 64, BLOCK_SIZE_K: 128, num_buffers: 6, num_warps: 4, num_ctas: 1, num_stages: 3, maxnreg: None
runtime config: BLOCK_SIZE_M: 64, BLOCK_SIZE_N: 64, BLOCK_SIZE_K: 128, num_buffers: 5, num_warps: 4, num_ctas: 1, num_stages: 3, maxnreg: None
start 8192-16-4096
finish 8192-16-4096, (89/169) -> Max Dense: 28.28, Max Precomp: 41.74, Max Runtime: 25.47
dense config: BLOCK_SIZE_M: 64, BLOCK_SIZE_N: 64, BLOCK_SIZE_K: 128, num_buffers: 5, num_warps: 4, num_ctas: 1, num_stages: 3, maxnreg: None
precomp config: BLOCK_SIZE_M: 64, BLOCK_SIZE_N: 64, BLOCK_SIZE_K: 128, num_buffers: 6, num_warps: 4, num_ctas: 1, num_stages: 3, maxnreg: None
runtime config: BLOCK_SIZE_M: 64, BLOCK_SIZE_N: 64, BLOCK_SIZE_K: 128, num_buffers: 5, num_warps: 4, num_ctas: 1, num_stages: 3, maxnreg: None
start 16384-16-2048
finish 16384-16-2048, (90/169) -> Max Dense: 28.99, Max Precomp: 44.95, Max Runtime: 27.27
dense config: BLOCK_SIZE_M: 128, BLOCK_SIZE_N: 64, BLOCK_SIZE_K: 64, num_buffers: 7, num_warps: 4, num_ctas: 1, num_stages: 3, maxnreg: None
precomp config: BLOCK_SIZE_M: 128, BLOCK_SIZE_N: 64, BLOCK_SIZE_K: 128, num_buffers: 4, num_warps: 4, num_ctas: 1, num_stages: 3, maxnreg: None
runtime config: BLOCK_SIZE_M: 128, BLOCK_SIZE_N: 64, BLOCK_SIZE_K: 64, num_buffers: 5, num_warps: 8, num_ctas: 1, num_stages: 3, maxnreg: None
start 32768-16-1024
finish 32768-16-1024, (91/169) -> Max Dense: 29.13, Max Precomp: 43.57, Max Runtime: 27.32
dense config: BLOCK_SIZE_M: 128, BLOCK_SIZE_N: 64, BLOCK_SIZE_K: 64, num_buffers: 6, num_warps: 4, num_ctas: 1, num_stages: 3, maxnreg: None
precomp config: BLOCK_SIZE_M: 128, BLOCK_SIZE_N: 64, BLOCK_SIZE_K: 128, num_buffers: 4, num_warps: 4, num_ctas: 1, num_stages: 3, maxnreg: None
runtime config: BLOCK_SIZE_M: 128, BLOCK_SIZE_N: 64, BLOCK_SIZE_K: 64, num_buffers: 5, num_warps: 8, num_ctas: 1, num_stages: 3, maxnreg: None
start 768-16-32768
finish 768-16-32768, (92/169) -> Max Dense: 10.40, Max Precomp: 12.21, Max Runtime: 3.49
dense config: BLOCK_SIZE_M: 64, BLOCK_SIZE_N: 64, BLOCK_SIZE_K: 128, num_buffers: 6, num_warps: 4, num_ctas: 1, num_stages: 3, maxnreg: None
precomp config: BLOCK_SIZE_M: 64, BLOCK_SIZE_N: 64, BLOCK_SIZE_K: 128, num_buffers: 6, num_warps: 4, num_ctas: 1, num_stages: 3, maxnreg: None
runtime config: BLOCK_SIZE_M: 64, BLOCK_SIZE_N: 64, BLOCK_SIZE_K: 256, num_buffers: 3, num_warps: 4, num_ctas: 1, num_stages: 3, maxnreg: None
start 1024-16-24576
finish 1024-16-24576, (93/169) -> Max Dense: 13.50, Max Precomp: 15.70, Max Runtime: 4.61
dense config: BLOCK_SIZE_M: 64, BLOCK_SIZE_N: 64, BLOCK_SIZE_K: 128, num_buffers: 6, num_warps: 4, num_ctas: 1, num_stages: 3, maxnreg: None
precomp config: BLOCK_SIZE_M: 64, BLOCK_SIZE_N: 64, BLOCK_SIZE_K: 128, num_buffers: 6, num_warps: 4, num_ctas: 1, num_stages: 3, maxnreg: None
runtime config: BLOCK_SIZE_M: 64, BLOCK_SIZE_N: 64, BLOCK_SIZE_K: 256, num_buffers: 3, num_warps: 4, num_ctas: 1, num_stages: 3, maxnreg: None
start 1536-16-16384
finish 1536-16-16384, (94/169) -> Max Dense: 17.13, Max Precomp: 21.31, Max Runtime: 6.72
dense config: BLOCK_SIZE_M: 64, BLOCK_SIZE_N: 64, BLOCK_SIZE_K: 128, num_buffers: 6, num_warps: 4, num_ctas: 1, num_stages: 3, maxnreg: None
precomp config: BLOCK_SIZE_M: 64, BLOCK_SIZE_N: 64, BLOCK_SIZE_K: 128, num_buffers: 6, num_warps: 4, num_ctas: 1, num_stages: 3, maxnreg: None
runtime config: BLOCK_SIZE_M: 64, BLOCK_SIZE_N: 64, BLOCK_SIZE_K: 256, num_buffers: 3, num_warps: 4, num_ctas: 1, num_stages: 3, maxnreg: None
start 2048-16-12288
finish 2048-16-12288, (95/169) -> Max Dense: 19.74, Max Precomp: 25.05, Max Runtime: 8.69
dense config: BLOCK_SIZE_M: 64, BLOCK_SIZE_N: 64, BLOCK_SIZE_K: 128, num_buffers: 6, num_warps: 4, num_ctas: 1, num_stages: 3, maxnreg: None
precomp config: BLOCK_SIZE_M: 64, BLOCK_SIZE_N: 64, BLOCK_SIZE_K: 128, num_buffers: 6, num_warps: 4, num_ctas: 1, num_stages: 3, maxnreg: None
runtime config: BLOCK_SIZE_M: 64, BLOCK_SIZE_N: 64, BLOCK_SIZE_K: 256, num_buffers: 3, num_warps: 4, num_ctas: 1, num_stages: 3, maxnreg: None
start 3072-16-8192
finish 3072-16-8192, (96/169) -> Max Dense: 23.08, Max Precomp: 30.63, Max Runtime: 12.41
dense config: BLOCK_SIZE_M: 64, BLOCK_SIZE_N: 64, BLOCK_SIZE_K: 128, num_buffers: 6, num_warps: 4, num_ctas: 1, num_stages: 3, maxnreg: None
precomp config: BLOCK_SIZE_M: 64, BLOCK_SIZE_N: 64, BLOCK_SIZE_K: 128, num_buffers: 6, num_warps: 4, num_ctas: 1, num_stages: 3, maxnreg: None
runtime config: BLOCK_SIZE_M: 64, BLOCK_SIZE_N: 64, BLOCK_SIZE_K: 128, num_buffers: 5, num_warps: 4, num_ctas: 1, num_stages: 3, maxnreg: None
start 4096-16-6144
finish 4096-16-6144, (97/169) -> Max Dense: 25.11, Max Precomp: 33.79, Max Runtime: 16.04
dense config: BLOCK_SIZE_M: 64, BLOCK_SIZE_N: 64, BLOCK_SIZE_K: 128, num_buffers: 6, num_warps: 4, num_ctas: 1, num_stages: 3, maxnreg: None
precomp config: BLOCK_SIZE_M: 64, BLOCK_SIZE_N: 64, BLOCK_SIZE_K: 128, num_buffers: 6, num_warps: 4, num_ctas: 1, num_stages: 3, maxnreg: None
runtime config: BLOCK_SIZE_M: 64, BLOCK_SIZE_N: 64, BLOCK_SIZE_K: 128, num_buffers: 5, num_warps: 4, num_ctas: 1, num_stages: 3, maxnreg: None
start 6144-16-4096
finish 6144-16-4096, (98/169) -> Max Dense: 25.63, Max Precomp: 36.43, Max Runtime: 21.39
dense config: BLOCK_SIZE_M: 64, BLOCK_SIZE_N: 64, BLOCK_SIZE_K: 128, num_buffers: 5, num_warps: 4, num_ctas: 1, num_stages: 3, maxnreg: None
precomp config: BLOCK_SIZE_M: 64, BLOCK_SIZE_N: 64, BLOCK_SIZE_K: 128, num_buffers: 6, num_warps: 4, num_ctas: 1, num_stages: 3, maxnreg: None
runtime config: BLOCK_SIZE_M: 64, BLOCK_SIZE_N: 64, BLOCK_SIZE_K: 128, num_buffers: 5, num_warps: 4, num_ctas: 1, num_stages: 3, maxnreg: None
start 8192-16-3072
finish 8192-16-3072, (99/169) -> Max Dense: 26.11, Max Precomp: 38.01, Max Runtime: 23.50
dense config: BLOCK_SIZE_M: 64, BLOCK_SIZE_N: 64, BLOCK_SIZE_K: 128, num_buffers: 6, num_warps: 4, num_ctas: 1, num_stages: 3, maxnreg: None
precomp config: BLOCK_SIZE_M: 64, BLOCK_SIZE_N: 64, BLOCK_SIZE_K: 128, num_buffers: 6, num_warps: 4, num_ctas: 1, num_stages: 3, maxnreg: None
runtime config: BLOCK_SIZE_M: 64, BLOCK_SIZE_N: 64, BLOCK_SIZE_K: 128, num_buffers: 5, num_warps: 4, num_ctas: 1, num_stages: 3, maxnreg: None
start 12288-16-2048
finish 12288-16-2048, (100/169) -> Max Dense: 26.19, Max Precomp: 40.40, Max Runtime: 23.22
dense config: BLOCK_SIZE_M: 128, BLOCK_SIZE_N: 64, BLOCK_SIZE_K: 64, num_buffers: 6, num_warps: 4, num_ctas: 1, num_stages: 3, maxnreg: None
precomp config: BLOCK_SIZE_M: 128, BLOCK_SIZE_N: 64, BLOCK_SIZE_K: 128, num_buffers: 4, num_warps: 4, num_ctas: 1, num_stages: 3, maxnreg: None
runtime config: BLOCK_SIZE_M: 128, BLOCK_SIZE_N: 64, BLOCK_SIZE_K: 128, num_buffers: 4, num_warps: 8, num_ctas: 1, num_stages: 3, maxnreg: None
start 16384-16-1536
finish 16384-16-1536, (101/169) -> Max Dense: 26.70, Max Precomp: 40.37, Max Runtime: 25.11
dense config: BLOCK_SIZE_M: 128, BLOCK_SIZE_N: 64, BLOCK_SIZE_K: 64, num_buffers: 7, num_warps: 4, num_ctas: 1, num_stages: 3, maxnreg: None
precomp config: BLOCK_SIZE_M: 128, BLOCK_SIZE_N: 64, BLOCK_SIZE_K: 128, num_buffers: 4, num_warps: 4, num_ctas: 1, num_stages: 3, maxnreg: None
runtime config: BLOCK_SIZE_M: 128, BLOCK_SIZE_N: 64, BLOCK_SIZE_K: 64, num_buffers: 6, num_warps: 8, num_ctas: 1, num_stages: 3, maxnreg: None
start 24576-16-1024
finish 24576-16-1024, (102/169) -> Max Dense: 26.49, Max Precomp: 38.30, Max Runtime: 24.28
dense config: BLOCK_SIZE_M: 128, BLOCK_SIZE_N: 64, BLOCK_SIZE_K: 64, num_buffers: 6, num_warps: 4, num_ctas: 1, num_stages: 3, maxnreg: None
precomp config: BLOCK_SIZE_M: 128, BLOCK_SIZE_N: 64, BLOCK_SIZE_K: 128, num_buffers: 4, num_warps: 4, num_ctas: 1, num_stages: 3, maxnreg: None
runtime config: BLOCK_SIZE_M: 64, BLOCK_SIZE_N: 64, BLOCK_SIZE_K: 128, num_buffers: 5, num_warps: 4, num_ctas: 1, num_stages: 3, maxnreg: None
start 32768-16-768
finish 32768-16-768, (103/169) -> Max Dense: 26.59, Max Precomp: 40.32, Max Runtime: 24.70
dense config: BLOCK_SIZE_M: 128, BLOCK_SIZE_N: 64, BLOCK_SIZE_K: 64, num_buffers: 6, num_warps: 4, num_ctas: 1, num_stages: 3, maxnreg: None
precomp config: BLOCK_SIZE_M: 128, BLOCK_SIZE_N: 64, BLOCK_SIZE_K: 128, num_buffers: 4, num_warps: 4, num_ctas: 1, num_stages: 3, maxnreg: None
runtime config: BLOCK_SIZE_M: 128, BLOCK_SIZE_N: 64, BLOCK_SIZE_K: 64, num_buffers: 5, num_warps: 8, num_ctas: 1, num_stages: 3, maxnreg: None
start 768-16-24576
finish 768-16-24576, (104/169) -> Max Dense: 10.09, Max Precomp: 11.87, Max Runtime: 3.46
dense config: BLOCK_SIZE_M: 64, BLOCK_SIZE_N: 64, BLOCK_SIZE_K: 128, num_buffers: 6, num_warps: 4, num_ctas: 1, num_stages: 3, maxnreg: None
precomp config: BLOCK_SIZE_M: 64, BLOCK_SIZE_N: 64, BLOCK_SIZE_K: 128, num_buffers: 6, num_warps: 4, num_ctas: 1, num_stages: 3, maxnreg: None
runtime config: BLOCK_SIZE_M: 64, BLOCK_SIZE_N: 64, BLOCK_SIZE_K: 256, num_buffers: 3, num_warps: 4, num_ctas: 1, num_stages: 3, maxnreg: None
start 1536-16-12288
finish 1536-16-12288, (105/169) -> Max Dense: 16.40, Max Precomp: 20.32, Max Runtime: 6.59
dense config: BLOCK_SIZE_M: 64, BLOCK_SIZE_N: 64, BLOCK_SIZE_K: 128, num_buffers: 6, num_warps: 4, num_ctas: 1, num_stages: 3, maxnreg: None
precomp config: BLOCK_SIZE_M: 64, BLOCK_SIZE_N: 64, BLOCK_SIZE_K: 128, num_buffers: 6, num_warps: 4, num_ctas: 1, num_stages: 3, maxnreg: None
runtime config: BLOCK_SIZE_M: 64, BLOCK_SIZE_N: 64, BLOCK_SIZE_K: 256, num_buffers: 3, num_warps: 4, num_ctas: 1, num_stages: 3, maxnreg: None
start 3072-16-6144
finish 3072-16-6144, (106/169) -> Max Dense: 21.46, Max Precomp: 28.50, Max Runtime: 12.03
dense config: BLOCK_SIZE_M: 64, BLOCK_SIZE_N: 64, BLOCK_SIZE_K: 128, num_buffers: 6, num_warps: 4, num_ctas: 1, num_stages: 3, maxnreg: None
precomp config: BLOCK_SIZE_M: 64, BLOCK_SIZE_N: 64, BLOCK_SIZE_K: 128, num_buffers: 6, num_warps: 4, num_ctas: 1, num_stages: 3, maxnreg: None
runtime config: BLOCK_SIZE_M: 64, BLOCK_SIZE_N: 64, BLOCK_SIZE_K: 128, num_buffers: 5, num_warps: 4, num_ctas: 1, num_stages: 3, maxnreg: None
start 6144-16-3072
finish 6144-16-3072, (107/169) -> Max Dense: 23.88, Max Precomp: 33.33, Max Runtime: 19.77
dense config: BLOCK_SIZE_M: 64, BLOCK_SIZE_N: 64, BLOCK_SIZE_K: 128, num_buffers: 5, num_warps: 4, num_ctas: 1, num_stages: 3, maxnreg: None
precomp config: BLOCK_SIZE_M: 64, BLOCK_SIZE_N: 64, BLOCK_SIZE_K: 128, num_buffers: 6, num_warps: 4, num_ctas: 1, num_stages: 3, maxnreg: None
runtime config: BLOCK_SIZE_M: 64, BLOCK_SIZE_N: 64, BLOCK_SIZE_K: 128, num_buffers: 5, num_warps: 4, num_ctas: 1, num_stages: 3, maxnreg: None
start 12288-16-1536
finish 12288-16-1536, (108/169) -> Max Dense: 24.27, Max Precomp: 36.26, Max Runtime: 21.39
dense config: BLOCK_SIZE_M: 128, BLOCK_SIZE_N: 64, BLOCK_SIZE_K: 64, num_buffers: 6, num_warps: 4, num_ctas: 1, num_stages: 3, maxnreg: None
precomp config: BLOCK_SIZE_M: 128, BLOCK_SIZE_N: 64, BLOCK_SIZE_K: 128, num_buffers: 4, num_warps: 4, num_ctas: 1, num_stages: 3, maxnreg: None
runtime config: BLOCK_SIZE_M: 128, BLOCK_SIZE_N: 64, BLOCK_SIZE_K: 64, num_buffers: 6, num_warps: 8, num_ctas: 1, num_stages: 3, maxnreg: None
start 24576-16-768
finish 24576-16-768, (109/169) -> Max Dense: 24.08, Max Precomp: 34.59, Max Runtime: 21.82
dense config: BLOCK_SIZE_M: 128, BLOCK_SIZE_N: 64, BLOCK_SIZE_K: 64, num_buffers: 6, num_warps: 4, num_ctas: 1, num_stages: 3, maxnreg: None
precomp config: BLOCK_SIZE_M: 128, BLOCK_SIZE_N: 64, BLOCK_SIZE_K: 128, num_buffers: 4, num_warps: 4, num_ctas: 1, num_stages: 3, maxnreg: None
runtime config: BLOCK_SIZE_M: 128, BLOCK_SIZE_N: 64, BLOCK_SIZE_K: 64, num_buffers: 6, num_warps: 8, num_ctas: 1, num_stages: 3, maxnreg: None
start 1024-16-16384
finish 1024-16-16384, (110/169) -> Max Dense: 12.77, Max Precomp: 14.83, Max Runtime: 4.53
dense config: BLOCK_SIZE_M: 64, BLOCK_SIZE_N: 64, BLOCK_SIZE_K: 128, num_buffers: 6, num_warps: 4, num_ctas: 1, num_stages: 3, maxnreg: None
precomp config: BLOCK_SIZE_M: 64, BLOCK_SIZE_N: 64, BLOCK_SIZE_K: 128, num_buffers: 6, num_warps: 4, num_ctas: 1, num_stages: 3, maxnreg: None
runtime config: BLOCK_SIZE_M: 64, BLOCK_SIZE_N: 64, BLOCK_SIZE_K: 256, num_buffers: 3, num_warps: 4, num_ctas: 1, num_stages: 3, maxnreg: None
start 2048-16-8192
finish 2048-16-8192, (111/169) -> Max Dense: 18.20, Max Precomp: 23.06, Max Runtime: 8.36
dense config: BLOCK_SIZE_M: 64, BLOCK_SIZE_N: 64, BLOCK_SIZE_K: 128, num_buffers: 6, num_warps: 4, num_ctas: 1, num_stages: 3, maxnreg: None
precomp config: BLOCK_SIZE_M: 64, BLOCK_SIZE_N: 64, BLOCK_SIZE_K: 128, num_buffers: 6, num_warps: 4, num_ctas: 1, num_stages: 3, maxnreg: None
runtime config: BLOCK_SIZE_M: 64, BLOCK_SIZE_N: 64, BLOCK_SIZE_K: 256, num_buffers: 3, num_warps: 4, num_ctas: 1, num_stages: 3, maxnreg: None
start 4096-16-4096
finish 4096-16-4096, (112/169) -> Max Dense: 22.39, Max Precomp: 30.21, Max Runtime: 14.96
dense config: BLOCK_SIZE_M: 64, BLOCK_SIZE_N: 64, BLOCK_SIZE_K: 128, num_buffers: 6, num_warps: 4, num_ctas: 1, num_stages: 3, maxnreg: None
precomp config: BLOCK_SIZE_M: 64, BLOCK_SIZE_N: 64, BLOCK_SIZE_K: 128, num_buffers: 6, num_warps: 4, num_ctas: 1, num_stages: 3, maxnreg: None
runtime config: BLOCK_SIZE_M: 64, BLOCK_SIZE_N: 64, BLOCK_SIZE_K: 128, num_buffers: 5, num_warps: 4, num_ctas: 1, num_stages: 3, maxnreg: None
start 8192-16-2048
finish 8192-16-2048, (113/169) -> Max Dense: 23.34, Max Precomp: 32.66, Max Runtime: 20.84
dense config: BLOCK_SIZE_M: 64, BLOCK_SIZE_N: 64, BLOCK_SIZE_K: 128, num_buffers: 6, num_warps: 4, num_ctas: 1, num_stages: 3, maxnreg: None
precomp config: BLOCK_SIZE_M: 64, BLOCK_SIZE_N: 64, BLOCK_SIZE_K: 128, num_buffers: 6, num_warps: 4, num_ctas: 1, num_stages: 3, maxnreg: None
runtime config: BLOCK_SIZE_M: 64, BLOCK_SIZE_N: 64, BLOCK_SIZE_K: 128, num_buffers: 5, num_warps: 4, num_ctas: 1, num_stages: 3, maxnreg: None
start 16384-16-1024
finish 16384-16-1024, (114/169) -> Max Dense: 24.15, Max Precomp: 34.80, Max Runtime: 22.16
dense config: BLOCK_SIZE_M: 128, BLOCK_SIZE_N: 64, BLOCK_SIZE_K: 64, num_buffers: 7, num_warps: 4, num_ctas: 1, num_stages: 3, maxnreg: None
precomp config: BLOCK_SIZE_M: 128, BLOCK_SIZE_N: 64, BLOCK_SIZE_K: 128, num_buffers: 4, num_warps: 4, num_ctas: 1, num_stages: 3, maxnreg: None
runtime config: BLOCK_SIZE_M: 128, BLOCK_SIZE_N: 64, BLOCK_SIZE_K: 64, num_buffers: 6, num_warps: 8, num_ctas: 1, num_stages: 3, maxnreg: None
start 768-16-16384
finish 768-16-16384, (115/169) -> Max Dense: 9.63, Max Precomp: 11.23, Max Runtime: 3.40
dense config: BLOCK_SIZE_M: 64, BLOCK_SIZE_N: 64, BLOCK_SIZE_K: 128, num_buffers: 6, num_warps: 4, num_ctas: 1, num_stages: 3, maxnreg: None
precomp config: BLOCK_SIZE_M: 64, BLOCK_SIZE_N: 64, BLOCK_SIZE_K: 128, num_buffers: 6, num_warps: 4, num_ctas: 1, num_stages: 3, maxnreg: None
runtime config: BLOCK_SIZE_M: 64, BLOCK_SIZE_N: 64, BLOCK_SIZE_K: 256, num_buffers: 3, num_warps: 4, num_ctas: 1, num_stages: 3, maxnreg: None
start 1024-16-12288
finish 1024-16-12288, (116/169) -> Max Dense: 12.21, Max Precomp: 14.13, Max Runtime: 4.46
dense config: BLOCK_SIZE_M: 64, BLOCK_SIZE_N: 64, BLOCK_SIZE_K: 128, num_buffers: 6, num_warps: 4, num_ctas: 1, num_stages: 3, maxnreg: None
precomp config: BLOCK_SIZE_M: 64, BLOCK_SIZE_N: 64, BLOCK_SIZE_K: 128, num_buffers: 6, num_warps: 4, num_ctas: 1, num_stages: 3, maxnreg: None
runtime config: BLOCK_SIZE_M: 64, BLOCK_SIZE_N: 64, BLOCK_SIZE_K: 256, num_buffers: 3, num_warps: 4, num_ctas: 1, num_stages: 3, maxnreg: None
start 1536-16-8192
finish 1536-16-8192, (117/169) -> Max Dense: 15.13, Max Precomp: 18.46, Max Runtime: 6.37
dense config: BLOCK_SIZE_M: 64, BLOCK_SIZE_N: 64, BLOCK_SIZE_K: 128, num_buffers: 6, num_warps: 4, num_ctas: 1, num_stages: 3, maxnreg: None
precomp config: BLOCK_SIZE_M: 64, BLOCK_SIZE_N: 64, BLOCK_SIZE_K: 128, num_buffers: 6, num_warps: 4, num_ctas: 1, num_stages: 3, maxnreg: None
runtime config: BLOCK_SIZE_M: 64, BLOCK_SIZE_N: 64, BLOCK_SIZE_K: 256, num_buffers: 3, num_warps: 4, num_ctas: 1, num_stages: 3, maxnreg: None
start 2048-16-6144
finish 2048-16-6144, (118/169) -> Max Dense: 17.05, Max Precomp: 21.10, Max Runtime: 8.08
dense config: BLOCK_SIZE_M: 64, BLOCK_SIZE_N: 64, BLOCK_SIZE_K: 128, num_buffers: 6, num_warps: 4, num_ctas: 1, num_stages: 3, maxnreg: None
precomp config: BLOCK_SIZE_M: 64, BLOCK_SIZE_N: 64, BLOCK_SIZE_K: 128, num_buffers: 6, num_warps: 4, num_ctas: 1, num_stages: 3, maxnreg: None
runtime config: BLOCK_SIZE_M: 64, BLOCK_SIZE_N: 64, BLOCK_SIZE_K: 256, num_buffers: 3, num_warps: 4, num_ctas: 1, num_stages: 3, maxnreg: None
start 3072-16-4096
finish 3072-16-4096, (119/169) -> Max Dense: 19.27, Max Precomp: 24.86, Max Runtime: 11.25
dense config: BLOCK_SIZE_M: 64, BLOCK_SIZE_N: 64, BLOCK_SIZE_K: 128, num_buffers: 6, num_warps: 4, num_ctas: 1, num_stages: 3, maxnreg: None
precomp config: BLOCK_SIZE_M: 64, BLOCK_SIZE_N: 64, BLOCK_SIZE_K: 128, num_buffers: 6, num_warps: 4, num_ctas: 1, num_stages: 3, maxnreg: None
runtime config: BLOCK_SIZE_M: 64, BLOCK_SIZE_N: 64, BLOCK_SIZE_K: 128, num_buffers: 5, num_warps: 4, num_ctas: 1, num_stages: 3, maxnreg: None
start 4096-16-3072
finish 4096-16-3072, (120/169) -> Max Dense: 20.48, Max Precomp: 27.10, Max Runtime: 14.02
dense config: BLOCK_SIZE_M: 64, BLOCK_SIZE_N: 64, BLOCK_SIZE_K: 128, num_buffers: 6, num_warps: 4, num_ctas: 1, num_stages: 3, maxnreg: None
precomp config: BLOCK_SIZE_M: 64, BLOCK_SIZE_N: 64, BLOCK_SIZE_K: 128, num_buffers: 6, num_warps: 4, num_ctas: 1, num_stages: 3, maxnreg: None
runtime config: BLOCK_SIZE_M: 64, BLOCK_SIZE_N: 64, BLOCK_SIZE_K: 128, num_buffers: 5, num_warps: 4, num_ctas: 1, num_stages: 3, maxnreg: None
start 6144-16-2048
finish 6144-16-2048, (121/169) -> Max Dense: 21.00, Max Precomp: 28.34, Max Runtime: 17.61
dense config: BLOCK_SIZE_M: 64, BLOCK_SIZE_N: 64, BLOCK_SIZE_K: 128, num_buffers: 5, num_warps: 4, num_ctas: 1, num_stages: 3, maxnreg: None
precomp config: BLOCK_SIZE_M: 64, BLOCK_SIZE_N: 64, BLOCK_SIZE_K: 128, num_buffers: 6, num_warps: 4, num_ctas: 1, num_stages: 3, maxnreg: None
runtime config: BLOCK_SIZE_M: 64, BLOCK_SIZE_N: 64, BLOCK_SIZE_K: 128, num_buffers: 5, num_warps: 4, num_ctas: 1, num_stages: 3, maxnreg: None
start 8192-16-1536
finish 8192-16-1536, (122/169) -> Max Dense: 21.08, Max Precomp: 29.31, Max Runtime: 19.14
dense config: BLOCK_SIZE_M: 128, BLOCK_SIZE_N: 64, BLOCK_SIZE_K: 128, num_buffers: 4, num_warps: 4, num_ctas: 1, num_stages: 3, maxnreg: None
precomp config: BLOCK_SIZE_M: 128, BLOCK_SIZE_N: 64, BLOCK_SIZE_K: 128, num_buffers: 4, num_warps: 4, num_ctas: 1, num_stages: 3, maxnreg: None
runtime config: BLOCK_SIZE_M: 64, BLOCK_SIZE_N: 64, BLOCK_SIZE_K: 128, num_buffers: 5, num_warps: 4, num_ctas: 1, num_stages: 3, maxnreg: None
start 12288-16-1024
finish 12288-16-1024, (123/169) -> Max Dense: 21.73, Max Precomp: 29.99, Max Runtime: 18.99
dense config: BLOCK_SIZE_M: 128, BLOCK_SIZE_N: 64, BLOCK_SIZE_K: 64, num_buffers: 5, num_warps: 4, num_ctas: 1, num_stages: 3, maxnreg: None
precomp config: BLOCK_SIZE_M: 128, BLOCK_SIZE_N: 64, BLOCK_SIZE_K: 128, num_buffers: 4, num_warps: 4, num_ctas: 1, num_stages: 3, maxnreg: None
runtime config: BLOCK_SIZE_M: 128, BLOCK_SIZE_N: 64, BLOCK_SIZE_K: 64, num_buffers: 5, num_warps: 8, num_ctas: 1, num_stages: 3, maxnreg: None
start 16384-16-768
finish 16384-16-768, (124/169) -> Max Dense: 21.62, Max Precomp: 30.37, Max Runtime: 20.03
dense config: BLOCK_SIZE_M: 128, BLOCK_SIZE_N: 64, BLOCK_SIZE_K: 64, num_buffers: 6, num_warps: 4, num_ctas: 1, num_stages: 3, maxnreg: None
precomp config: BLOCK_SIZE_M: 128, BLOCK_SIZE_N: 64, BLOCK_SIZE_K: 128, num_buffers: 4, num_warps: 4, num_ctas: 1, num_stages: 3, maxnreg: None
runtime config: BLOCK_SIZE_M: 128, BLOCK_SIZE_N: 64, BLOCK_SIZE_K: 64, num_buffers: 5, num_warps: 8, num_ctas: 1, num_stages: 3, maxnreg: None
start 768-16-12288
finish 768-16-12288, (125/169) -> Max Dense: 9.22, Max Precomp: 10.67, Max Runtime: 3.35
dense config: BLOCK_SIZE_M: 64, BLOCK_SIZE_N: 64, BLOCK_SIZE_K: 128, num_buffers: 6, num_warps: 4, num_ctas: 1, num_stages: 3, maxnreg: None
precomp config: BLOCK_SIZE_M: 64, BLOCK_SIZE_N: 64, BLOCK_SIZE_K: 128, num_buffers: 6, num_warps: 4, num_ctas: 1, num_stages: 3, maxnreg: None
runtime config: BLOCK_SIZE_M: 64, BLOCK_SIZE_N: 64, BLOCK_SIZE_K: 256, num_buffers: 3, num_warps: 4, num_ctas: 1, num_stages: 3, maxnreg: None
start 1536-16-6144
finish 1536-16-6144, (126/169) -> Max Dense: 14.05, Max Precomp: 16.77, Max Runtime: 6.17
dense config: BLOCK_SIZE_M: 64, BLOCK_SIZE_N: 64, BLOCK_SIZE_K: 128, num_buffers: 6, num_warps: 4, num_ctas: 1, num_stages: 3, maxnreg: None
precomp config: BLOCK_SIZE_M: 64, BLOCK_SIZE_N: 64, BLOCK_SIZE_K: 128, num_buffers: 6, num_warps: 4, num_ctas: 1, num_stages: 3, maxnreg: None
runtime config: BLOCK_SIZE_M: 64, BLOCK_SIZE_N: 64, BLOCK_SIZE_K: 256, num_buffers: 3, num_warps: 4, num_ctas: 1, num_stages: 3, maxnreg: None
start 3072-16-3072
finish 3072-16-3072, (127/169) -> Max Dense: 17.61, Max Precomp: 21.60, Max Runtime: 10.63
dense config: BLOCK_SIZE_M: 64, BLOCK_SIZE_N: 64, BLOCK_SIZE_K: 128, num_buffers: 6, num_warps: 4, num_ctas: 1, num_stages: 3, maxnreg: None
precomp config: BLOCK_SIZE_M: 64, BLOCK_SIZE_N: 64, BLOCK_SIZE_K: 128, num_buffers: 6, num_warps: 4, num_ctas: 1, num_stages: 3, maxnreg: None
runtime config: BLOCK_SIZE_M: 64, BLOCK_SIZE_N: 64, BLOCK_SIZE_K: 128, num_buffers: 5, num_warps: 4, num_ctas: 1, num_stages: 3, maxnreg: None
start 6144-16-1536
finish 6144-16-1536, (128/169) -> Max Dense: 19.10, Max Precomp: 24.04, Max Runtime: 15.83
dense config: BLOCK_SIZE_M: 64, BLOCK_SIZE_N: 64, BLOCK_SIZE_K: 128, num_buffers: 5, num_warps: 4, num_ctas: 1, num_stages: 3, maxnreg: None
precomp config: BLOCK_SIZE_M: 64, BLOCK_SIZE_N: 64, BLOCK_SIZE_K: 128, num_buffers: 6, num_warps: 4, num_ctas: 1, num_stages: 3, maxnreg: None
runtime config: BLOCK_SIZE_M: 64, BLOCK_SIZE_N: 64, BLOCK_SIZE_K: 128, num_buffers: 4, num_warps: 4, num_ctas: 1, num_stages: 3, maxnreg: None
start 12288-16-768
finish 12288-16-768, (129/169) -> Max Dense: 18.93, Max Precomp: 26.14, Max Runtime: 17.18
dense config: BLOCK_SIZE_M: 128, BLOCK_SIZE_N: 64, BLOCK_SIZE_K: 64, num_buffers: 5, num_warps: 4, num_ctas: 1, num_stages: 3, maxnreg: None
precomp config: BLOCK_SIZE_M: 128, BLOCK_SIZE_N: 64, BLOCK_SIZE_K: 128, num_buffers: 4, num_warps: 4, num_ctas: 1, num_stages: 3, maxnreg: None
runtime config: BLOCK_SIZE_M: 128, BLOCK_SIZE_N: 64, BLOCK_SIZE_K: 64, num_buffers: 5, num_warps: 8, num_ctas: 1, num_stages: 3, maxnreg: None
start 1024-16-8192
finish 1024-16-8192, (130/169) -> Max Dense: 11.29, Max Precomp: 12.80, Max Runtime: 4.32
dense config: BLOCK_SIZE_M: 64, BLOCK_SIZE_N: 64, BLOCK_SIZE_K: 128, num_buffers: 6, num_warps: 4, num_ctas: 1, num_stages: 3, maxnreg: None
precomp config: BLOCK_SIZE_M: 64, BLOCK_SIZE_N: 64, BLOCK_SIZE_K: 128, num_buffers: 6, num_warps: 4, num_ctas: 1, num_stages: 3, maxnreg: None
runtime config: BLOCK_SIZE_M: 64, BLOCK_SIZE_N: 64, BLOCK_SIZE_K: 256, num_buffers: 3, num_warps: 4, num_ctas: 1, num_stages: 3, maxnreg: None
start 2048-16-4096
finish 2048-16-4096, (131/169) -> Max Dense: 15.14, Max Precomp: 17.91, Max Runtime: 7.56
dense config: BLOCK_SIZE_M: 64, BLOCK_SIZE_N: 64, BLOCK_SIZE_K: 128, num_buffers: 6, num_warps: 4, num_ctas: 1, num_stages: 3, maxnreg: None
precomp config: BLOCK_SIZE_M: 64, BLOCK_SIZE_N: 64, BLOCK_SIZE_K: 128, num_buffers: 6, num_warps: 4, num_ctas: 1, num_stages: 3, maxnreg: None
runtime config: BLOCK_SIZE_M: 64, BLOCK_SIZE_N: 64, BLOCK_SIZE_K: 256, num_buffers: 3, num_warps: 4, num_ctas: 1, num_stages: 3, maxnreg: None
start 4096-16-2048
finish 4096-16-2048, (132/169) -> Max Dense: 17.84, Max Precomp: 21.82, Max Runtime: 12.49
dense config: BLOCK_SIZE_M: 64, BLOCK_SIZE_N: 64, BLOCK_SIZE_K: 128, num_buffers: 6, num_warps: 4, num_ctas: 1, num_stages: 3, maxnreg: None
precomp config: BLOCK_SIZE_M: 64, BLOCK_SIZE_N: 64, BLOCK_SIZE_K: 128, num_buffers: 6, num_warps: 4, num_ctas: 1, num_stages: 3, maxnreg: None
runtime config: BLOCK_SIZE_M: 64, BLOCK_SIZE_N: 64, BLOCK_SIZE_K: 128, num_buffers: 5, num_warps: 4, num_ctas: 1, num_stages: 3, maxnreg: None
start 8192-16-1024
finish 8192-16-1024, (133/169) -> Max Dense: 18.44, Max Precomp: 23.60, Max Runtime: 16.13
dense config: BLOCK_SIZE_M: 128, BLOCK_SIZE_N: 64, BLOCK_SIZE_K: 64, num_buffers: 6, num_warps: 4, num_ctas: 1, num_stages: 3, maxnreg: None
precomp config: BLOCK_SIZE_M: 128, BLOCK_SIZE_N: 64, BLOCK_SIZE_K: 128, num_buffers: 4, num_warps: 4, num_ctas: 1, num_stages: 3, maxnreg: None
runtime config: BLOCK_SIZE_M: 64, BLOCK_SIZE_N: 64, BLOCK_SIZE_K: 128, num_buffers: 5, num_warps: 4, num_ctas: 1, num_stages: 3, maxnreg: None
start 768-16-8192
finish 768-16-8192, (134/169) -> Max Dense: 8.55, Max Precomp: 9.66, Max Runtime: 3.24
dense config: BLOCK_SIZE_M: 64, BLOCK_SIZE_N: 64, BLOCK_SIZE_K: 128, num_buffers: 5, num_warps: 4, num_ctas: 1, num_stages: 3, maxnreg: None
precomp config: BLOCK_SIZE_M: 64, BLOCK_SIZE_N: 64, BLOCK_SIZE_K: 128, num_buffers: 6, num_warps: 4, num_ctas: 1, num_stages: 3, maxnreg: None
runtime config: BLOCK_SIZE_M: 64, BLOCK_SIZE_N: 64, BLOCK_SIZE_K: 256, num_buffers: 3, num_warps: 4, num_ctas: 1, num_stages: 3, maxnreg: None
start 1024-16-6144
finish 1024-16-6144, (135/169) -> Max Dense: 10.45, Max Precomp: 11.61, Max Runtime: 4.18
dense config: BLOCK_SIZE_M: 64, BLOCK_SIZE_N: 64, BLOCK_SIZE_K: 128, num_buffers: 6, num_warps: 4, num_ctas: 1, num_stages: 3, maxnreg: None
precomp config: BLOCK_SIZE_M: 64, BLOCK_SIZE_N: 64, BLOCK_SIZE_K: 128, num_buffers: 6, num_warps: 4, num_ctas: 1, num_stages: 3, maxnreg: None
runtime config: BLOCK_SIZE_M: 64, BLOCK_SIZE_N: 64, BLOCK_SIZE_K: 256, num_buffers: 3, num_warps: 4, num_ctas: 1, num_stages: 3, maxnreg: None
start 1536-16-4096
finish 1536-16-4096, (136/169) -> Max Dense: 12.38, Max Precomp: 14.21, Max Runtime: 5.79
dense config: BLOCK_SIZE_M: 64, BLOCK_SIZE_N: 64, BLOCK_SIZE_K: 128, num_buffers: 6, num_warps: 4, num_ctas: 1, num_stages: 3, maxnreg: None
precomp config: BLOCK_SIZE_M: 64, BLOCK_SIZE_N: 64, BLOCK_SIZE_K: 128, num_buffers: 6, num_warps: 4, num_ctas: 1, num_stages: 3, maxnreg: None
runtime config: BLOCK_SIZE_M: 64, BLOCK_SIZE_N: 64, BLOCK_SIZE_K: 256, num_buffers: 3, num_warps: 4, num_ctas: 1, num_stages: 3, maxnreg: None
start 2048-16-3072
finish 2048-16-3072, (137/169) -> Max Dense: 13.55, Max Precomp: 15.57, Max Runtime: 7.11
dense config: BLOCK_SIZE_M: 64, BLOCK_SIZE_N: 64, BLOCK_SIZE_K: 128, num_buffers: 6, num_warps: 4, num_ctas: 1, num_stages: 3, maxnreg: None
precomp config: BLOCK_SIZE_M: 64, BLOCK_SIZE_N: 64, BLOCK_SIZE_K: 128, num_buffers: 6, num_warps: 4, num_ctas: 1, num_stages: 3, maxnreg: None
runtime config: BLOCK_SIZE_M: 64, BLOCK_SIZE_N: 64, BLOCK_SIZE_K: 256, num_buffers: 3, num_warps: 4, num_ctas: 1, num_stages: 3, maxnreg: None
start 3072-16-2048
finish 3072-16-2048, (138/169) -> Max Dense: 14.88, Max Precomp: 17.19, Max Runtime: 9.39
dense config: BLOCK_SIZE_M: 64, BLOCK_SIZE_N: 64, BLOCK_SIZE_K: 128, num_buffers: 6, num_warps: 4, num_ctas: 1, num_stages: 3, maxnreg: None
precomp config: BLOCK_SIZE_M: 64, BLOCK_SIZE_N: 64, BLOCK_SIZE_K: 128, num_buffers: 6, num_warps: 4, num_ctas: 1, num_stages: 3, maxnreg: None
runtime config: BLOCK_SIZE_M: 64, BLOCK_SIZE_N: 64, BLOCK_SIZE_K: 128, num_buffers: 5, num_warps: 4, num_ctas: 1, num_stages: 3, maxnreg: None
start 4096-16-1536
finish 4096-16-1536, (139/169) -> Max Dense: 15.75, Max Precomp: 18.43, Max Runtime: 11.14
dense config: BLOCK_SIZE_M: 64, BLOCK_SIZE_N: 64, BLOCK_SIZE_K: 128, num_buffers: 5, num_warps: 4, num_ctas: 1, num_stages: 3, maxnreg: None
precomp config: BLOCK_SIZE_M: 64, BLOCK_SIZE_N: 64, BLOCK_SIZE_K: 128, num_buffers: 6, num_warps: 4, num_ctas: 1, num_stages: 3, maxnreg: None
runtime config: BLOCK_SIZE_M: 64, BLOCK_SIZE_N: 64, BLOCK_SIZE_K: 128, num_buffers: 3, num_warps: 4, num_ctas: 1, num_stages: 3, maxnreg: None
start 6144-16-1024
finish 6144-16-1024, (140/169) -> Max Dense: 15.87, Max Precomp: 18.66, Max Runtime: 13.13
dense config: BLOCK_SIZE_M: 64, BLOCK_SIZE_N: 64, BLOCK_SIZE_K: 128, num_buffers: 5, num_warps: 4, num_ctas: 1, num_stages: 3, maxnreg: None
precomp config: BLOCK_SIZE_M: 64, BLOCK_SIZE_N: 64, BLOCK_SIZE_K: 128, num_buffers: 5, num_warps: 4, num_ctas: 1, num_stages: 3, maxnreg: None
runtime config: BLOCK_SIZE_M: 64, BLOCK_SIZE_N: 64, BLOCK_SIZE_K: 128, num_buffers: 4, num_warps: 4, num_ctas: 1, num_stages: 3, maxnreg: None
start 8192-16-768
finish 8192-16-768, (141/169) -> Max Dense: 15.97, Max Precomp: 19.54, Max Runtime: 13.96
dense config: BLOCK_SIZE_M: 128, BLOCK_SIZE_N: 64, BLOCK_SIZE_K: 128, num_buffers: 4, num_warps: 4, num_ctas: 1, num_stages: 3, maxnreg: None
precomp config: BLOCK_SIZE_M: 128, BLOCK_SIZE_N: 64, BLOCK_SIZE_K: 128, num_buffers: 4, num_warps: 4, num_ctas: 1, num_stages: 3, maxnreg: None
runtime config: BLOCK_SIZE_M: 64, BLOCK_SIZE_N: 64, BLOCK_SIZE_K: 64, num_buffers: 5, num_warps: 4, num_ctas: 1, num_stages: 3, maxnreg: None
start 768-16-6144
finish 768-16-6144, (142/169) -> Max Dense: 7.91, Max Precomp: 8.82, Max Runtime: 3.15
dense config: BLOCK_SIZE_M: 64, BLOCK_SIZE_N: 64, BLOCK_SIZE_K: 128, num_buffers: 5, num_warps: 4, num_ctas: 1, num_stages: 3, maxnreg: None
precomp config: BLOCK_SIZE_M: 64, BLOCK_SIZE_N: 64, BLOCK_SIZE_K: 128, num_buffers: 6, num_warps: 4, num_ctas: 1, num_stages: 3, maxnreg: None
runtime config: BLOCK_SIZE_M: 64, BLOCK_SIZE_N: 64, BLOCK_SIZE_K: 256, num_buffers: 3, num_warps: 4, num_ctas: 1, num_stages: 3, maxnreg: None
start 1536-16-3072
finish 1536-16-3072, (143/169) -> Max Dense: 10.96, Max Precomp: 12.38, Max Runtime: 5.45
dense config: BLOCK_SIZE_M: 64, BLOCK_SIZE_N: 64, BLOCK_SIZE_K: 128, num_buffers: 6, num_warps: 4, num_ctas: 1, num_stages: 3, maxnreg: None
precomp config: BLOCK_SIZE_M: 64, BLOCK_SIZE_N: 64, BLOCK_SIZE_K: 128, num_buffers: 6, num_warps: 4, num_ctas: 1, num_stages: 3, maxnreg: None
runtime config: BLOCK_SIZE_M: 64, BLOCK_SIZE_N: 64, BLOCK_SIZE_K: 256, num_buffers: 3, num_warps: 4, num_ctas: 1, num_stages: 3, maxnreg: None
start 3072-16-1536
finish 3072-16-1536, (144/169) -> Max Dense: 12.70, Max Precomp: 14.47, Max Runtime: 8.53
dense config: BLOCK_SIZE_M: 64, BLOCK_SIZE_N: 64, BLOCK_SIZE_K: 128, num_buffers: 6, num_warps: 4, num_ctas: 1, num_stages: 3, maxnreg: None
precomp config: BLOCK_SIZE_M: 64, BLOCK_SIZE_N: 64, BLOCK_SIZE_K: 128, num_buffers: 6, num_warps: 4, num_ctas: 1, num_stages: 3, maxnreg: None
runtime config: BLOCK_SIZE_M: 64, BLOCK_SIZE_N: 64, BLOCK_SIZE_K: 128, num_buffers: 5, num_warps: 4, num_ctas: 1, num_stages: 3, maxnreg: None
start 6144-16-768
finish 6144-16-768, (145/169) -> Max Dense: 13.26, Max Precomp: 15.50, Max Runtime: 11.24
dense config: BLOCK_SIZE_M: 64, BLOCK_SIZE_N: 64, BLOCK_SIZE_K: 64, num_buffers: 6, num_warps: 4, num_ctas: 1, num_stages: 3, maxnreg: None
precomp config: BLOCK_SIZE_M: 128, BLOCK_SIZE_N: 64, BLOCK_SIZE_K: 128, num_buffers: 4, num_warps: 4, num_ctas: 1, num_stages: 3, maxnreg: None
runtime config: BLOCK_SIZE_M: 64, BLOCK_SIZE_N: 64, BLOCK_SIZE_K: 64, num_buffers: 5, num_warps: 4, num_ctas: 1, num_stages: 3, maxnreg: None
start 1024-16-4096
finish 1024-16-4096, (146/169) -> Max Dense: 9.08, Max Precomp: 9.90, Max Runtime: 3.94
dense config: BLOCK_SIZE_M: 64, BLOCK_SIZE_N: 64, BLOCK_SIZE_K: 128, num_buffers: 6, num_warps: 4, num_ctas: 1, num_stages: 3, maxnreg: None
precomp config: BLOCK_SIZE_M: 64, BLOCK_SIZE_N: 64, BLOCK_SIZE_K: 128, num_buffers: 6, num_warps: 4, num_ctas: 1, num_stages: 3, maxnreg: None
runtime config: BLOCK_SIZE_M: 64, BLOCK_SIZE_N: 64, BLOCK_SIZE_K: 256, num_buffers: 3, num_warps: 4, num_ctas: 1, num_stages: 3, maxnreg: None
start 2048-16-2048
finish 2048-16-2048, (147/169) -> Max Dense: 10.97, Max Precomp: 12.32, Max Runtime: 6.40
dense config: BLOCK_SIZE_M: 64, BLOCK_SIZE_N: 64, BLOCK_SIZE_K: 128, num_buffers: 5, num_warps: 4, num_ctas: 1, num_stages: 3, maxnreg: None
precomp config: BLOCK_SIZE_M: 64, BLOCK_SIZE_N: 64, BLOCK_SIZE_K: 128, num_buffers: 6, num_warps: 4, num_ctas: 1, num_stages: 3, maxnreg: None
runtime config: BLOCK_SIZE_M: 64, BLOCK_SIZE_N: 64, BLOCK_SIZE_K: 128, num_buffers: 3, num_warps: 4, num_ctas: 1, num_stages: 3, maxnreg: None
start 4096-16-1024
finish 4096-16-1024, (148/169) -> Max Dense: 12.48, Max Precomp: 13.78, Max Runtime: 9.42
dense config: BLOCK_SIZE_M: 64, BLOCK_SIZE_N: 64, BLOCK_SIZE_K: 128, num_buffers: 5, num_warps: 4, num_ctas: 1, num_stages: 3, maxnreg: None
precomp config: BLOCK_SIZE_M: 64, BLOCK_SIZE_N: 64, BLOCK_SIZE_K: 128, num_buffers: 5, num_warps: 4, num_ctas: 1, num_stages: 3, maxnreg: None
runtime config: BLOCK_SIZE_M: 64, BLOCK_SIZE_N: 64, BLOCK_SIZE_K: 128, num_buffers: 3, num_warps: 4, num_ctas: 1, num_stages: 3, maxnreg: None
start 768-16-4096
finish 768-16-4096, (149/169) -> Max Dense: 6.92, Max Precomp: 7.57, Max Runtime: 2.97
dense config: BLOCK_SIZE_M: 64, BLOCK_SIZE_N: 64, BLOCK_SIZE_K: 128, num_buffers: 6, num_warps: 4, num_ctas: 1, num_stages: 3, maxnreg: None
precomp config: BLOCK_SIZE_M: 64, BLOCK_SIZE_N: 64, BLOCK_SIZE_K: 128, num_buffers: 6, num_warps: 4, num_ctas: 1, num_stages: 3, maxnreg: None
runtime config: BLOCK_SIZE_M: 64, BLOCK_SIZE_N: 64, BLOCK_SIZE_K: 256, num_buffers: 3, num_warps: 4, num_ctas: 1, num_stages: 3, maxnreg: None
start 1024-16-3072
finish 1024-16-3072, (150/169) -> Max Dense: 7.93, Max Precomp: 8.63, Max Runtime: 3.72
dense config: BLOCK_SIZE_M: 64, BLOCK_SIZE_N: 64, BLOCK_SIZE_K: 128, num_buffers: 6, num_warps: 4, num_ctas: 1, num_stages: 3, maxnreg: None
precomp config: BLOCK_SIZE_M: 64, BLOCK_SIZE_N: 64, BLOCK_SIZE_K: 128, num_buffers: 6, num_warps: 4, num_ctas: 1, num_stages: 3, maxnreg: None
runtime config: BLOCK_SIZE_M: 64, BLOCK_SIZE_N: 64, BLOCK_SIZE_K: 256, num_buffers: 3, num_warps: 4, num_ctas: 1, num_stages: 3, maxnreg: None
start 1536-16-2048
finish 1536-16-2048, (151/169) -> Max Dense: 8.83, Max Precomp: 9.77, Max Runtime: 4.90
dense config: BLOCK_SIZE_M: 64, BLOCK_SIZE_N: 64, BLOCK_SIZE_K: 128, num_buffers: 6, num_warps: 4, num_ctas: 1, num_stages: 3, maxnreg: None
precomp config: BLOCK_SIZE_M: 64, BLOCK_SIZE_N: 64, BLOCK_SIZE_K: 128, num_buffers: 6, num_warps: 4, num_ctas: 1, num_stages: 3, maxnreg: None
runtime config: BLOCK_SIZE_M: 64, BLOCK_SIZE_N: 64, BLOCK_SIZE_K: 256, num_buffers: 3, num_warps: 4, num_ctas: 1, num_stages: 3, maxnreg: None
start 2048-16-1536
finish 2048-16-1536, (152/169) -> Max Dense: 9.36, Max Precomp: 10.40, Max Runtime: 5.85
dense config: BLOCK_SIZE_M: 64, BLOCK_SIZE_N: 64, BLOCK_SIZE_K: 128, num_buffers: 6, num_warps: 4, num_ctas: 1, num_stages: 3, maxnreg: None
precomp config: BLOCK_SIZE_M: 64, BLOCK_SIZE_N: 64, BLOCK_SIZE_K: 128, num_buffers: 6, num_warps: 4, num_ctas: 1, num_stages: 3, maxnreg: None
runtime config: BLOCK_SIZE_M: 64, BLOCK_SIZE_N: 64, BLOCK_SIZE_K: 128, num_buffers: 3, num_warps: 4, num_ctas: 1, num_stages: 3, maxnreg: None
start 3072-16-1024
finish 3072-16-1024, (153/169) -> Max Dense: 9.87, Max Precomp: 10.98, Max Runtime: 7.14
dense config: BLOCK_SIZE_M: 64, BLOCK_SIZE_N: 64, BLOCK_SIZE_K: 128, num_buffers: 5, num_warps: 4, num_ctas: 1, num_stages: 3, maxnreg: None
precomp config: BLOCK_SIZE_M: 64, BLOCK_SIZE_N: 64, BLOCK_SIZE_K: 128, num_buffers: 5, num_warps: 4, num_ctas: 1, num_stages: 3, maxnreg: None
runtime config: BLOCK_SIZE_M: 64, BLOCK_SIZE_N: 64, BLOCK_SIZE_K: 128, num_buffers: 3, num_warps: 4, num_ctas: 1, num_stages: 3, maxnreg: None
start 4096-16-768
finish 4096-16-768, (154/169) -> Max Dense: 10.05, Max Precomp: 11.14, Max Runtime: 8.09
dense config: BLOCK_SIZE_M: 64, BLOCK_SIZE_N: 64, BLOCK_SIZE_K: 128, num_buffers: 5, num_warps: 4, num_ctas: 1, num_stages: 3, maxnreg: None
precomp config: BLOCK_SIZE_M: 64, BLOCK_SIZE_N: 64, BLOCK_SIZE_K: 128, num_buffers: 6, num_warps: 4, num_ctas: 1, num_stages: 3, maxnreg: None
runtime config: BLOCK_SIZE_M: 64, BLOCK_SIZE_N: 64, BLOCK_SIZE_K: 128, num_buffers: 3, num_warps: 4, num_ctas: 1, num_stages: 3, maxnreg: None
start 768-16-3072
finish 768-16-3072, (155/169) -> Max Dense: 6.09, Max Precomp: 6.62, Max Runtime: 2.80
dense config: BLOCK_SIZE_M: 64, BLOCK_SIZE_N: 64, BLOCK_SIZE_K: 128, num_buffers: 6, num_warps: 4, num_ctas: 1, num_stages: 3, maxnreg: None
precomp config: BLOCK_SIZE_M: 64, BLOCK_SIZE_N: 64, BLOCK_SIZE_K: 128, num_buffers: 6, num_warps: 4, num_ctas: 1, num_stages: 3, maxnreg: None
runtime config: BLOCK_SIZE_M: 64, BLOCK_SIZE_N: 64, BLOCK_SIZE_K: 256, num_buffers: 3, num_warps: 4, num_ctas: 1, num_stages: 3, maxnreg: None
start 1536-16-1536
finish 1536-16-1536, (156/169) -> Max Dense: 7.47, Max Precomp: 8.16, Max Runtime: 4.45
dense config: BLOCK_SIZE_M: 64, BLOCK_SIZE_N: 64, BLOCK_SIZE_K: 128, num_buffers: 6, num_warps: 4, num_ctas: 1, num_stages: 3, maxnreg: None
precomp config: BLOCK_SIZE_M: 64, BLOCK_SIZE_N: 64, BLOCK_SIZE_K: 128, num_buffers: 6, num_warps: 4, num_ctas: 1, num_stages: 3, maxnreg: None
runtime config: BLOCK_SIZE_M: 64, BLOCK_SIZE_N: 64, BLOCK_SIZE_K: 128, num_buffers: 6, num_warps: 4, num_ctas: 1, num_stages: 3, maxnreg: None
start 3072-16-768
finish 3072-16-768, (157/169) -> Max Dense: 7.90, Max Precomp: 8.87, Max Runtime: 6.18
dense config: BLOCK_SIZE_M: 64, BLOCK_SIZE_N: 64, BLOCK_SIZE_K: 128, num_buffers: 4, num_warps: 4, num_ctas: 1, num_stages: 3, maxnreg: None
precomp config: BLOCK_SIZE_M: 64, BLOCK_SIZE_N: 64, BLOCK_SIZE_K: 128, num_buffers: 5, num_warps: 4, num_ctas: 1, num_stages: 3, maxnreg: None
runtime config: BLOCK_SIZE_M: 64, BLOCK_SIZE_N: 64, BLOCK_SIZE_K: 128, num_buffers: 3, num_warps: 4, num_ctas: 1, num_stages: 3, maxnreg: None
start 1024-16-2048
finish 1024-16-2048, (158/169) -> Max Dense: 6.36, Max Precomp: 6.85, Max Runtime: 3.34
dense config: BLOCK_SIZE_M: 64, BLOCK_SIZE_N: 64, BLOCK_SIZE_K: 128, num_buffers: 6, num_warps: 4, num_ctas: 1, num_stages: 3, maxnreg: None
precomp config: BLOCK_SIZE_M: 64, BLOCK_SIZE_N: 64, BLOCK_SIZE_K: 128, num_buffers: 6, num_warps: 4, num_ctas: 1, num_stages: 3, maxnreg: None
runtime config: BLOCK_SIZE_M: 64, BLOCK_SIZE_N: 64, BLOCK_SIZE_K: 256, num_buffers: 3, num_warps: 4, num_ctas: 1, num_stages: 3, maxnreg: None
start 2048-16-1024
finish 2048-16-1024, (159/169) -> Max Dense: 7.24, Max Precomp: 7.80, Max Runtime: 4.99
dense config: BLOCK_SIZE_M: 64, BLOCK_SIZE_N: 64, BLOCK_SIZE_K: 128, num_buffers: 5, num_warps: 4, num_ctas: 1, num_stages: 3, maxnreg: None
precomp config: BLOCK_SIZE_M: 64, BLOCK_SIZE_N: 64, BLOCK_SIZE_K: 128, num_buffers: 5, num_warps: 4, num_ctas: 1, num_stages: 3, maxnreg: None
runtime config: BLOCK_SIZE_M: 64, BLOCK_SIZE_N: 64, BLOCK_SIZE_K: 128, num_buffers: 3, num_warps: 4, num_ctas: 1, num_stages: 3, maxnreg: None
start 768-16-2048
finish 768-16-2048, (160/169) -> Max Dense: 4.89, Max Precomp: 5.26, Max Runtime: 2.53
dense config: BLOCK_SIZE_M: 64, BLOCK_SIZE_N: 64, BLOCK_SIZE_K: 128, num_buffers: 5, num_warps: 4, num_ctas: 1, num_stages: 3, maxnreg: None
precomp config: BLOCK_SIZE_M: 64, BLOCK_SIZE_N: 64, BLOCK_SIZE_K: 128, num_buffers: 6, num_warps: 4, num_ctas: 1, num_stages: 3, maxnreg: None
runtime config: BLOCK_SIZE_M: 64, BLOCK_SIZE_N: 64, BLOCK_SIZE_K: 256, num_buffers: 3, num_warps: 4, num_ctas: 1, num_stages: 3, maxnreg: None
start 1024-16-1536
finish 1024-16-1536, (161/169) -> Max Dense: 5.35, Max Precomp: 5.74, Max Runtime: 3.05
dense config: BLOCK_SIZE_M: 64, BLOCK_SIZE_N: 64, BLOCK_SIZE_K: 128, num_buffers: 6, num_warps: 4, num_ctas: 1, num_stages: 3, maxnreg: None
precomp config: BLOCK_SIZE_M: 64, BLOCK_SIZE_N: 64, BLOCK_SIZE_K: 128, num_buffers: 6, num_warps: 4, num_ctas: 1, num_stages: 3, maxnreg: None
runtime config: BLOCK_SIZE_M: 64, BLOCK_SIZE_N: 64, BLOCK_SIZE_K: 256, num_buffers: 3, num_warps: 4, num_ctas: 1, num_stages: 3, maxnreg: None
start 1536-16-1024
finish 1536-16-1024, (162/169) -> Max Dense: 5.75, Max Precomp: 6.16, Max Runtime: 3.80
dense config: BLOCK_SIZE_M: 64, BLOCK_SIZE_N: 64, BLOCK_SIZE_K: 128, num_buffers: 5, num_warps: 4, num_ctas: 1, num_stages: 3, maxnreg: None
precomp config: BLOCK_SIZE_M: 64, BLOCK_SIZE_N: 64, BLOCK_SIZE_K: 128, num_buffers: 5, num_warps: 4, num_ctas: 1, num_stages: 3, maxnreg: None
runtime config: BLOCK_SIZE_M: 64, BLOCK_SIZE_N: 64, BLOCK_SIZE_K: 128, num_buffers: 3, num_warps: 4, num_ctas: 1, num_stages: 3, maxnreg: None
start 2048-16-768
finish 2048-16-768, (163/169) -> Max Dense: 5.79, Max Precomp: 6.35, Max Runtime: 4.33
dense config: BLOCK_SIZE_M: 64, BLOCK_SIZE_N: 64, BLOCK_SIZE_K: 128, num_buffers: 5, num_warps: 4, num_ctas: 1, num_stages: 3, maxnreg: None
precomp config: BLOCK_SIZE_M: 64, BLOCK_SIZE_N: 64, BLOCK_SIZE_K: 128, num_buffers: 5, num_warps: 4, num_ctas: 1, num_stages: 3, maxnreg: None
runtime config: BLOCK_SIZE_M: 64, BLOCK_SIZE_N: 64, BLOCK_SIZE_K: 128, num_buffers: 3, num_warps: 4, num_ctas: 1, num_stages: 3, maxnreg: None
start 768-16-1536
finish 768-16-1536, (164/169) -> Max Dense: 4.12, Max Precomp: 4.39, Max Runtime: 2.29
dense config: BLOCK_SIZE_M: 64, BLOCK_SIZE_N: 64, BLOCK_SIZE_K: 128, num_buffers: 6, num_warps: 4, num_ctas: 1, num_stages: 3, maxnreg: None
precomp config: BLOCK_SIZE_M: 64, BLOCK_SIZE_N: 64, BLOCK_SIZE_K: 128, num_buffers: 6, num_warps: 4, num_ctas: 1, num_stages: 3, maxnreg: None
runtime config: BLOCK_SIZE_M: 64, BLOCK_SIZE_N: 64, BLOCK_SIZE_K: 256, num_buffers: 3, num_warps: 4, num_ctas: 1, num_stages: 3, maxnreg: None
start 1536-16-768
finish 1536-16-768, (165/169) -> Max Dense: 4.61, Max Precomp: 4.91, Max Runtime: 3.31
dense config: BLOCK_SIZE_M: 64, BLOCK_SIZE_N: 64, BLOCK_SIZE_K: 128, num_buffers: 5, num_warps: 4, num_ctas: 1, num_stages: 3, maxnreg: None
precomp config: BLOCK_SIZE_M: 64, BLOCK_SIZE_N: 64, BLOCK_SIZE_K: 128, num_buffers: 5, num_warps: 4, num_ctas: 1, num_stages: 3, maxnreg: None
runtime config: BLOCK_SIZE_M: 64, BLOCK_SIZE_N: 64, BLOCK_SIZE_K: 128, num_buffers: 5, num_warps: 4, num_ctas: 1, num_stages: 3, maxnreg: None
start 1024-16-1024
finish 1024-16-1024, (166/169) -> Max Dense: 4.06, Max Precomp: 4.32, Max Runtime: 2.58
dense config: BLOCK_SIZE_M: 64, BLOCK_SIZE_N: 64, BLOCK_SIZE_K: 128, num_buffers: 5, num_warps: 4, num_ctas: 1, num_stages: 3, maxnreg: None
precomp config: BLOCK_SIZE_M: 64, BLOCK_SIZE_N: 64, BLOCK_SIZE_K: 128, num_buffers: 6, num_warps: 4, num_ctas: 1, num_stages: 3, maxnreg: None
runtime config: BLOCK_SIZE_M: 64, BLOCK_SIZE_N: 64, BLOCK_SIZE_K: 128, num_buffers: 3, num_warps: 4, num_ctas: 1, num_stages: 3, maxnreg: None
start 768-16-1024
finish 768-16-1024, (167/169) -> Max Dense: 3.14, Max Precomp: 3.29, Max Runtime: 1.96
dense config: BLOCK_SIZE_M: 64, BLOCK_SIZE_N: 64, BLOCK_SIZE_K: 128, num_buffers: 5, num_warps: 4, num_ctas: 1, num_stages: 3, maxnreg: None
precomp config: BLOCK_SIZE_M: 64, BLOCK_SIZE_N: 64, BLOCK_SIZE_K: 128, num_buffers: 5, num_warps: 4, num_ctas: 1, num_stages: 3, maxnreg: None
runtime config: BLOCK_SIZE_M: 64, BLOCK_SIZE_N: 64, BLOCK_SIZE_K: 128, num_buffers: 3, num_warps: 4, num_ctas: 1, num_stages: 3, maxnreg: None
start 1024-16-768
finish 1024-16-768, (168/169) -> Max Dense: 3.32, Max Precomp: 3.48, Max Runtime: 2.25
dense config: BLOCK_SIZE_M: 64, BLOCK_SIZE_N: 64, BLOCK_SIZE_K: 128, num_buffers: 5, num_warps: 4, num_ctas: 1, num_stages: 3, maxnreg: None
precomp config: BLOCK_SIZE_M: 64, BLOCK_SIZE_N: 64, BLOCK_SIZE_K: 128, num_buffers: 5, num_warps: 4, num_ctas: 1, num_stages: 3, maxnreg: None
runtime config: BLOCK_SIZE_M: 64, BLOCK_SIZE_N: 64, BLOCK_SIZE_K: 128, num_buffers: 3, num_warps: 4, num_ctas: 1, num_stages: 3, maxnreg: None
start 768-16-768
finish 768-16-768, (169/169) -> Max Dense: 2.52, Max Precomp: 2.64, Max Runtime: 1.72
dense config: BLOCK_SIZE_M: 64, BLOCK_SIZE_N: 64, BLOCK_SIZE_K: 128, num_buffers: 5, num_warps: 4, num_ctas: 1, num_stages: 3, maxnreg: None
precomp config: BLOCK_SIZE_M: 64, BLOCK_SIZE_N: 64, BLOCK_SIZE_K: 128, num_buffers: 5, num_warps: 4, num_ctas: 1, num_stages: 3, maxnreg: None
runtime config: BLOCK_SIZE_M: 64, BLOCK_SIZE_N: 64, BLOCK_SIZE_K: 128, num_buffers: 3, num_warps: 4, num_ctas: 1, num_stages: 3, maxnreg: None
0.7104957708188222

[INFO] Optimization charts successfully compiled and saved to 'Benchmark/v7.5.1_16.png'

scontrol show job 663066
JobId=663066 JobName=7.4_benchmark
   UserId=notming(3159615) GroupId=notming(3159615) MCS_label=N/A
   Priority=1403493 Nice=0 Account=rrg-mmehride QOS=normal
   JobState=COMPLETING Reason=None Dependency=(null)
   Requeue=0 Restarts=0 BatchFlag=1 Reboot=0 ExitCode=0:0
   RunTime=01:40:05 TimeLimit=04:00:00 TimeMin=N/A
   SubmitTime=2026-07-13T00:44:34 EligibleTime=2026-07-13T00:44:34
   AccrueTime=2026-07-13T00:44:34
   StartTime=2026-07-13T00:44:35 EndTime=2026-07-13T02:24:40 Deadline=N/A
   SuspendTime=None SecsPreSuspend=0 LastSchedEval=2026-07-13T00:44:35 Scheduler=Main
   Partition=compute AllocNode:Sid=trig-login01:1048384
   ReqNodeList=(null) ExcNodeList=(null)
   NodeList=trig0045
   BatchHost=trig0045
   NumNodes=1 NumCPUs=24 NumTasks=1 CPUs/Task=1 ReqB:S:C:T=0:0:*:*
   ReqTRES=cpu=1,mem=192500M,node=1,billing=1,gres/gpu=1
   AllocTRES=cpu=24,mem=192500M,node=1,billing=1,gres/gpu=1
   Socks/Node=* NtasksPerN:B:S:C=0:0:*:* CoreSpec=*
   MinCPUsNode=1 MinMemoryNode=192500M MinTmpDiskNode=0
   Features=(null) DelayBoot=00:00:00
   OverSubscribe=OK Contiguous=0 Licenses=(null) LicensesAlloc=(null) Network=(null)
   Command=/scratch/notming/compression/sbatch_sh/trillium/7.4_sbatch_benchmark.sh
   SubmitLine=SBATCH --comment /opt/slurm/bin/sbatch --export=NONE --get-user-env sbatch_sh/trillium/7.4_sbatch_benchmark.sh --export=NONE --get-user-env sbatch_sh/trillium/7.4_sbatch_benchmark.sh
   WorkDir=/scratch/notming/compression
   Comment=/opt/slurm/bin/sbatch --export=NONE --get-user-env sbatch_sh/trillium/7.4_sbatch_benchmark.sh
   StdErr=
   StdIn=/dev/null
   StdOut=/scratch/notming/compression/7.4_benchmark_663066.out
   CpusPerTres=gpu:24
   TresPerNode=gres/gpu:1

sacct -j 663066
JobID           JobName    Account    Elapsed  MaxVMSize     MaxRSS  SystemCPU    UserCPU ExitCode 
------------ ---------- ---------- ---------- ---------- ---------- ---------- ---------- -------- 
663066       7.4_bench+ rrg-mmehr+   01:40:05                         00:00:00   00:00:00      0:0 
663066.batch      batch rrg-mmehr+   01:40:05                         00:00:00   00:00:00      0:0 
663066.exte+     extern rrg-mmehr+   01:40:05                         00:00:00   00:00:00      0:0 

