INFO:    Setting 'NVIDIA_VISIBLE_DEVICES=all' to emulate legacy GPU binding.
INFO:    Setting --writable-tmpfs (required by nvidia-container-cli)
start 49152-16-49152
finish 49152-16-49152, (1/167) -> Max Dense: 49.64, Max Precomp: 91.87, Max Runtime: 39.47
start 24576-16-49152
finish 24576-16-49152, (2/167) -> Max Dense: 48.48, Max Precomp: 77.39, Max Runtime: 32.36
start 49152-16-24576
finish 49152-16-24576, (3/167) -> Max Dense: 48.87, Max Precomp: 89.20, Max Runtime: 38.98
start 32768-16-32768
finish 32768-16-32768, (4/167) -> Max Dense: 49.17, Max Precomp: 90.83, Max Runtime: 39.02
start 16384-16-49152
finish 16384-16-49152, (5/167) -> Max Dense: 48.46, Max Precomp: 87.93, Max Runtime: 38.94
start 24576-16-32768
finish 24576-16-32768, (6/167) -> Max Dense: 48.06, Max Precomp: 75.95, Max Runtime: 32.19
start 32768-16-24576
finish 32768-16-24576, (7/167) -> Max Dense: 48.16, Max Precomp: 88.21, Max Runtime: 38.78
start 49152-16-16384
finish 49152-16-16384, (8/167) -> Max Dense: 48.50, Max Precomp: 88.81, Max Runtime: 38.57
start 12288-16-49152
finish 12288-16-49152, (9/167) -> Max Dense: 47.13, Max Precomp: 80.43, Max Runtime: 29.30
start 24576-16-24576
finish 24576-16-24576, (10/167) -> Max Dense: 46.87, Max Precomp: 74.51, Max Runtime: 31.89
start 49152-16-12288
finish 49152-16-12288, (11/167) -> Max Dense: 47.12, Max Precomp: 85.11, Max Runtime: 38.06
start 16384-16-32768
finish 16384-16-32768, (12/167) -> Max Dense: 47.94, Max Precomp: 86.72, Max Runtime: 38.57
start 32768-16-16384
finish 32768-16-16384, (13/167) -> Max Dense: 47.85, Max Precomp: 86.06, Max Runtime: 38.19
start 8192-16-49152
finish 8192-16-49152, (14/167) -> Max Dense: 46.75, Max Precomp: 69.07, Max Runtime: 31.56
start 12288-16-32768
finish 12288-16-32768, (15/167) -> Max Dense: 46.02, Max Precomp: 78.17, Max Runtime: 29.01
start 16384-16-24576
finish 16384-16-24576, (16/167) -> Max Dense: 46.83, Max Precomp: 82.75, Max Runtime: 38.13
start 24576-16-16384
finish 24576-16-16384, (17/167) -> Max Dense: 46.39, Max Precomp: 71.72, Max Runtime: 31.54
start 32768-16-12288
finish 32768-16-12288, (18/167) -> Max Dense: 46.61, Max Precomp: 82.30, Max Runtime: 37.69
start 49152-16-8192
finish 49152-16-8192, (19/167) -> Max Dense: 46.69, Max Precomp: 83.33, Max Runtime: 37.43
start 6144-16-49152
finish 6144-16-49152, (20/167) -> Max Dense: 43.55, Max Precomp: 58.45, Max Runtime: 23.97
start 12288-16-24576
finish 12288-16-24576, (21/167) -> Max Dense: 44.69, Max Precomp: 74.96, Max Runtime: 28.74
start 24576-16-12288
finish 24576-16-12288, (22/167) -> Max Dense: 44.74, Max Precomp: 70.56, Max Runtime: 31.01
start 49152-16-6144
finish 49152-16-6144, (23/167) -> Max Dense: 44.99, Max Precomp: 79.33, Max Runtime: 36.61
start 8192-16-32768
finish 8192-16-32768, (24/167) -> Max Dense: 45.69, Max Precomp: 67.40, Max Runtime: 31.12
start 16384-16-16384
finish 16384-16-16384, (25/167) -> Max Dense: 45.62, Max Precomp: 79.20, Max Runtime: 37.20
start 32768-16-8192
finish 32768-16-8192, (26/167) -> Max Dense: 45.41, Max Precomp: 78.44, Max Runtime: 36.51
start 4096-16-49152
finish 4096-16-49152, (27/167) -> Max Dense: 39.11, Max Precomp: 50.55, Max Runtime: 16.30
start 6144-16-32768
finish 6144-16-32768, (28/167) -> Max Dense: 42.08, Max Precomp: 56.93, Max Runtime: 23.64
start 8192-16-24576
finish 8192-16-24576, (29/167) -> Max Dense: 43.49, Max Precomp: 63.98, Max Runtime: 30.68
start 12288-16-16384
finish 12288-16-16384, (30/167) -> Max Dense: 43.26, Max Precomp: 71.53, Max Runtime: 28.24
start 16384-16-12288
finish 16384-16-12288, (31/167) -> Max Dense: 43.83, Max Precomp: 74.80, Max Runtime: 36.48
start 24576-16-8192
finish 24576-16-8192, (32/167) -> Max Dense: 43.30, Max Precomp: 67.86, Max Runtime: 30.35
start 32768-16-6144
finish 32768-16-6144, (33/167) -> Max Dense: 43.42, Max Precomp: 74.32, Max Runtime: 35.75
start 49152-16-4096
finish 49152-16-4096, (34/167) -> Max Dense: 43.70, Max Precomp: 74.10, Max Runtime: 35.34
start 3072-16-49152
finish 3072-16-49152, (35/167) -> Max Dense: 30.54, Max Precomp: 39.06, Max Runtime: 12.16
start 6144-16-24576
finish 6144-16-24576, (36/167) -> Max Dense: 40.29, Max Precomp: 54.75, Max Runtime: 23.43
start 12288-16-12288
finish 12288-16-12288, (37/167) -> Max Dense: 41.00, Max Precomp: 66.90, Max Runtime: 27.72
start 24576-16-6144
finish 24576-16-6144, (38/167) -> Max Dense: 41.22, Max Precomp: 64.31, Max Runtime: 29.67
start 49152-16-3072
finish 49152-16-3072, (39/167) -> Max Dense: 41.57, Max Precomp: 69.17, Max Runtime: 33.94
start 4096-16-32768
finish 4096-16-32768, (40/167) -> Max Dense: 37.68, Max Precomp: 48.89, Max Runtime: 16.07
start 8192-16-16384
finish 8192-16-16384, (41/167) -> Max Dense: 41.48, Max Precomp: 60.57, Max Runtime: 29.90
start 16384-16-8192
finish 16384-16-8192, (42/167) -> Max Dense: 41.51, Max Precomp: 67.97, Max Runtime: 34.90
start 32768-16-4096
finish 32768-16-4096, (43/167) -> Max Dense: 41.23, Max Precomp: 67.59, Max Runtime: 34.10
start 2048-16-49152
finish 2048-16-49152, (44/167) -> Max Dense: 22.59, Max Precomp: 29.21, Max Runtime: 7.93
start 3072-16-32768
finish 3072-16-32768, (45/167) -> Max Dense: 29.87, Max Precomp: 38.31, Max Runtime: 12.03
start 4096-16-24576
finish 4096-16-24576, (46/167) -> Max Dense: 35.84, Max Precomp: 46.39, Max Runtime: 15.91
start 6144-16-16384
finish 6144-16-16384, (47/167) -> Max Dense: 37.64, Max Precomp: 51.68, Max Runtime: 22.73
start 8192-16-12288
finish 8192-16-12288, (48/167) -> Max Dense: 38.86, Max Precomp: 56.93, Max Runtime: 29.16
start 12288-16-8192
finish 12288-16-8192, (49/167) -> Max Dense: 38.46, Max Precomp: 61.04, Max Runtime: 26.85
start 16384-16-6144
finish 16384-16-6144, (50/167) -> Max Dense: 38.90, Max Precomp: 62.68, Max Runtime: 33.63
start 24576-16-4096
finish 24576-16-4096, (51/167) -> Max Dense: 38.54, Max Precomp: 59.09, Max Runtime: 28.45
start 32768-16-3072
finish 32768-16-3072, (52/167) -> Max Dense: 38.91, Max Precomp: 62.00, Max Runtime: 32.42
start 49152-16-2048
finish 49152-16-2048, (53/167) -> Max Dense: 38.74, Max Precomp: 62.62, Max Runtime: 31.83
start 1536-16-49152
finish 1536-16-49152, (54/167) -> Max Dense: 18.64, Max Precomp: 24.33, Max Runtime: 5.85
start 3072-16-24576
finish 3072-16-24576, (55/167) -> Max Dense: 28.80, Max Precomp: 37.37, Max Runtime: 11.95
start 6144-16-12288
finish 6144-16-12288, (56/167) -> Max Dense: 35.27, Max Precomp: 49.26, Max Runtime: 22.14
start 12288-16-6144
finish 12288-16-6144, (57/167) -> Max Dense: 35.84, Max Precomp: 54.75, Max Runtime: 25.92
start 24576-16-3072
finish 24576-16-3072, (58/167) -> Max Dense: 35.94, Max Precomp: 54.05, Max Runtime: 27.33
start 49152-16-1536
finish 49152-16-1536, (59/167) -> Max Dense: 36.11, Max Precomp: 55.78, Max Runtime: 29.86
start 2048-16-32768
finish 2048-16-32768, (60/167) -> Max Dense: 22.15, Max Precomp: 28.76, Max Runtime: 7.86
start 4096-16-16384
finish 4096-16-16384, (61/167) -> Max Dense: 33.07, Max Precomp: 42.93, Max Runtime: 15.55
start 8192-16-8192
finish 8192-16-8192, (62/167) -> Max Dense: 35.11, Max Precomp: 51.50, Max Runtime: 27.74
start 16384-16-4096
finish 16384-16-4096, (63/167) -> Max Dense: 35.32, Max Precomp: 54.96, Max Runtime: 31.16
start 32768-16-2048
finish 32768-16-2048, (64/167) -> Max Dense: 35.26, Max Precomp: 55.22, Max Runtime: 29.62
start 1024-16-49152
finish 1024-16-49152, (65/167) -> Max Dense: 14.06, Max Precomp: 16.59, Max Runtime: 3.90
start 1536-16-32768
finish 1536-16-32768, (66/167) -> Max Dense: 18.40, Max Precomp: 23.32, Max Runtime: 5.80
start 2048-16-24576
finish 2048-16-24576, (67/167) -> Max Dense: 21.59, Max Precomp: 27.86, Max Runtime: 7.83
start 3072-16-16384
finish 3072-16-16384, (68/167) -> Max Dense: 27.10, Max Precomp: 35.11, Max Runtime: 11.75
start 4096-16-12288
finish 4096-16-12288, (69/167) -> Max Dense: 30.86, Max Precomp: 39.54, Max Runtime: 15.29
start 6144-16-8192
finish 6144-16-8192, (70/167) -> Max Dense: 31.27, Max Precomp: 44.01, Max Runtime: 21.23
start 8192-16-6144
finish 8192-16-6144, (71/167) -> Max Dense: 31.83, Max Precomp: 46.60, Max Runtime: 26.42
start 12288-16-4096
finish 12288-16-4096, (72/167) -> Max Dense: 31.85, Max Precomp: 47.92, Max Runtime: 24.19
start 16384-16-3072
finish 16384-16-3072, (73/167) -> Max Dense: 32.29, Max Precomp: 49.69, Max Runtime: 28.92
start 24576-16-2048
finish 24576-16-2048, (74/167) -> Max Dense: 32.15, Max Precomp: 48.06, Max Runtime: 25.43
start 32768-16-1536
finish 32768-16-1536, (75/167) -> Max Dense: 32.35, Max Precomp: 49.16, Max Runtime: 27.62
start 49152-16-1024
finish 49152-16-1024, (76/167) -> Max Dense: 32.44, Max Precomp: 48.93, Max Runtime: 27.08
start 768-16-49152
finish 768-16-49152, (77/167) -> Max Dense: 10.60, Max Precomp: 12.49, Max Runtime: 2.93
start 1536-16-24576
finish 1536-16-24576, (78/167) -> Max Dense: 17.95, Max Precomp: 22.45, Max Runtime: 5.75
start 3072-16-12288
finish 3072-16-12288, (79/167) -> Max Dense: 25.77, Max Precomp: 32.87, Max Runtime: 11.49
start 6144-16-6144
finish 6144-16-6144, (80/167) -> Max Dense: 28.69, Max Precomp: 40.82, Max Runtime: 20.49
start 12288-16-3072
finish 12288-16-3072, (81/167) -> Max Dense: 29.04, Max Precomp: 44.37, Max Runtime: 22.88
start 24576-16-1536
finish 24576-16-1536, (82/167) -> Max Dense: 28.91, Max Precomp: 43.47, Max Runtime: 23.82
start 49152-16-768
finish 49152-16-768, (83/167) -> Max Dense: 29.36, Max Precomp: 45.14, Max Runtime: 24.99
start 1024-16-32768
finish 1024-16-32768, (84/167) -> Max Dense: 13.79, Max Precomp: 16.02, Max Runtime: 3.87
start 2048-16-16384
finish 2048-16-16384, (85/167) -> Max Dense: 20.65, Max Precomp: 26.20, Max Runtime: 7.73
start 4096-16-8192
finish 4096-16-8192, (86/167) -> Max Dense: 27.01, Max Precomp: 35.78, Max Runtime: 14.62
start 8192-16-4096
finish 8192-16-4096, (87/167) -> Max Dense: 28.15, Max Precomp: 41.00, Max Runtime: 24.29
start 16384-16-2048
finish 16384-16-2048, (88/167) -> Max Dense: 28.65, Max Precomp: 44.59, Max Runtime: 25.82
start 32768-16-1024
finish 32768-16-1024, (89/167) -> Max Dense: 28.76, Max Precomp: 43.31, Max Runtime: 25.00
start 768-16-32768
finish 768-16-32768, (90/167) -> Max Dense: 10.36, Max Precomp: 12.11, Max Runtime: 2.91
start 1024-16-24576
finish 1024-16-24576, (91/167) -> Max Dense: 13.40, Max Precomp: 15.56, Max Runtime: 3.85
start 1536-16-16384
finish 1536-16-16384, (92/167) -> Max Dense: 17.13, Max Precomp: 21.22, Max Runtime: 5.66
start 2048-16-12288
finish 2048-16-12288, (93/167) -> Max Dense: 19.76, Max Precomp: 25.06, Max Runtime: 7.60
start 3072-16-8192
finish 3072-16-8192, (94/167) -> Max Dense: 23.04, Max Precomp: 30.51, Max Runtime: 11.10
start 4096-16-6144
finish 4096-16-6144, (95/167) -> Max Dense: 24.99, Max Precomp: 33.73, Max Runtime: 14.04
start 6144-16-4096
finish 6144-16-4096, (96/167) -> Max Dense: 25.47, Max Precomp: 36.17, Max Runtime: 18.82
start 8192-16-3072
finish 8192-16-3072, (97/167) -> Max Dense: 25.81, Max Precomp: 37.56, Max Runtime: 22.24
start 12288-16-2048
finish 12288-16-2048, (98/167) -> Max Dense: 25.72, Max Precomp: 39.63, Max Runtime: 20.61
start 16384-16-1536
finish 16384-16-1536, (99/167) -> Max Dense: 25.94, Max Precomp: 40.14, Max Runtime: 23.89
start 24576-16-1024
finish 24576-16-1024, (100/167) -> Max Dense: 26.08, Max Precomp: 38.24, Max Runtime: 21.37
start 32768-16-768
finish 32768-16-768, (101/167) -> Max Dense: 25.95, Max Precomp: 39.84, Max Runtime: 22.75
start 768-16-24576
finish 768-16-24576, (102/167) -> Max Dense: 10.01, Max Precomp: 11.76, Max Runtime: 2.88
start 1536-16-12288
finish 1536-16-12288, (103/167) -> Max Dense: 16.38, Max Precomp: 20.21, Max Runtime: 5.58
start 3072-16-6144
finish 3072-16-6144, (104/167) -> Max Dense: 21.46, Max Precomp: 28.34, Max Runtime: 10.66
start 6144-16-3072
finish 6144-16-3072, (105/167) -> Max Dense: 23.37, Max Precomp: 33.02, Max Runtime: 17.65
start 12288-16-1536
finish 12288-16-1536, (106/167) -> Max Dense: 23.81, Max Precomp: 35.58, Max Runtime: 18.91
start 24576-16-768
finish 24576-16-768, (107/167) -> Max Dense: 23.67, Max Precomp: 34.79, Max Runtime: 19.37
start 1024-16-16384
finish 1024-16-16384, (108/167) -> Max Dense: 12.70, Max Precomp: 14.74, Max Runtime: 3.79
start 2048-16-8192
finish 2048-16-8192, (109/167) -> Max Dense: 18.14, Max Precomp: 22.96, Max Runtime: 7.38
start 4096-16-4096
finish 4096-16-4096, (110/167) -> Max Dense: 22.22, Max Precomp: 29.97, Max Runtime: 13.06
start 8192-16-2048
finish 8192-16-2048, (111/167) -> Max Dense: 23.17, Max Precomp: 32.86, Max Runtime: 19.96
start 16384-16-1024
finish 16384-16-1024, (112/167) -> Max Dense: 23.69, Max Precomp: 34.49, Max Runtime: 21.08
start 768-16-16384
finish 768-16-16384, (113/167) -> Max Dense: 9.52, Max Precomp: 11.16, Max Runtime: 2.84
start 1024-16-12288
finish 1024-16-12288, (114/167) -> Max Dense: 12.12, Max Precomp: 13.97, Max Runtime: 3.73
start 1536-16-8192
finish 1536-16-8192, (115/167) -> Max Dense: 15.07, Max Precomp: 18.29, Max Runtime: 5.42
start 2048-16-6144
finish 2048-16-6144, (116/167) -> Max Dense: 16.98, Max Precomp: 21.01, Max Runtime: 7.18
start 3072-16-4096
finish 3072-16-4096, (117/167) -> Max Dense: 19.05, Max Precomp: 24.62, Max Runtime: 9.99
start 4096-16-3072
finish 4096-16-3072, (118/167) -> Max Dense: 20.22, Max Precomp: 26.67, Max Runtime: 12.37
start 6144-16-2048
finish 6144-16-2048, (119/167) -> Max Dense: 20.80, Max Precomp: 27.67, Max Runtime: 15.66
start 8192-16-1536
finish 8192-16-1536, (120/167) -> Max Dense: 20.88, Max Precomp: 28.87, Max Runtime: 17.88
start 12288-16-1024
finish 12288-16-1024, (121/167) -> Max Dense: 20.89, Max Precomp: 29.55, Max Runtime: 16.70
start 16384-16-768
finish 16384-16-768, (122/167) -> Max Dense: 21.19, Max Precomp: 29.72, Max Runtime: 18.69
start 768-16-12288
finish 768-16-12288, (123/167) -> Max Dense: 9.17, Max Precomp: 10.57, Max Runtime: 2.81
start 1536-16-6144
finish 1536-16-6144, (124/167) -> Max Dense: 14.01, Max Precomp: 16.62, Max Runtime: 5.29
start 3072-16-3072
finish 3072-16-3072, (125/167) -> Max Dense: 17.58, Max Precomp: 21.37, Max Runtime: 9.51
start 6144-16-1536
finish 6144-16-1536, (126/167) -> Max Dense: 18.78, Max Precomp: 23.61, Max Runtime: 14.25
start 12288-16-768
finish 12288-16-768, (127/167) -> Max Dense: 18.40, Max Precomp: 25.34, Max Runtime: 14.81
start 1024-16-8192
finish 1024-16-8192, (128/167) -> Max Dense: 11.19, Max Precomp: 12.66, Max Runtime: 3.64
start 2048-16-4096
finish 2048-16-4096, (129/167) -> Max Dense: 15.02, Max Precomp: 17.69, Max Runtime: 6.76
start 4096-16-2048
finish 4096-16-2048, (130/167) -> Max Dense: 17.74, Max Precomp: 21.57, Max Runtime: 11.22
start 8192-16-1024
finish 8192-16-1024, (131/167) -> Max Dense: 18.03, Max Precomp: 23.29, Max Runtime: 15.12
start 768-16-8192
finish 768-16-8192, (132/167) -> Max Dense: 8.53, Max Precomp: 9.56, Max Runtime: 2.73
start 1024-16-6144
finish 1024-16-6144, (133/167) -> Max Dense: 10.38, Max Precomp: 11.51, Max Runtime: 3.54
start 1536-16-4096
finish 1536-16-4096, (134/167) -> Max Dense: 12.27, Max Precomp: 14.12, Max Runtime: 5.02
start 2048-16-3072
finish 2048-16-3072, (135/167) -> Max Dense: 13.44, Max Precomp: 15.42, Max Runtime: 6.40
start 3072-16-2048
finish 3072-16-2048, (136/167) -> Max Dense: 14.70, Max Precomp: 17.07, Max Runtime: 8.49
start 4096-16-1536
finish 4096-16-1536, (137/167) -> Max Dense: 15.58, Max Precomp: 18.15, Max Runtime: 10.15
start 6144-16-1024
finish 6144-16-1024, (138/167) -> Max Dense: 15.67, Max Precomp: 18.48, Max Runtime: 12.08
start 8192-16-768
finish 8192-16-768, (139/167) -> Max Dense: 15.70, Max Precomp: 19.17, Max Runtime: 13.19
start 768-16-6144
finish 768-16-6144, (140/167) -> Max Dense: 7.87, Max Precomp: 8.72, Max Runtime: 2.66
start 1536-16-3072
finish 1536-16-3072, (141/167) -> Max Dense: 10.87, Max Precomp: 12.19, Max Runtime: 4.76
start 3072-16-1536
finish 3072-16-1536, (142/167) -> Max Dense: 12.52, Max Precomp: 14.31, Max Runtime: 7.67
start 6144-16-768
finish 6144-16-768, (143/167) -> Max Dense: 13.03, Max Precomp: 15.12, Max Runtime: 10.38
start 1024-16-4096
finish 1024-16-4096, (144/167) -> Max Dense: 8.96, Max Precomp: 9.80, Max Runtime: 3.36
start 2048-16-2048
finish 2048-16-2048, (145/167) -> Max Dense: 10.88, Max Precomp: 12.19, Max Runtime: 5.75
start 4096-16-1024
finish 4096-16-1024, (146/167) -> Max Dense: 12.38, Max Precomp: 13.57, Max Runtime: 8.55
start 768-16-4096
finish 768-16-4096, (147/167) -> Max Dense: 6.82, Max Precomp: 7.47, Max Runtime: 2.53
start 1024-16-3072
finish 1024-16-3072, (148/167) -> Max Dense: 7.85, Max Precomp: 8.54, Max Runtime: 3.19
start 1536-16-2048
finish 1536-16-2048, (149/167) -> Max Dense: 8.74, Max Precomp: 9.69, Max Runtime: 4.36
start 2048-16-1536
finish 2048-16-1536, (150/167) -> Max Dense: 9.26, Max Precomp: 10.28, Max Runtime: 5.23
start 3072-16-1024
finish 3072-16-1024, (151/167) -> Max Dense: 9.72, Max Precomp: 10.93, Max Runtime: 6.50
start 4096-16-768
finish 4096-16-768, (152/167) -> Max Dense: 9.86, Max Precomp: 11.14, Max Runtime: 7.37
start 768-16-3072
finish 768-16-3072, (153/167) -> Max Dense: 6.04, Max Precomp: 6.50, Max Runtime: 2.41
start 1536-16-1536
finish 1536-16-1536, (154/167) -> Max Dense: 7.43, Max Precomp: 8.04, Max Runtime: 4.03
start 3072-16-768
finish 3072-16-768, (155/167) -> Max Dense: 7.76, Max Precomp: 8.66, Max Runtime: 5.59
start 1024-16-2048
finish 1024-16-2048, (156/167) -> Max Dense: 6.26, Max Precomp: 6.76, Max Runtime: 2.92
start 2048-16-1024
finish 2048-16-1024, (157/167) -> Max Dense: 7.08, Max Precomp: 7.68, Max Runtime: 4.49
start 768-16-2048
finish 768-16-2048, (158/167) -> Max Dense: 4.82, Max Precomp: 5.19, Max Runtime: 2.21
start 1024-16-1536
finish 1024-16-1536, (159/167) -> Max Dense: 5.31, Max Precomp: 5.65, Max Runtime: 2.71
start 1536-16-1024
finish 1536-16-1024, (160/167) -> Max Dense: 5.65, Max Precomp: 6.06, Max Runtime: 3.46
start 2048-16-768
finish 2048-16-768, (161/167) -> Max Dense: 5.76, Max Precomp: 6.25, Max Runtime: 3.86
start 768-16-1536
finish 768-16-1536, (162/167) -> Max Dense: 4.06, Max Precomp: 4.34, Max Runtime: 2.03
start 1536-16-768
finish 1536-16-768, (163/167) -> Max Dense: 4.52, Max Precomp: 4.86, Max Runtime: 3.04
start 1024-16-1024
finish 1024-16-1024, (164/167) -> Max Dense: 4.00, Max Precomp: 4.26, Max Runtime: 2.34
start 768-16-1024
finish 768-16-1024, (165/167) -> Max Dense: 3.11, Max Precomp: 3.24, Max Runtime: 1.78
start 1024-16-768
finish 1024-16-768, (166/167) -> Max Dense: 3.27, Max Precomp: 3.42, Max Runtime: 2.06
start 768-16-768
finish 768-16-768, (167/167) -> Max Dense: 2.50, Max Precomp: 2.61, Max Runtime: 1.57
0.6264022477413793

[INFO] Optimization charts successfully compiled and saved to 'Benchmark/v7.3_16.png'

scontrol show job 648018
JobId=648018 JobName=7.4_benchmark
   UserId=notming(3159615) GroupId=notming(3159615) MCS_label=N/A
   Priority=1387882 Nice=0 Account=rrg-mmehride QOS=normal
   JobState=COMPLETING Reason=None Dependency=(null)
   Requeue=0 Restarts=0 BatchFlag=1 Reboot=0 ExitCode=0:0
   RunTime=01:29:27 TimeLimit=02:00:00 TimeMin=N/A
   SubmitTime=2026-07-08T22:30:59 EligibleTime=2026-07-08T22:30:59
   AccrueTime=2026-07-08T22:30:59
   StartTime=2026-07-08T22:31:02 EndTime=2026-07-09T00:00:29 Deadline=N/A
   SuspendTime=None SecsPreSuspend=0 LastSchedEval=2026-07-08T22:31:02 Scheduler=Main
   Partition=compute AllocNode:Sid=trig-login01:2107006
   ReqNodeList=(null) ExcNodeList=(null)
   NodeList=trig0011
   BatchHost=trig0011
   NumNodes=1 NumCPUs=24 NumTasks=1 CPUs/Task=1 ReqB:S:C:T=0:0:*:*
   ReqTRES=cpu=1,mem=192500M,node=1,billing=1,gres/gpu=1
   AllocTRES=cpu=24,mem=192500M,node=1,billing=1,gres/gpu=1
   Socks/Node=* NtasksPerN:B:S:C=0:0:*:* CoreSpec=*
   MinCPUsNode=1 MinMemoryNode=192500M MinTmpDiskNode=0
   Features=(null) DelayBoot=00:00:00
   OverSubscribe=OK Contiguous=0 Licenses=(null) LicensesAlloc=(null) Network=(null)
   Command=/scratch/notming/compression/sbatch_sh/trillium/7.4_sbatch_benchmark.sh
   SubmitLine=SBATCH --comment /opt/slurm/bin/sbatch --export=NONE --get-user-env sbatch_sh/trillium/7.4_sbatch_benchmark.sh --export=NONE --get-user-env sbatch_sh/trillium/7.4_sbatch_benchmark.sh
   WorkDir=/scratch/notming/compression
   Comment=/opt/slurm/bin/sbatch --export=NONE --get-user-env sbatch_sh/trillium/7.4_sbatch_benchmark.sh
   StdErr=
   StdIn=/dev/null
   StdOut=/scratch/notming/compression/7.4_benchmark_648018.out
   CpusPerTres=gpu:24
   TresPerNode=gres/gpu:1

sacct -j 648018
JobID           JobName    Account    Elapsed  MaxVMSize     MaxRSS  SystemCPU    UserCPU ExitCode 
------------ ---------- ---------- ---------- ---------- ---------- ---------- ---------- -------- 
648018       7.4_bench+ rrg-mmehr+   01:29:27                         00:00:00   00:00:00      0:0 
648018.batch      batch rrg-mmehr+   01:29:27                         00:00:00   00:00:00      0:0 
648018.exte+     extern rrg-mmehr+   01:29:27                         00:00:00   00:00:00      0:0 

