INFO:    Setting 'NVIDIA_VISIBLE_DEVICES=all' to emulate legacy GPU binding.
INFO:    Setting --writable-tmpfs (required by nvidia-container-cli)
start 49152-16-49152
finish 49152-16-49152, (1/169) -> Max Dense: 49.64, Max Precomp: 91.95, Max Runtime: 38.64
dense config: BLOCK_SIZE_M: 128, BLOCK_SIZE_N: 64, BLOCK_SIZE_K: 128, num_buffers: 3, num_warps: 8, num_ctas: 1, num_stages: 3, maxnreg: None
precomp config: BLOCK_SIZE_M: 128, BLOCK_SIZE_N: 64, BLOCK_SIZE_K: 128, num_buffers: 4, num_warps: 4, num_ctas: 1, num_stages: 3, maxnreg: None
runtime config: BLOCK_SIZE_M: 128, BLOCK_SIZE_N: 64, BLOCK_SIZE_K: 128, num_buffers: 3, num_warps: 4, num_ctas: 1, num_stages: 3, maxnreg: None
start 32768-16-49152
finish 32768-16-49152, (2/169) -> Max Dense: 49.21, Max Precomp: 90.79, Max Runtime: 38.38
dense config: BLOCK_SIZE_M: 128, BLOCK_SIZE_N: 64, BLOCK_SIZE_K: 64, num_buffers: 5, num_warps: 4, num_ctas: 1, num_stages: 3, maxnreg: None
precomp config: BLOCK_SIZE_M: 128, BLOCK_SIZE_N: 64, BLOCK_SIZE_K: 128, num_buffers: 4, num_warps: 4, num_ctas: 1, num_stages: 3, maxnreg: None
runtime config: BLOCK_SIZE_M: 128, BLOCK_SIZE_N: 64, BLOCK_SIZE_K: 128, num_buffers: 3, num_warps: 4, num_ctas: 1, num_stages: 3, maxnreg: None
start 49152-16-32768
finish 49152-16-32768, (3/169) -> Max Dense: 49.68, Max Precomp: 91.91, Max Runtime: 38.34
dense config: BLOCK_SIZE_M: 128, BLOCK_SIZE_N: 64, BLOCK_SIZE_K: 128, num_buffers: 3, num_warps: 4, num_ctas: 1, num_stages: 3, maxnreg: None
precomp config: BLOCK_SIZE_M: 128, BLOCK_SIZE_N: 64, BLOCK_SIZE_K: 128, num_buffers: 4, num_warps: 4, num_ctas: 1, num_stages: 3, maxnreg: None
runtime config: BLOCK_SIZE_M: 128, BLOCK_SIZE_N: 64, BLOCK_SIZE_K: 128, num_buffers: 3, num_warps: 4, num_ctas: 1, num_stages: 3, maxnreg: None
start 24576-16-49152
finish 24576-16-49152, (4/169) -> Max Dense: 48.41, Max Precomp: 79.39, Max Runtime: 29.90
dense config: BLOCK_SIZE_M: 64, BLOCK_SIZE_N: 64, BLOCK_SIZE_K: 64, num_buffers: 7, num_warps: 4, num_ctas: 1, num_stages: 3, maxnreg: None
precomp config: BLOCK_SIZE_M: 128, BLOCK_SIZE_N: 64, BLOCK_SIZE_K: 64, num_buffers: 7, num_warps: 4, num_ctas: 1, num_stages: 3, maxnreg: None
runtime config: BLOCK_SIZE_M: 64, BLOCK_SIZE_N: 64, BLOCK_SIZE_K: 128, num_buffers: 4, num_warps: 4, num_ctas: 1, num_stages: 3, maxnreg: None
start 49152-16-24576
finish 49152-16-24576, (5/169) -> Max Dense: 48.89, Max Precomp: 89.12, Max Runtime: 37.98
dense config: BLOCK_SIZE_M: 128, BLOCK_SIZE_N: 64, BLOCK_SIZE_K: 64, num_buffers: 5, num_warps: 4, num_ctas: 1, num_stages: 3, maxnreg: None
precomp config: BLOCK_SIZE_M: 128, BLOCK_SIZE_N: 64, BLOCK_SIZE_K: 128, num_buffers: 4, num_warps: 4, num_ctas: 1, num_stages: 3, maxnreg: None
runtime config: BLOCK_SIZE_M: 128, BLOCK_SIZE_N: 64, BLOCK_SIZE_K: 128, num_buffers: 4, num_warps: 4, num_ctas: 1, num_stages: 3, maxnreg: None
start 32768-16-32768
finish 32768-16-32768, (6/169) -> Max Dense: 49.07, Max Precomp: 90.38, Max Runtime: 38.00
dense config: BLOCK_SIZE_M: 128, BLOCK_SIZE_N: 64, BLOCK_SIZE_K: 128, num_buffers: 3, num_warps: 8, num_ctas: 1, num_stages: 3, maxnreg: None
precomp config: BLOCK_SIZE_M: 128, BLOCK_SIZE_N: 64, BLOCK_SIZE_K: 128, num_buffers: 4, num_warps: 4, num_ctas: 1, num_stages: 3, maxnreg: None
runtime config: BLOCK_SIZE_M: 128, BLOCK_SIZE_N: 64, BLOCK_SIZE_K: 128, num_buffers: 3, num_warps: 4, num_ctas: 1, num_stages: 3, maxnreg: None
start 16384-16-49152
finish 16384-16-49152, (7/169) -> Max Dense: 48.54, Max Precomp: 88.28, Max Runtime: 38.08
dense config: BLOCK_SIZE_M: 128, BLOCK_SIZE_N: 64, BLOCK_SIZE_K: 128, num_buffers: 4, num_warps: 8, num_ctas: 1, num_stages: 3, maxnreg: None
precomp config: BLOCK_SIZE_M: 128, BLOCK_SIZE_N: 64, BLOCK_SIZE_K: 128, num_buffers: 4, num_warps: 4, num_ctas: 1, num_stages: 3, maxnreg: None
runtime config: BLOCK_SIZE_M: 128, BLOCK_SIZE_N: 64, BLOCK_SIZE_K: 128, num_buffers: 4, num_warps: 4, num_ctas: 1, num_stages: 3, maxnreg: None
start 24576-16-32768
finish 24576-16-32768, (8/169) -> Max Dense: 48.04, Max Precomp: 78.44, Max Runtime: 29.72
dense config: BLOCK_SIZE_M: 64, BLOCK_SIZE_N: 64, BLOCK_SIZE_K: 128, num_buffers: 4, num_warps: 4, num_ctas: 1, num_stages: 3, maxnreg: None
precomp config: BLOCK_SIZE_M: 128, BLOCK_SIZE_N: 64, BLOCK_SIZE_K: 64, num_buffers: 7, num_warps: 4, num_ctas: 1, num_stages: 3, maxnreg: None
runtime config: BLOCK_SIZE_M: 64, BLOCK_SIZE_N: 64, BLOCK_SIZE_K: 128, num_buffers: 4, num_warps: 4, num_ctas: 1, num_stages: 3, maxnreg: None
start 32768-16-24576
finish 32768-16-24576, (9/169) -> Max Dense: 48.20, Max Precomp: 87.64, Max Runtime: 37.76
dense config: BLOCK_SIZE_M: 128, BLOCK_SIZE_N: 64, BLOCK_SIZE_K: 64, num_buffers: 5, num_warps: 4, num_ctas: 1, num_stages: 3, maxnreg: None
precomp config: BLOCK_SIZE_M: 128, BLOCK_SIZE_N: 64, BLOCK_SIZE_K: 128, num_buffers: 4, num_warps: 4, num_ctas: 1, num_stages: 3, maxnreg: None
runtime config: BLOCK_SIZE_M: 128, BLOCK_SIZE_N: 64, BLOCK_SIZE_K: 128, num_buffers: 4, num_warps: 4, num_ctas: 1, num_stages: 3, maxnreg: None
start 49152-16-16384
finish 49152-16-16384, (10/169) -> Max Dense: 48.52, Max Precomp: 88.26, Max Runtime: 37.59
dense config: BLOCK_SIZE_M: 128, BLOCK_SIZE_N: 64, BLOCK_SIZE_K: 128, num_buffers: 3, num_warps: 4, num_ctas: 1, num_stages: 3, maxnreg: None
precomp config: BLOCK_SIZE_M: 128, BLOCK_SIZE_N: 64, BLOCK_SIZE_K: 128, num_buffers: 4, num_warps: 4, num_ctas: 1, num_stages: 3, maxnreg: None
runtime config: BLOCK_SIZE_M: 128, BLOCK_SIZE_N: 64, BLOCK_SIZE_K: 128, num_buffers: 3, num_warps: 4, num_ctas: 1, num_stages: 3, maxnreg: None
start 12288-16-49152
finish 12288-16-49152, (11/169) -> Max Dense: 46.91, Max Precomp: 80.11, Max Runtime: 28.70
dense config: BLOCK_SIZE_M: 128, BLOCK_SIZE_N: 64, BLOCK_SIZE_K: 64, num_buffers: 5, num_warps: 4, num_ctas: 1, num_stages: 3, maxnreg: None
precomp config: BLOCK_SIZE_M: 128, BLOCK_SIZE_N: 64, BLOCK_SIZE_K: 128, num_buffers: 4, num_warps: 4, num_ctas: 1, num_stages: 3, maxnreg: None
runtime config: BLOCK_SIZE_M: 128, BLOCK_SIZE_N: 64, BLOCK_SIZE_K: 128, num_buffers: 3, num_warps: 4, num_ctas: 1, num_stages: 3, maxnreg: None
start 24576-16-24576
finish 24576-16-24576, (12/169) -> Max Dense: 47.05, Max Precomp: 76.71, Max Runtime: 29.52
dense config: BLOCK_SIZE_M: 64, BLOCK_SIZE_N: 64, BLOCK_SIZE_K: 128, num_buffers: 4, num_warps: 4, num_ctas: 1, num_stages: 3, maxnreg: None
precomp config: BLOCK_SIZE_M: 128, BLOCK_SIZE_N: 64, BLOCK_SIZE_K: 64, num_buffers: 7, num_warps: 4, num_ctas: 1, num_stages: 3, maxnreg: None
runtime config: BLOCK_SIZE_M: 64, BLOCK_SIZE_N: 64, BLOCK_SIZE_K: 128, num_buffers: 4, num_warps: 4, num_ctas: 1, num_stages: 3, maxnreg: None
start 49152-16-12288
finish 49152-16-12288, (13/169) -> Max Dense: 47.29, Max Precomp: 84.78, Max Runtime: 37.19
dense config: BLOCK_SIZE_M: 128, BLOCK_SIZE_N: 64, BLOCK_SIZE_K: 64, num_buffers: 5, num_warps: 4, num_ctas: 1, num_stages: 3, maxnreg: None
precomp config: BLOCK_SIZE_M: 128, BLOCK_SIZE_N: 64, BLOCK_SIZE_K: 128, num_buffers: 4, num_warps: 4, num_ctas: 1, num_stages: 3, maxnreg: None
runtime config: BLOCK_SIZE_M: 128, BLOCK_SIZE_N: 64, BLOCK_SIZE_K: 128, num_buffers: 3, num_warps: 4, num_ctas: 1, num_stages: 3, maxnreg: None
start 16384-16-32768
finish 16384-16-32768, (14/169) -> Max Dense: 47.99, Max Precomp: 86.20, Max Runtime: 37.70
dense config: BLOCK_SIZE_M: 128, BLOCK_SIZE_N: 64, BLOCK_SIZE_K: 128, num_buffers: 4, num_warps: 8, num_ctas: 1, num_stages: 3, maxnreg: None
precomp config: BLOCK_SIZE_M: 128, BLOCK_SIZE_N: 64, BLOCK_SIZE_K: 128, num_buffers: 4, num_warps: 4, num_ctas: 1, num_stages: 3, maxnreg: None
runtime config: BLOCK_SIZE_M: 128, BLOCK_SIZE_N: 64, BLOCK_SIZE_K: 128, num_buffers: 4, num_warps: 4, num_ctas: 1, num_stages: 3, maxnreg: None
start 32768-16-16384
finish 32768-16-16384, (15/169) -> Max Dense: 47.88, Max Precomp: 84.77, Max Runtime: 37.27
dense config: BLOCK_SIZE_M: 128, BLOCK_SIZE_N: 64, BLOCK_SIZE_K: 128, num_buffers: 3, num_warps: 4, num_ctas: 1, num_stages: 3, maxnreg: None
precomp config: BLOCK_SIZE_M: 128, BLOCK_SIZE_N: 64, BLOCK_SIZE_K: 128, num_buffers: 4, num_warps: 4, num_ctas: 1, num_stages: 3, maxnreg: None
runtime config: BLOCK_SIZE_M: 128, BLOCK_SIZE_N: 64, BLOCK_SIZE_K: 128, num_buffers: 3, num_warps: 4, num_ctas: 1, num_stages: 3, maxnreg: None
start 8192-16-49152
finish 8192-16-49152, (16/169) -> Max Dense: 46.59, Max Precomp: 69.03, Max Runtime: 29.35
dense config: BLOCK_SIZE_M: 64, BLOCK_SIZE_N: 64, BLOCK_SIZE_K: 128, num_buffers: 6, num_warps: 4, num_ctas: 1, num_stages: 3, maxnreg: None
precomp config: BLOCK_SIZE_M: 64, BLOCK_SIZE_N: 64, BLOCK_SIZE_K: 128, num_buffers: 6, num_warps: 4, num_ctas: 1, num_stages: 3, maxnreg: None
runtime config: BLOCK_SIZE_M: 64, BLOCK_SIZE_N: 64, BLOCK_SIZE_K: 128, num_buffers: 4, num_warps: 4, num_ctas: 1, num_stages: 3, maxnreg: None
start 12288-16-32768
finish 12288-16-32768, (17/169) -> Max Dense: 46.46, Max Precomp: 78.42, Max Runtime: 28.47
dense config: BLOCK_SIZE_M: 128, BLOCK_SIZE_N: 64, BLOCK_SIZE_K: 64, num_buffers: 5, num_warps: 4, num_ctas: 1, num_stages: 3, maxnreg: None
precomp config: BLOCK_SIZE_M: 128, BLOCK_SIZE_N: 64, BLOCK_SIZE_K: 128, num_buffers: 4, num_warps: 4, num_ctas: 1, num_stages: 3, maxnreg: None
runtime config: BLOCK_SIZE_M: 128, BLOCK_SIZE_N: 64, BLOCK_SIZE_K: 128, num_buffers: 3, num_warps: 4, num_ctas: 1, num_stages: 3, maxnreg: None
start 16384-16-24576
finish 16384-16-24576, (18/169) -> Max Dense: 46.78, Max Precomp: 82.82, Max Runtime: 37.29
dense config: BLOCK_SIZE_M: 128, BLOCK_SIZE_N: 64, BLOCK_SIZE_K: 128, num_buffers: 4, num_warps: 8, num_ctas: 1, num_stages: 3, maxnreg: None
precomp config: BLOCK_SIZE_M: 128, BLOCK_SIZE_N: 64, BLOCK_SIZE_K: 128, num_buffers: 4, num_warps: 4, num_ctas: 1, num_stages: 3, maxnreg: None
runtime config: BLOCK_SIZE_M: 128, BLOCK_SIZE_N: 64, BLOCK_SIZE_K: 128, num_buffers: 4, num_warps: 4, num_ctas: 1, num_stages: 3, maxnreg: None
start 24576-16-16384
finish 24576-16-16384, (19/169) -> Max Dense: 46.28, Max Precomp: 73.94, Max Runtime: 29.26
dense config: BLOCK_SIZE_M: 64, BLOCK_SIZE_N: 64, BLOCK_SIZE_K: 128, num_buffers: 4, num_warps: 4, num_ctas: 1, num_stages: 3, maxnreg: None
precomp config: BLOCK_SIZE_M: 128, BLOCK_SIZE_N: 64, BLOCK_SIZE_K: 64, num_buffers: 7, num_warps: 4, num_ctas: 1, num_stages: 3, maxnreg: None
runtime config: BLOCK_SIZE_M: 64, BLOCK_SIZE_N: 64, BLOCK_SIZE_K: 128, num_buffers: 4, num_warps: 4, num_ctas: 1, num_stages: 3, maxnreg: None
start 32768-16-12288
finish 32768-16-12288, (20/169) -> Max Dense: 46.56, Max Precomp: 82.87, Max Runtime: 36.75
dense config: BLOCK_SIZE_M: 128, BLOCK_SIZE_N: 64, BLOCK_SIZE_K: 128, num_buffers: 3, num_warps: 8, num_ctas: 1, num_stages: 3, maxnreg: None
precomp config: BLOCK_SIZE_M: 128, BLOCK_SIZE_N: 64, BLOCK_SIZE_K: 128, num_buffers: 4, num_warps: 4, num_ctas: 1, num_stages: 3, maxnreg: None
runtime config: BLOCK_SIZE_M: 128, BLOCK_SIZE_N: 64, BLOCK_SIZE_K: 128, num_buffers: 3, num_warps: 4, num_ctas: 1, num_stages: 3, maxnreg: None
start 49152-16-8192
finish 49152-16-8192, (21/169) -> Max Dense: 46.58, Max Precomp: 83.32, Max Runtime: 36.69
dense config: BLOCK_SIZE_M: 128, BLOCK_SIZE_N: 64, BLOCK_SIZE_K: 128, num_buffers: 3, num_warps: 8, num_ctas: 1, num_stages: 3, maxnreg: None
precomp config: BLOCK_SIZE_M: 128, BLOCK_SIZE_N: 64, BLOCK_SIZE_K: 128, num_buffers: 4, num_warps: 4, num_ctas: 1, num_stages: 3, maxnreg: None
runtime config: BLOCK_SIZE_M: 128, BLOCK_SIZE_N: 64, BLOCK_SIZE_K: 128, num_buffers: 3, num_warps: 8, num_ctas: 1, num_stages: 3, maxnreg: None
start 6144-16-49152
finish 6144-16-49152, (22/169) -> Max Dense: 43.17, Max Precomp: 58.19, Max Runtime: 22.01
dense config: BLOCK_SIZE_M: 64, BLOCK_SIZE_N: 64, BLOCK_SIZE_K: 128, num_buffers: 5, num_warps: 4, num_ctas: 1, num_stages: 3, maxnreg: None
precomp config: BLOCK_SIZE_M: 64, BLOCK_SIZE_N: 64, BLOCK_SIZE_K: 128, num_buffers: 6, num_warps: 4, num_ctas: 1, num_stages: 3, maxnreg: None
runtime config: BLOCK_SIZE_M: 64, BLOCK_SIZE_N: 64, BLOCK_SIZE_K: 128, num_buffers: 3, num_warps: 4, num_ctas: 1, num_stages: 3, maxnreg: None
start 12288-16-24576
finish 12288-16-24576, (23/169) -> Max Dense: 44.64, Max Precomp: 75.21, Max Runtime: 28.17
dense config: BLOCK_SIZE_M: 128, BLOCK_SIZE_N: 64, BLOCK_SIZE_K: 64, num_buffers: 5, num_warps: 4, num_ctas: 1, num_stages: 3, maxnreg: None
precomp config: BLOCK_SIZE_M: 128, BLOCK_SIZE_N: 64, BLOCK_SIZE_K: 128, num_buffers: 4, num_warps: 4, num_ctas: 1, num_stages: 3, maxnreg: None
runtime config: BLOCK_SIZE_M: 128, BLOCK_SIZE_N: 64, BLOCK_SIZE_K: 128, num_buffers: 3, num_warps: 4, num_ctas: 1, num_stages: 3, maxnreg: None
start 24576-16-12288
finish 24576-16-12288, (24/169) -> Max Dense: 44.92, Max Precomp: 71.52, Max Runtime: 29.01
dense config: BLOCK_SIZE_M: 64, BLOCK_SIZE_N: 64, BLOCK_SIZE_K: 128, num_buffers: 4, num_warps: 4, num_ctas: 1, num_stages: 3, maxnreg: None
precomp config: BLOCK_SIZE_M: 128, BLOCK_SIZE_N: 64, BLOCK_SIZE_K: 64, num_buffers: 7, num_warps: 4, num_ctas: 1, num_stages: 3, maxnreg: None
runtime config: BLOCK_SIZE_M: 64, BLOCK_SIZE_N: 64, BLOCK_SIZE_K: 128, num_buffers: 4, num_warps: 4, num_ctas: 1, num_stages: 3, maxnreg: None
start 49152-16-6144
finish 49152-16-6144, (25/169) -> Max Dense: 45.46, Max Precomp: 79.43, Max Runtime: 36.10
dense config: BLOCK_SIZE_M: 128, BLOCK_SIZE_N: 64, BLOCK_SIZE_K: 64, num_buffers: 5, num_warps: 4, num_ctas: 1, num_stages: 3, maxnreg: None
precomp config: BLOCK_SIZE_M: 128, BLOCK_SIZE_N: 64, BLOCK_SIZE_K: 128, num_buffers: 4, num_warps: 4, num_ctas: 1, num_stages: 3, maxnreg: None
runtime config: BLOCK_SIZE_M: 128, BLOCK_SIZE_N: 64, BLOCK_SIZE_K: 128, num_buffers: 3, num_warps: 8, num_ctas: 1, num_stages: 3, maxnreg: None
start 8192-16-32768
finish 8192-16-32768, (26/169) -> Max Dense: 45.56, Max Precomp: 66.54, Max Runtime: 28.96
dense config: BLOCK_SIZE_M: 64, BLOCK_SIZE_N: 64, BLOCK_SIZE_K: 128, num_buffers: 6, num_warps: 4, num_ctas: 1, num_stages: 3, maxnreg: None
precomp config: BLOCK_SIZE_M: 64, BLOCK_SIZE_N: 64, BLOCK_SIZE_K: 128, num_buffers: 6, num_warps: 4, num_ctas: 1, num_stages: 3, maxnreg: None
runtime config: BLOCK_SIZE_M: 64, BLOCK_SIZE_N: 64, BLOCK_SIZE_K: 128, num_buffers: 4, num_warps: 4, num_ctas: 1, num_stages: 3, maxnreg: None
start 16384-16-16384
finish 16384-16-16384, (27/169) -> Max Dense: 45.50, Max Precomp: 79.83, Max Runtime: 36.46
dense config: BLOCK_SIZE_M: 128, BLOCK_SIZE_N: 64, BLOCK_SIZE_K: 64, num_buffers: 5, num_warps: 4, num_ctas: 1, num_stages: 3, maxnreg: None
precomp config: BLOCK_SIZE_M: 128, BLOCK_SIZE_N: 64, BLOCK_SIZE_K: 128, num_buffers: 4, num_warps: 4, num_ctas: 1, num_stages: 3, maxnreg: None
runtime config: BLOCK_SIZE_M: 128, BLOCK_SIZE_N: 64, BLOCK_SIZE_K: 128, num_buffers: 4, num_warps: 4, num_ctas: 1, num_stages: 3, maxnreg: None
start 32768-16-8192
finish 32768-16-8192, (28/169) -> Max Dense: 44.40, Max Precomp: 78.86, Max Runtime: 35.74
dense config: BLOCK_SIZE_M: 64, BLOCK_SIZE_N: 64, BLOCK_SIZE_K: 128, num_buffers: 4, num_warps: 4, num_ctas: 1, num_stages: 3, maxnreg: None
precomp config: BLOCK_SIZE_M: 128, BLOCK_SIZE_N: 64, BLOCK_SIZE_K: 128, num_buffers: 4, num_warps: 4, num_ctas: 1, num_stages: 3, maxnreg: None
runtime config: BLOCK_SIZE_M: 256, BLOCK_SIZE_N: 128, BLOCK_SIZE_K: 64, num_buffers: 3, num_warps: 8, num_ctas: 1, num_stages: 3, maxnreg: None
start 4096-16-49152
finish 4096-16-49152, (29/169) -> Max Dense: 39.08, Max Precomp: 50.31, Max Runtime: 14.64
dense config: BLOCK_SIZE_M: 64, BLOCK_SIZE_N: 64, BLOCK_SIZE_K: 128, num_buffers: 6, num_warps: 4, num_ctas: 1, num_stages: 3, maxnreg: None
precomp config: BLOCK_SIZE_M: 64, BLOCK_SIZE_N: 64, BLOCK_SIZE_K: 128, num_buffers: 6, num_warps: 4, num_ctas: 1, num_stages: 3, maxnreg: None
runtime config: BLOCK_SIZE_M: 64, BLOCK_SIZE_N: 64, BLOCK_SIZE_K: 128, num_buffers: 4, num_warps: 4, num_ctas: 1, num_stages: 3, maxnreg: None
start 6144-16-32768
finish 6144-16-32768, (30/169) -> Max Dense: 41.81, Max Precomp: 55.68, Max Runtime: 21.75
dense config: BLOCK_SIZE_M: 64, BLOCK_SIZE_N: 64, BLOCK_SIZE_K: 128, num_buffers: 5, num_warps: 4, num_ctas: 1, num_stages: 3, maxnreg: None
precomp config: BLOCK_SIZE_M: 64, BLOCK_SIZE_N: 64, BLOCK_SIZE_K: 128, num_buffers: 6, num_warps: 4, num_ctas: 1, num_stages: 3, maxnreg: None
runtime config: BLOCK_SIZE_M: 64, BLOCK_SIZE_N: 64, BLOCK_SIZE_K: 128, num_buffers: 3, num_warps: 4, num_ctas: 1, num_stages: 3, maxnreg: None
start 8192-16-24576
finish 8192-16-24576, (31/169) -> Max Dense: 43.78, Max Precomp: 64.13, Max Runtime: 28.61
dense config: BLOCK_SIZE_M: 64, BLOCK_SIZE_N: 64, BLOCK_SIZE_K: 128, num_buffers: 6, num_warps: 4, num_ctas: 1, num_stages: 3, maxnreg: None
precomp config: BLOCK_SIZE_M: 64, BLOCK_SIZE_N: 64, BLOCK_SIZE_K: 128, num_buffers: 6, num_warps: 4, num_ctas: 1, num_stages: 3, maxnreg: None
runtime config: BLOCK_SIZE_M: 64, BLOCK_SIZE_N: 64, BLOCK_SIZE_K: 128, num_buffers: 4, num_warps: 4, num_ctas: 1, num_stages: 3, maxnreg: None
start 12288-16-16384
finish 12288-16-16384, (32/169) -> Max Dense: 43.62, Max Precomp: 71.89, Max Runtime: 27.64
dense config: BLOCK_SIZE_M: 128, BLOCK_SIZE_N: 64, BLOCK_SIZE_K: 64, num_buffers: 5, num_warps: 4, num_ctas: 1, num_stages: 3, maxnreg: None
precomp config: BLOCK_SIZE_M: 128, BLOCK_SIZE_N: 64, BLOCK_SIZE_K: 128, num_buffers: 4, num_warps: 4, num_ctas: 1, num_stages: 3, maxnreg: None
runtime config: BLOCK_SIZE_M: 128, BLOCK_SIZE_N: 64, BLOCK_SIZE_K: 128, num_buffers: 3, num_warps: 4, num_ctas: 1, num_stages: 3, maxnreg: None
start 16384-16-12288
finish 16384-16-12288, (33/169) -> Max Dense: 43.87, Max Precomp: 74.65, Max Runtime: 35.75
dense config: BLOCK_SIZE_M: 128, BLOCK_SIZE_N: 64, BLOCK_SIZE_K: 128, num_buffers: 4, num_warps: 8, num_ctas: 1, num_stages: 3, maxnreg: None
precomp config: BLOCK_SIZE_M: 128, BLOCK_SIZE_N: 64, BLOCK_SIZE_K: 128, num_buffers: 4, num_warps: 4, num_ctas: 1, num_stages: 3, maxnreg: None
runtime config: BLOCK_SIZE_M: 128, BLOCK_SIZE_N: 64, BLOCK_SIZE_K: 128, num_buffers: 4, num_warps: 4, num_ctas: 1, num_stages: 3, maxnreg: None
start 24576-16-8192
finish 24576-16-8192, (34/169) -> Max Dense: 43.37, Max Precomp: 68.30, Max Runtime: 28.47
dense config: BLOCK_SIZE_M: 64, BLOCK_SIZE_N: 64, BLOCK_SIZE_K: 128, num_buffers: 4, num_warps: 4, num_ctas: 1, num_stages: 3, maxnreg: None
precomp config: BLOCK_SIZE_M: 128, BLOCK_SIZE_N: 64, BLOCK_SIZE_K: 128, num_buffers: 4, num_warps: 4, num_ctas: 1, num_stages: 3, maxnreg: None
runtime config: BLOCK_SIZE_M: 64, BLOCK_SIZE_N: 64, BLOCK_SIZE_K: 128, num_buffers: 4, num_warps: 4, num_ctas: 1, num_stages: 3, maxnreg: None
start 32768-16-6144
finish 32768-16-6144, (35/169) -> Max Dense: 43.74, Max Precomp: 74.63, Max Runtime: 35.21
dense config: BLOCK_SIZE_M: 128, BLOCK_SIZE_N: 64, BLOCK_SIZE_K: 128, num_buffers: 4, num_warps: 8, num_ctas: 1, num_stages: 3, maxnreg: None
precomp config: BLOCK_SIZE_M: 128, BLOCK_SIZE_N: 64, BLOCK_SIZE_K: 128, num_buffers: 4, num_warps: 4, num_ctas: 1, num_stages: 3, maxnreg: None
runtime config: BLOCK_SIZE_M: 128, BLOCK_SIZE_N: 64, BLOCK_SIZE_K: 128, num_buffers: 3, num_warps: 8, num_ctas: 1, num_stages: 3, maxnreg: None
start 49152-16-4096
finish 49152-16-4096, (36/169) -> Max Dense: 43.79, Max Precomp: 74.34, Max Runtime: 35.13
dense config: BLOCK_SIZE_M: 128, BLOCK_SIZE_N: 64, BLOCK_SIZE_K: 128, num_buffers: 4, num_warps: 8, num_ctas: 1, num_stages: 3, maxnreg: None
precomp config: BLOCK_SIZE_M: 128, BLOCK_SIZE_N: 64, BLOCK_SIZE_K: 128, num_buffers: 4, num_warps: 4, num_ctas: 1, num_stages: 3, maxnreg: None
runtime config: BLOCK_SIZE_M: 128, BLOCK_SIZE_N: 64, BLOCK_SIZE_K: 128, num_buffers: 3, num_warps: 8, num_ctas: 1, num_stages: 3, maxnreg: None
start 3072-16-49152
finish 3072-16-49152, (37/169) -> Max Dense: 30.40, Max Precomp: 39.02, Max Runtime: 10.83
dense config: BLOCK_SIZE_M: 64, BLOCK_SIZE_N: 64, BLOCK_SIZE_K: 128, num_buffers: 6, num_warps: 4, num_ctas: 1, num_stages: 3, maxnreg: None
precomp config: BLOCK_SIZE_M: 64, BLOCK_SIZE_N: 64, BLOCK_SIZE_K: 128, num_buffers: 6, num_warps: 4, num_ctas: 1, num_stages: 3, maxnreg: None
runtime config: BLOCK_SIZE_M: 64, BLOCK_SIZE_N: 64, BLOCK_SIZE_K: 128, num_buffers: 4, num_warps: 4, num_ctas: 1, num_stages: 3, maxnreg: None
start 6144-16-24576
finish 6144-16-24576, (38/169) -> Max Dense: 40.35, Max Precomp: 54.24, Max Runtime: 21.49
dense config: BLOCK_SIZE_M: 64, BLOCK_SIZE_N: 64, BLOCK_SIZE_K: 128, num_buffers: 5, num_warps: 4, num_ctas: 1, num_stages: 3, maxnreg: None
precomp config: BLOCK_SIZE_M: 64, BLOCK_SIZE_N: 64, BLOCK_SIZE_K: 128, num_buffers: 6, num_warps: 4, num_ctas: 1, num_stages: 3, maxnreg: None
runtime config: BLOCK_SIZE_M: 64, BLOCK_SIZE_N: 64, BLOCK_SIZE_K: 128, num_buffers: 3, num_warps: 4, num_ctas: 1, num_stages: 3, maxnreg: None
start 12288-16-12288
finish 12288-16-12288, (39/169) -> Max Dense: 41.43, Max Precomp: 66.86, Max Runtime: 27.20
dense config: BLOCK_SIZE_M: 128, BLOCK_SIZE_N: 64, BLOCK_SIZE_K: 64, num_buffers: 5, num_warps: 4, num_ctas: 1, num_stages: 3, maxnreg: None
precomp config: BLOCK_SIZE_M: 128, BLOCK_SIZE_N: 64, BLOCK_SIZE_K: 128, num_buffers: 4, num_warps: 4, num_ctas: 1, num_stages: 3, maxnreg: None
runtime config: BLOCK_SIZE_M: 128, BLOCK_SIZE_N: 64, BLOCK_SIZE_K: 128, num_buffers: 3, num_warps: 4, num_ctas: 1, num_stages: 3, maxnreg: None
start 24576-16-6144
finish 24576-16-6144, (40/169) -> Max Dense: 41.24, Max Precomp: 65.00, Max Runtime: 28.03
dense config: BLOCK_SIZE_M: 64, BLOCK_SIZE_N: 64, BLOCK_SIZE_K: 128, num_buffers: 4, num_warps: 4, num_ctas: 1, num_stages: 3, maxnreg: None
precomp config: BLOCK_SIZE_M: 128, BLOCK_SIZE_N: 64, BLOCK_SIZE_K: 128, num_buffers: 4, num_warps: 4, num_ctas: 1, num_stages: 3, maxnreg: None
runtime config: BLOCK_SIZE_M: 64, BLOCK_SIZE_N: 64, BLOCK_SIZE_K: 128, num_buffers: 4, num_warps: 4, num_ctas: 1, num_stages: 3, maxnreg: None
start 49152-16-3072
finish 49152-16-3072, (41/169) -> Max Dense: 41.64, Max Precomp: 69.37, Max Runtime: 34.06
dense config: BLOCK_SIZE_M: 128, BLOCK_SIZE_N: 64, BLOCK_SIZE_K: 128, num_buffers: 4, num_warps: 8, num_ctas: 1, num_stages: 3, maxnreg: None
precomp config: BLOCK_SIZE_M: 128, BLOCK_SIZE_N: 64, BLOCK_SIZE_K: 128, num_buffers: 4, num_warps: 4, num_ctas: 1, num_stages: 3, maxnreg: None
runtime config: BLOCK_SIZE_M: 128, BLOCK_SIZE_N: 64, BLOCK_SIZE_K: 128, num_buffers: 3, num_warps: 8, num_ctas: 1, num_stages: 3, maxnreg: None
start 4096-16-32768
finish 4096-16-32768, (42/169) -> Max Dense: 37.64, Max Precomp: 48.26, Max Runtime: 14.45
dense config: BLOCK_SIZE_M: 64, BLOCK_SIZE_N: 64, BLOCK_SIZE_K: 128, num_buffers: 6, num_warps: 4, num_ctas: 1, num_stages: 3, maxnreg: None
precomp config: BLOCK_SIZE_M: 64, BLOCK_SIZE_N: 64, BLOCK_SIZE_K: 128, num_buffers: 6, num_warps: 4, num_ctas: 1, num_stages: 3, maxnreg: None
runtime config: BLOCK_SIZE_M: 64, BLOCK_SIZE_N: 64, BLOCK_SIZE_K: 128, num_buffers: 4, num_warps: 4, num_ctas: 1, num_stages: 3, maxnreg: None
start 8192-16-16384
finish 8192-16-16384, (43/169) -> Max Dense: 41.47, Max Precomp: 60.51, Max Runtime: 28.10
dense config: BLOCK_SIZE_M: 64, BLOCK_SIZE_N: 64, BLOCK_SIZE_K: 128, num_buffers: 6, num_warps: 4, num_ctas: 1, num_stages: 3, maxnreg: None
precomp config: BLOCK_SIZE_M: 64, BLOCK_SIZE_N: 64, BLOCK_SIZE_K: 128, num_buffers: 6, num_warps: 4, num_ctas: 1, num_stages: 3, maxnreg: None
runtime config: BLOCK_SIZE_M: 64, BLOCK_SIZE_N: 64, BLOCK_SIZE_K: 128, num_buffers: 4, num_warps: 4, num_ctas: 1, num_stages: 3, maxnreg: None
start 16384-16-8192
finish 16384-16-8192, (44/169) -> Max Dense: 41.68, Max Precomp: 68.62, Max Runtime: 34.39
dense config: BLOCK_SIZE_M: 128, BLOCK_SIZE_N: 64, BLOCK_SIZE_K: 128, num_buffers: 4, num_warps: 8, num_ctas: 1, num_stages: 3, maxnreg: None
precomp config: BLOCK_SIZE_M: 128, BLOCK_SIZE_N: 64, BLOCK_SIZE_K: 128, num_buffers: 4, num_warps: 4, num_ctas: 1, num_stages: 3, maxnreg: None
runtime config: BLOCK_SIZE_M: 128, BLOCK_SIZE_N: 64, BLOCK_SIZE_K: 128, num_buffers: 4, num_warps: 4, num_ctas: 1, num_stages: 3, maxnreg: None
start 32768-16-4096
finish 32768-16-4096, (45/169) -> Max Dense: 41.26, Max Precomp: 68.20, Max Runtime: 33.88
dense config: BLOCK_SIZE_M: 128, BLOCK_SIZE_N: 64, BLOCK_SIZE_K: 128, num_buffers: 4, num_warps: 4, num_ctas: 1, num_stages: 3, maxnreg: None
precomp config: BLOCK_SIZE_M: 128, BLOCK_SIZE_N: 64, BLOCK_SIZE_K: 128, num_buffers: 4, num_warps: 4, num_ctas: 1, num_stages: 3, maxnreg: None
runtime config: BLOCK_SIZE_M: 128, BLOCK_SIZE_N: 64, BLOCK_SIZE_K: 128, num_buffers: 3, num_warps: 8, num_ctas: 1, num_stages: 3, maxnreg: None
start 2048-16-49152
finish 2048-16-49152, (46/169) -> Max Dense: 22.54, Max Precomp: 29.01, Max Runtime: 7.23
dense config: BLOCK_SIZE_M: 64, BLOCK_SIZE_N: 64, BLOCK_SIZE_K: 128, num_buffers: 6, num_warps: 4, num_ctas: 1, num_stages: 3, maxnreg: None
precomp config: BLOCK_SIZE_M: 64, BLOCK_SIZE_N: 64, BLOCK_SIZE_K: 128, num_buffers: 6, num_warps: 4, num_ctas: 1, num_stages: 3, maxnreg: None
runtime config: BLOCK_SIZE_M: 64, BLOCK_SIZE_N: 64, BLOCK_SIZE_K: 128, num_buffers: 4, num_warps: 4, num_ctas: 1, num_stages: 3, maxnreg: None
start 3072-16-32768
finish 3072-16-32768, (47/169) -> Max Dense: 29.59, Max Precomp: 38.22, Max Runtime: 10.72
dense config: BLOCK_SIZE_M: 64, BLOCK_SIZE_N: 64, BLOCK_SIZE_K: 128, num_buffers: 6, num_warps: 4, num_ctas: 1, num_stages: 3, maxnreg: None
precomp config: BLOCK_SIZE_M: 64, BLOCK_SIZE_N: 64, BLOCK_SIZE_K: 128, num_buffers: 6, num_warps: 4, num_ctas: 1, num_stages: 3, maxnreg: None
runtime config: BLOCK_SIZE_M: 64, BLOCK_SIZE_N: 64, BLOCK_SIZE_K: 128, num_buffers: 4, num_warps: 4, num_ctas: 1, num_stages: 3, maxnreg: None
start 4096-16-24576
finish 4096-16-24576, (48/169) -> Max Dense: 35.93, Max Precomp: 46.44, Max Runtime: 14.28
dense config: BLOCK_SIZE_M: 64, BLOCK_SIZE_N: 64, BLOCK_SIZE_K: 128, num_buffers: 6, num_warps: 4, num_ctas: 1, num_stages: 3, maxnreg: None
precomp config: BLOCK_SIZE_M: 64, BLOCK_SIZE_N: 64, BLOCK_SIZE_K: 128, num_buffers: 6, num_warps: 4, num_ctas: 1, num_stages: 3, maxnreg: None
runtime config: BLOCK_SIZE_M: 64, BLOCK_SIZE_N: 64, BLOCK_SIZE_K: 128, num_buffers: 4, num_warps: 4, num_ctas: 1, num_stages: 3, maxnreg: None
start 6144-16-16384
finish 6144-16-16384, (49/169) -> Max Dense: 37.40, Max Precomp: 51.35, Max Runtime: 21.02
dense config: BLOCK_SIZE_M: 64, BLOCK_SIZE_N: 64, BLOCK_SIZE_K: 128, num_buffers: 5, num_warps: 4, num_ctas: 1, num_stages: 3, maxnreg: None
precomp config: BLOCK_SIZE_M: 64, BLOCK_SIZE_N: 64, BLOCK_SIZE_K: 128, num_buffers: 6, num_warps: 4, num_ctas: 1, num_stages: 3, maxnreg: None
runtime config: BLOCK_SIZE_M: 64, BLOCK_SIZE_N: 64, BLOCK_SIZE_K: 128, num_buffers: 3, num_warps: 4, num_ctas: 1, num_stages: 3, maxnreg: None
start 8192-16-12288
finish 8192-16-12288, (50/169) -> Max Dense: 39.13, Max Precomp: 57.12, Max Runtime: 27.58
dense config: BLOCK_SIZE_M: 64, BLOCK_SIZE_N: 64, BLOCK_SIZE_K: 128, num_buffers: 6, num_warps: 4, num_ctas: 1, num_stages: 3, maxnreg: None
precomp config: BLOCK_SIZE_M: 64, BLOCK_SIZE_N: 64, BLOCK_SIZE_K: 128, num_buffers: 6, num_warps: 4, num_ctas: 1, num_stages: 3, maxnreg: None
runtime config: BLOCK_SIZE_M: 64, BLOCK_SIZE_N: 64, BLOCK_SIZE_K: 128, num_buffers: 4, num_warps: 4, num_ctas: 1, num_stages: 3, maxnreg: None
start 12288-16-8192
finish 12288-16-8192, (51/169) -> Max Dense: 38.84, Max Precomp: 60.73, Max Runtime: 26.32
dense config: BLOCK_SIZE_M: 128, BLOCK_SIZE_N: 64, BLOCK_SIZE_K: 64, num_buffers: 5, num_warps: 4, num_ctas: 1, num_stages: 3, maxnreg: None
precomp config: BLOCK_SIZE_M: 128, BLOCK_SIZE_N: 64, BLOCK_SIZE_K: 128, num_buffers: 4, num_warps: 4, num_ctas: 1, num_stages: 3, maxnreg: None
runtime config: BLOCK_SIZE_M: 128, BLOCK_SIZE_N: 64, BLOCK_SIZE_K: 128, num_buffers: 3, num_warps: 4, num_ctas: 1, num_stages: 3, maxnreg: None
start 16384-16-6144
finish 16384-16-6144, (52/169) -> Max Dense: 39.30, Max Precomp: 62.78, Max Runtime: 33.07
dense config: BLOCK_SIZE_M: 128, BLOCK_SIZE_N: 64, BLOCK_SIZE_K: 64, num_buffers: 5, num_warps: 4, num_ctas: 1, num_stages: 3, maxnreg: None
precomp config: BLOCK_SIZE_M: 128, BLOCK_SIZE_N: 64, BLOCK_SIZE_K: 128, num_buffers: 4, num_warps: 4, num_ctas: 1, num_stages: 3, maxnreg: None
runtime config: BLOCK_SIZE_M: 128, BLOCK_SIZE_N: 64, BLOCK_SIZE_K: 128, num_buffers: 4, num_warps: 4, num_ctas: 1, num_stages: 3, maxnreg: None
start 24576-16-4096
finish 24576-16-4096, (53/169) -> Max Dense: 38.53, Max Precomp: 58.98, Max Runtime: 27.23
dense config: BLOCK_SIZE_M: 64, BLOCK_SIZE_N: 64, BLOCK_SIZE_K: 128, num_buffers: 6, num_warps: 4, num_ctas: 1, num_stages: 3, maxnreg: None
precomp config: BLOCK_SIZE_M: 128, BLOCK_SIZE_N: 64, BLOCK_SIZE_K: 128, num_buffers: 4, num_warps: 4, num_ctas: 1, num_stages: 3, maxnreg: None
runtime config: BLOCK_SIZE_M: 64, BLOCK_SIZE_N: 64, BLOCK_SIZE_K: 128, num_buffers: 4, num_warps: 4, num_ctas: 1, num_stages: 3, maxnreg: None
start 32768-16-3072
finish 32768-16-3072, (54/169) -> Max Dense: 39.00, Max Precomp: 62.20, Max Runtime: 32.47
dense config: BLOCK_SIZE_M: 128, BLOCK_SIZE_N: 64, BLOCK_SIZE_K: 64, num_buffers: 5, num_warps: 4, num_ctas: 1, num_stages: 3, maxnreg: None
precomp config: BLOCK_SIZE_M: 128, BLOCK_SIZE_N: 64, BLOCK_SIZE_K: 128, num_buffers: 4, num_warps: 4, num_ctas: 1, num_stages: 3, maxnreg: None
runtime config: BLOCK_SIZE_M: 128, BLOCK_SIZE_N: 64, BLOCK_SIZE_K: 128, num_buffers: 4, num_warps: 8, num_ctas: 1, num_stages: 3, maxnreg: None
start 49152-16-2048
finish 49152-16-2048, (55/169) -> Max Dense: 38.80, Max Precomp: 62.60, Max Runtime: 32.56
dense config: BLOCK_SIZE_M: 128, BLOCK_SIZE_N: 64, BLOCK_SIZE_K: 128, num_buffers: 4, num_warps: 4, num_ctas: 1, num_stages: 3, maxnreg: None
precomp config: BLOCK_SIZE_M: 128, BLOCK_SIZE_N: 64, BLOCK_SIZE_K: 128, num_buffers: 4, num_warps: 4, num_ctas: 1, num_stages: 3, maxnreg: None
runtime config: BLOCK_SIZE_M: 128, BLOCK_SIZE_N: 64, BLOCK_SIZE_K: 128, num_buffers: 3, num_warps: 8, num_ctas: 1, num_stages: 3, maxnreg: None
start 1536-16-49152
finish 1536-16-49152, (56/169) -> Max Dense: 18.68, Max Precomp: 24.35, Max Runtime: 5.40
dense config: BLOCK_SIZE_M: 64, BLOCK_SIZE_N: 64, BLOCK_SIZE_K: 128, num_buffers: 6, num_warps: 4, num_ctas: 1, num_stages: 3, maxnreg: None
precomp config: BLOCK_SIZE_M: 64, BLOCK_SIZE_N: 64, BLOCK_SIZE_K: 128, num_buffers: 6, num_warps: 4, num_ctas: 1, num_stages: 3, maxnreg: None
runtime config: BLOCK_SIZE_M: 64, BLOCK_SIZE_N: 64, BLOCK_SIZE_K: 256, num_buffers: 3, num_warps: 4, num_ctas: 1, num_stages: 3, maxnreg: None
start 3072-16-24576
finish 3072-16-24576, (57/169) -> Max Dense: 28.82, Max Precomp: 37.04, Max Runtime: 10.67
dense config: BLOCK_SIZE_M: 64, BLOCK_SIZE_N: 64, BLOCK_SIZE_K: 128, num_buffers: 6, num_warps: 4, num_ctas: 1, num_stages: 3, maxnreg: None
precomp config: BLOCK_SIZE_M: 64, BLOCK_SIZE_N: 64, BLOCK_SIZE_K: 128, num_buffers: 6, num_warps: 4, num_ctas: 1, num_stages: 3, maxnreg: None
runtime config: BLOCK_SIZE_M: 64, BLOCK_SIZE_N: 64, BLOCK_SIZE_K: 128, num_buffers: 4, num_warps: 4, num_ctas: 1, num_stages: 3, maxnreg: None
start 6144-16-12288
finish 6144-16-12288, (58/169) -> Max Dense: 35.05, Max Precomp: 48.89, Max Runtime: 20.65
dense config: BLOCK_SIZE_M: 64, BLOCK_SIZE_N: 64, BLOCK_SIZE_K: 128, num_buffers: 5, num_warps: 4, num_ctas: 1, num_stages: 3, maxnreg: None
precomp config: BLOCK_SIZE_M: 64, BLOCK_SIZE_N: 64, BLOCK_SIZE_K: 128, num_buffers: 6, num_warps: 4, num_ctas: 1, num_stages: 3, maxnreg: None
runtime config: BLOCK_SIZE_M: 64, BLOCK_SIZE_N: 64, BLOCK_SIZE_K: 128, num_buffers: 4, num_warps: 4, num_ctas: 1, num_stages: 3, maxnreg: None
start 12288-16-6144
finish 12288-16-6144, (59/169) -> Max Dense: 36.25, Max Precomp: 55.52, Max Runtime: 25.45
dense config: BLOCK_SIZE_M: 128, BLOCK_SIZE_N: 64, BLOCK_SIZE_K: 64, num_buffers: 5, num_warps: 4, num_ctas: 1, num_stages: 3, maxnreg: None
precomp config: BLOCK_SIZE_M: 128, BLOCK_SIZE_N: 64, BLOCK_SIZE_K: 128, num_buffers: 4, num_warps: 4, num_ctas: 1, num_stages: 3, maxnreg: None
runtime config: BLOCK_SIZE_M: 128, BLOCK_SIZE_N: 64, BLOCK_SIZE_K: 128, num_buffers: 3, num_warps: 4, num_ctas: 1, num_stages: 3, maxnreg: None
start 24576-16-3072
finish 24576-16-3072, (60/169) -> Max Dense: 36.23, Max Precomp: 54.76, Max Runtime: 26.24
dense config: BLOCK_SIZE_M: 64, BLOCK_SIZE_N: 64, BLOCK_SIZE_K: 128, num_buffers: 5, num_warps: 4, num_ctas: 1, num_stages: 3, maxnreg: None
precomp config: BLOCK_SIZE_M: 128, BLOCK_SIZE_N: 64, BLOCK_SIZE_K: 128, num_buffers: 4, num_warps: 4, num_ctas: 1, num_stages: 3, maxnreg: None
runtime config: BLOCK_SIZE_M: 64, BLOCK_SIZE_N: 64, BLOCK_SIZE_K: 128, num_buffers: 4, num_warps: 4, num_ctas: 1, num_stages: 3, maxnreg: None
start 49152-16-1536
finish 49152-16-1536, (61/169) -> Max Dense: 36.30, Max Precomp: 56.29, Max Runtime: 31.13
dense config: BLOCK_SIZE_M: 128, BLOCK_SIZE_N: 64, BLOCK_SIZE_K: 128, num_buffers: 4, num_warps: 4, num_ctas: 1, num_stages: 3, maxnreg: None
precomp config: BLOCK_SIZE_M: 128, BLOCK_SIZE_N: 64, BLOCK_SIZE_K: 128, num_buffers: 4, num_warps: 4, num_ctas: 1, num_stages: 3, maxnreg: None
runtime config: BLOCK_SIZE_M: 128, BLOCK_SIZE_N: 64, BLOCK_SIZE_K: 128, num_buffers: 4, num_warps: 8, num_ctas: 1, num_stages: 3, maxnreg: None
start 2048-16-32768
finish 2048-16-32768, (62/169) -> Max Dense: 22.06, Max Precomp: 28.52, Max Runtime: 7.14
dense config: BLOCK_SIZE_M: 64, BLOCK_SIZE_N: 64, BLOCK_SIZE_K: 128, num_buffers: 6, num_warps: 4, num_ctas: 1, num_stages: 3, maxnreg: None
precomp config: BLOCK_SIZE_M: 64, BLOCK_SIZE_N: 64, BLOCK_SIZE_K: 128, num_buffers: 6, num_warps: 4, num_ctas: 1, num_stages: 3, maxnreg: None
runtime config: BLOCK_SIZE_M: 64, BLOCK_SIZE_N: 64, BLOCK_SIZE_K: 128, num_buffers: 4, num_warps: 4, num_ctas: 1, num_stages: 3, maxnreg: None
start 4096-16-16384
finish 4096-16-16384, (63/169) -> Max Dense: 33.34, Max Precomp: 42.76, Max Runtime: 14.08
dense config: BLOCK_SIZE_M: 64, BLOCK_SIZE_N: 64, BLOCK_SIZE_K: 128, num_buffers: 6, num_warps: 4, num_ctas: 1, num_stages: 3, maxnreg: None
precomp config: BLOCK_SIZE_M: 64, BLOCK_SIZE_N: 64, BLOCK_SIZE_K: 128, num_buffers: 6, num_warps: 4, num_ctas: 1, num_stages: 3, maxnreg: None
runtime config: BLOCK_SIZE_M: 64, BLOCK_SIZE_N: 64, BLOCK_SIZE_K: 128, num_buffers: 5, num_warps: 4, num_ctas: 1, num_stages: 3, maxnreg: None
start 8192-16-8192
finish 8192-16-8192, (64/169) -> Max Dense: 35.27, Max Precomp: 51.49, Max Runtime: 26.36
dense config: BLOCK_SIZE_M: 64, BLOCK_SIZE_N: 64, BLOCK_SIZE_K: 128, num_buffers: 5, num_warps: 4, num_ctas: 1, num_stages: 3, maxnreg: None
precomp config: BLOCK_SIZE_M: 64, BLOCK_SIZE_N: 64, BLOCK_SIZE_K: 128, num_buffers: 6, num_warps: 4, num_ctas: 1, num_stages: 3, maxnreg: None
runtime config: BLOCK_SIZE_M: 64, BLOCK_SIZE_N: 64, BLOCK_SIZE_K: 128, num_buffers: 5, num_warps: 4, num_ctas: 1, num_stages: 3, maxnreg: None
start 16384-16-4096
finish 16384-16-4096, (65/169) -> Max Dense: 35.38, Max Precomp: 55.08, Max Runtime: 30.74
dense config: BLOCK_SIZE_M: 128, BLOCK_SIZE_N: 64, BLOCK_SIZE_K: 128, num_buffers: 4, num_warps: 4, num_ctas: 1, num_stages: 3, maxnreg: None
precomp config: BLOCK_SIZE_M: 128, BLOCK_SIZE_N: 64, BLOCK_SIZE_K: 128, num_buffers: 4, num_warps: 4, num_ctas: 1, num_stages: 3, maxnreg: None
runtime config: BLOCK_SIZE_M: 128, BLOCK_SIZE_N: 64, BLOCK_SIZE_K: 128, num_buffers: 4, num_warps: 4, num_ctas: 1, num_stages: 3, maxnreg: None
start 32768-16-2048
finish 32768-16-2048, (66/169) -> Max Dense: 35.53, Max Precomp: 55.27, Max Runtime: 30.69
dense config: BLOCK_SIZE_M: 128, BLOCK_SIZE_N: 64, BLOCK_SIZE_K: 64, num_buffers: 5, num_warps: 4, num_ctas: 1, num_stages: 3, maxnreg: None
precomp config: BLOCK_SIZE_M: 128, BLOCK_SIZE_N: 64, BLOCK_SIZE_K: 128, num_buffers: 4, num_warps: 4, num_ctas: 1, num_stages: 3, maxnreg: None
runtime config: BLOCK_SIZE_M: 128, BLOCK_SIZE_N: 64, BLOCK_SIZE_K: 128, num_buffers: 4, num_warps: 8, num_ctas: 1, num_stages: 3, maxnreg: None
start 1024-16-49152
finish 1024-16-49152, (67/169) -> Max Dense: 14.09, Max Precomp: 16.57, Max Runtime: 3.62
dense config: BLOCK_SIZE_M: 64, BLOCK_SIZE_N: 64, BLOCK_SIZE_K: 128, num_buffers: 6, num_warps: 4, num_ctas: 1, num_stages: 3, maxnreg: None
precomp config: BLOCK_SIZE_M: 64, BLOCK_SIZE_N: 64, BLOCK_SIZE_K: 128, num_buffers: 6, num_warps: 4, num_ctas: 1, num_stages: 3, maxnreg: None
runtime config: BLOCK_SIZE_M: 64, BLOCK_SIZE_N: 64, BLOCK_SIZE_K: 128, num_buffers: 4, num_warps: 4, num_ctas: 1, num_stages: 3, maxnreg: None
start 1536-16-32768
finish 1536-16-32768, (68/169) -> Max Dense: 18.37, Max Precomp: 23.36, Max Runtime: 5.36
dense config: BLOCK_SIZE_M: 64, BLOCK_SIZE_N: 64, BLOCK_SIZE_K: 128, num_buffers: 6, num_warps: 4, num_ctas: 1, num_stages: 3, maxnreg: None
precomp config: BLOCK_SIZE_M: 64, BLOCK_SIZE_N: 64, BLOCK_SIZE_K: 128, num_buffers: 6, num_warps: 4, num_ctas: 1, num_stages: 3, maxnreg: None
runtime config: BLOCK_SIZE_M: 64, BLOCK_SIZE_N: 64, BLOCK_SIZE_K: 128, num_buffers: 4, num_warps: 4, num_ctas: 1, num_stages: 3, maxnreg: None
start 2048-16-24576
finish 2048-16-24576, (69/169) -> Max Dense: 21.65, Max Precomp: 27.82, Max Runtime: 7.09
dense config: BLOCK_SIZE_M: 64, BLOCK_SIZE_N: 64, BLOCK_SIZE_K: 128, num_buffers: 6, num_warps: 4, num_ctas: 1, num_stages: 3, maxnreg: None
precomp config: BLOCK_SIZE_M: 64, BLOCK_SIZE_N: 64, BLOCK_SIZE_K: 128, num_buffers: 6, num_warps: 4, num_ctas: 1, num_stages: 3, maxnreg: None
runtime config: BLOCK_SIZE_M: 64, BLOCK_SIZE_N: 64, BLOCK_SIZE_K: 128, num_buffers: 4, num_warps: 4, num_ctas: 1, num_stages: 3, maxnreg: None
start 3072-16-16384
finish 3072-16-16384, (70/169) -> Max Dense: 27.10, Max Precomp: 34.81, Max Runtime: 10.45
dense config: BLOCK_SIZE_M: 64, BLOCK_SIZE_N: 64, BLOCK_SIZE_K: 128, num_buffers: 6, num_warps: 4, num_ctas: 1, num_stages: 3, maxnreg: None
precomp config: BLOCK_SIZE_M: 64, BLOCK_SIZE_N: 64, BLOCK_SIZE_K: 128, num_buffers: 6, num_warps: 4, num_ctas: 1, num_stages: 3, maxnreg: None
runtime config: BLOCK_SIZE_M: 64, BLOCK_SIZE_N: 64, BLOCK_SIZE_K: 128, num_buffers: 4, num_warps: 4, num_ctas: 1, num_stages: 3, maxnreg: None
start 4096-16-12288
finish 4096-16-12288, (71/169) -> Max Dense: 30.84, Max Precomp: 39.38, Max Runtime: 13.86
dense config: BLOCK_SIZE_M: 64, BLOCK_SIZE_N: 64, BLOCK_SIZE_K: 128, num_buffers: 6, num_warps: 4, num_ctas: 1, num_stages: 3, maxnreg: None
precomp config: BLOCK_SIZE_M: 64, BLOCK_SIZE_N: 64, BLOCK_SIZE_K: 128, num_buffers: 6, num_warps: 4, num_ctas: 1, num_stages: 3, maxnreg: None
runtime config: BLOCK_SIZE_M: 64, BLOCK_SIZE_N: 64, BLOCK_SIZE_K: 128, num_buffers: 5, num_warps: 4, num_ctas: 1, num_stages: 3, maxnreg: None
start 6144-16-8192
finish 6144-16-8192, (72/169) -> Max Dense: 31.31, Max Precomp: 44.18, Max Runtime: 19.73
dense config: BLOCK_SIZE_M: 64, BLOCK_SIZE_N: 64, BLOCK_SIZE_K: 128, num_buffers: 5, num_warps: 4, num_ctas: 1, num_stages: 3, maxnreg: None
precomp config: BLOCK_SIZE_M: 64, BLOCK_SIZE_N: 64, BLOCK_SIZE_K: 128, num_buffers: 6, num_warps: 4, num_ctas: 1, num_stages: 3, maxnreg: None
runtime config: BLOCK_SIZE_M: 64, BLOCK_SIZE_N: 64, BLOCK_SIZE_K: 128, num_buffers: 4, num_warps: 4, num_ctas: 1, num_stages: 3, maxnreg: None
start 8192-16-6144
finish 8192-16-6144, (73/169) -> Max Dense: 32.25, Max Precomp: 47.08, Max Runtime: 25.32
dense config: BLOCK_SIZE_M: 64, BLOCK_SIZE_N: 64, BLOCK_SIZE_K: 128, num_buffers: 5, num_warps: 4, num_ctas: 1, num_stages: 3, maxnreg: None
precomp config: BLOCK_SIZE_M: 64, BLOCK_SIZE_N: 64, BLOCK_SIZE_K: 128, num_buffers: 6, num_warps: 4, num_ctas: 1, num_stages: 3, maxnreg: None
runtime config: BLOCK_SIZE_M: 64, BLOCK_SIZE_N: 64, BLOCK_SIZE_K: 128, num_buffers: 5, num_warps: 4, num_ctas: 1, num_stages: 3, maxnreg: None
start 12288-16-4096
finish 12288-16-4096, (74/169) -> Max Dense: 32.25, Max Precomp: 48.17, Max Runtime: 23.99
dense config: BLOCK_SIZE_M: 128, BLOCK_SIZE_N: 64, BLOCK_SIZE_K: 64, num_buffers: 5, num_warps: 4, num_ctas: 1, num_stages: 3, maxnreg: None
precomp config: BLOCK_SIZE_M: 128, BLOCK_SIZE_N: 64, BLOCK_SIZE_K: 128, num_buffers: 4, num_warps: 4, num_ctas: 1, num_stages: 3, maxnreg: None
runtime config: BLOCK_SIZE_M: 128, BLOCK_SIZE_N: 64, BLOCK_SIZE_K: 128, num_buffers: 3, num_warps: 8, num_ctas: 1, num_stages: 3, maxnreg: None
start 16384-16-3072
finish 16384-16-3072, (75/169) -> Max Dense: 32.51, Max Precomp: 49.85, Max Runtime: 28.98
dense config: BLOCK_SIZE_M: 128, BLOCK_SIZE_N: 64, BLOCK_SIZE_K: 64, num_buffers: 5, num_warps: 4, num_ctas: 1, num_stages: 3, maxnreg: None
precomp config: BLOCK_SIZE_M: 128, BLOCK_SIZE_N: 64, BLOCK_SIZE_K: 128, num_buffers: 4, num_warps: 4, num_ctas: 1, num_stages: 3, maxnreg: None
runtime config: BLOCK_SIZE_M: 128, BLOCK_SIZE_N: 64, BLOCK_SIZE_K: 128, num_buffers: 4, num_warps: 8, num_ctas: 1, num_stages: 3, maxnreg: None
start 24576-16-2048
finish 24576-16-2048, (76/169) -> Max Dense: 32.40, Max Precomp: 48.78, Max Runtime: 24.70
dense config: BLOCK_SIZE_M: 128, BLOCK_SIZE_N: 64, BLOCK_SIZE_K: 64, num_buffers: 5, num_warps: 4, num_ctas: 1, num_stages: 3, maxnreg: None
precomp config: BLOCK_SIZE_M: 128, BLOCK_SIZE_N: 64, BLOCK_SIZE_K: 128, num_buffers: 4, num_warps: 4, num_ctas: 1, num_stages: 3, maxnreg: None
runtime config: BLOCK_SIZE_M: 64, BLOCK_SIZE_N: 64, BLOCK_SIZE_K: 128, num_buffers: 4, num_warps: 4, num_ctas: 1, num_stages: 3, maxnreg: None
start 32768-16-1536
finish 32768-16-1536, (77/169) -> Max Dense: 32.44, Max Precomp: 49.52, Max Runtime: 28.82
dense config: BLOCK_SIZE_M: 128, BLOCK_SIZE_N: 64, BLOCK_SIZE_K: 64, num_buffers: 7, num_warps: 4, num_ctas: 1, num_stages: 3, maxnreg: None
precomp config: BLOCK_SIZE_M: 128, BLOCK_SIZE_N: 64, BLOCK_SIZE_K: 128, num_buffers: 4, num_warps: 4, num_ctas: 1, num_stages: 3, maxnreg: None
runtime config: BLOCK_SIZE_M: 128, BLOCK_SIZE_N: 64, BLOCK_SIZE_K: 128, num_buffers: 4, num_warps: 8, num_ctas: 1, num_stages: 3, maxnreg: None
start 49152-16-1024
finish 49152-16-1024, (78/169) -> Max Dense: 32.66, Max Precomp: 49.44, Max Runtime: 28.97
dense config: BLOCK_SIZE_M: 128, BLOCK_SIZE_N: 64, BLOCK_SIZE_K: 64, num_buffers: 5, num_warps: 4, num_ctas: 1, num_stages: 3, maxnreg: None
precomp config: BLOCK_SIZE_M: 128, BLOCK_SIZE_N: 64, BLOCK_SIZE_K: 128, num_buffers: 4, num_warps: 4, num_ctas: 1, num_stages: 3, maxnreg: None
runtime config: BLOCK_SIZE_M: 128, BLOCK_SIZE_N: 64, BLOCK_SIZE_K: 128, num_buffers: 4, num_warps: 8, num_ctas: 1, num_stages: 3, maxnreg: None
start 768-16-49152
finish 768-16-49152, (79/169) -> Max Dense: 10.64, Max Precomp: 12.49, Max Runtime: 2.72
dense config: BLOCK_SIZE_M: 64, BLOCK_SIZE_N: 64, BLOCK_SIZE_K: 128, num_buffers: 6, num_warps: 4, num_ctas: 1, num_stages: 3, maxnreg: None
precomp config: BLOCK_SIZE_M: 64, BLOCK_SIZE_N: 64, BLOCK_SIZE_K: 128, num_buffers: 6, num_warps: 4, num_ctas: 1, num_stages: 3, maxnreg: None
runtime config: BLOCK_SIZE_M: 64, BLOCK_SIZE_N: 64, BLOCK_SIZE_K: 128, num_buffers: 4, num_warps: 4, num_ctas: 1, num_stages: 3, maxnreg: None
start 1536-16-24576
finish 1536-16-24576, (80/169) -> Max Dense: 18.01, Max Precomp: 22.55, Max Runtime: 5.33
dense config: BLOCK_SIZE_M: 64, BLOCK_SIZE_N: 64, BLOCK_SIZE_K: 128, num_buffers: 6, num_warps: 4, num_ctas: 1, num_stages: 3, maxnreg: None
precomp config: BLOCK_SIZE_M: 64, BLOCK_SIZE_N: 64, BLOCK_SIZE_K: 128, num_buffers: 6, num_warps: 4, num_ctas: 1, num_stages: 3, maxnreg: None
runtime config: BLOCK_SIZE_M: 64, BLOCK_SIZE_N: 64, BLOCK_SIZE_K: 128, num_buffers: 4, num_warps: 4, num_ctas: 1, num_stages: 3, maxnreg: None
start 3072-16-12288
finish 3072-16-12288, (81/169) -> Max Dense: 25.62, Max Precomp: 32.72, Max Runtime: 10.33
dense config: BLOCK_SIZE_M: 64, BLOCK_SIZE_N: 64, BLOCK_SIZE_K: 128, num_buffers: 6, num_warps: 4, num_ctas: 1, num_stages: 3, maxnreg: None
precomp config: BLOCK_SIZE_M: 64, BLOCK_SIZE_N: 64, BLOCK_SIZE_K: 128, num_buffers: 6, num_warps: 4, num_ctas: 1, num_stages: 3, maxnreg: None
runtime config: BLOCK_SIZE_M: 64, BLOCK_SIZE_N: 64, BLOCK_SIZE_K: 128, num_buffers: 4, num_warps: 4, num_ctas: 1, num_stages: 3, maxnreg: None
start 6144-16-6144
finish 6144-16-6144, (82/169) -> Max Dense: 28.94, Max Precomp: 40.82, Max Runtime: 19.13
dense config: BLOCK_SIZE_M: 64, BLOCK_SIZE_N: 64, BLOCK_SIZE_K: 128, num_buffers: 5, num_warps: 4, num_ctas: 1, num_stages: 3, maxnreg: None
precomp config: BLOCK_SIZE_M: 64, BLOCK_SIZE_N: 64, BLOCK_SIZE_K: 128, num_buffers: 6, num_warps: 4, num_ctas: 1, num_stages: 3, maxnreg: None
runtime config: BLOCK_SIZE_M: 64, BLOCK_SIZE_N: 64, BLOCK_SIZE_K: 128, num_buffers: 4, num_warps: 4, num_ctas: 1, num_stages: 3, maxnreg: None
start 12288-16-3072
finish 12288-16-3072, (83/169) -> Max Dense: 29.32, Max Precomp: 44.67, Max Runtime: 22.74
dense config: BLOCK_SIZE_M: 128, BLOCK_SIZE_N: 64, BLOCK_SIZE_K: 64, num_buffers: 5, num_warps: 4, num_ctas: 1, num_stages: 3, maxnreg: None
precomp config: BLOCK_SIZE_M: 128, BLOCK_SIZE_N: 64, BLOCK_SIZE_K: 128, num_buffers: 4, num_warps: 4, num_ctas: 1, num_stages: 3, maxnreg: None
runtime config: BLOCK_SIZE_M: 128, BLOCK_SIZE_N: 64, BLOCK_SIZE_K: 128, num_buffers: 3, num_warps: 8, num_ctas: 1, num_stages: 3, maxnreg: None
start 24576-16-1536
finish 24576-16-1536, (84/169) -> Max Dense: 29.25, Max Precomp: 44.13, Max Runtime: 23.33
dense config: BLOCK_SIZE_M: 128, BLOCK_SIZE_N: 64, BLOCK_SIZE_K: 64, num_buffers: 6, num_warps: 4, num_ctas: 1, num_stages: 3, maxnreg: None
precomp config: BLOCK_SIZE_M: 128, BLOCK_SIZE_N: 64, BLOCK_SIZE_K: 128, num_buffers: 4, num_warps: 4, num_ctas: 1, num_stages: 3, maxnreg: None
runtime config: BLOCK_SIZE_M: 64, BLOCK_SIZE_N: 64, BLOCK_SIZE_K: 128, num_buffers: 4, num_warps: 4, num_ctas: 1, num_stages: 3, maxnreg: None
start 49152-16-768
finish 49152-16-768, (85/169) -> Max Dense: 29.63, Max Precomp: 45.86, Max Runtime: 26.98
dense config: BLOCK_SIZE_M: 128, BLOCK_SIZE_N: 64, BLOCK_SIZE_K: 64, num_buffers: 6, num_warps: 4, num_ctas: 1, num_stages: 3, maxnreg: None
precomp config: BLOCK_SIZE_M: 128, BLOCK_SIZE_N: 64, BLOCK_SIZE_K: 128, num_buffers: 4, num_warps: 4, num_ctas: 1, num_stages: 3, maxnreg: None
runtime config: BLOCK_SIZE_M: 128, BLOCK_SIZE_N: 64, BLOCK_SIZE_K: 128, num_buffers: 4, num_warps: 8, num_ctas: 1, num_stages: 3, maxnreg: None
start 1024-16-32768
finish 1024-16-32768, (86/169) -> Max Dense: 13.79, Max Precomp: 16.05, Max Runtime: 3.59
dense config: BLOCK_SIZE_M: 64, BLOCK_SIZE_N: 64, BLOCK_SIZE_K: 128, num_buffers: 6, num_warps: 4, num_ctas: 1, num_stages: 3, maxnreg: None
precomp config: BLOCK_SIZE_M: 64, BLOCK_SIZE_N: 64, BLOCK_SIZE_K: 128, num_buffers: 6, num_warps: 4, num_ctas: 1, num_stages: 3, maxnreg: None
runtime config: BLOCK_SIZE_M: 64, BLOCK_SIZE_N: 64, BLOCK_SIZE_K: 128, num_buffers: 4, num_warps: 4, num_ctas: 1, num_stages: 3, maxnreg: None
start 2048-16-16384
finish 2048-16-16384, (87/169) -> Max Dense: 20.61, Max Precomp: 26.25, Max Runtime: 6.99
dense config: BLOCK_SIZE_M: 64, BLOCK_SIZE_N: 64, BLOCK_SIZE_K: 128, num_buffers: 6, num_warps: 4, num_ctas: 1, num_stages: 3, maxnreg: None
precomp config: BLOCK_SIZE_M: 64, BLOCK_SIZE_N: 64, BLOCK_SIZE_K: 128, num_buffers: 6, num_warps: 4, num_ctas: 1, num_stages: 3, maxnreg: None
runtime config: BLOCK_SIZE_M: 64, BLOCK_SIZE_N: 64, BLOCK_SIZE_K: 128, num_buffers: 4, num_warps: 4, num_ctas: 1, num_stages: 3, maxnreg: None
start 4096-16-8192
finish 4096-16-8192, (88/169) -> Max Dense: 27.05, Max Precomp: 36.19, Max Runtime: 13.35
dense config: BLOCK_SIZE_M: 64, BLOCK_SIZE_N: 64, BLOCK_SIZE_K: 128, num_buffers: 6, num_warps: 4, num_ctas: 1, num_stages: 3, maxnreg: None
precomp config: BLOCK_SIZE_M: 64, BLOCK_SIZE_N: 64, BLOCK_SIZE_K: 128, num_buffers: 6, num_warps: 4, num_ctas: 1, num_stages: 3, maxnreg: None
runtime config: BLOCK_SIZE_M: 64, BLOCK_SIZE_N: 64, BLOCK_SIZE_K: 128, num_buffers: 4, num_warps: 4, num_ctas: 1, num_stages: 3, maxnreg: None
start 8192-16-4096
finish 8192-16-4096, (89/169) -> Max Dense: 28.35, Max Precomp: 41.99, Max Runtime: 23.55
dense config: BLOCK_SIZE_M: 64, BLOCK_SIZE_N: 64, BLOCK_SIZE_K: 128, num_buffers: 5, num_warps: 4, num_ctas: 1, num_stages: 3, maxnreg: None
precomp config: BLOCK_SIZE_M: 64, BLOCK_SIZE_N: 64, BLOCK_SIZE_K: 128, num_buffers: 6, num_warps: 4, num_ctas: 1, num_stages: 3, maxnreg: None
runtime config: BLOCK_SIZE_M: 64, BLOCK_SIZE_N: 64, BLOCK_SIZE_K: 128, num_buffers: 5, num_warps: 4, num_ctas: 1, num_stages: 3, maxnreg: None
start 16384-16-2048
finish 16384-16-2048, (90/169) -> Max Dense: 28.99, Max Precomp: 44.64, Max Runtime: 26.12
dense config: BLOCK_SIZE_M: 128, BLOCK_SIZE_N: 64, BLOCK_SIZE_K: 64, num_buffers: 7, num_warps: 4, num_ctas: 1, num_stages: 3, maxnreg: None
precomp config: BLOCK_SIZE_M: 128, BLOCK_SIZE_N: 64, BLOCK_SIZE_K: 128, num_buffers: 4, num_warps: 4, num_ctas: 1, num_stages: 3, maxnreg: None
runtime config: BLOCK_SIZE_M: 128, BLOCK_SIZE_N: 64, BLOCK_SIZE_K: 128, num_buffers: 4, num_warps: 8, num_ctas: 1, num_stages: 3, maxnreg: None
start 32768-16-1024
finish 32768-16-1024, (91/169) -> Max Dense: 29.24, Max Precomp: 44.02, Max Runtime: 26.26
dense config: BLOCK_SIZE_M: 128, BLOCK_SIZE_N: 64, BLOCK_SIZE_K: 64, num_buffers: 7, num_warps: 4, num_ctas: 1, num_stages: 3, maxnreg: None
precomp config: BLOCK_SIZE_M: 128, BLOCK_SIZE_N: 64, BLOCK_SIZE_K: 128, num_buffers: 4, num_warps: 4, num_ctas: 1, num_stages: 3, maxnreg: None
runtime config: BLOCK_SIZE_M: 128, BLOCK_SIZE_N: 64, BLOCK_SIZE_K: 128, num_buffers: 4, num_warps: 8, num_ctas: 1, num_stages: 3, maxnreg: None
start 768-16-32768
finish 768-16-32768, (92/169) -> Max Dense: 10.36, Max Precomp: 12.10, Max Runtime: 2.70
dense config: BLOCK_SIZE_M: 64, BLOCK_SIZE_N: 64, BLOCK_SIZE_K: 128, num_buffers: 6, num_warps: 4, num_ctas: 1, num_stages: 3, maxnreg: None
precomp config: BLOCK_SIZE_M: 64, BLOCK_SIZE_N: 64, BLOCK_SIZE_K: 128, num_buffers: 6, num_warps: 4, num_ctas: 1, num_stages: 3, maxnreg: None
runtime config: BLOCK_SIZE_M: 64, BLOCK_SIZE_N: 64, BLOCK_SIZE_K: 128, num_buffers: 4, num_warps: 4, num_ctas: 1, num_stages: 3, maxnreg: None
start 1024-16-24576
finish 1024-16-24576, (93/169) -> Max Dense: 13.44, Max Precomp: 15.60, Max Runtime: 3.57
dense config: BLOCK_SIZE_M: 64, BLOCK_SIZE_N: 64, BLOCK_SIZE_K: 128, num_buffers: 6, num_warps: 4, num_ctas: 1, num_stages: 3, maxnreg: None
precomp config: BLOCK_SIZE_M: 64, BLOCK_SIZE_N: 64, BLOCK_SIZE_K: 128, num_buffers: 6, num_warps: 4, num_ctas: 1, num_stages: 3, maxnreg: None
runtime config: BLOCK_SIZE_M: 64, BLOCK_SIZE_N: 64, BLOCK_SIZE_K: 128, num_buffers: 4, num_warps: 4, num_ctas: 1, num_stages: 3, maxnreg: None
start 1536-16-16384
finish 1536-16-16384, (94/169) -> Max Dense: 17.18, Max Precomp: 21.28, Max Runtime: 5.26
dense config: BLOCK_SIZE_M: 64, BLOCK_SIZE_N: 64, BLOCK_SIZE_K: 128, num_buffers: 6, num_warps: 4, num_ctas: 1, num_stages: 3, maxnreg: None
precomp config: BLOCK_SIZE_M: 64, BLOCK_SIZE_N: 64, BLOCK_SIZE_K: 128, num_buffers: 6, num_warps: 4, num_ctas: 1, num_stages: 3, maxnreg: None
runtime config: BLOCK_SIZE_M: 64, BLOCK_SIZE_N: 64, BLOCK_SIZE_K: 128, num_buffers: 4, num_warps: 4, num_ctas: 1, num_stages: 3, maxnreg: None
start 2048-16-12288
finish 2048-16-12288, (95/169) -> Max Dense: 19.73, Max Precomp: 24.96, Max Runtime: 6.90
dense config: BLOCK_SIZE_M: 64, BLOCK_SIZE_N: 64, BLOCK_SIZE_K: 128, num_buffers: 6, num_warps: 4, num_ctas: 1, num_stages: 3, maxnreg: None
precomp config: BLOCK_SIZE_M: 64, BLOCK_SIZE_N: 64, BLOCK_SIZE_K: 128, num_buffers: 6, num_warps: 4, num_ctas: 1, num_stages: 3, maxnreg: None
runtime config: BLOCK_SIZE_M: 64, BLOCK_SIZE_N: 64, BLOCK_SIZE_K: 128, num_buffers: 4, num_warps: 4, num_ctas: 1, num_stages: 3, maxnreg: None
start 3072-16-8192
finish 3072-16-8192, (96/169) -> Max Dense: 22.80, Max Precomp: 30.20, Max Runtime: 10.04
dense config: BLOCK_SIZE_M: 64, BLOCK_SIZE_N: 64, BLOCK_SIZE_K: 128, num_buffers: 6, num_warps: 4, num_ctas: 1, num_stages: 3, maxnreg: None
precomp config: BLOCK_SIZE_M: 64, BLOCK_SIZE_N: 64, BLOCK_SIZE_K: 128, num_buffers: 6, num_warps: 4, num_ctas: 1, num_stages: 3, maxnreg: None
runtime config: BLOCK_SIZE_M: 64, BLOCK_SIZE_N: 64, BLOCK_SIZE_K: 128, num_buffers: 4, num_warps: 4, num_ctas: 1, num_stages: 3, maxnreg: None
start 4096-16-6144
finish 4096-16-6144, (97/169) -> Max Dense: 24.72, Max Precomp: 33.72, Max Runtime: 13.01
dense config: BLOCK_SIZE_M: 64, BLOCK_SIZE_N: 64, BLOCK_SIZE_K: 128, num_buffers: 6, num_warps: 4, num_ctas: 1, num_stages: 3, maxnreg: None
precomp config: BLOCK_SIZE_M: 64, BLOCK_SIZE_N: 64, BLOCK_SIZE_K: 128, num_buffers: 6, num_warps: 4, num_ctas: 1, num_stages: 3, maxnreg: None
runtime config: BLOCK_SIZE_M: 64, BLOCK_SIZE_N: 64, BLOCK_SIZE_K: 128, num_buffers: 4, num_warps: 4, num_ctas: 1, num_stages: 3, maxnreg: None
start 6144-16-4096
finish 6144-16-4096, (98/169) -> Max Dense: 25.56, Max Precomp: 36.30, Max Runtime: 18.01
dense config: BLOCK_SIZE_M: 64, BLOCK_SIZE_N: 64, BLOCK_SIZE_K: 128, num_buffers: 5, num_warps: 4, num_ctas: 1, num_stages: 3, maxnreg: None
precomp config: BLOCK_SIZE_M: 64, BLOCK_SIZE_N: 64, BLOCK_SIZE_K: 128, num_buffers: 6, num_warps: 4, num_ctas: 1, num_stages: 3, maxnreg: None
runtime config: BLOCK_SIZE_M: 64, BLOCK_SIZE_N: 64, BLOCK_SIZE_K: 128, num_buffers: 4, num_warps: 4, num_ctas: 1, num_stages: 3, maxnreg: None
start 8192-16-3072
finish 8192-16-3072, (99/169) -> Max Dense: 26.02, Max Precomp: 38.07, Max Runtime: 21.90
dense config: BLOCK_SIZE_M: 64, BLOCK_SIZE_N: 64, BLOCK_SIZE_K: 128, num_buffers: 6, num_warps: 4, num_ctas: 1, num_stages: 3, maxnreg: None
precomp config: BLOCK_SIZE_M: 64, BLOCK_SIZE_N: 64, BLOCK_SIZE_K: 128, num_buffers: 6, num_warps: 4, num_ctas: 1, num_stages: 3, maxnreg: None
runtime config: BLOCK_SIZE_M: 64, BLOCK_SIZE_N: 64, BLOCK_SIZE_K: 128, num_buffers: 5, num_warps: 4, num_ctas: 1, num_stages: 3, maxnreg: None
start 12288-16-2048
finish 12288-16-2048, (100/169) -> Max Dense: 26.16, Max Precomp: 40.22, Max Runtime: 20.51
dense config: BLOCK_SIZE_M: 128, BLOCK_SIZE_N: 64, BLOCK_SIZE_K: 64, num_buffers: 6, num_warps: 4, num_ctas: 1, num_stages: 3, maxnreg: None
precomp config: BLOCK_SIZE_M: 128, BLOCK_SIZE_N: 64, BLOCK_SIZE_K: 128, num_buffers: 4, num_warps: 4, num_ctas: 1, num_stages: 3, maxnreg: None
runtime config: BLOCK_SIZE_M: 128, BLOCK_SIZE_N: 64, BLOCK_SIZE_K: 128, num_buffers: 4, num_warps: 8, num_ctas: 1, num_stages: 3, maxnreg: None
start 16384-16-1536
finish 16384-16-1536, (101/169) -> Max Dense: 26.72, Max Precomp: 40.43, Max Runtime: 23.87
dense config: BLOCK_SIZE_M: 128, BLOCK_SIZE_N: 64, BLOCK_SIZE_K: 64, num_buffers: 6, num_warps: 4, num_ctas: 1, num_stages: 3, maxnreg: None
precomp config: BLOCK_SIZE_M: 128, BLOCK_SIZE_N: 64, BLOCK_SIZE_K: 128, num_buffers: 4, num_warps: 4, num_ctas: 1, num_stages: 3, maxnreg: None
runtime config: BLOCK_SIZE_M: 128, BLOCK_SIZE_N: 128, BLOCK_SIZE_K: 64, num_buffers: 5, num_warps: 4, num_ctas: 1, num_stages: 3, maxnreg: None
start 24576-16-1024
finish 24576-16-1024, (102/169) -> Max Dense: 26.68, Max Precomp: 38.64, Max Runtime: 21.08
dense config: BLOCK_SIZE_M: 128, BLOCK_SIZE_N: 64, BLOCK_SIZE_K: 64, num_buffers: 6, num_warps: 4, num_ctas: 1, num_stages: 3, maxnreg: None
precomp config: BLOCK_SIZE_M: 128, BLOCK_SIZE_N: 64, BLOCK_SIZE_K: 128, num_buffers: 4, num_warps: 4, num_ctas: 1, num_stages: 3, maxnreg: None
runtime config: BLOCK_SIZE_M: 64, BLOCK_SIZE_N: 64, BLOCK_SIZE_K: 128, num_buffers: 4, num_warps: 4, num_ctas: 1, num_stages: 3, maxnreg: None
start 32768-16-768
finish 32768-16-768, (103/169) -> Max Dense: 26.76, Max Precomp: 40.28, Max Runtime: 23.85
dense config: BLOCK_SIZE_M: 128, BLOCK_SIZE_N: 64, BLOCK_SIZE_K: 64, num_buffers: 6, num_warps: 4, num_ctas: 1, num_stages: 3, maxnreg: None
precomp config: BLOCK_SIZE_M: 128, BLOCK_SIZE_N: 64, BLOCK_SIZE_K: 128, num_buffers: 4, num_warps: 4, num_ctas: 1, num_stages: 3, maxnreg: None
runtime config: BLOCK_SIZE_M: 128, BLOCK_SIZE_N: 64, BLOCK_SIZE_K: 128, num_buffers: 4, num_warps: 8, num_ctas: 1, num_stages: 3, maxnreg: None
start 768-16-24576
finish 768-16-24576, (104/169) -> Max Dense: 10.06, Max Precomp: 11.77, Max Runtime: 2.67
dense config: BLOCK_SIZE_M: 64, BLOCK_SIZE_N: 64, BLOCK_SIZE_K: 128, num_buffers: 6, num_warps: 4, num_ctas: 1, num_stages: 3, maxnreg: None
precomp config: BLOCK_SIZE_M: 64, BLOCK_SIZE_N: 64, BLOCK_SIZE_K: 128, num_buffers: 6, num_warps: 4, num_ctas: 1, num_stages: 3, maxnreg: None
runtime config: BLOCK_SIZE_M: 64, BLOCK_SIZE_N: 64, BLOCK_SIZE_K: 128, num_buffers: 4, num_warps: 4, num_ctas: 1, num_stages: 3, maxnreg: None
start 1536-16-12288
finish 1536-16-12288, (105/169) -> Max Dense: 16.47, Max Precomp: 20.19, Max Runtime: 5.18
dense config: BLOCK_SIZE_M: 64, BLOCK_SIZE_N: 64, BLOCK_SIZE_K: 128, num_buffers: 6, num_warps: 4, num_ctas: 1, num_stages: 3, maxnreg: None
precomp config: BLOCK_SIZE_M: 64, BLOCK_SIZE_N: 64, BLOCK_SIZE_K: 128, num_buffers: 6, num_warps: 4, num_ctas: 1, num_stages: 3, maxnreg: None
runtime config: BLOCK_SIZE_M: 64, BLOCK_SIZE_N: 64, BLOCK_SIZE_K: 128, num_buffers: 4, num_warps: 4, num_ctas: 1, num_stages: 3, maxnreg: None
start 3072-16-6144
finish 3072-16-6144, (106/169) -> Max Dense: 21.31, Max Precomp: 28.18, Max Runtime: 9.76
dense config: BLOCK_SIZE_M: 64, BLOCK_SIZE_N: 64, BLOCK_SIZE_K: 128, num_buffers: 6, num_warps: 4, num_ctas: 1, num_stages: 3, maxnreg: None
precomp config: BLOCK_SIZE_M: 64, BLOCK_SIZE_N: 64, BLOCK_SIZE_K: 128, num_buffers: 6, num_warps: 4, num_ctas: 1, num_stages: 3, maxnreg: None
runtime config: BLOCK_SIZE_M: 64, BLOCK_SIZE_N: 64, BLOCK_SIZE_K: 128, num_buffers: 4, num_warps: 4, num_ctas: 1, num_stages: 3, maxnreg: None
start 6144-16-3072
finish 6144-16-3072, (107/169) -> Max Dense: 23.71, Max Precomp: 33.27, Max Runtime: 16.85
dense config: BLOCK_SIZE_M: 64, BLOCK_SIZE_N: 64, BLOCK_SIZE_K: 128, num_buffers: 5, num_warps: 4, num_ctas: 1, num_stages: 3, maxnreg: None
precomp config: BLOCK_SIZE_M: 64, BLOCK_SIZE_N: 64, BLOCK_SIZE_K: 128, num_buffers: 6, num_warps: 4, num_ctas: 1, num_stages: 3, maxnreg: None
runtime config: BLOCK_SIZE_M: 64, BLOCK_SIZE_N: 64, BLOCK_SIZE_K: 128, num_buffers: 4, num_warps: 4, num_ctas: 1, num_stages: 3, maxnreg: None
start 12288-16-1536
finish 12288-16-1536, (108/169) -> Max Dense: 24.16, Max Precomp: 36.01, Max Runtime: 18.95
dense config: BLOCK_SIZE_M: 128, BLOCK_SIZE_N: 64, BLOCK_SIZE_K: 64, num_buffers: 5, num_warps: 4, num_ctas: 1, num_stages: 3, maxnreg: None
precomp config: BLOCK_SIZE_M: 128, BLOCK_SIZE_N: 64, BLOCK_SIZE_K: 128, num_buffers: 4, num_warps: 4, num_ctas: 1, num_stages: 3, maxnreg: None
runtime config: BLOCK_SIZE_M: 128, BLOCK_SIZE_N: 64, BLOCK_SIZE_K: 128, num_buffers: 4, num_warps: 8, num_ctas: 1, num_stages: 3, maxnreg: None
start 24576-16-768
finish 24576-16-768, (109/169) -> Max Dense: 24.24, Max Precomp: 35.38, Max Runtime: 19.29
dense config: BLOCK_SIZE_M: 128, BLOCK_SIZE_N: 64, BLOCK_SIZE_K: 64, num_buffers: 6, num_warps: 4, num_ctas: 1, num_stages: 3, maxnreg: None
precomp config: BLOCK_SIZE_M: 128, BLOCK_SIZE_N: 64, BLOCK_SIZE_K: 128, num_buffers: 4, num_warps: 4, num_ctas: 1, num_stages: 3, maxnreg: None
runtime config: BLOCK_SIZE_M: 256, BLOCK_SIZE_N: 128, BLOCK_SIZE_K: 64, num_buffers: 3, num_warps: 8, num_ctas: 1, num_stages: 3, maxnreg: None
start 1024-16-16384
finish 1024-16-16384, (110/169) -> Max Dense: 12.74, Max Precomp: 14.74, Max Runtime: 3.51
dense config: BLOCK_SIZE_M: 64, BLOCK_SIZE_N: 64, BLOCK_SIZE_K: 128, num_buffers: 6, num_warps: 4, num_ctas: 1, num_stages: 3, maxnreg: None
precomp config: BLOCK_SIZE_M: 64, BLOCK_SIZE_N: 64, BLOCK_SIZE_K: 128, num_buffers: 6, num_warps: 4, num_ctas: 1, num_stages: 3, maxnreg: None
runtime config: BLOCK_SIZE_M: 64, BLOCK_SIZE_N: 64, BLOCK_SIZE_K: 128, num_buffers: 4, num_warps: 4, num_ctas: 1, num_stages: 3, maxnreg: None
start 2048-16-8192
finish 2048-16-8192, (111/169) -> Max Dense: 18.19, Max Precomp: 22.97, Max Runtime: 6.70
dense config: BLOCK_SIZE_M: 64, BLOCK_SIZE_N: 64, BLOCK_SIZE_K: 128, num_buffers: 6, num_warps: 4, num_ctas: 1, num_stages: 3, maxnreg: None
precomp config: BLOCK_SIZE_M: 64, BLOCK_SIZE_N: 64, BLOCK_SIZE_K: 128, num_buffers: 6, num_warps: 4, num_ctas: 1, num_stages: 3, maxnreg: None
runtime config: BLOCK_SIZE_M: 64, BLOCK_SIZE_N: 64, BLOCK_SIZE_K: 128, num_buffers: 4, num_warps: 4, num_ctas: 1, num_stages: 3, maxnreg: None
start 4096-16-4096
finish 4096-16-4096, (112/169) -> Max Dense: 22.36, Max Precomp: 30.02, Max Runtime: 12.21
dense config: BLOCK_SIZE_M: 64, BLOCK_SIZE_N: 64, BLOCK_SIZE_K: 128, num_buffers: 6, num_warps: 4, num_ctas: 1, num_stages: 3, maxnreg: None
precomp config: BLOCK_SIZE_M: 64, BLOCK_SIZE_N: 64, BLOCK_SIZE_K: 128, num_buffers: 6, num_warps: 4, num_ctas: 1, num_stages: 3, maxnreg: None
runtime config: BLOCK_SIZE_M: 64, BLOCK_SIZE_N: 64, BLOCK_SIZE_K: 128, num_buffers: 4, num_warps: 4, num_ctas: 1, num_stages: 3, maxnreg: None
start 8192-16-2048
finish 8192-16-2048, (113/169) -> Max Dense: 23.45, Max Precomp: 32.89, Max Runtime: 19.36
dense config: BLOCK_SIZE_M: 64, BLOCK_SIZE_N: 64, BLOCK_SIZE_K: 128, num_buffers: 6, num_warps: 4, num_ctas: 1, num_stages: 3, maxnreg: None
precomp config: BLOCK_SIZE_M: 64, BLOCK_SIZE_N: 64, BLOCK_SIZE_K: 128, num_buffers: 6, num_warps: 4, num_ctas: 1, num_stages: 3, maxnreg: None
runtime config: BLOCK_SIZE_M: 64, BLOCK_SIZE_N: 64, BLOCK_SIZE_K: 128, num_buffers: 5, num_warps: 4, num_ctas: 1, num_stages: 3, maxnreg: None
start 16384-16-1024
finish 16384-16-1024, (114/169) -> Max Dense: 24.27, Max Precomp: 34.98, Max Runtime: 20.97
dense config: BLOCK_SIZE_M: 128, BLOCK_SIZE_N: 64, BLOCK_SIZE_K: 64, num_buffers: 6, num_warps: 4, num_ctas: 1, num_stages: 3, maxnreg: None
precomp config: BLOCK_SIZE_M: 128, BLOCK_SIZE_N: 64, BLOCK_SIZE_K: 128, num_buffers: 4, num_warps: 4, num_ctas: 1, num_stages: 3, maxnreg: None
runtime config: BLOCK_SIZE_M: 128, BLOCK_SIZE_N: 128, BLOCK_SIZE_K: 64, num_buffers: 5, num_warps: 4, num_ctas: 1, num_stages: 3, maxnreg: None
start 768-16-16384
finish 768-16-16384, (115/169) -> Max Dense: 9.57, Max Precomp: 11.16, Max Runtime: 2.64
dense config: BLOCK_SIZE_M: 64, BLOCK_SIZE_N: 64, BLOCK_SIZE_K: 128, num_buffers: 6, num_warps: 4, num_ctas: 1, num_stages: 3, maxnreg: None
precomp config: BLOCK_SIZE_M: 64, BLOCK_SIZE_N: 64, BLOCK_SIZE_K: 128, num_buffers: 6, num_warps: 4, num_ctas: 1, num_stages: 3, maxnreg: None
runtime config: BLOCK_SIZE_M: 64, BLOCK_SIZE_N: 64, BLOCK_SIZE_K: 128, num_buffers: 4, num_warps: 4, num_ctas: 1, num_stages: 3, maxnreg: None
start 1024-16-12288
finish 1024-16-12288, (116/169) -> Max Dense: 12.16, Max Precomp: 14.01, Max Runtime: 3.46
dense config: BLOCK_SIZE_M: 64, BLOCK_SIZE_N: 64, BLOCK_SIZE_K: 128, num_buffers: 6, num_warps: 4, num_ctas: 1, num_stages: 3, maxnreg: None
precomp config: BLOCK_SIZE_M: 64, BLOCK_SIZE_N: 64, BLOCK_SIZE_K: 128, num_buffers: 6, num_warps: 4, num_ctas: 1, num_stages: 3, maxnreg: None
runtime config: BLOCK_SIZE_M: 64, BLOCK_SIZE_N: 64, BLOCK_SIZE_K: 256, num_buffers: 3, num_warps: 4, num_ctas: 1, num_stages: 3, maxnreg: None
start 1536-16-8192
finish 1536-16-8192, (117/169) -> Max Dense: 15.13, Max Precomp: 18.46, Max Runtime: 5.05
dense config: BLOCK_SIZE_M: 64, BLOCK_SIZE_N: 64, BLOCK_SIZE_K: 128, num_buffers: 6, num_warps: 4, num_ctas: 1, num_stages: 3, maxnreg: None
precomp config: BLOCK_SIZE_M: 64, BLOCK_SIZE_N: 64, BLOCK_SIZE_K: 128, num_buffers: 6, num_warps: 4, num_ctas: 1, num_stages: 3, maxnreg: None
runtime config: BLOCK_SIZE_M: 64, BLOCK_SIZE_N: 64, BLOCK_SIZE_K: 128, num_buffers: 4, num_warps: 4, num_ctas: 1, num_stages: 3, maxnreg: None
start 2048-16-6144
finish 2048-16-6144, (118/169) -> Max Dense: 17.00, Max Precomp: 21.10, Max Runtime: 6.54
dense config: BLOCK_SIZE_M: 64, BLOCK_SIZE_N: 64, BLOCK_SIZE_K: 128, num_buffers: 6, num_warps: 4, num_ctas: 1, num_stages: 3, maxnreg: None
precomp config: BLOCK_SIZE_M: 64, BLOCK_SIZE_N: 64, BLOCK_SIZE_K: 128, num_buffers: 6, num_warps: 4, num_ctas: 1, num_stages: 3, maxnreg: None
runtime config: BLOCK_SIZE_M: 64, BLOCK_SIZE_N: 64, BLOCK_SIZE_K: 128, num_buffers: 4, num_warps: 4, num_ctas: 1, num_stages: 3, maxnreg: None
start 3072-16-4096
finish 3072-16-4096, (119/169) -> Max Dense: 19.26, Max Precomp: 24.50, Max Runtime: 9.22
dense config: BLOCK_SIZE_M: 64, BLOCK_SIZE_N: 64, BLOCK_SIZE_K: 128, num_buffers: 6, num_warps: 4, num_ctas: 1, num_stages: 3, maxnreg: None
precomp config: BLOCK_SIZE_M: 64, BLOCK_SIZE_N: 64, BLOCK_SIZE_K: 128, num_buffers: 6, num_warps: 4, num_ctas: 1, num_stages: 3, maxnreg: None
runtime config: BLOCK_SIZE_M: 64, BLOCK_SIZE_N: 64, BLOCK_SIZE_K: 128, num_buffers: 4, num_warps: 4, num_ctas: 1, num_stages: 3, maxnreg: None
start 4096-16-3072
finish 4096-16-3072, (120/169) -> Max Dense: 20.45, Max Precomp: 27.01, Max Runtime: 11.53
dense config: BLOCK_SIZE_M: 64, BLOCK_SIZE_N: 64, BLOCK_SIZE_K: 128, num_buffers: 6, num_warps: 4, num_ctas: 1, num_stages: 3, maxnreg: None
precomp config: BLOCK_SIZE_M: 64, BLOCK_SIZE_N: 64, BLOCK_SIZE_K: 128, num_buffers: 6, num_warps: 4, num_ctas: 1, num_stages: 3, maxnreg: None
runtime config: BLOCK_SIZE_M: 64, BLOCK_SIZE_N: 64, BLOCK_SIZE_K: 128, num_buffers: 4, num_warps: 4, num_ctas: 1, num_stages: 3, maxnreg: None
start 6144-16-2048
finish 6144-16-2048, (121/169) -> Max Dense: 21.06, Max Precomp: 28.05, Max Runtime: 14.98
dense config: BLOCK_SIZE_M: 64, BLOCK_SIZE_N: 64, BLOCK_SIZE_K: 128, num_buffers: 6, num_warps: 4, num_ctas: 1, num_stages: 3, maxnreg: None
precomp config: BLOCK_SIZE_M: 64, BLOCK_SIZE_N: 64, BLOCK_SIZE_K: 128, num_buffers: 6, num_warps: 4, num_ctas: 1, num_stages: 3, maxnreg: None
runtime config: BLOCK_SIZE_M: 64, BLOCK_SIZE_N: 64, BLOCK_SIZE_K: 128, num_buffers: 4, num_warps: 4, num_ctas: 1, num_stages: 3, maxnreg: None
start 8192-16-1536
finish 8192-16-1536, (122/169) -> Max Dense: 21.28, Max Precomp: 29.24, Max Runtime: 17.59
dense config: BLOCK_SIZE_M: 64, BLOCK_SIZE_N: 64, BLOCK_SIZE_K: 128, num_buffers: 6, num_warps: 4, num_ctas: 1, num_stages: 3, maxnreg: None
precomp config: BLOCK_SIZE_M: 128, BLOCK_SIZE_N: 64, BLOCK_SIZE_K: 128, num_buffers: 4, num_warps: 4, num_ctas: 1, num_stages: 3, maxnreg: None
runtime config: BLOCK_SIZE_M: 64, BLOCK_SIZE_N: 64, BLOCK_SIZE_K: 128, num_buffers: 4, num_warps: 4, num_ctas: 1, num_stages: 3, maxnreg: None
start 12288-16-1024
finish 12288-16-1024, (123/169) -> Max Dense: 21.60, Max Precomp: 29.93, Max Runtime: 16.71
dense config: BLOCK_SIZE_M: 128, BLOCK_SIZE_N: 64, BLOCK_SIZE_K: 64, num_buffers: 5, num_warps: 4, num_ctas: 1, num_stages: 3, maxnreg: None
precomp config: BLOCK_SIZE_M: 128, BLOCK_SIZE_N: 64, BLOCK_SIZE_K: 128, num_buffers: 4, num_warps: 4, num_ctas: 1, num_stages: 3, maxnreg: None
runtime config: BLOCK_SIZE_M: 128, BLOCK_SIZE_N: 64, BLOCK_SIZE_K: 128, num_buffers: 4, num_warps: 8, num_ctas: 1, num_stages: 3, maxnreg: None
start 16384-16-768
finish 16384-16-768, (124/169) -> Max Dense: 21.70, Max Precomp: 30.20, Max Runtime: 18.87
dense config: BLOCK_SIZE_M: 128, BLOCK_SIZE_N: 64, BLOCK_SIZE_K: 64, num_buffers: 7, num_warps: 4, num_ctas: 1, num_stages: 3, maxnreg: None
precomp config: BLOCK_SIZE_M: 128, BLOCK_SIZE_N: 64, BLOCK_SIZE_K: 128, num_buffers: 4, num_warps: 4, num_ctas: 1, num_stages: 3, maxnreg: None
runtime config: BLOCK_SIZE_M: 128, BLOCK_SIZE_N: 64, BLOCK_SIZE_K: 64, num_buffers: 5, num_warps: 8, num_ctas: 1, num_stages: 3, maxnreg: None
start 768-16-12288
finish 768-16-12288, (125/169) -> Max Dense: 9.19, Max Precomp: 10.59, Max Runtime: 2.60
dense config: BLOCK_SIZE_M: 64, BLOCK_SIZE_N: 64, BLOCK_SIZE_K: 128, num_buffers: 6, num_warps: 4, num_ctas: 1, num_stages: 3, maxnreg: None
precomp config: BLOCK_SIZE_M: 64, BLOCK_SIZE_N: 64, BLOCK_SIZE_K: 128, num_buffers: 6, num_warps: 4, num_ctas: 1, num_stages: 3, maxnreg: None
runtime config: BLOCK_SIZE_M: 64, BLOCK_SIZE_N: 64, BLOCK_SIZE_K: 256, num_buffers: 3, num_warps: 4, num_ctas: 1, num_stages: 3, maxnreg: None
start 1536-16-6144
finish 1536-16-6144, (126/169) -> Max Dense: 14.12, Max Precomp: 16.75, Max Runtime: 4.94
dense config: BLOCK_SIZE_M: 64, BLOCK_SIZE_N: 64, BLOCK_SIZE_K: 128, num_buffers: 6, num_warps: 4, num_ctas: 1, num_stages: 3, maxnreg: None
precomp config: BLOCK_SIZE_M: 64, BLOCK_SIZE_N: 64, BLOCK_SIZE_K: 128, num_buffers: 6, num_warps: 4, num_ctas: 1, num_stages: 3, maxnreg: None
runtime config: BLOCK_SIZE_M: 64, BLOCK_SIZE_N: 64, BLOCK_SIZE_K: 128, num_buffers: 4, num_warps: 4, num_ctas: 1, num_stages: 3, maxnreg: None
start 3072-16-3072
finish 3072-16-3072, (127/169) -> Max Dense: 17.73, Max Precomp: 21.41, Max Runtime: 8.73
dense config: BLOCK_SIZE_M: 64, BLOCK_SIZE_N: 64, BLOCK_SIZE_K: 128, num_buffers: 6, num_warps: 4, num_ctas: 1, num_stages: 3, maxnreg: None
precomp config: BLOCK_SIZE_M: 64, BLOCK_SIZE_N: 64, BLOCK_SIZE_K: 128, num_buffers: 6, num_warps: 4, num_ctas: 1, num_stages: 3, maxnreg: None
runtime config: BLOCK_SIZE_M: 64, BLOCK_SIZE_N: 64, BLOCK_SIZE_K: 128, num_buffers: 4, num_warps: 4, num_ctas: 1, num_stages: 3, maxnreg: None
start 6144-16-1536
finish 6144-16-1536, (128/169) -> Max Dense: 19.03, Max Precomp: 23.92, Max Runtime: 13.66
dense config: BLOCK_SIZE_M: 64, BLOCK_SIZE_N: 64, BLOCK_SIZE_K: 128, num_buffers: 5, num_warps: 4, num_ctas: 1, num_stages: 3, maxnreg: None
precomp config: BLOCK_SIZE_M: 64, BLOCK_SIZE_N: 64, BLOCK_SIZE_K: 128, num_buffers: 6, num_warps: 4, num_ctas: 1, num_stages: 3, maxnreg: None
runtime config: BLOCK_SIZE_M: 64, BLOCK_SIZE_N: 64, BLOCK_SIZE_K: 128, num_buffers: 4, num_warps: 4, num_ctas: 1, num_stages: 3, maxnreg: None
start 12288-16-768
finish 12288-16-768, (129/169) -> Max Dense: 18.97, Max Precomp: 25.70, Max Runtime: 15.14
dense config: BLOCK_SIZE_M: 128, BLOCK_SIZE_N: 64, BLOCK_SIZE_K: 128, num_buffers: 3, num_warps: 4, num_ctas: 1, num_stages: 3, maxnreg: None
precomp config: BLOCK_SIZE_M: 128, BLOCK_SIZE_N: 64, BLOCK_SIZE_K: 128, num_buffers: 4, num_warps: 4, num_ctas: 1, num_stages: 3, maxnreg: None
runtime config: BLOCK_SIZE_M: 128, BLOCK_SIZE_N: 64, BLOCK_SIZE_K: 128, num_buffers: 3, num_warps: 8, num_ctas: 1, num_stages: 3, maxnreg: None
start 1024-16-8192
finish 1024-16-8192, (130/169) -> Max Dense: 11.28, Max Precomp: 12.69, Max Runtime: 3.38
dense config: BLOCK_SIZE_M: 64, BLOCK_SIZE_N: 64, BLOCK_SIZE_K: 128, num_buffers: 6, num_warps: 4, num_ctas: 1, num_stages: 3, maxnreg: None
precomp config: BLOCK_SIZE_M: 64, BLOCK_SIZE_N: 64, BLOCK_SIZE_K: 128, num_buffers: 6, num_warps: 4, num_ctas: 1, num_stages: 3, maxnreg: None
runtime config: BLOCK_SIZE_M: 64, BLOCK_SIZE_N: 64, BLOCK_SIZE_K: 128, num_buffers: 4, num_warps: 4, num_ctas: 1, num_stages: 3, maxnreg: None
start 2048-16-4096
finish 2048-16-4096, (131/169) -> Max Dense: 15.14, Max Precomp: 17.93, Max Runtime: 6.23
dense config: BLOCK_SIZE_M: 64, BLOCK_SIZE_N: 64, BLOCK_SIZE_K: 128, num_buffers: 6, num_warps: 4, num_ctas: 1, num_stages: 3, maxnreg: None
precomp config: BLOCK_SIZE_M: 64, BLOCK_SIZE_N: 64, BLOCK_SIZE_K: 128, num_buffers: 6, num_warps: 4, num_ctas: 1, num_stages: 3, maxnreg: None
runtime config: BLOCK_SIZE_M: 64, BLOCK_SIZE_N: 64, BLOCK_SIZE_K: 128, num_buffers: 4, num_warps: 4, num_ctas: 1, num_stages: 3, maxnreg: None
start 4096-16-2048
finish 4096-16-2048, (132/169) -> Max Dense: 17.88, Max Precomp: 21.71, Max Runtime: 10.38
dense config: BLOCK_SIZE_M: 64, BLOCK_SIZE_N: 64, BLOCK_SIZE_K: 128, num_buffers: 6, num_warps: 4, num_ctas: 1, num_stages: 3, maxnreg: None
precomp config: BLOCK_SIZE_M: 64, BLOCK_SIZE_N: 64, BLOCK_SIZE_K: 128, num_buffers: 6, num_warps: 4, num_ctas: 1, num_stages: 3, maxnreg: None
runtime config: BLOCK_SIZE_M: 64, BLOCK_SIZE_N: 64, BLOCK_SIZE_K: 128, num_buffers: 3, num_warps: 4, num_ctas: 1, num_stages: 3, maxnreg: None
start 8192-16-1024
finish 8192-16-1024, (133/169) -> Max Dense: 18.46, Max Precomp: 23.55, Max Runtime: 14.86
dense config: BLOCK_SIZE_M: 64, BLOCK_SIZE_N: 64, BLOCK_SIZE_K: 64, num_buffers: 7, num_warps: 4, num_ctas: 1, num_stages: 3, maxnreg: None
precomp config: BLOCK_SIZE_M: 128, BLOCK_SIZE_N: 64, BLOCK_SIZE_K: 128, num_buffers: 4, num_warps: 4, num_ctas: 1, num_stages: 3, maxnreg: None
runtime config: BLOCK_SIZE_M: 64, BLOCK_SIZE_N: 64, BLOCK_SIZE_K: 128, num_buffers: 4, num_warps: 4, num_ctas: 1, num_stages: 3, maxnreg: None
start 768-16-8192
finish 768-16-8192, (134/169) -> Max Dense: 8.49, Max Precomp: 9.61, Max Runtime: 2.54
dense config: BLOCK_SIZE_M: 64, BLOCK_SIZE_N: 64, BLOCK_SIZE_K: 128, num_buffers: 5, num_warps: 4, num_ctas: 1, num_stages: 3, maxnreg: None
precomp config: BLOCK_SIZE_M: 64, BLOCK_SIZE_N: 64, BLOCK_SIZE_K: 128, num_buffers: 6, num_warps: 4, num_ctas: 1, num_stages: 3, maxnreg: None
runtime config: BLOCK_SIZE_M: 64, BLOCK_SIZE_N: 64, BLOCK_SIZE_K: 128, num_buffers: 4, num_warps: 4, num_ctas: 1, num_stages: 3, maxnreg: None
start 1024-16-6144
finish 1024-16-6144, (135/169) -> Max Dense: 10.44, Max Precomp: 11.57, Max Runtime: 3.30
dense config: BLOCK_SIZE_M: 64, BLOCK_SIZE_N: 64, BLOCK_SIZE_K: 128, num_buffers: 6, num_warps: 4, num_ctas: 1, num_stages: 3, maxnreg: None
precomp config: BLOCK_SIZE_M: 64, BLOCK_SIZE_N: 64, BLOCK_SIZE_K: 128, num_buffers: 6, num_warps: 4, num_ctas: 1, num_stages: 3, maxnreg: None
runtime config: BLOCK_SIZE_M: 64, BLOCK_SIZE_N: 64, BLOCK_SIZE_K: 128, num_buffers: 4, num_warps: 4, num_ctas: 1, num_stages: 3, maxnreg: None
start 1536-16-4096
finish 1536-16-4096, (136/169) -> Max Dense: 12.45, Max Precomp: 14.22, Max Runtime: 4.72
dense config: BLOCK_SIZE_M: 64, BLOCK_SIZE_N: 64, BLOCK_SIZE_K: 128, num_buffers: 6, num_warps: 4, num_ctas: 1, num_stages: 3, maxnreg: None
precomp config: BLOCK_SIZE_M: 64, BLOCK_SIZE_N: 64, BLOCK_SIZE_K: 128, num_buffers: 6, num_warps: 4, num_ctas: 1, num_stages: 3, maxnreg: None
runtime config: BLOCK_SIZE_M: 64, BLOCK_SIZE_N: 64, BLOCK_SIZE_K: 128, num_buffers: 4, num_warps: 4, num_ctas: 1, num_stages: 3, maxnreg: None
start 2048-16-3072
finish 2048-16-3072, (137/169) -> Max Dense: 13.45, Max Precomp: 15.57, Max Runtime: 5.94
dense config: BLOCK_SIZE_M: 64, BLOCK_SIZE_N: 64, BLOCK_SIZE_K: 128, num_buffers: 6, num_warps: 4, num_ctas: 1, num_stages: 3, maxnreg: None
precomp config: BLOCK_SIZE_M: 64, BLOCK_SIZE_N: 64, BLOCK_SIZE_K: 128, num_buffers: 6, num_warps: 4, num_ctas: 1, num_stages: 3, maxnreg: None
runtime config: BLOCK_SIZE_M: 64, BLOCK_SIZE_N: 64, BLOCK_SIZE_K: 128, num_buffers: 3, num_warps: 4, num_ctas: 1, num_stages: 3, maxnreg: None
start 3072-16-2048
finish 3072-16-2048, (138/169) -> Max Dense: 14.73, Max Precomp: 17.00, Max Runtime: 7.86
dense config: BLOCK_SIZE_M: 64, BLOCK_SIZE_N: 64, BLOCK_SIZE_K: 128, num_buffers: 5, num_warps: 4, num_ctas: 1, num_stages: 3, maxnreg: None
precomp config: BLOCK_SIZE_M: 64, BLOCK_SIZE_N: 64, BLOCK_SIZE_K: 128, num_buffers: 6, num_warps: 4, num_ctas: 1, num_stages: 3, maxnreg: None
runtime config: BLOCK_SIZE_M: 64, BLOCK_SIZE_N: 64, BLOCK_SIZE_K: 128, num_buffers: 3, num_warps: 4, num_ctas: 1, num_stages: 3, maxnreg: None
start 4096-16-1536
finish 4096-16-1536, (139/169) -> Max Dense: 15.70, Max Precomp: 18.17, Max Runtime: 9.47
dense config: BLOCK_SIZE_M: 64, BLOCK_SIZE_N: 64, BLOCK_SIZE_K: 128, num_buffers: 5, num_warps: 4, num_ctas: 1, num_stages: 3, maxnreg: None
precomp config: BLOCK_SIZE_M: 64, BLOCK_SIZE_N: 64, BLOCK_SIZE_K: 128, num_buffers: 6, num_warps: 4, num_ctas: 1, num_stages: 3, maxnreg: None
runtime config: BLOCK_SIZE_M: 64, BLOCK_SIZE_N: 64, BLOCK_SIZE_K: 128, num_buffers: 3, num_warps: 4, num_ctas: 1, num_stages: 3, maxnreg: None
start 6144-16-1024
finish 6144-16-1024, (140/169) -> Max Dense: 15.78, Max Precomp: 18.46, Max Runtime: 11.55
dense config: BLOCK_SIZE_M: 64, BLOCK_SIZE_N: 64, BLOCK_SIZE_K: 128, num_buffers: 5, num_warps: 4, num_ctas: 1, num_stages: 3, maxnreg: None
precomp config: BLOCK_SIZE_M: 128, BLOCK_SIZE_N: 64, BLOCK_SIZE_K: 128, num_buffers: 4, num_warps: 4, num_ctas: 1, num_stages: 3, maxnreg: None
runtime config: BLOCK_SIZE_M: 64, BLOCK_SIZE_N: 64, BLOCK_SIZE_K: 128, num_buffers: 3, num_warps: 4, num_ctas: 1, num_stages: 3, maxnreg: None
start 8192-16-768
finish 8192-16-768, (141/169) -> Max Dense: 15.95, Max Precomp: 19.43, Max Runtime: 12.85
dense config: BLOCK_SIZE_M: 128, BLOCK_SIZE_N: 64, BLOCK_SIZE_K: 64, num_buffers: 6, num_warps: 8, num_ctas: 1, num_stages: 3, maxnreg: None
precomp config: BLOCK_SIZE_M: 128, BLOCK_SIZE_N: 64, BLOCK_SIZE_K: 128, num_buffers: 4, num_warps: 4, num_ctas: 1, num_stages: 3, maxnreg: None
runtime config: BLOCK_SIZE_M: 64, BLOCK_SIZE_N: 64, BLOCK_SIZE_K: 64, num_buffers: 6, num_warps: 4, num_ctas: 1, num_stages: 3, maxnreg: None
start 768-16-6144
finish 768-16-6144, (142/169) -> Max Dense: 7.88, Max Precomp: 8.74, Max Runtime: 2.48
dense config: BLOCK_SIZE_M: 64, BLOCK_SIZE_N: 64, BLOCK_SIZE_K: 128, num_buffers: 5, num_warps: 4, num_ctas: 1, num_stages: 3, maxnreg: None
precomp config: BLOCK_SIZE_M: 64, BLOCK_SIZE_N: 64, BLOCK_SIZE_K: 128, num_buffers: 6, num_warps: 4, num_ctas: 1, num_stages: 3, maxnreg: None
runtime config: BLOCK_SIZE_M: 64, BLOCK_SIZE_N: 64, BLOCK_SIZE_K: 128, num_buffers: 4, num_warps: 4, num_ctas: 1, num_stages: 3, maxnreg: None
start 1536-16-3072
finish 1536-16-3072, (143/169) -> Max Dense: 11.00, Max Precomp: 12.35, Max Runtime: 4.51
dense config: BLOCK_SIZE_M: 64, BLOCK_SIZE_N: 64, BLOCK_SIZE_K: 128, num_buffers: 6, num_warps: 4, num_ctas: 1, num_stages: 3, maxnreg: None
precomp config: BLOCK_SIZE_M: 64, BLOCK_SIZE_N: 64, BLOCK_SIZE_K: 128, num_buffers: 6, num_warps: 4, num_ctas: 1, num_stages: 3, maxnreg: None
runtime config: BLOCK_SIZE_M: 64, BLOCK_SIZE_N: 64, BLOCK_SIZE_K: 128, num_buffers: 4, num_warps: 4, num_ctas: 1, num_stages: 3, maxnreg: None
start 3072-16-1536
finish 3072-16-1536, (144/169) -> Max Dense: 12.62, Max Precomp: 14.32, Max Runtime: 7.18
dense config: BLOCK_SIZE_M: 64, BLOCK_SIZE_N: 64, BLOCK_SIZE_K: 128, num_buffers: 5, num_warps: 4, num_ctas: 1, num_stages: 3, maxnreg: None
precomp config: BLOCK_SIZE_M: 64, BLOCK_SIZE_N: 64, BLOCK_SIZE_K: 128, num_buffers: 6, num_warps: 4, num_ctas: 1, num_stages: 3, maxnreg: None
runtime config: BLOCK_SIZE_M: 64, BLOCK_SIZE_N: 64, BLOCK_SIZE_K: 128, num_buffers: 3, num_warps: 4, num_ctas: 1, num_stages: 3, maxnreg: None
start 6144-16-768
finish 6144-16-768, (145/169) -> Max Dense: 13.26, Max Precomp: 15.19, Max Runtime: 10.08
dense config: BLOCK_SIZE_M: 64, BLOCK_SIZE_N: 64, BLOCK_SIZE_K: 128, num_buffers: 4, num_warps: 4, num_ctas: 1, num_stages: 3, maxnreg: None
precomp config: BLOCK_SIZE_M: 128, BLOCK_SIZE_N: 64, BLOCK_SIZE_K: 128, num_buffers: 4, num_warps: 4, num_ctas: 1, num_stages: 3, maxnreg: None
runtime config: BLOCK_SIZE_M: 64, BLOCK_SIZE_N: 64, BLOCK_SIZE_K: 128, num_buffers: 3, num_warps: 4, num_ctas: 1, num_stages: 3, maxnreg: None
start 1024-16-4096
finish 1024-16-4096, (146/169) -> Max Dense: 9.05, Max Precomp: 9.85, Max Runtime: 3.15
dense config: BLOCK_SIZE_M: 64, BLOCK_SIZE_N: 64, BLOCK_SIZE_K: 128, num_buffers: 6, num_warps: 4, num_ctas: 1, num_stages: 3, maxnreg: None
precomp config: BLOCK_SIZE_M: 64, BLOCK_SIZE_N: 64, BLOCK_SIZE_K: 128, num_buffers: 6, num_warps: 4, num_ctas: 1, num_stages: 3, maxnreg: None
runtime config: BLOCK_SIZE_M: 64, BLOCK_SIZE_N: 64, BLOCK_SIZE_K: 128, num_buffers: 4, num_warps: 4, num_ctas: 1, num_stages: 3, maxnreg: None
start 2048-16-2048
finish 2048-16-2048, (147/169) -> Max Dense: 10.98, Max Precomp: 12.26, Max Runtime: 5.39
dense config: BLOCK_SIZE_M: 64, BLOCK_SIZE_N: 64, BLOCK_SIZE_K: 128, num_buffers: 5, num_warps: 4, num_ctas: 1, num_stages: 3, maxnreg: None
precomp config: BLOCK_SIZE_M: 64, BLOCK_SIZE_N: 64, BLOCK_SIZE_K: 128, num_buffers: 6, num_warps: 4, num_ctas: 1, num_stages: 3, maxnreg: None
runtime config: BLOCK_SIZE_M: 64, BLOCK_SIZE_N: 64, BLOCK_SIZE_K: 128, num_buffers: 3, num_warps: 4, num_ctas: 1, num_stages: 3, maxnreg: None
start 4096-16-1024
finish 4096-16-1024, (148/169) -> Max Dense: 12.45, Max Precomp: 13.83, Max Runtime: 7.94
dense config: BLOCK_SIZE_M: 64, BLOCK_SIZE_N: 64, BLOCK_SIZE_K: 128, num_buffers: 5, num_warps: 4, num_ctas: 1, num_stages: 3, maxnreg: None
precomp config: BLOCK_SIZE_M: 64, BLOCK_SIZE_N: 64, BLOCK_SIZE_K: 128, num_buffers: 5, num_warps: 4, num_ctas: 1, num_stages: 3, maxnreg: None
runtime config: BLOCK_SIZE_M: 64, BLOCK_SIZE_N: 64, BLOCK_SIZE_K: 128, num_buffers: 3, num_warps: 4, num_ctas: 1, num_stages: 3, maxnreg: None
start 768-16-4096
finish 768-16-4096, (149/169) -> Max Dense: 6.89, Max Precomp: 7.49, Max Runtime: 2.37
dense config: BLOCK_SIZE_M: 64, BLOCK_SIZE_N: 64, BLOCK_SIZE_K: 128, num_buffers: 6, num_warps: 4, num_ctas: 1, num_stages: 3, maxnreg: None
precomp config: BLOCK_SIZE_M: 64, BLOCK_SIZE_N: 64, BLOCK_SIZE_K: 128, num_buffers: 6, num_warps: 4, num_ctas: 1, num_stages: 3, maxnreg: None
runtime config: BLOCK_SIZE_M: 64, BLOCK_SIZE_N: 64, BLOCK_SIZE_K: 128, num_buffers: 4, num_warps: 4, num_ctas: 1, num_stages: 3, maxnreg: None
start 1024-16-3072
finish 1024-16-3072, (150/169) -> Max Dense: 7.89, Max Precomp: 8.62, Max Runtime: 3.02
dense config: BLOCK_SIZE_M: 64, BLOCK_SIZE_N: 64, BLOCK_SIZE_K: 128, num_buffers: 6, num_warps: 4, num_ctas: 1, num_stages: 3, maxnreg: None
precomp config: BLOCK_SIZE_M: 64, BLOCK_SIZE_N: 64, BLOCK_SIZE_K: 128, num_buffers: 6, num_warps: 4, num_ctas: 1, num_stages: 3, maxnreg: None
runtime config: BLOCK_SIZE_M: 64, BLOCK_SIZE_N: 64, BLOCK_SIZE_K: 128, num_buffers: 4, num_warps: 4, num_ctas: 1, num_stages: 3, maxnreg: None
start 1536-16-2048
finish 1536-16-2048, (151/169) -> Max Dense: 8.88, Max Precomp: 9.83, Max Runtime: 4.15
dense config: BLOCK_SIZE_M: 64, BLOCK_SIZE_N: 64, BLOCK_SIZE_K: 128, num_buffers: 5, num_warps: 4, num_ctas: 1, num_stages: 3, maxnreg: None
precomp config: BLOCK_SIZE_M: 64, BLOCK_SIZE_N: 64, BLOCK_SIZE_K: 128, num_buffers: 6, num_warps: 4, num_ctas: 1, num_stages: 3, maxnreg: None
runtime config: BLOCK_SIZE_M: 64, BLOCK_SIZE_N: 64, BLOCK_SIZE_K: 128, num_buffers: 4, num_warps: 4, num_ctas: 1, num_stages: 3, maxnreg: None
start 2048-16-1536
finish 2048-16-1536, (152/169) -> Max Dense: 9.36, Max Precomp: 10.38, Max Runtime: 4.96
dense config: BLOCK_SIZE_M: 64, BLOCK_SIZE_N: 64, BLOCK_SIZE_K: 128, num_buffers: 6, num_warps: 4, num_ctas: 1, num_stages: 3, maxnreg: None
precomp config: BLOCK_SIZE_M: 64, BLOCK_SIZE_N: 64, BLOCK_SIZE_K: 128, num_buffers: 6, num_warps: 4, num_ctas: 1, num_stages: 3, maxnreg: None
runtime config: BLOCK_SIZE_M: 64, BLOCK_SIZE_N: 64, BLOCK_SIZE_K: 128, num_buffers: 3, num_warps: 4, num_ctas: 1, num_stages: 3, maxnreg: None
start 3072-16-1024
finish 3072-16-1024, (153/169) -> Max Dense: 9.84, Max Precomp: 10.82, Max Runtime: 6.05
dense config: BLOCK_SIZE_M: 64, BLOCK_SIZE_N: 64, BLOCK_SIZE_K: 128, num_buffers: 5, num_warps: 4, num_ctas: 1, num_stages: 3, maxnreg: None
precomp config: BLOCK_SIZE_M: 64, BLOCK_SIZE_N: 64, BLOCK_SIZE_K: 128, num_buffers: 5, num_warps: 4, num_ctas: 1, num_stages: 3, maxnreg: None
runtime config: BLOCK_SIZE_M: 64, BLOCK_SIZE_N: 64, BLOCK_SIZE_K: 128, num_buffers: 3, num_warps: 4, num_ctas: 1, num_stages: 3, maxnreg: None
start 4096-16-768
finish 4096-16-768, (154/169) -> Max Dense: 9.98, Max Precomp: 11.07, Max Runtime: 6.93
dense config: BLOCK_SIZE_M: 64, BLOCK_SIZE_N: 64, BLOCK_SIZE_K: 128, num_buffers: 4, num_warps: 4, num_ctas: 1, num_stages: 3, maxnreg: None
precomp config: BLOCK_SIZE_M: 128, BLOCK_SIZE_N: 64, BLOCK_SIZE_K: 128, num_buffers: 4, num_warps: 4, num_ctas: 1, num_stages: 3, maxnreg: None
runtime config: BLOCK_SIZE_M: 64, BLOCK_SIZE_N: 64, BLOCK_SIZE_K: 128, num_buffers: 3, num_warps: 4, num_ctas: 1, num_stages: 3, maxnreg: None
start 768-16-3072
finish 768-16-3072, (155/169) -> Max Dense: 6.08, Max Precomp: 6.55, Max Runtime: 2.27
dense config: BLOCK_SIZE_M: 64, BLOCK_SIZE_N: 64, BLOCK_SIZE_K: 128, num_buffers: 6, num_warps: 4, num_ctas: 1, num_stages: 3, maxnreg: None
precomp config: BLOCK_SIZE_M: 64, BLOCK_SIZE_N: 64, BLOCK_SIZE_K: 128, num_buffers: 6, num_warps: 4, num_ctas: 1, num_stages: 3, maxnreg: None
runtime config: BLOCK_SIZE_M: 64, BLOCK_SIZE_N: 64, BLOCK_SIZE_K: 128, num_buffers: 4, num_warps: 4, num_ctas: 1, num_stages: 3, maxnreg: None
start 1536-16-1536
finish 1536-16-1536, (156/169) -> Max Dense: 7.55, Max Precomp: 8.20, Max Runtime: 3.85
dense config: BLOCK_SIZE_M: 64, BLOCK_SIZE_N: 64, BLOCK_SIZE_K: 128, num_buffers: 6, num_warps: 4, num_ctas: 1, num_stages: 3, maxnreg: None
precomp config: BLOCK_SIZE_M: 64, BLOCK_SIZE_N: 64, BLOCK_SIZE_K: 128, num_buffers: 6, num_warps: 4, num_ctas: 1, num_stages: 3, maxnreg: None
runtime config: BLOCK_SIZE_M: 64, BLOCK_SIZE_N: 64, BLOCK_SIZE_K: 128, num_buffers: 4, num_warps: 4, num_ctas: 1, num_stages: 3, maxnreg: None
start 3072-16-768
finish 3072-16-768, (157/169) -> Max Dense: 7.86, Max Precomp: 8.93, Max Runtime: 5.27
dense config: BLOCK_SIZE_M: 64, BLOCK_SIZE_N: 64, BLOCK_SIZE_K: 64, num_buffers: 6, num_warps: 4, num_ctas: 1, num_stages: 3, maxnreg: None
precomp config: BLOCK_SIZE_M: 128, BLOCK_SIZE_N: 64, BLOCK_SIZE_K: 128, num_buffers: 4, num_warps: 4, num_ctas: 1, num_stages: 3, maxnreg: None
runtime config: BLOCK_SIZE_M: 64, BLOCK_SIZE_N: 64, BLOCK_SIZE_K: 128, num_buffers: 3, num_warps: 4, num_ctas: 1, num_stages: 3, maxnreg: None
start 1024-16-2048
finish 1024-16-2048, (158/169) -> Max Dense: 6.35, Max Precomp: 6.83, Max Runtime: 2.78
dense config: BLOCK_SIZE_M: 64, BLOCK_SIZE_N: 64, BLOCK_SIZE_K: 128, num_buffers: 5, num_warps: 4, num_ctas: 1, num_stages: 3, maxnreg: None
precomp config: BLOCK_SIZE_M: 64, BLOCK_SIZE_N: 64, BLOCK_SIZE_K: 128, num_buffers: 6, num_warps: 4, num_ctas: 1, num_stages: 3, maxnreg: None
runtime config: BLOCK_SIZE_M: 64, BLOCK_SIZE_N: 64, BLOCK_SIZE_K: 128, num_buffers: 4, num_warps: 4, num_ctas: 1, num_stages: 3, maxnreg: None
start 2048-16-1024
finish 2048-16-1024, (159/169) -> Max Dense: 7.21, Max Precomp: 7.83, Max Runtime: 4.23
dense config: BLOCK_SIZE_M: 64, BLOCK_SIZE_N: 64, BLOCK_SIZE_K: 128, num_buffers: 5, num_warps: 4, num_ctas: 1, num_stages: 3, maxnreg: None
precomp config: BLOCK_SIZE_M: 64, BLOCK_SIZE_N: 64, BLOCK_SIZE_K: 128, num_buffers: 5, num_warps: 4, num_ctas: 1, num_stages: 3, maxnreg: None
runtime config: BLOCK_SIZE_M: 64, BLOCK_SIZE_N: 64, BLOCK_SIZE_K: 128, num_buffers: 3, num_warps: 4, num_ctas: 1, num_stages: 3, maxnreg: None
start 768-16-2048
finish 768-16-2048, (160/169) -> Max Dense: 4.88, Max Precomp: 5.24, Max Runtime: 2.09
dense config: BLOCK_SIZE_M: 64, BLOCK_SIZE_N: 64, BLOCK_SIZE_K: 128, num_buffers: 6, num_warps: 4, num_ctas: 1, num_stages: 3, maxnreg: None
precomp config: BLOCK_SIZE_M: 64, BLOCK_SIZE_N: 64, BLOCK_SIZE_K: 128, num_buffers: 6, num_warps: 4, num_ctas: 1, num_stages: 3, maxnreg: None
runtime config: BLOCK_SIZE_M: 64, BLOCK_SIZE_N: 64, BLOCK_SIZE_K: 128, num_buffers: 4, num_warps: 4, num_ctas: 1, num_stages: 3, maxnreg: None
start 1024-16-1536
finish 1024-16-1536, (161/169) -> Max Dense: 5.34, Max Precomp: 5.73, Max Runtime: 2.58
dense config: BLOCK_SIZE_M: 64, BLOCK_SIZE_N: 64, BLOCK_SIZE_K: 128, num_buffers: 5, num_warps: 4, num_ctas: 1, num_stages: 3, maxnreg: None
precomp config: BLOCK_SIZE_M: 64, BLOCK_SIZE_N: 64, BLOCK_SIZE_K: 128, num_buffers: 6, num_warps: 4, num_ctas: 1, num_stages: 3, maxnreg: None
runtime config: BLOCK_SIZE_M: 64, BLOCK_SIZE_N: 64, BLOCK_SIZE_K: 128, num_buffers: 6, num_warps: 4, num_ctas: 1, num_stages: 3, maxnreg: None
start 1536-16-1024
finish 1536-16-1024, (162/169) -> Max Dense: 5.71, Max Precomp: 6.12, Max Runtime: 3.34
dense config: BLOCK_SIZE_M: 64, BLOCK_SIZE_N: 64, BLOCK_SIZE_K: 128, num_buffers: 5, num_warps: 4, num_ctas: 1, num_stages: 3, maxnreg: None
precomp config: BLOCK_SIZE_M: 64, BLOCK_SIZE_N: 64, BLOCK_SIZE_K: 128, num_buffers: 5, num_warps: 4, num_ctas: 1, num_stages: 3, maxnreg: None
runtime config: BLOCK_SIZE_M: 64, BLOCK_SIZE_N: 64, BLOCK_SIZE_K: 128, num_buffers: 3, num_warps: 4, num_ctas: 1, num_stages: 3, maxnreg: None
start 2048-16-768
finish 2048-16-768, (163/169) -> Max Dense: 5.80, Max Precomp: 6.30, Max Runtime: 3.69
dense config: BLOCK_SIZE_M: 64, BLOCK_SIZE_N: 64, BLOCK_SIZE_K: 128, num_buffers: 5, num_warps: 4, num_ctas: 1, num_stages: 3, maxnreg: None
precomp config: BLOCK_SIZE_M: 128, BLOCK_SIZE_N: 64, BLOCK_SIZE_K: 128, num_buffers: 4, num_warps: 4, num_ctas: 1, num_stages: 3, maxnreg: None
runtime config: BLOCK_SIZE_M: 64, BLOCK_SIZE_N: 64, BLOCK_SIZE_K: 128, num_buffers: 3, num_warps: 4, num_ctas: 1, num_stages: 3, maxnreg: None
start 768-16-1536
finish 768-16-1536, (164/169) -> Max Dense: 4.12, Max Precomp: 4.38, Max Runtime: 1.94
dense config: BLOCK_SIZE_M: 64, BLOCK_SIZE_N: 64, BLOCK_SIZE_K: 128, num_buffers: 5, num_warps: 4, num_ctas: 1, num_stages: 3, maxnreg: None
precomp config: BLOCK_SIZE_M: 64, BLOCK_SIZE_N: 64, BLOCK_SIZE_K: 128, num_buffers: 5, num_warps: 4, num_ctas: 1, num_stages: 3, maxnreg: None
runtime config: BLOCK_SIZE_M: 64, BLOCK_SIZE_N: 64, BLOCK_SIZE_K: 128, num_buffers: 3, num_warps: 4, num_ctas: 1, num_stages: 3, maxnreg: None
start 1536-16-768
finish 1536-16-768, (165/169) -> Max Dense: 4.58, Max Precomp: 4.95, Max Runtime: 2.95
dense config: BLOCK_SIZE_M: 64, BLOCK_SIZE_N: 64, BLOCK_SIZE_K: 128, num_buffers: 5, num_warps: 4, num_ctas: 1, num_stages: 3, maxnreg: None
precomp config: BLOCK_SIZE_M: 64, BLOCK_SIZE_N: 64, BLOCK_SIZE_K: 128, num_buffers: 6, num_warps: 4, num_ctas: 1, num_stages: 3, maxnreg: None
runtime config: BLOCK_SIZE_M: 64, BLOCK_SIZE_N: 64, BLOCK_SIZE_K: 128, num_buffers: 3, num_warps: 4, num_ctas: 1, num_stages: 3, maxnreg: None
start 1024-16-1024
finish 1024-16-1024, (166/169) -> Max Dense: 4.09, Max Precomp: 4.33, Max Runtime: 2.26
dense config: BLOCK_SIZE_M: 64, BLOCK_SIZE_N: 64, BLOCK_SIZE_K: 128, num_buffers: 5, num_warps: 4, num_ctas: 1, num_stages: 3, maxnreg: None
precomp config: BLOCK_SIZE_M: 64, BLOCK_SIZE_N: 64, BLOCK_SIZE_K: 128, num_buffers: 5, num_warps: 4, num_ctas: 1, num_stages: 3, maxnreg: None
runtime config: BLOCK_SIZE_M: 64, BLOCK_SIZE_N: 64, BLOCK_SIZE_K: 128, num_buffers: 3, num_warps: 4, num_ctas: 1, num_stages: 3, maxnreg: None
start 768-16-1024
finish 768-16-1024, (167/169) -> Max Dense: 3.14, Max Precomp: 3.31, Max Runtime: 1.70
dense config: BLOCK_SIZE_M: 64, BLOCK_SIZE_N: 64, BLOCK_SIZE_K: 128, num_buffers: 5, num_warps: 4, num_ctas: 1, num_stages: 3, maxnreg: None
precomp config: BLOCK_SIZE_M: 64, BLOCK_SIZE_N: 64, BLOCK_SIZE_K: 128, num_buffers: 5, num_warps: 4, num_ctas: 1, num_stages: 3, maxnreg: None
runtime config: BLOCK_SIZE_M: 64, BLOCK_SIZE_N: 64, BLOCK_SIZE_K: 128, num_buffers: 3, num_warps: 4, num_ctas: 1, num_stages: 3, maxnreg: None
start 1024-16-768
finish 1024-16-768, (168/169) -> Max Dense: 3.29, Max Precomp: 3.49, Max Runtime: 2.00
dense config: BLOCK_SIZE_M: 64, BLOCK_SIZE_N: 64, BLOCK_SIZE_K: 128, num_buffers: 5, num_warps: 4, num_ctas: 1, num_stages: 3, maxnreg: None
precomp config: BLOCK_SIZE_M: 64, BLOCK_SIZE_N: 64, BLOCK_SIZE_K: 128, num_buffers: 5, num_warps: 4, num_ctas: 1, num_stages: 3, maxnreg: None
runtime config: BLOCK_SIZE_M: 64, BLOCK_SIZE_N: 64, BLOCK_SIZE_K: 128, num_buffers: 6, num_warps: 4, num_ctas: 1, num_stages: 3, maxnreg: None
start 768-16-768
finish 768-16-768, (169/169) -> Max Dense: 2.54, Max Precomp: 2.64, Max Runtime: 1.51
dense config: BLOCK_SIZE_M: 64, BLOCK_SIZE_N: 64, BLOCK_SIZE_K: 128, num_buffers: 5, num_warps: 4, num_ctas: 1, num_stages: 3, maxnreg: None
precomp config: BLOCK_SIZE_M: 64, BLOCK_SIZE_N: 64, BLOCK_SIZE_K: 128, num_buffers: 6, num_warps: 4, num_ctas: 1, num_stages: 3, maxnreg: None
runtime config: BLOCK_SIZE_M: 64, BLOCK_SIZE_N: 64, BLOCK_SIZE_K: 128, num_buffers: 3, num_warps: 4, num_ctas: 1, num_stages: 3, maxnreg: None
0.6009493504746053

[INFO] Optimization charts successfully compiled and saved to 'Benchmark/v7.3.1_16.png'

scontrol show job 662691
JobId=662691 JobName=7.4_benchmark
   UserId=notming(3159615) GroupId=notming(3159615) MCS_label=N/A
   Priority=1403493 Nice=0 Account=rrg-mmehride QOS=normal
   JobState=COMPLETING Reason=None Dependency=(null)
   Requeue=0 Restarts=0 BatchFlag=1 Reboot=0 ExitCode=0:0
   RunTime=01:43:12 TimeLimit=04:00:00 TimeMin=N/A
   SubmitTime=2026-07-12T23:36:43 EligibleTime=2026-07-12T23:36:43
   AccrueTime=2026-07-12T23:36:43
   StartTime=2026-07-12T23:36:44 EndTime=2026-07-13T01:19:56 Deadline=N/A
   SuspendTime=None SecsPreSuspend=0 LastSchedEval=2026-07-12T23:36:44 Scheduler=Main
   Partition=compute AllocNode:Sid=trig-login01:1048384
   ReqNodeList=(null) ExcNodeList=(null)
   NodeList=trig0019
   BatchHost=trig0019
   NumNodes=1 NumCPUs=24 NumTasks=1 CPUs/Task=1 ReqB:S:C:T=0:0:*:*
   ReqTRES=cpu=1,mem=192500M,node=1,billing=1,gres/gpu=1
   AllocTRES=cpu=24,mem=192500M,node=1,billing=1,gres/gpu=1
   Socks/Node=* NtasksPerN:B:S:C=0:0:*:* CoreSpec=*
   MinCPUsNode=1 MinMemoryNode=192500M MinTmpDiskNode=0
   Features=(null) DelayBoot=00:00:00
   OverSubscribe=OK Contiguous=0 Licenses=(null) LicensesAlloc=(null) Network=(null)
   Command=/scratch/notming/compression/sbatch_sh/trillium/7.4_sbatch_benchmark.sh
   SubmitLine=SBATCH --comment /opt/slurm/bin/sbatch --export=NONE --get-user-env sbatch_sh/trillium/7.4_sbatch_benchmark.sh --export=NONE --get-user-env sbatch_sh/trillium/7.4_sbatch_benchmark.sh
   WorkDir=/scratch/notming/compression
   Comment=/opt/slurm/bin/sbatch --export=NONE --get-user-env sbatch_sh/trillium/7.4_sbatch_benchmark.sh
   StdErr=
   StdIn=/dev/null
   StdOut=/scratch/notming/compression/7.4_benchmark_662691.out
   CpusPerTres=gpu:24
   TresPerNode=gres/gpu:1

sacct -j 662691
JobID           JobName    Account    Elapsed  MaxVMSize     MaxRSS  SystemCPU    UserCPU ExitCode 
------------ ---------- ---------- ---------- ---------- ---------- ---------- ---------- -------- 
662691       7.4_bench+ rrg-mmehr+   01:43:12                        03:19.395   01:39:06      0:0 
662691.batch      batch rrg-mmehr+   01:43:12          0   5387852K  03:19.395   01:39:06      0:0 
662691.exte+     extern rrg-mmehr+   01:43:12                         00:00:00   00:00:00      0:0 

