Thu Jul  2 00:01:48 2026       
+-----------------------------------------------------------------------------------------+
| NVIDIA-SMI 580.159.04             Driver Version: 580.159.04     CUDA Version: 13.2     |
+-----------------------------------------+------------------------+----------------------+
| GPU  Name                 Persistence-M | Bus-Id          Disp.A | Volatile Uncorr. ECC |
| Fan  Temp   Perf          Pwr:Usage/Cap |           Memory-Usage | GPU-Util  Compute M. |
|                                         |                        |               MIG M. |
|=========================================+========================+======================|
|   0  NVIDIA H100 80GB HBM3          Off |   00000000:5F:00.0 Off |                    0 |
| N/A   42C    P0             71W /  700W |       0MiB /  81559MiB |      0%      Default |
|                                         |                        |             Disabled |
+-----------------------------------------+------------------------+----------------------+

+-----------------------------------------------------------------------------------------+
| Processes:                                                                              |
|  GPU   GI   CI              PID   Type   Process name                        GPU Memory |
|        ID   ID                                                               Usage      |
|=========================================================================================|
|  No running processes found                                                             |
+-----------------------------------------------------------------------------------------+
/usr/bin/rm: cannot remove '/usr/local/cuda/compat/lib': Read-only file system
rm: cannot remove '/usr/local/cuda/compat/lib': Read-only file system
CUDA Available: True
Device Count: 1
/usr/bin/rm: cannot remove '/usr/local/cuda/compat/lib': Read-only file system
rm: cannot remove '/usr/local/cuda/compat/lib': Read-only file system
/opt/stoicc/python/triton/language/core.py:373: UserWarning: Value 1 exceeds the maximum bitwidth (1) for type 'int1'. This may result in undefined behavior.
  warn(
/opt/pytorch/pytorch/aten/src/ATen/native/cuda/ScatterGatherKernel.cu:409: operator(): block: [1570,0,0], thread: [32,0,0] Assertion `idx_dim >= 0 && idx_dim < index_size && "index out of bounds"` failed.
/opt/pytorch/pytorch/aten/src/ATen/native/cuda/ScatterGatherKernel.cu:409: operator(): block: [1570,0,0], thread: [33,0,0] Assertion `idx_dim >= 0 && idx_dim < index_size && "index out of bounds"` failed.
/opt/pytorch/pytorch/aten/src/ATen/native/cuda/ScatterGatherKernel.cu:409: operator(): block: [1570,0,0], thread: [34,0,0] Assertion `idx_dim >= 0 && idx_dim < index_size && "index out of bounds"` failed.
/opt/pytorch/pytorch/aten/src/ATen/native/cuda/ScatterGatherKernel.cu:409: operator(): block: [1570,0,0], thread: [35,0,0] Assertion `idx_dim >= 0 && idx_dim < index_size && "index out of bounds"` failed.
/opt/pytorch/pytorch/aten/src/ATen/native/cuda/ScatterGatherKernel.cu:409: operator(): block: [1570,0,0], thread: [36,0,0] Assertion `idx_dim >= 0 && idx_dim < index_size && "index out of bounds"` failed.
/opt/pytorch/pytorch/aten/src/ATen/native/cuda/ScatterGatherKernel.cu:409: operator(): block: [1570,0,0], thread: [37,0,0] Assertion `idx_dim >= 0 && idx_dim < index_size && "index out of bounds"` failed.
/opt/pytorch/pytorch/aten/src/ATen/native/cuda/ScatterGatherKernel.cu:409: operator(): block: [1570,0,0], thread: [38,0,0] Assertion `idx_dim >= 0 && idx_dim < index_size && "index out of bounds"` failed.
/opt/pytorch/pytorch/aten/src/ATen/native/cuda/ScatterGatherKernel.cu:409: operator(): block: [1570,0,0], thread: [39,0,0] Assertion `idx_dim >= 0 && idx_dim < index_size && "index out of bounds"` failed.
/opt/pytorch/pytorch/aten/src/ATen/native/cuda/ScatterGatherKernel.cu:409: operator(): block: [1570,0,0], thread: [40,0,0] Assertion `idx_dim >= 0 && idx_dim < index_size && "index out of bounds"` failed.
/opt/pytorch/pytorch/aten/src/ATen/native/cuda/ScatterGatherKernel.cu:409: operator(): block: [1570,0,0], thread: [41,0,0] Assertion `idx_dim >= 0 && idx_dim < index_size && "index out of bounds"` failed.
/opt/pytorch/pytorch/aten/src/ATen/native/cuda/ScatterGatherKernel.cu:409: operator(): block: [1570,0,0], thread: [42,0,0] Assertion `idx_dim >= 0 && idx_dim < index_size && "index out of bounds"` failed.
/opt/pytorch/pytorch/aten/src/ATen/native/cuda/ScatterGatherKernel.cu:409: operator(): block: [1570,0,0], thread: [43,0,0] Assertion `idx_dim >= 0 && idx_dim < index_size && "index out of bounds"` failed.
/opt/pytorch/pytorch/aten/src/ATen/native/cuda/ScatterGatherKernel.cu:409: operator(): block: [1570,0,0], thread: [44,0,0] Assertion `idx_dim >= 0 && idx_dim < index_size && "index out of bounds"` failed.
/opt/pytorch/pytorch/aten/src/ATen/native/cuda/ScatterGatherKernel.cu:409: operator(): block: [1570,0,0], thread: [45,0,0] Assertion `idx_dim >= 0 && idx_dim < index_size && "index out of bounds"` failed.
/opt/pytorch/pytorch/aten/src/ATen/native/cuda/ScatterGatherKernel.cu:409: operator(): block: [1570,0,0], thread: [46,0,0] Assertion `idx_dim >= 0 && idx_dim < index_size && "index out of bounds"` failed.
/opt/pytorch/pytorch/aten/src/ATen/native/cuda/ScatterGatherKernel.cu:409: operator(): block: [1570,0,0], thread: [47,0,0] Assertion `idx_dim >= 0 && idx_dim < index_size && "index out of bounds"` failed.
/opt/pytorch/pytorch/aten/src/ATen/native/cuda/ScatterGatherKernel.cu:409: operator(): block: [1570,0,0], thread: [48,0,0] Assertion `idx_dim >= 0 && idx_dim < index_size && "index out of bounds"` failed.
/opt/pytorch/pytorch/aten/src/ATen/native/cuda/ScatterGatherKernel.cu:409: operator(): block: [1570,0,0], thread: [49,0,0] Assertion `idx_dim >= 0 && idx_dim < index_size && "index out of bounds"` failed.
/opt/pytorch/pytorch/aten/src/ATen/native/cuda/ScatterGatherKernel.cu:409: operator(): block: [1570,0,0], thread: [50,0,0] Assertion `idx_dim >= 0 && idx_dim < index_size && "index out of bounds"` failed.
/opt/pytorch/pytorch/aten/src/ATen/native/cuda/ScatterGatherKernel.cu:409: operator(): block: [1570,0,0], thread: [51,0,0] Assertion `idx_dim >= 0 && idx_dim < index_size && "index out of bounds"` failed.
/opt/pytorch/pytorch/aten/src/ATen/native/cuda/ScatterGatherKernel.cu:409: operator(): block: [1570,0,0], thread: [52,0,0] Assertion `idx_dim >= 0 && idx_dim < index_size && "index out of bounds"` failed.
/opt/pytorch/pytorch/aten/src/ATen/native/cuda/ScatterGatherKernel.cu:409: operator(): block: [1570,0,0], thread: [53,0,0] Assertion `idx_dim >= 0 && idx_dim < index_size && "index out of bounds"` failed.
/opt/pytorch/pytorch/aten/src/ATen/native/cuda/ScatterGatherKernel.cu:409: operator(): block: [1570,0,0], thread: [54,0,0] Assertion `idx_dim >= 0 && idx_dim < index_size && "index out of bounds"` failed.
/opt/pytorch/pytorch/aten/src/ATen/native/cuda/ScatterGatherKernel.cu:409: operator(): block: [1570,0,0], thread: [55,0,0] Assertion `idx_dim >= 0 && idx_dim < index_size && "index out of bounds"` failed.
/opt/pytorch/pytorch/aten/src/ATen/native/cuda/ScatterGatherKernel.cu:409: operator(): block: [1570,0,0], thread: [56,0,0] Assertion `idx_dim >= 0 && idx_dim < index_size && "index out of bounds"` failed.
/opt/pytorch/pytorch/aten/src/ATen/native/cuda/ScatterGatherKernel.cu:409: operator(): block: [1570,0,0], thread: [57,0,0] Assertion `idx_dim >= 0 && idx_dim < index_size && "index out of bounds"` failed.
/opt/pytorch/pytorch/aten/src/ATen/native/cuda/ScatterGatherKernel.cu:409: operator(): block: [1570,0,0], thread: [58,0,0] Assertion `idx_dim >= 0 && idx_dim < index_size && "index out of bounds"` failed.
/opt/pytorch/pytorch/aten/src/ATen/native/cuda/ScatterGatherKernel.cu:409: operator(): block: [1570,0,0], thread: [59,0,0] Assertion `idx_dim >= 0 && idx_dim < index_size && "index out of bounds"` failed.
/opt/pytorch/pytorch/aten/src/ATen/native/cuda/ScatterGatherKernel.cu:409: operator(): block: [1570,0,0], thread: [60,0,0] Assertion `idx_dim >= 0 && idx_dim < index_size && "index out of bounds"` failed.
/opt/pytorch/pytorch/aten/src/ATen/native/cuda/ScatterGatherKernel.cu:409: operator(): block: [1570,0,0], thread: [61,0,0] Assertion `idx_dim >= 0 && idx_dim < index_size && "index out of bounds"` failed.
/opt/pytorch/pytorch/aten/src/ATen/native/cuda/ScatterGatherKernel.cu:409: operator(): block: [1570,0,0], thread: [62,0,0] Assertion `idx_dim >= 0 && idx_dim < index_size && "index out of bounds"` failed.
/opt/pytorch/pytorch/aten/src/ATen/native/cuda/ScatterGatherKernel.cu:409: operator(): block: [1570,0,0], thread: [63,0,0] Assertion `idx_dim >= 0 && idx_dim < index_size && "index out of bounds"` failed.
/opt/pytorch/pytorch/aten/src/ATen/native/cuda/ScatterGatherKernel.cu:409: operator(): block: [1466,0,0], thread: [0,0,0] Assertion `idx_dim >= 0 && idx_dim < index_size && "index out of bounds"` failed.
/opt/pytorch/pytorch/aten/src/ATen/native/cuda/ScatterGatherKernel.cu:409: operator(): block: [1466,0,0], thread: [1,0,0] Assertion `idx_dim >= 0 && idx_dim < index_size && "index out of bounds"` failed.
/opt/pytorch/pytorch/aten/src/ATen/native/cuda/ScatterGatherKernel.cu:409: operator(): block: [1466,0,0], thread: [2,0,0] Assertion `idx_dim >= 0 && idx_dim < index_size && "index out of bounds"` failed.
/opt/pytorch/pytorch/aten/src/ATen/native/cuda/ScatterGatherKernel.cu:409: operator(): block: [1466,0,0], thread: [3,0,0] Assertion `idx_dim >= 0 && idx_dim < index_size && "index out of bounds"` failed.
/opt/pytorch/pytorch/aten/src/ATen/native/cuda/ScatterGatherKernel.cu:409: operator(): block: [1466,0,0], thread: [4,0,0] Assertion `idx_dim >= 0 && idx_dim < index_size && "index out of bounds"` failed.
/opt/pytorch/pytorch/aten/src/ATen/native/cuda/ScatterGatherKernel.cu:409: operator(): block: [1466,0,0], thread: [5,0,0] Assertion `idx_dim >= 0 && idx_dim < index_size && "index out of bounds"` failed.
/opt/pytorch/pytorch/aten/src/ATen/native/cuda/ScatterGatherKernel.cu:409: operator(): block: [1466,0,0], thread: [6,0,0] Assertion `idx_dim >= 0 && idx_dim < index_size && "index out of bounds"` failed.
/opt/pytorch/pytorch/aten/src/ATen/native/cuda/ScatterGatherKernel.cu:409: operator(): block: [1466,0,0], thread: [7,0,0] Assertion `idx_dim >= 0 && idx_dim < index_size && "index out of bounds"` failed.
/opt/pytorch/pytorch/aten/src/ATen/native/cuda/ScatterGatherKernel.cu:409: operator(): block: [1466,0,0], thread: [8,0,0] Assertion `idx_dim >= 0 && idx_dim < index_size && "index out of bounds"` failed.
/opt/pytorch/pytorch/aten/src/ATen/native/cuda/ScatterGatherKernel.cu:409: operator(): block: [1466,0,0], thread: [9,0,0] Assertion `idx_dim >= 0 && idx_dim < index_size && "index out of bounds"` failed.
/opt/pytorch/pytorch/aten/src/ATen/native/cuda/ScatterGatherKernel.cu:409: operator(): block: [1466,0,0], thread: [10,0,0] Assertion `idx_dim >= 0 && idx_dim < index_size && "index out of bounds"` failed.
/opt/pytorch/pytorch/aten/src/ATen/native/cuda/ScatterGatherKernel.cu:409: operator(): block: [1466,0,0], thread: [11,0,0] Assertion `idx_dim >= 0 && idx_dim < index_size && "index out of bounds"` failed.
/opt/pytorch/pytorch/aten/src/ATen/native/cuda/ScatterGatherKernel.cu:409: operator(): block: [1466,0,0], thread: [12,0,0] Assertion `idx_dim >= 0 && idx_dim < index_size && "index out of bounds"` failed.
/opt/pytorch/pytorch/aten/src/ATen/native/cuda/ScatterGatherKernel.cu:409: operator(): block: [1466,0,0], thread: [13,0,0] Assertion `idx_dim >= 0 && idx_dim < index_size && "index out of bounds"` failed.
/opt/pytorch/pytorch/aten/src/ATen/native/cuda/ScatterGatherKernel.cu:409: operator(): block: [1466,0,0], thread: [14,0,0] Assertion `idx_dim >= 0 && idx_dim < index_size && "index out of bounds"` failed.
/opt/pytorch/pytorch/aten/src/ATen/native/cuda/ScatterGatherKernel.cu:409: operator(): block: [1466,0,0], thread: [15,0,0] Assertion `idx_dim >= 0 && idx_dim < index_size && "index out of bounds"` failed.
/opt/pytorch/pytorch/aten/src/ATen/native/cuda/ScatterGatherKernel.cu:409: operator(): block: [1466,0,0], thread: [16,0,0] Assertion `idx_dim >= 0 && idx_dim < index_size && "index out of bounds"` failed.
/opt/pytorch/pytorch/aten/src/ATen/native/cuda/ScatterGatherKernel.cu:409: operator(): block: [1466,0,0], thread: [17,0,0] Assertion `idx_dim >= 0 && idx_dim < index_size && "index out of bounds"` failed.
/opt/pytorch/pytorch/aten/src/ATen/native/cuda/ScatterGatherKernel.cu:409: operator(): block: [1466,0,0], thread: [18,0,0] Assertion `idx_dim >= 0 && idx_dim < index_size && "index out of bounds"` failed.
/opt/pytorch/pytorch/aten/src/ATen/native/cuda/ScatterGatherKernel.cu:409: operator(): block: [1466,0,0], thread: [19,0,0] Assertion `idx_dim >= 0 && idx_dim < index_size && "index out of bounds"` failed.
/opt/pytorch/pytorch/aten/src/ATen/native/cuda/ScatterGatherKernel.cu:409: operator(): block: [1466,0,0], thread: [20,0,0] Assertion `idx_dim >= 0 && idx_dim < index_size && "index out of bounds"` failed.
/opt/pytorch/pytorch/aten/src/ATen/native/cuda/ScatterGatherKernel.cu:409: operator(): block: [1466,0,0], thread: [21,0,0] Assertion `idx_dim >= 0 && idx_dim < index_size && "index out of bounds"` failed.
/opt/pytorch/pytorch/aten/src/ATen/native/cuda/ScatterGatherKernel.cu:409: operator(): block: [1466,0,0], thread: [22,0,0] Assertion `idx_dim >= 0 && idx_dim < index_size && "index out of bounds"` failed.
/opt/pytorch/pytorch/aten/src/ATen/native/cuda/ScatterGatherKernel.cu:409: operator(): block: [1466,0,0], thread: [23,0,0] Assertion `idx_dim >= 0 && idx_dim < index_size && "index out of bounds"` failed.
/opt/pytorch/pytorch/aten/src/ATen/native/cuda/ScatterGatherKernel.cu:409: operator(): block: [1466,0,0], thread: [24,0,0] Assertion `idx_dim >= 0 && idx_dim < index_size && "index out of bounds"` failed.
/opt/pytorch/pytorch/aten/src/ATen/native/cuda/ScatterGatherKernel.cu:409: operator(): block: [1466,0,0], thread: [25,0,0] Assertion `idx_dim >= 0 && idx_dim < index_size && "index out of bounds"` failed.
/opt/pytorch/pytorch/aten/src/ATen/native/cuda/ScatterGatherKernel.cu:409: operator(): block: [1466,0,0], thread: [26,0,0] Assertion `idx_dim >= 0 && idx_dim < index_size && "index out of bounds"` failed.
/opt/pytorch/pytorch/aten/src/ATen/native/cuda/ScatterGatherKernel.cu:409: operator(): block: [1466,0,0], thread: [27,0,0] Assertion `idx_dim >= 0 && idx_dim < index_size && "index out of bounds"` failed.
/opt/pytorch/pytorch/aten/src/ATen/native/cuda/ScatterGatherKernel.cu:409: operator(): block: [1466,0,0], thread: [28,0,0] Assertion `idx_dim >= 0 && idx_dim < index_size && "index out of bounds"` failed.
/opt/pytorch/pytorch/aten/src/ATen/native/cuda/ScatterGatherKernel.cu:409: operator(): block: [1466,0,0], thread: [29,0,0] Assertion `idx_dim >= 0 && idx_dim < index_size && "index out of bounds"` failed.
/opt/pytorch/pytorch/aten/src/ATen/native/cuda/ScatterGatherKernel.cu:409: operator(): block: [1466,0,0], thread: [30,0,0] Assertion `idx_dim >= 0 && idx_dim < index_size && "index out of bounds"` failed.
/opt/pytorch/pytorch/aten/src/ATen/native/cuda/ScatterGatherKernel.cu:409: operator(): block: [1466,0,0], thread: [31,0,0] Assertion `idx_dim >= 0 && idx_dim < index_size && "index out of bounds"` failed.
/opt/pytorch/pytorch/aten/src/ATen/native/cuda/ScatterGatherKernel.cu:409: operator(): block: [1466,0,0], thread: [32,0,0] Assertion `idx_dim >= 0 && idx_dim < index_size && "index out of bounds"` failed.
/opt/pytorch/pytorch/aten/src/ATen/native/cuda/ScatterGatherKernel.cu:409: operator(): block: [1466,0,0], thread: [33,0,0] Assertion `idx_dim >= 0 && idx_dim < index_size && "index out of bounds"` failed.
/opt/pytorch/pytorch/aten/src/ATen/native/cuda/ScatterGatherKernel.cu:409: operator(): block: [1466,0,0], thread: [34,0,0] Assertion `idx_dim >= 0 && idx_dim < index_size && "index out of bounds"` failed.
/opt/pytorch/pytorch/aten/src/ATen/native/cuda/ScatterGatherKernel.cu:409: operator(): block: [1466,0,0], thread: [35,0,0] Assertion `idx_dim >= 0 && idx_dim < index_size && "index out of bounds"` failed.
/opt/pytorch/pytorch/aten/src/ATen/native/cuda/ScatterGatherKernel.cu:409: operator(): block: [1466,0,0], thread: [36,0,0] Assertion `idx_dim >= 0 && idx_dim < index_size && "index out of bounds"` failed.
/opt/pytorch/pytorch/aten/src/ATen/native/cuda/ScatterGatherKernel.cu:409: operator(): block: [1466,0,0], thread: [37,0,0] Assertion `idx_dim >= 0 && idx_dim < index_size && "index out of bounds"` failed.
/opt/pytorch/pytorch/aten/src/ATen/native/cuda/ScatterGatherKernel.cu:409: operator(): block: [1466,0,0], thread: [38,0,0] Assertion `idx_dim >= 0 && idx_dim < index_size && "index out of bounds"` failed.
/opt/pytorch/pytorch/aten/src/ATen/native/cuda/ScatterGatherKernel.cu:409: operator(): block: [1466,0,0], thread: [39,0,0] Assertion `idx_dim >= 0 && idx_dim < index_size && "index out of bounds"` failed.
/opt/pytorch/pytorch/aten/src/ATen/native/cuda/ScatterGatherKernel.cu:409: operator(): block: [1466,0,0], thread: [40,0,0] Assertion `idx_dim >= 0 && idx_dim < index_size && "index out of bounds"` failed.
/opt/pytorch/pytorch/aten/src/ATen/native/cuda/ScatterGatherKernel.cu:409: operator(): block: [1466,0,0], thread: [41,0,0] Assertion `idx_dim >= 0 && idx_dim < index_size && "index out of bounds"` failed.
/opt/pytorch/pytorch/aten/src/ATen/native/cuda/ScatterGatherKernel.cu:409: operator(): block: [1466,0,0], thread: [42,0,0] Assertion `idx_dim >= 0 && idx_dim < index_size && "index out of bounds"` failed.
/opt/pytorch/pytorch/aten/src/ATen/native/cuda/ScatterGatherKernel.cu:409: operator(): block: [1466,0,0], thread: [43,0,0] Assertion `idx_dim >= 0 && idx_dim < index_size && "index out of bounds"` failed.
/opt/pytorch/pytorch/aten/src/ATen/native/cuda/ScatterGatherKernel.cu:409: operator(): block: [1466,0,0], thread: [44,0,0] Assertion `idx_dim >= 0 && idx_dim < index_size && "index out of bounds"` failed.
/opt/pytorch/pytorch/aten/src/ATen/native/cuda/ScatterGatherKernel.cu:409: operator(): block: [1466,0,0], thread: [45,0,0] Assertion `idx_dim >= 0 && idx_dim < index_size && "index out of bounds"` failed.
/opt/pytorch/pytorch/aten/src/ATen/native/cuda/ScatterGatherKernel.cu:409: operator(): block: [1466,0,0], thread: [46,0,0] Assertion `idx_dim >= 0 && idx_dim < index_size && "index out of bounds"` failed.
/opt/pytorch/pytorch/aten/src/ATen/native/cuda/ScatterGatherKernel.cu:409: operator(): block: [1466,0,0], thread: [47,0,0] Assertion `idx_dim >= 0 && idx_dim < index_size && "index out of bounds"` failed.
/opt/pytorch/pytorch/aten/src/ATen/native/cuda/ScatterGatherKernel.cu:409: operator(): block: [1466,0,0], thread: [48,0,0] Assertion `idx_dim >= 0 && idx_dim < index_size && "index out of bounds"` failed.
/opt/pytorch/pytorch/aten/src/ATen/native/cuda/ScatterGatherKernel.cu:409: operator(): block: [1466,0,0], thread: [49,0,0] Assertion `idx_dim >= 0 && idx_dim < index_size && "index out of bounds"` failed.
/opt/pytorch/pytorch/aten/src/ATen/native/cuda/ScatterGatherKernel.cu:409: operator(): block: [1466,0,0], thread: [50,0,0] Assertion `idx_dim >= 0 && idx_dim < index_size && "index out of bounds"` failed.
/opt/pytorch/pytorch/aten/src/ATen/native/cuda/ScatterGatherKernel.cu:409: operator(): block: [1466,0,0], thread: [51,0,0] Assertion `idx_dim >= 0 && idx_dim < index_size && "index out of bounds"` failed.
/opt/pytorch/pytorch/aten/src/ATen/native/cuda/ScatterGatherKernel.cu:409: operator(): block: [1466,0,0], thread: [52,0,0] Assertion `idx_dim >= 0 && idx_dim < index_size && "index out of bounds"` failed.
/opt/pytorch/pytorch/aten/src/ATen/native/cuda/ScatterGatherKernel.cu:409: operator(): block: [1466,0,0], thread: [53,0,0] Assertion `idx_dim >= 0 && idx_dim < index_size && "index out of bounds"` failed.
/opt/pytorch/pytorch/aten/src/ATen/native/cuda/ScatterGatherKernel.cu:409: operator(): block: [1466,0,0], thread: [54,0,0] Assertion `idx_dim >= 0 && idx_dim < index_size && "index out of bounds"` failed.
/opt/pytorch/pytorch/aten/src/ATen/native/cuda/ScatterGatherKernel.cu:409: operator(): block: [1466,0,0], thread: [55,0,0] Assertion `idx_dim >= 0 && idx_dim < index_size && "index out of bounds"` failed.
/opt/pytorch/pytorch/aten/src/ATen/native/cuda/ScatterGatherKernel.cu:409: operator(): block: [1466,0,0], thread: [56,0,0] Assertion `idx_dim >= 0 && idx_dim < index_size && "index out of bounds"` failed.
/opt/pytorch/pytorch/aten/src/ATen/native/cuda/ScatterGatherKernel.cu:409: operator(): block: [1466,0,0], thread: [57,0,0] Assertion `idx_dim >= 0 && idx_dim < index_size && "index out of bounds"` failed.
/opt/pytorch/pytorch/aten/src/ATen/native/cuda/ScatterGatherKernel.cu:409: operator(): block: [1466,0,0], thread: [58,0,0] Assertion `idx_dim >= 0 && idx_dim < index_size && "index out of bounds"` failed.
/opt/pytorch/pytorch/aten/src/ATen/native/cuda/ScatterGatherKernel.cu:409: operator(): block: [1466,0,0], thread: [59,0,0] Assertion `idx_dim >= 0 && idx_dim < index_size && "index out of bounds"` failed.
/opt/pytorch/pytorch/aten/src/ATen/native/cuda/ScatterGatherKernel.cu:409: operator(): block: [1466,0,0], thread: [60,0,0] Assertion `idx_dim >= 0 && idx_dim < index_size && "index out of bounds"` failed.
/opt/pytorch/pytorch/aten/src/ATen/native/cuda/ScatterGatherKernel.cu:409: operator(): block: [1466,0,0], thread: [61,0,0] Assertion `idx_dim >= 0 && idx_dim < index_size && "index out of bounds"` failed.
/opt/pytorch/pytorch/aten/src/ATen/native/cuda/ScatterGatherKernel.cu:409: operator(): block: [1466,0,0], thread: [62,0,0] Assertion `idx_dim >= 0 && idx_dim < index_size && "index out of bounds"` failed.
/opt/pytorch/pytorch/aten/src/ATen/native/cuda/ScatterGatherKernel.cu:409: operator(): block: [1466,0,0], thread: [63,0,0] Assertion `idx_dim >= 0 && idx_dim < index_size && "index out of bounds"` failed.
/opt/pytorch/pytorch/aten/src/ATen/native/cuda/ScatterGatherKernel.cu:409: operator(): block: [1466,0,0], thread: [96,0,0] Assertion `idx_dim >= 0 && idx_dim < index_size && "index out of bounds"` failed.
/opt/pytorch/pytorch/aten/src/ATen/native/cuda/ScatterGatherKernel.cu:409: operator(): block: [1466,0,0], thread: [97,0,0] Assertion `idx_dim >= 0 && idx_dim < index_size && "index out of bounds"` failed.
/opt/pytorch/pytorch/aten/src/ATen/native/cuda/ScatterGatherKernel.cu:409: operator(): block: [1466,0,0], thread: [98,0,0] Assertion `idx_dim >= 0 && idx_dim < index_size && "index out of bounds"` failed.
/opt/pytorch/pytorch/aten/src/ATen/native/cuda/ScatterGatherKernel.cu:409: operator(): block: [1466,0,0], thread: [99,0,0] Assertion `idx_dim >= 0 && idx_dim < index_size && "index out of bounds"` failed.
/opt/pytorch/pytorch/aten/src/ATen/native/cuda/ScatterGatherKernel.cu:409: operator(): block: [1466,0,0], thread: [100,0,0] Assertion `idx_dim >= 0 && idx_dim < index_size && "index out of bounds"` failed.
/opt/pytorch/pytorch/aten/src/ATen/native/cuda/ScatterGatherKernel.cu:409: operator(): block: [1466,0,0], thread: [101,0,0] Assertion `idx_dim >= 0 && idx_dim < index_size && "index out of bounds"` failed.
/opt/pytorch/pytorch/aten/src/ATen/native/cuda/ScatterGatherKernel.cu:409: operator(): block: [1466,0,0], thread: [102,0,0] Assertion `idx_dim >= 0 && idx_dim < index_size && "index out of bounds"` failed.
/opt/pytorch/pytorch/aten/src/ATen/native/cuda/ScatterGatherKernel.cu:409: operator(): block: [1466,0,0], thread: [103,0,0] Assertion `idx_dim >= 0 && idx_dim < index_size && "index out of bounds"` failed.
/opt/pytorch/pytorch/aten/src/ATen/native/cuda/ScatterGatherKernel.cu:409: operator(): block: [1466,0,0], thread: [104,0,0] Assertion `idx_dim >= 0 && idx_dim < index_size && "index out of bounds"` failed.
/opt/pytorch/pytorch/aten/src/ATen/native/cuda/ScatterGatherKernel.cu:409: operator(): block: [1466,0,0], thread: [105,0,0] Assertion `idx_dim >= 0 && idx_dim < index_size && "index out of bounds"` failed.
/opt/pytorch/pytorch/aten/src/ATen/native/cuda/ScatterGatherKernel.cu:409: operator(): block: [1466,0,0], thread: [106,0,0] Assertion `idx_dim >= 0 && idx_dim < index_size && "index out of bounds"` failed.
/opt/pytorch/pytorch/aten/src/ATen/native/cuda/ScatterGatherKernel.cu:409: operator(): block: [1466,0,0], thread: [107,0,0] Assertion `idx_dim >= 0 && idx_dim < index_size && "index out of bounds"` failed.
/opt/pytorch/pytorch/aten/src/ATen/native/cuda/ScatterGatherKernel.cu:409: operator(): block: [1466,0,0], thread: [108,0,0] Assertion `idx_dim >= 0 && idx_dim < index_size && "index out of bounds"` failed.
/opt/pytorch/pytorch/aten/src/ATen/native/cuda/ScatterGatherKernel.cu:409: operator(): block: [1466,0,0], thread: [109,0,0] Assertion `idx_dim >= 0 && idx_dim < index_size && "index out of bounds"` failed.
/opt/pytorch/pytorch/aten/src/ATen/native/cuda/ScatterGatherKernel.cu:409: operator(): block: [1466,0,0], thread: [110,0,0] Assertion `idx_dim >= 0 && idx_dim < index_size && "index out of bounds"` failed.
/opt/pytorch/pytorch/aten/src/ATen/native/cuda/ScatterGatherKernel.cu:409: operator(): block: [1466,0,0], thread: [111,0,0] Assertion `idx_dim >= 0 && idx_dim < index_size && "index out of bounds"` failed.
/opt/pytorch/pytorch/aten/src/ATen/native/cuda/ScatterGatherKernel.cu:409: operator(): block: [1466,0,0], thread: [112,0,0] Assertion `idx_dim >= 0 && idx_dim < index_size && "index out of bounds"` failed.
/opt/pytorch/pytorch/aten/src/ATen/native/cuda/ScatterGatherKernel.cu:409: operator(): block: [1466,0,0], thread: [113,0,0] Assertion `idx_dim >= 0 && idx_dim < index_size && "index out of bounds"` failed.
/opt/pytorch/pytorch/aten/src/ATen/native/cuda/ScatterGatherKernel.cu:409: operator(): block: [1466,0,0], thread: [114,0,0] Assertion `idx_dim >= 0 && idx_dim < index_size && "index out of bounds"` failed.
/opt/pytorch/pytorch/aten/src/ATen/native/cuda/ScatterGatherKernel.cu:409: operator(): block: [1466,0,0], thread: [115,0,0] Assertion `idx_dim >= 0 && idx_dim < index_size && "index out of bounds"` failed.
/opt/pytorch/pytorch/aten/src/ATen/native/cuda/ScatterGatherKernel.cu:409: operator(): block: [1466,0,0], thread: [116,0,0] Assertion `idx_dim >= 0 && idx_dim < index_size && "index out of bounds"` failed.
/opt/pytorch/pytorch/aten/src/ATen/native/cuda/ScatterGatherKernel.cu:409: operator(): block: [1466,0,0], thread: [117,0,0] Assertion `idx_dim >= 0 && idx_dim < index_size && "index out of bounds"` failed.
/opt/pytorch/pytorch/aten/src/ATen/native/cuda/ScatterGatherKernel.cu:409: operator(): block: [1466,0,0], thread: [118,0,0] Assertion `idx_dim >= 0 && idx_dim < index_size && "index out of bounds"` failed.
/opt/pytorch/pytorch/aten/src/ATen/native/cuda/ScatterGatherKernel.cu:409: operator(): block: [1466,0,0], thread: [119,0,0] Assertion `idx_dim >= 0 && idx_dim < index_size && "index out of bounds"` failed.
/opt/pytorch/pytorch/aten/src/ATen/native/cuda/ScatterGatherKernel.cu:409: operator(): block: [1466,0,0], thread: [120,0,0] Assertion `idx_dim >= 0 && idx_dim < index_size && "index out of bounds"` failed.
/opt/pytorch/pytorch/aten/src/ATen/native/cuda/ScatterGatherKernel.cu:409: operator(): block: [1466,0,0], thread: [121,0,0] Assertion `idx_dim >= 0 && idx_dim < index_size && "index out of bounds"` failed.
/opt/pytorch/pytorch/aten/src/ATen/native/cuda/ScatterGatherKernel.cu:409: operator(): block: [1466,0,0], thread: [122,0,0] Assertion `idx_dim >= 0 && idx_dim < index_size && "index out of bounds"` failed.
/opt/pytorch/pytorch/aten/src/ATen/native/cuda/ScatterGatherKernel.cu:409: operator(): block: [1466,0,0], thread: [123,0,0] Assertion `idx_dim >= 0 && idx_dim < index_size && "index out of bounds"` failed.
/opt/pytorch/pytorch/aten/src/ATen/native/cuda/ScatterGatherKernel.cu:409: operator(): block: [1466,0,0], thread: [124,0,0] Assertion `idx_dim >= 0 && idx_dim < index_size && "index out of bounds"` failed.
/opt/pytorch/pytorch/aten/src/ATen/native/cuda/ScatterGatherKernel.cu:409: operator(): block: [1466,0,0], thread: [125,0,0] Assertion `idx_dim >= 0 && idx_dim < index_size && "index out of bounds"` failed.
/opt/pytorch/pytorch/aten/src/ATen/native/cuda/ScatterGatherKernel.cu:409: operator(): block: [1466,0,0], thread: [126,0,0] Assertion `idx_dim >= 0 && idx_dim < index_size && "index out of bounds"` failed.
/opt/pytorch/pytorch/aten/src/ATen/native/cuda/ScatterGatherKernel.cu:409: operator(): block: [1466,0,0], thread: [127,0,0] Assertion `idx_dim >= 0 && idx_dim < index_size && "index out of bounds"` failed.
/opt/pytorch/pytorch/aten/src/ATen/native/cuda/ScatterGatherKernel.cu:409: operator(): block: [1474,0,0], thread: [64,0,0] Assertion `idx_dim >= 0 && idx_dim < index_size && "index out of bounds"` failed.
/opt/pytorch/pytorch/aten/src/ATen/native/cuda/ScatterGatherKernel.cu:409: operator(): block: [1474,0,0], thread: [65,0,0] Assertion `idx_dim >= 0 && idx_dim < index_size && "index out of bounds"` failed.
/opt/pytorch/pytorch/aten/src/ATen/native/cuda/ScatterGatherKernel.cu:409: operator(): block: [1474,0,0], thread: [66,0,0] Assertion `idx_dim >= 0 && idx_dim < index_size && "index out of bounds"` failed.
/opt/pytorch/pytorch/aten/src/ATen/native/cuda/ScatterGatherKernel.cu:409: operator(): block: [1474,0,0], thread: [67,0,0] Assertion `idx_dim >= 0 && idx_dim < index_size && "index out of bounds"` failed.
/opt/pytorch/pytorch/aten/src/ATen/native/cuda/ScatterGatherKernel.cu:409: operator(): block: [1474,0,0], thread: [68,0,0] Assertion `idx_dim >= 0 && idx_dim < index_size && "index out of bounds"` failed.
/opt/pytorch/pytorch/aten/src/ATen/native/cuda/ScatterGatherKernel.cu:409: operator(): block: [1474,0,0], thread: [69,0,0] Assertion `idx_dim >= 0 && idx_dim < index_size && "index out of bounds"` failed.
/opt/pytorch/pytorch/aten/src/ATen/native/cuda/ScatterGatherKernel.cu:409: operator(): block: [1474,0,0], thread: [70,0,0] Assertion `idx_dim >= 0 && idx_dim < index_size && "index out of bounds"` failed.
/opt/pytorch/pytorch/aten/src/ATen/native/cuda/ScatterGatherKernel.cu:409: operator(): block: [1474,0,0], thread: [71,0,0] Assertion `idx_dim >= 0 && idx_dim < index_size && "index out of bounds"` failed.
/opt/pytorch/pytorch/aten/src/ATen/native/cuda/ScatterGatherKernel.cu:409: operator(): block: [1474,0,0], thread: [72,0,0] Assertion `idx_dim >= 0 && idx_dim < index_size && "index out of bounds"` failed.
/opt/pytorch/pytorch/aten/src/ATen/native/cuda/ScatterGatherKernel.cu:409: operator(): block: [1474,0,0], thread: [73,0,0] Assertion `idx_dim >= 0 && idx_dim < index_size && "index out of bounds"` failed.
/opt/pytorch/pytorch/aten/src/ATen/native/cuda/ScatterGatherKernel.cu:409: operator(): block: [1474,0,0], thread: [74,0,0] Assertion `idx_dim >= 0 && idx_dim < index_size && "index out of bounds"` failed.
/opt/pytorch/pytorch/aten/src/ATen/native/cuda/ScatterGatherKernel.cu:409: operator(): block: [1474,0,0], thread: [75,0,0] Assertion `idx_dim >= 0 && idx_dim < index_size && "index out of bounds"` failed.
/opt/pytorch/pytorch/aten/src/ATen/native/cuda/ScatterGatherKernel.cu:409: operator(): block: [1474,0,0], thread: [76,0,0] Assertion `idx_dim >= 0 && idx_dim < index_size && "index out of bounds"` failed.
/opt/pytorch/pytorch/aten/src/ATen/native/cuda/ScatterGatherKernel.cu:409: operator(): block: [1474,0,0], thread: [77,0,0] Assertion `idx_dim >= 0 && idx_dim < index_size && "index out of bounds"` failed.
/opt/pytorch/pytorch/aten/src/ATen/native/cuda/ScatterGatherKernel.cu:409: operator(): block: [1474,0,0], thread: [78,0,0] Assertion `idx_dim >= 0 && idx_dim < index_size && "index out of bounds"` failed.
/opt/pytorch/pytorch/aten/src/ATen/native/cuda/ScatterGatherKernel.cu:409: operator(): block: [1474,0,0], thread: [79,0,0] Assertion `idx_dim >= 0 && idx_dim < index_size && "index out of bounds"` failed.
/opt/pytorch/pytorch/aten/src/ATen/native/cuda/ScatterGatherKernel.cu:409: operator(): block: [1474,0,0], thread: [80,0,0] Assertion `idx_dim >= 0 && idx_dim < index_size && "index out of bounds"` failed.
/opt/pytorch/pytorch/aten/src/ATen/native/cuda/ScatterGatherKernel.cu:409: operator(): block: [1474,0,0], thread: [81,0,0] Assertion `idx_dim >= 0 && idx_dim < index_size && "index out of bounds"` failed.
/opt/pytorch/pytorch/aten/src/ATen/native/cuda/ScatterGatherKernel.cu:409: operator(): block: [1474,0,0], thread: [82,0,0] Assertion `idx_dim >= 0 && idx_dim < index_size && "index out of bounds"` failed.
/opt/pytorch/pytorch/aten/src/ATen/native/cuda/ScatterGatherKernel.cu:409: operator(): block: [1474,0,0], thread: [83,0,0] Assertion `idx_dim >= 0 && idx_dim < index_size && "index out of bounds"` failed.
/opt/pytorch/pytorch/aten/src/ATen/native/cuda/ScatterGatherKernel.cu:409: operator(): block: [1474,0,0], thread: [84,0,0] Assertion `idx_dim >= 0 && idx_dim < index_size && "index out of bounds"` failed.
/opt/pytorch/pytorch/aten/src/ATen/native/cuda/ScatterGatherKernel.cu:409: operator(): block: [1474,0,0], thread: [85,0,0] Assertion `idx_dim >= 0 && idx_dim < index_size && "index out of bounds"` failed.
/opt/pytorch/pytorch/aten/src/ATen/native/cuda/ScatterGatherKernel.cu:409: operator(): block: [1474,0,0], thread: [86,0,0] Assertion `idx_dim >= 0 && idx_dim < index_size && "index out of bounds"` failed.
/opt/pytorch/pytorch/aten/src/ATen/native/cuda/ScatterGatherKernel.cu:409: operator(): block: [1474,0,0], thread: [87,0,0] Assertion `idx_dim >= 0 && idx_dim < index_size && "index out of bounds"` failed.
/opt/pytorch/pytorch/aten/src/ATen/native/cuda/ScatterGatherKernel.cu:409: operator(): block: [1474,0,0], thread: [88,0,0] Assertion `idx_dim >= 0 && idx_dim < index_size && "index out of bounds"` failed.
/opt/pytorch/pytorch/aten/src/ATen/native/cuda/ScatterGatherKernel.cu:409: operator(): block: [1474,0,0], thread: [89,0,0] Assertion `idx_dim >= 0 && idx_dim < index_size && "index out of bounds"` failed.
/opt/pytorch/pytorch/aten/src/ATen/native/cuda/ScatterGatherKernel.cu:409: operator(): block: [1474,0,0], thread: [90,0,0] Assertion `idx_dim >= 0 && idx_dim < index_size && "index out of bounds"` failed.
/opt/pytorch/pytorch/aten/src/ATen/native/cuda/ScatterGatherKernel.cu:409: operator(): block: [1474,0,0], thread: [91,0,0] Assertion `idx_dim >= 0 && idx_dim < index_size && "index out of bounds"` failed.
/opt/pytorch/pytorch/aten/src/ATen/native/cuda/ScatterGatherKernel.cu:409: operator(): block: [1474,0,0], thread: [92,0,0] Assertion `idx_dim >= 0 && idx_dim < index_size && "index out of bounds"` failed.
/opt/pytorch/pytorch/aten/src/ATen/native/cuda/ScatterGatherKernel.cu:409: operator(): block: [1474,0,0], thread: [93,0,0] Assertion `idx_dim >= 0 && idx_dim < index_size && "index out of bounds"` failed.
/opt/pytorch/pytorch/aten/src/ATen/native/cuda/ScatterGatherKernel.cu:409: operator(): block: [1474,0,0], thread: [94,0,0] Assertion `idx_dim >= 0 && idx_dim < index_size && "index out of bounds"` failed.
/opt/pytorch/pytorch/aten/src/ATen/native/cuda/ScatterGatherKernel.cu:409: operator(): block: [1474,0,0], thread: [95,0,0] Assertion `idx_dim >= 0 && idx_dim < index_size && "index out of bounds"` failed.
/opt/pytorch/pytorch/aten/src/ATen/native/cuda/ScatterGatherKernel.cu:409: operator(): block: [38,0,0], thread: [64,0,0] Assertion `idx_dim >= 0 && idx_dim < index_size && "index out of bounds"` failed.
/opt/pytorch/pytorch/aten/src/ATen/native/cuda/ScatterGatherKernel.cu:409: operator(): block: [38,0,0], thread: [65,0,0] Assertion `idx_dim >= 0 && idx_dim < index_size && "index out of bounds"` failed.
/opt/pytorch/pytorch/aten/src/ATen/native/cuda/ScatterGatherKernel.cu:409: operator(): block: [38,0,0], thread: [66,0,0] Assertion `idx_dim >= 0 && idx_dim < index_size && "index out of bounds"` failed.
/opt/pytorch/pytorch/aten/src/ATen/native/cuda/ScatterGatherKernel.cu:409: operator(): block: [38,0,0], thread: [67,0,0] Assertion `idx_dim >= 0 && idx_dim < index_size && "index out of bounds"` failed.
/opt/pytorch/pytorch/aten/src/ATen/native/cuda/ScatterGatherKernel.cu:409: operator(): block: [38,0,0], thread: [68,0,0] Assertion `idx_dim >= 0 && idx_dim < index_size && "index out of bounds"` failed.
/opt/pytorch/pytorch/aten/src/ATen/native/cuda/ScatterGatherKernel.cu:409: operator(): block: [38,0,0], thread: [69,0,0] Assertion `idx_dim >= 0 && idx_dim < index_size && "index out of bounds"` failed.
/opt/pytorch/pytorch/aten/src/ATen/native/cuda/ScatterGatherKernel.cu:409: operator(): block: [38,0,0], thread: [70,0,0] Assertion `idx_dim >= 0 && idx_dim < index_size && "index out of bounds"` failed.
/opt/pytorch/pytorch/aten/src/ATen/native/cuda/ScatterGatherKernel.cu:409: operator(): block: [38,0,0], thread: [71,0,0] Assertion `idx_dim >= 0 && idx_dim < index_size && "index out of bounds"` failed.
/opt/pytorch/pytorch/aten/src/ATen/native/cuda/ScatterGatherKernel.cu:409: operator(): block: [38,0,0], thread: [72,0,0] Assertion `idx_dim >= 0 && idx_dim < index_size && "index out of bounds"` failed.
/opt/pytorch/pytorch/aten/src/ATen/native/cuda/ScatterGatherKernel.cu:409: operator(): block: [38,0,0], thread: [73,0,0] Assertion `idx_dim >= 0 && idx_dim < index_size && "index out of bounds"` failed.
/opt/pytorch/pytorch/aten/src/ATen/native/cuda/ScatterGatherKernel.cu:409: operator(): block: [38,0,0], thread: [74,0,0] Assertion `idx_dim >= 0 && idx_dim < index_size && "index out of bounds"` failed.
/opt/pytorch/pytorch/aten/src/ATen/native/cuda/ScatterGatherKernel.cu:409: operator(): block: [38,0,0], thread: [75,0,0] Assertion `idx_dim >= 0 && idx_dim < index_size && "index out of bounds"` failed.
/opt/pytorch/pytorch/aten/src/ATen/native/cuda/ScatterGatherKernel.cu:409: operator(): block: [38,0,0], thread: [76,0,0] Assertion `idx_dim >= 0 && idx_dim < index_size && "index out of bounds"` failed.
/opt/pytorch/pytorch/aten/src/ATen/native/cuda/ScatterGatherKernel.cu:409: operator(): block: [38,0,0], thread: [77,0,0] Assertion `idx_dim >= 0 && idx_dim < index_size && "index out of bounds"` failed.
/opt/pytorch/pytorch/aten/src/ATen/native/cuda/ScatterGatherKernel.cu:409: operator(): block: [38,0,0], thread: [78,0,0] Assertion `idx_dim >= 0 && idx_dim < index_size && "index out of bounds"` failed.
/opt/pytorch/pytorch/aten/src/ATen/native/cuda/ScatterGatherKernel.cu:409: operator(): block: [38,0,0], thread: [79,0,0] Assertion `idx_dim >= 0 && idx_dim < index_size && "index out of bounds"` failed.
/opt/pytorch/pytorch/aten/src/ATen/native/cuda/ScatterGatherKernel.cu:409: operator(): block: [38,0,0], thread: [80,0,0] Assertion `idx_dim >= 0 && idx_dim < index_size && "index out of bounds"` failed.
/opt/pytorch/pytorch/aten/src/ATen/native/cuda/ScatterGatherKernel.cu:409: operator(): block: [38,0,0], thread: [81,0,0] Assertion `idx_dim >= 0 && idx_dim < index_size && "index out of bounds"` failed.
/opt/pytorch/pytorch/aten/src/ATen/native/cuda/ScatterGatherKernel.cu:409: operator(): block: [38,0,0], thread: [82,0,0] Assertion `idx_dim >= 0 && idx_dim < index_size && "index out of bounds"` failed.
/opt/pytorch/pytorch/aten/src/ATen/native/cuda/ScatterGatherKernel.cu:409: operator(): block: [38,0,0], thread: [83,0,0] Assertion `idx_dim >= 0 && idx_dim < index_size && "index out of bounds"` failed.
/opt/pytorch/pytorch/aten/src/ATen/native/cuda/ScatterGatherKernel.cu:409: operator(): block: [38,0,0], thread: [84,0,0] Assertion `idx_dim >= 0 && idx_dim < index_size && "index out of bounds"` failed.
/opt/pytorch/pytorch/aten/src/ATen/native/cuda/ScatterGatherKernel.cu:409: operator(): block: [38,0,0], thread: [85,0,0] Assertion `idx_dim >= 0 && idx_dim < index_size && "index out of bounds"` failed.
/opt/pytorch/pytorch/aten/src/ATen/native/cuda/ScatterGatherKernel.cu:409: operator(): block: [38,0,0], thread: [86,0,0] Assertion `idx_dim >= 0 && idx_dim < index_size && "index out of bounds"` failed.
/opt/pytorch/pytorch/aten/src/ATen/native/cuda/ScatterGatherKernel.cu:409: operator(): block: [38,0,0], thread: [87,0,0] Assertion `idx_dim >= 0 && idx_dim < index_size && "index out of bounds"` failed.
/opt/pytorch/pytorch/aten/src/ATen/native/cuda/ScatterGatherKernel.cu:409: operator(): block: [38,0,0], thread: [88,0,0] Assertion `idx_dim >= 0 && idx_dim < index_size && "index out of bounds"` failed.
/opt/pytorch/pytorch/aten/src/ATen/native/cuda/ScatterGatherKernel.cu:409: operator(): block: [38,0,0], thread: [89,0,0] Assertion `idx_dim >= 0 && idx_dim < index_size && "index out of bounds"` failed.
/opt/pytorch/pytorch/aten/src/ATen/native/cuda/ScatterGatherKernel.cu:409: operator(): block: [38,0,0], thread: [90,0,0] Assertion `idx_dim >= 0 && idx_dim < index_size && "index out of bounds"` failed.
/opt/pytorch/pytorch/aten/src/ATen/native/cuda/ScatterGatherKernel.cu:409: operator(): block: [38,0,0], thread: [91,0,0] Assertion `idx_dim >= 0 && idx_dim < index_size && "index out of bounds"` failed.
/opt/pytorch/pytorch/aten/src/ATen/native/cuda/ScatterGatherKernel.cu:409: operator(): block: [38,0,0], thread: [92,0,0] Assertion `idx_dim >= 0 && idx_dim < index_size && "index out of bounds"` failed.
/opt/pytorch/pytorch/aten/src/ATen/native/cuda/ScatterGatherKernel.cu:409: operator(): block: [38,0,0], thread: [93,0,0] Assertion `idx_dim >= 0 && idx_dim < index_size && "index out of bounds"` failed.
/opt/pytorch/pytorch/aten/src/ATen/native/cuda/ScatterGatherKernel.cu:409: operator(): block: [38,0,0], thread: [94,0,0] Assertion `idx_dim >= 0 && idx_dim < index_size && "index out of bounds"` failed.
/opt/pytorch/pytorch/aten/src/ATen/native/cuda/ScatterGatherKernel.cu:409: operator(): block: [38,0,0], thread: [95,0,0] Assertion `idx_dim >= 0 && idx_dim < index_size && "index out of bounds"` failed.
/opt/pytorch/pytorch/aten/src/ATen/native/cuda/ScatterGatherKernel.cu:409: operator(): block: [38,0,0], thread: [96,0,0] Assertion `idx_dim >= 0 && idx_dim < index_size && "index out of bounds"` failed.
/opt/pytorch/pytorch/aten/src/ATen/native/cuda/ScatterGatherKernel.cu:409: operator(): block: [38,0,0], thread: [97,0,0] Assertion `idx_dim >= 0 && idx_dim < index_size && "index out of bounds"` failed.
/opt/pytorch/pytorch/aten/src/ATen/native/cuda/ScatterGatherKernel.cu:409: operator(): block: [38,0,0], thread: [98,0,0] Assertion `idx_dim >= 0 && idx_dim < index_size && "index out of bounds"` failed.
/opt/pytorch/pytorch/aten/src/ATen/native/cuda/ScatterGatherKernel.cu:409: operator(): block: [38,0,0], thread: [99,0,0] Assertion `idx_dim >= 0 && idx_dim < index_size && "index out of bounds"` failed.
/opt/pytorch/pytorch/aten/src/ATen/native/cuda/ScatterGatherKernel.cu:409: operator(): block: [38,0,0], thread: [100,0,0] Assertion `idx_dim >= 0 && idx_dim < index_size && "index out of bounds"` failed.
/opt/pytorch/pytorch/aten/src/ATen/native/cuda/ScatterGatherKernel.cu:409: operator(): block: [38,0,0], thread: [101,0,0] Assertion `idx_dim >= 0 && idx_dim < index_size && "index out of bounds"` failed.
/opt/pytorch/pytorch/aten/src/ATen/native/cuda/ScatterGatherKernel.cu:409: operator(): block: [38,0,0], thread: [102,0,0] Assertion `idx_dim >= 0 && idx_dim < index_size && "index out of bounds"` failed.
/opt/pytorch/pytorch/aten/src/ATen/native/cuda/ScatterGatherKernel.cu:409: operator(): block: [38,0,0], thread: [103,0,0] Assertion `idx_dim >= 0 && idx_dim < index_size && "index out of bounds"` failed.
/opt/pytorch/pytorch/aten/src/ATen/native/cuda/ScatterGatherKernel.cu:409: operator(): block: [38,0,0], thread: [104,0,0] Assertion `idx_dim >= 0 && idx_dim < index_size && "index out of bounds"` failed.
/opt/pytorch/pytorch/aten/src/ATen/native/cuda/ScatterGatherKernel.cu:409: operator(): block: [38,0,0], thread: [105,0,0] Assertion `idx_dim >= 0 && idx_dim < index_size && "index out of bounds"` failed.
/opt/pytorch/pytorch/aten/src/ATen/native/cuda/ScatterGatherKernel.cu:409: operator(): block: [38,0,0], thread: [106,0,0] Assertion `idx_dim >= 0 && idx_dim < index_size && "index out of bounds"` failed.
/opt/pytorch/pytorch/aten/src/ATen/native/cuda/ScatterGatherKernel.cu:409: operator(): block: [38,0,0], thread: [107,0,0] Assertion `idx_dim >= 0 && idx_dim < index_size && "index out of bounds"` failed.
/opt/pytorch/pytorch/aten/src/ATen/native/cuda/ScatterGatherKernel.cu:409: operator(): block: [38,0,0], thread: [108,0,0] Assertion `idx_dim >= 0 && idx_dim < index_size && "index out of bounds"` failed.
/opt/pytorch/pytorch/aten/src/ATen/native/cuda/ScatterGatherKernel.cu:409: operator(): block: [38,0,0], thread: [109,0,0] Assertion `idx_dim >= 0 && idx_dim < index_size && "index out of bounds"` failed.
/opt/pytorch/pytorch/aten/src/ATen/native/cuda/ScatterGatherKernel.cu:409: operator(): block: [38,0,0], thread: [110,0,0] Assertion `idx_dim >= 0 && idx_dim < index_size && "index out of bounds"` failed.
/opt/pytorch/pytorch/aten/src/ATen/native/cuda/ScatterGatherKernel.cu:409: operator(): block: [38,0,0], thread: [111,0,0] Assertion `idx_dim >= 0 && idx_dim < index_size && "index out of bounds"` failed.
/opt/pytorch/pytorch/aten/src/ATen/native/cuda/ScatterGatherKernel.cu:409: operator(): block: [38,0,0], thread: [112,0,0] Assertion `idx_dim >= 0 && idx_dim < index_size && "index out of bounds"` failed.
/opt/pytorch/pytorch/aten/src/ATen/native/cuda/ScatterGatherKernel.cu:409: operator(): block: [38,0,0], thread: [113,0,0] Assertion `idx_dim >= 0 && idx_dim < index_size && "index out of bounds"` failed.
/opt/pytorch/pytorch/aten/src/ATen/native/cuda/ScatterGatherKernel.cu:409: operator(): block: [38,0,0], thread: [114,0,0] Assertion `idx_dim >= 0 && idx_dim < index_size && "index out of bounds"` failed.
/opt/pytorch/pytorch/aten/src/ATen/native/cuda/ScatterGatherKernel.cu:409: operator(): block: [38,0,0], thread: [115,0,0] Assertion `idx_dim >= 0 && idx_dim < index_size && "index out of bounds"` failed.
/opt/pytorch/pytorch/aten/src/ATen/native/cuda/ScatterGatherKernel.cu:409: operator(): block: [38,0,0], thread: [116,0,0] Assertion `idx_dim >= 0 && idx_dim < index_size && "index out of bounds"` failed.
/opt/pytorch/pytorch/aten/src/ATen/native/cuda/ScatterGatherKernel.cu:409: operator(): block: [38,0,0], thread: [117,0,0] Assertion `idx_dim >= 0 && idx_dim < index_size && "index out of bounds"` failed.
/opt/pytorch/pytorch/aten/src/ATen/native/cuda/ScatterGatherKernel.cu:409: operator(): block: [38,0,0], thread: [118,0,0] Assertion `idx_dim >= 0 && idx_dim < index_size && "index out of bounds"` failed.
/opt/pytorch/pytorch/aten/src/ATen/native/cuda/ScatterGatherKernel.cu:409: operator(): block: [38,0,0], thread: [119,0,0] Assertion `idx_dim >= 0 && idx_dim < index_size && "index out of bounds"` failed.
/opt/pytorch/pytorch/aten/src/ATen/native/cuda/ScatterGatherKernel.cu:409: operator(): block: [38,0,0], thread: [120,0,0] Assertion `idx_dim >= 0 && idx_dim < index_size && "index out of bounds"` failed.
/opt/pytorch/pytorch/aten/src/ATen/native/cuda/ScatterGatherKernel.cu:409: operator(): block: [38,0,0], thread: [121,0,0] Assertion `idx_dim >= 0 && idx_dim < index_size && "index out of bounds"` failed.
/opt/pytorch/pytorch/aten/src/ATen/native/cuda/ScatterGatherKernel.cu:409: operator(): block: [38,0,0], thread: [122,0,0] Assertion `idx_dim >= 0 && idx_dim < index_size && "index out of bounds"` failed.
/opt/pytorch/pytorch/aten/src/ATen/native/cuda/ScatterGatherKernel.cu:409: operator(): block: [38,0,0], thread: [123,0,0] Assertion `idx_dim >= 0 && idx_dim < index_size && "index out of bounds"` failed.
/opt/pytorch/pytorch/aten/src/ATen/native/cuda/ScatterGatherKernel.cu:409: operator(): block: [38,0,0], thread: [124,0,0] Assertion `idx_dim >= 0 && idx_dim < index_size && "index out of bounds"` failed.
/opt/pytorch/pytorch/aten/src/ATen/native/cuda/ScatterGatherKernel.cu:409: operator(): block: [38,0,0], thread: [125,0,0] Assertion `idx_dim >= 0 && idx_dim < index_size && "index out of bounds"` failed.
/opt/pytorch/pytorch/aten/src/ATen/native/cuda/ScatterGatherKernel.cu:409: operator(): block: [38,0,0], thread: [126,0,0] Assertion `idx_dim >= 0 && idx_dim < index_size && "index out of bounds"` failed.
/opt/pytorch/pytorch/aten/src/ATen/native/cuda/ScatterGatherKernel.cu:409: operator(): block: [38,0,0], thread: [127,0,0] Assertion `idx_dim >= 0 && idx_dim < index_size && "index out of bounds"` failed.
/opt/pytorch/pytorch/aten/src/ATen/native/cuda/ScatterGatherKernel.cu:409: operator(): block: [1470,0,0], thread: [0,0,0] Assertion `idx_dim >= 0 && idx_dim < index_size && "index out of bounds"` failed.
/opt/pytorch/pytorch/aten/src/ATen/native/cuda/ScatterGatherKernel.cu:409: operator(): block: [1470,0,0], thread: [1,0,0] Assertion `idx_dim >= 0 && idx_dim < index_size && "index out of bounds"` failed.
/opt/pytorch/pytorch/aten/src/ATen/native/cuda/ScatterGatherKernel.cu:409: operator(): block: [1470,0,0], thread: [2,0,0] Assertion `idx_dim >= 0 && idx_dim < index_size && "index out of bounds"` failed.
/opt/pytorch/pytorch/aten/src/ATen/native/cuda/ScatterGatherKernel.cu:409: operator(): block: [1470,0,0], thread: [3,0,0] Assertion `idx_dim >= 0 && idx_dim < index_size && "index out of bounds"` failed.
/opt/pytorch/pytorch/aten/src/ATen/native/cuda/ScatterGatherKernel.cu:409: operator(): block: [1470,0,0], thread: [4,0,0] Assertion `idx_dim >= 0 && idx_dim < index_size && "index out of bounds"` failed.
/opt/pytorch/pytorch/aten/src/ATen/native/cuda/ScatterGatherKernel.cu:409: operator(): block: [1470,0,0], thread: [5,0,0] Assertion `idx_dim >= 0 && idx_dim < index_size && "index out of bounds"` failed.
/opt/pytorch/pytorch/aten/src/ATen/native/cuda/ScatterGatherKernel.cu:409: operator(): block: [1470,0,0], thread: [6,0,0] Assertion `idx_dim >= 0 && idx_dim < index_size && "index out of bounds"` failed.
/opt/pytorch/pytorch/aten/src/ATen/native/cuda/ScatterGatherKernel.cu:409: operator(): block: [1470,0,0], thread: [7,0,0] Assertion `idx_dim >= 0 && idx_dim < index_size && "index out of bounds"` failed.
/opt/pytorch/pytorch/aten/src/ATen/native/cuda/ScatterGatherKernel.cu:409: operator(): block: [1470,0,0], thread: [8,0,0] Assertion `idx_dim >= 0 && idx_dim < index_size && "index out of bounds"` failed.
/opt/pytorch/pytorch/aten/src/ATen/native/cuda/ScatterGatherKernel.cu:409: operator(): block: [1470,0,0], thread: [9,0,0] Assertion `idx_dim >= 0 && idx_dim < index_size && "index out of bounds"` failed.
/opt/pytorch/pytorch/aten/src/ATen/native/cuda/ScatterGatherKernel.cu:409: operator(): block: [1470,0,0], thread: [10,0,0] Assertion `idx_dim >= 0 && idx_dim < index_size && "index out of bounds"` failed.
/opt/pytorch/pytorch/aten/src/ATen/native/cuda/ScatterGatherKernel.cu:409: operator(): block: [1470,0,0], thread: [11,0,0] Assertion `idx_dim >= 0 && idx_dim < index_size && "index out of bounds"` failed.
/opt/pytorch/pytorch/aten/src/ATen/native/cuda/ScatterGatherKernel.cu:409: operator(): block: [1470,0,0], thread: [12,0,0] Assertion `idx_dim >= 0 && idx_dim < index_size && "index out of bounds"` failed.
/opt/pytorch/pytorch/aten/src/ATen/native/cuda/ScatterGatherKernel.cu:409: operator(): block: [1470,0,0], thread: [13,0,0] Assertion `idx_dim >= 0 && idx_dim < index_size && "index out of bounds"` failed.
/opt/pytorch/pytorch/aten/src/ATen/native/cuda/ScatterGatherKernel.cu:409: operator(): block: [1470,0,0], thread: [14,0,0] Assertion `idx_dim >= 0 && idx_dim < index_size && "index out of bounds"` failed.
/opt/pytorch/pytorch/aten/src/ATen/native/cuda/ScatterGatherKernel.cu:409: operator(): block: [1470,0,0], thread: [15,0,0] Assertion `idx_dim >= 0 && idx_dim < index_size && "index out of bounds"` failed.
/opt/pytorch/pytorch/aten/src/ATen/native/cuda/ScatterGatherKernel.cu:409: operator(): block: [1470,0,0], thread: [16,0,0] Assertion `idx_dim >= 0 && idx_dim < index_size && "index out of bounds"` failed.
/opt/pytorch/pytorch/aten/src/ATen/native/cuda/ScatterGatherKernel.cu:409: operator(): block: [1470,0,0], thread: [17,0,0] Assertion `idx_dim >= 0 && idx_dim < index_size && "index out of bounds"` failed.
/opt/pytorch/pytorch/aten/src/ATen/native/cuda/ScatterGatherKernel.cu:409: operator(): block: [1470,0,0], thread: [18,0,0] Assertion `idx_dim >= 0 && idx_dim < index_size && "index out of bounds"` failed.
/opt/pytorch/pytorch/aten/src/ATen/native/cuda/ScatterGatherKernel.cu:409: operator(): block: [1470,0,0], thread: [19,0,0] Assertion `idx_dim >= 0 && idx_dim < index_size && "index out of bounds"` failed.
/opt/pytorch/pytorch/aten/src/ATen/native/cuda/ScatterGatherKernel.cu:409: operator(): block: [1470,0,0], thread: [20,0,0] Assertion `idx_dim >= 0 && idx_dim < index_size && "index out of bounds"` failed.
/opt/pytorch/pytorch/aten/src/ATen/native/cuda/ScatterGatherKernel.cu:409: operator(): block: [1470,0,0], thread: [21,0,0] Assertion `idx_dim >= 0 && idx_dim < index_size && "index out of bounds"` failed.
/opt/pytorch/pytorch/aten/src/ATen/native/cuda/ScatterGatherKernel.cu:409: operator(): block: [1470,0,0], thread: [22,0,0] Assertion `idx_dim >= 0 && idx_dim < index_size && "index out of bounds"` failed.
/opt/pytorch/pytorch/aten/src/ATen/native/cuda/ScatterGatherKernel.cu:409: operator(): block: [1470,0,0], thread: [23,0,0] Assertion `idx_dim >= 0 && idx_dim < index_size && "index out of bounds"` failed.
/opt/pytorch/pytorch/aten/src/ATen/native/cuda/ScatterGatherKernel.cu:409: operator(): block: [1470,0,0], thread: [24,0,0] Assertion `idx_dim >= 0 && idx_dim < index_size && "index out of bounds"` failed.
/opt/pytorch/pytorch/aten/src/ATen/native/cuda/ScatterGatherKernel.cu:409: operator(): block: [1470,0,0], thread: [25,0,0] Assertion `idx_dim >= 0 && idx_dim < index_size && "index out of bounds"` failed.
/opt/pytorch/pytorch/aten/src/ATen/native/cuda/ScatterGatherKernel.cu:409: operator(): block: [1470,0,0], thread: [26,0,0] Assertion `idx_dim >= 0 && idx_dim < index_size && "index out of bounds"` failed.
/opt/pytorch/pytorch/aten/src/ATen/native/cuda/ScatterGatherKernel.cu:409: operator(): block: [1470,0,0], thread: [27,0,0] Assertion `idx_dim >= 0 && idx_dim < index_size && "index out of bounds"` failed.
/opt/pytorch/pytorch/aten/src/ATen/native/cuda/ScatterGatherKernel.cu:409: operator(): block: [1470,0,0], thread: [28,0,0] Assertion `idx_dim >= 0 && idx_dim < index_size && "index out of bounds"` failed.
/opt/pytorch/pytorch/aten/src/ATen/native/cuda/ScatterGatherKernel.cu:409: operator(): block: [1470,0,0], thread: [29,0,0] Assertion `idx_dim >= 0 && idx_dim < index_size && "index out of bounds"` failed.
/opt/pytorch/pytorch/aten/src/ATen/native/cuda/ScatterGatherKernel.cu:409: operator(): block: [1470,0,0], thread: [30,0,0] Assertion `idx_dim >= 0 && idx_dim < index_size && "index out of bounds"` failed.
/opt/pytorch/pytorch/aten/src/ATen/native/cuda/ScatterGatherKernel.cu:409: operator(): block: [1470,0,0], thread: [31,0,0] Assertion `idx_dim >= 0 && idx_dim < index_size && "index out of bounds"` failed.
/opt/pytorch/pytorch/aten/src/ATen/native/cuda/ScatterGatherKernel.cu:409: operator(): block: [38,0,0], thread: [32,0,0] Assertion `idx_dim >= 0 && idx_dim < index_size && "index out of bounds"` failed.
/opt/pytorch/pytorch/aten/src/ATen/native/cuda/ScatterGatherKernel.cu:409: operator(): block: [38,0,0], thread: [33,0,0] Assertion `idx_dim >= 0 && idx_dim < index_size && "index out of bounds"` failed.
/opt/pytorch/pytorch/aten/src/ATen/native/cuda/ScatterGatherKernel.cu:409: operator(): block: [38,0,0], thread: [34,0,0] Assertion `idx_dim >= 0 && idx_dim < index_size && "index out of bounds"` failed.
/opt/pytorch/pytorch/aten/src/ATen/native/cuda/ScatterGatherKernel.cu:409: operator(): block: [38,0,0], thread: [35,0,0] Assertion `idx_dim >= 0 && idx_dim < index_size && "index out of bounds"` failed.
/opt/pytorch/pytorch/aten/src/ATen/native/cuda/ScatterGatherKernel.cu:409: operator(): block: [38,0,0], thread: [36,0,0] Assertion `idx_dim >= 0 && idx_dim < index_size && "index out of bounds"` failed.
/opt/pytorch/pytorch/aten/src/ATen/native/cuda/ScatterGatherKernel.cu:409: operator(): block: [38,0,0], thread: [37,0,0] Assertion `idx_dim >= 0 && idx_dim < index_size && "index out of bounds"` failed.
/opt/pytorch/pytorch/aten/src/ATen/native/cuda/ScatterGatherKernel.cu:409: operator(): block: [38,0,0], thread: [38,0,0] Assertion `idx_dim >= 0 && idx_dim < index_size && "index out of bounds"` failed.
/opt/pytorch/pytorch/aten/src/ATen/native/cuda/ScatterGatherKernel.cu:409: operator(): block: [38,0,0], thread: [39,0,0] Assertion `idx_dim >= 0 && idx_dim < index_size && "index out of bounds"` failed.
/opt/pytorch/pytorch/aten/src/ATen/native/cuda/ScatterGatherKernel.cu:409: operator(): block: [38,0,0], thread: [40,0,0] Assertion `idx_dim >= 0 && idx_dim < index_size && "index out of bounds"` failed.
/opt/pytorch/pytorch/aten/src/ATen/native/cuda/ScatterGatherKernel.cu:409: operator(): block: [38,0,0], thread: [41,0,0] Assertion `idx_dim >= 0 && idx_dim < index_size && "index out of bounds"` failed.
/opt/pytorch/pytorch/aten/src/ATen/native/cuda/ScatterGatherKernel.cu:409: operator(): block: [38,0,0], thread: [42,0,0] Assertion `idx_dim >= 0 && idx_dim < index_size && "index out of bounds"` failed.
/opt/pytorch/pytorch/aten/src/ATen/native/cuda/ScatterGatherKernel.cu:409: operator(): block: [38,0,0], thread: [43,0,0] Assertion `idx_dim >= 0 && idx_dim < index_size && "index out of bounds"` failed.
/opt/pytorch/pytorch/aten/src/ATen/native/cuda/ScatterGatherKernel.cu:409: operator(): block: [38,0,0], thread: [44,0,0] Assertion `idx_dim >= 0 && idx_dim < index_size && "index out of bounds"` failed.
/opt/pytorch/pytorch/aten/src/ATen/native/cuda/ScatterGatherKernel.cu:409: operator(): block: [38,0,0], thread: [45,0,0] Assertion `idx_dim >= 0 && idx_dim < index_size && "index out of bounds"` failed.
/opt/pytorch/pytorch/aten/src/ATen/native/cuda/ScatterGatherKernel.cu:409: operator(): block: [38,0,0], thread: [46,0,0] Assertion `idx_dim >= 0 && idx_dim < index_size && "index out of bounds"` failed.
/opt/pytorch/pytorch/aten/src/ATen/native/cuda/ScatterGatherKernel.cu:409: operator(): block: [38,0,0], thread: [47,0,0] Assertion `idx_dim >= 0 && idx_dim < index_size && "index out of bounds"` failed.
/opt/pytorch/pytorch/aten/src/ATen/native/cuda/ScatterGatherKernel.cu:409: operator(): block: [38,0,0], thread: [48,0,0] Assertion `idx_dim >= 0 && idx_dim < index_size && "index out of bounds"` failed.
/opt/pytorch/pytorch/aten/src/ATen/native/cuda/ScatterGatherKernel.cu:409: operator(): block: [38,0,0], thread: [49,0,0] Assertion `idx_dim >= 0 && idx_dim < index_size && "index out of bounds"` failed.
/opt/pytorch/pytorch/aten/src/ATen/native/cuda/ScatterGatherKernel.cu:409: operator(): block: [38,0,0], thread: [50,0,0] Assertion `idx_dim >= 0 && idx_dim < index_size && "index out of bounds"` failed.
/opt/pytorch/pytorch/aten/src/ATen/native/cuda/ScatterGatherKernel.cu:409: operator(): block: [38,0,0], thread: [51,0,0] Assertion `idx_dim >= 0 && idx_dim < index_size && "index out of bounds"` failed.
/opt/pytorch/pytorch/aten/src/ATen/native/cuda/ScatterGatherKernel.cu:409: operator(): block: [38,0,0], thread: [52,0,0] Assertion `idx_dim >= 0 && idx_dim < index_size && "index out of bounds"` failed.
/opt/pytorch/pytorch/aten/src/ATen/native/cuda/ScatterGatherKernel.cu:409: operator(): block: [38,0,0], thread: [53,0,0] Assertion `idx_dim >= 0 && idx_dim < index_size && "index out of bounds"` failed.
/opt/pytorch/pytorch/aten/src/ATen/native/cuda/ScatterGatherKernel.cu:409: operator(): block: [38,0,0], thread: [54,0,0] Assertion `idx_dim >= 0 && idx_dim < index_size && "index out of bounds"` failed.
/opt/pytorch/pytorch/aten/src/ATen/native/cuda/ScatterGatherKernel.cu:409: operator(): block: [38,0,0], thread: [55,0,0] Assertion `idx_dim >= 0 && idx_dim < index_size && "index out of bounds"` failed.
/opt/pytorch/pytorch/aten/src/ATen/native/cuda/ScatterGatherKernel.cu:409: operator(): block: [38,0,0], thread: [56,0,0] Assertion `idx_dim >= 0 && idx_dim < index_size && "index out of bounds"` failed.
/opt/pytorch/pytorch/aten/src/ATen/native/cuda/ScatterGatherKernel.cu:409: operator(): block: [38,0,0], thread: [57,0,0] Assertion `idx_dim >= 0 && idx_dim < index_size && "index out of bounds"` failed.
/opt/pytorch/pytorch/aten/src/ATen/native/cuda/ScatterGatherKernel.cu:409: operator(): block: [38,0,0], thread: [58,0,0] Assertion `idx_dim >= 0 && idx_dim < index_size && "index out of bounds"` failed.
/opt/pytorch/pytorch/aten/src/ATen/native/cuda/ScatterGatherKernel.cu:409: operator(): block: [38,0,0], thread: [59,0,0] Assertion `idx_dim >= 0 && idx_dim < index_size && "index out of bounds"` failed.
/opt/pytorch/pytorch/aten/src/ATen/native/cuda/ScatterGatherKernel.cu:409: operator(): block: [38,0,0], thread: [60,0,0] Assertion `idx_dim >= 0 && idx_dim < index_size && "index out of bounds"` failed.
/opt/pytorch/pytorch/aten/src/ATen/native/cuda/ScatterGatherKernel.cu:409: operator(): block: [38,0,0], thread: [61,0,0] Assertion `idx_dim >= 0 && idx_dim < index_size && "index out of bounds"` failed.
/opt/pytorch/pytorch/aten/src/ATen/native/cuda/ScatterGatherKernel.cu:409: operator(): block: [38,0,0], thread: [62,0,0] Assertion `idx_dim >= 0 && idx_dim < index_size && "index out of bounds"` failed.
/opt/pytorch/pytorch/aten/src/ATen/native/cuda/ScatterGatherKernel.cu:409: operator(): block: [38,0,0], thread: [63,0,0] Assertion `idx_dim >= 0 && idx_dim < index_size && "index out of bounds"` failed.
/opt/pytorch/pytorch/aten/src/ATen/native/cuda/ScatterGatherKernel.cu:409: operator(): block: [38,0,0], thread: [0,0,0] Assertion `idx_dim >= 0 && idx_dim < index_size && "index out of bounds"` failed.
/opt/pytorch/pytorch/aten/src/ATen/native/cuda/ScatterGatherKernel.cu:409: operator(): block: [38,0,0], thread: [1,0,0] Assertion `idx_dim >= 0 && idx_dim < index_size && "index out of bounds"` failed.
/opt/pytorch/pytorch/aten/src/ATen/native/cuda/ScatterGatherKernel.cu:409: operator(): block: [38,0,0], thread: [2,0,0] Assertion `idx_dim >= 0 && idx_dim < index_size && "index out of bounds"` failed.
/opt/pytorch/pytorch/aten/src/ATen/native/cuda/ScatterGatherKernel.cu:409: operator(): block: [38,0,0], thread: [3,0,0] Assertion `idx_dim >= 0 && idx_dim < index_size && "index out of bounds"` failed.
/opt/pytorch/pytorch/aten/src/ATen/native/cuda/ScatterGatherKernel.cu:409: operator(): block: [38,0,0], thread: [4,0,0] Assertion `idx_dim >= 0 && idx_dim < index_size && "index out of bounds"` failed.
/opt/pytorch/pytorch/aten/src/ATen/native/cuda/ScatterGatherKernel.cu:409: operator(): block: [38,0,0], thread: [5,0,0] Assertion `idx_dim >= 0 && idx_dim < index_size && "index out of bounds"` failed.
/opt/pytorch/pytorch/aten/src/ATen/native/cuda/ScatterGatherKernel.cu:409: operator(): block: [38,0,0], thread: [6,0,0] Assertion `idx_dim >= 0 && idx_dim < index_size && "index out of bounds"` failed.
/opt/pytorch/pytorch/aten/src/ATen/native/cuda/ScatterGatherKernel.cu:409: operator(): block: [38,0,0], thread: [7,0,0] Assertion `idx_dim >= 0 && idx_dim < index_size && "index out of bounds"` failed.
/opt/pytorch/pytorch/aten/src/ATen/native/cuda/ScatterGatherKernel.cu:409: operator(): block: [38,0,0], thread: [8,0,0] Assertion `idx_dim >= 0 && idx_dim < index_size && "index out of bounds"` failed.
/opt/pytorch/pytorch/aten/src/ATen/native/cuda/ScatterGatherKernel.cu:409: operator(): block: [38,0,0], thread: [9,0,0] Assertion `idx_dim >= 0 && idx_dim < index_size && "index out of bounds"` failed.
/opt/pytorch/pytorch/aten/src/ATen/native/cuda/ScatterGatherKernel.cu:409: operator(): block: [38,0,0], thread: [10,0,0] Assertion `idx_dim >= 0 && idx_dim < index_size && "index out of bounds"` failed.
/opt/pytorch/pytorch/aten/src/ATen/native/cuda/ScatterGatherKernel.cu:409: operator(): block: [38,0,0], thread: [11,0,0] Assertion `idx_dim >= 0 && idx_dim < index_size && "index out of bounds"` failed.
/opt/pytorch/pytorch/aten/src/ATen/native/cuda/ScatterGatherKernel.cu:409: operator(): block: [38,0,0], thread: [12,0,0] Assertion `idx_dim >= 0 && idx_dim < index_size && "index out of bounds"` failed.
/opt/pytorch/pytorch/aten/src/ATen/native/cuda/ScatterGatherKernel.cu:409: operator(): block: [38,0,0], thread: [13,0,0] Assertion `idx_dim >= 0 && idx_dim < index_size && "index out of bounds"` failed.
/opt/pytorch/pytorch/aten/src/ATen/native/cuda/ScatterGatherKernel.cu:409: operator(): block: [38,0,0], thread: [14,0,0] Assertion `idx_dim >= 0 && idx_dim < index_size && "index out of bounds"` failed.
/opt/pytorch/pytorch/aten/src/ATen/native/cuda/ScatterGatherKernel.cu:409: operator(): block: [38,0,0], thread: [15,0,0] Assertion `idx_dim >= 0 && idx_dim < index_size && "index out of bounds"` failed.
/opt/pytorch/pytorch/aten/src/ATen/native/cuda/ScatterGatherKernel.cu:409: operator(): block: [38,0,0], thread: [16,0,0] Assertion `idx_dim >= 0 && idx_dim < index_size && "index out of bounds"` failed.
/opt/pytorch/pytorch/aten/src/ATen/native/cuda/ScatterGatherKernel.cu:409: operator(): block: [38,0,0], thread: [17,0,0] Assertion `idx_dim >= 0 && idx_dim < index_size && "index out of bounds"` failed.
/opt/pytorch/pytorch/aten/src/ATen/native/cuda/ScatterGatherKernel.cu:409: operator(): block: [38,0,0], thread: [18,0,0] Assertion `idx_dim >= 0 && idx_dim < index_size && "index out of bounds"` failed.
/opt/pytorch/pytorch/aten/src/ATen/native/cuda/ScatterGatherKernel.cu:409: operator(): block: [38,0,0], thread: [19,0,0] Assertion `idx_dim >= 0 && idx_dim < index_size && "index out of bounds"` failed.
/opt/pytorch/pytorch/aten/src/ATen/native/cuda/ScatterGatherKernel.cu:409: operator(): block: [38,0,0], thread: [20,0,0] Assertion `idx_dim >= 0 && idx_dim < index_size && "index out of bounds"` failed.
/opt/pytorch/pytorch/aten/src/ATen/native/cuda/ScatterGatherKernel.cu:409: operator(): block: [38,0,0], thread: [21,0,0] Assertion `idx_dim >= 0 && idx_dim < index_size && "index out of bounds"` failed.
/opt/pytorch/pytorch/aten/src/ATen/native/cuda/ScatterGatherKernel.cu:409: operator(): block: [38,0,0], thread: [22,0,0] Assertion `idx_dim >= 0 && idx_dim < index_size && "index out of bounds"` failed.
/opt/pytorch/pytorch/aten/src/ATen/native/cuda/ScatterGatherKernel.cu:409: operator(): block: [38,0,0], thread: [23,0,0] Assertion `idx_dim >= 0 && idx_dim < index_size && "index out of bounds"` failed.
/opt/pytorch/pytorch/aten/src/ATen/native/cuda/ScatterGatherKernel.cu:409: operator(): block: [38,0,0], thread: [24,0,0] Assertion `idx_dim >= 0 && idx_dim < index_size && "index out of bounds"` failed.
/opt/pytorch/pytorch/aten/src/ATen/native/cuda/ScatterGatherKernel.cu:409: operator(): block: [38,0,0], thread: [25,0,0] Assertion `idx_dim >= 0 && idx_dim < index_size && "index out of bounds"` failed.
/opt/pytorch/pytorch/aten/src/ATen/native/cuda/ScatterGatherKernel.cu:409: operator(): block: [38,0,0], thread: [26,0,0] Assertion `idx_dim >= 0 && idx_dim < index_size && "index out of bounds"` failed.
/opt/pytorch/pytorch/aten/src/ATen/native/cuda/ScatterGatherKernel.cu:409: operator(): block: [38,0,0], thread: [27,0,0] Assertion `idx_dim >= 0 && idx_dim < index_size && "index out of bounds"` failed.
/opt/pytorch/pytorch/aten/src/ATen/native/cuda/ScatterGatherKernel.cu:409: operator(): block: [38,0,0], thread: [28,0,0] Assertion `idx_dim >= 0 && idx_dim < index_size && "index out of bounds"` failed.
/opt/pytorch/pytorch/aten/src/ATen/native/cuda/ScatterGatherKernel.cu:409: operator(): block: [38,0,0], thread: [29,0,0] Assertion `idx_dim >= 0 && idx_dim < index_size && "index out of bounds"` failed.
/opt/pytorch/pytorch/aten/src/ATen/native/cuda/ScatterGatherKernel.cu:409: operator(): block: [38,0,0], thread: [30,0,0] Assertion `idx_dim >= 0 && idx_dim < index_size && "index out of bounds"` failed.
/opt/pytorch/pytorch/aten/src/ATen/native/cuda/ScatterGatherKernel.cu:409: operator(): block: [38,0,0], thread: [31,0,0] Assertion `idx_dim >= 0 && idx_dim < index_size && "index out of bounds"` failed.
/opt/pytorch/pytorch/aten/src/ATen/native/cuda/ScatterGatherKernel.cu:409: operator(): block: [118,0,0], thread: [32,0,0] Assertion `idx_dim >= 0 && idx_dim < index_size && "index out of bounds"` failed.
/opt/pytorch/pytorch/aten/src/ATen/native/cuda/ScatterGatherKernel.cu:409: operator(): block: [118,0,0], thread: [33,0,0] Assertion `idx_dim >= 0 && idx_dim < index_size && "index out of bounds"` failed.
/opt/pytorch/pytorch/aten/src/ATen/native/cuda/ScatterGatherKernel.cu:409: operator(): block: [118,0,0], thread: [34,0,0] Assertion `idx_dim >= 0 && idx_dim < index_size && "index out of bounds"` failed.
/opt/pytorch/pytorch/aten/src/ATen/native/cuda/ScatterGatherKernel.cu:409: operator(): block: [118,0,0], thread: [35,0,0] Assertion `idx_dim >= 0 && idx_dim < index_size && "index out of bounds"` failed.
/opt/pytorch/pytorch/aten/src/ATen/native/cuda/ScatterGatherKernel.cu:409: operator(): block: [118,0,0], thread: [36,0,0] Assertion `idx_dim >= 0 && idx_dim < index_size && "index out of bounds"` failed.
/opt/pytorch/pytorch/aten/src/ATen/native/cuda/ScatterGatherKernel.cu:409: operator(): block: [118,0,0], thread: [37,0,0] Assertion `idx_dim >= 0 && idx_dim < index_size && "index out of bounds"` failed.
/opt/pytorch/pytorch/aten/src/ATen/native/cuda/ScatterGatherKernel.cu:409: operator(): block: [118,0,0], thread: [38,0,0] Assertion `idx_dim >= 0 && idx_dim < index_size && "index out of bounds"` failed.
/opt/pytorch/pytorch/aten/src/ATen/native/cuda/ScatterGatherKernel.cu:409: operator(): block: [118,0,0], thread: [39,0,0] Assertion `idx_dim >= 0 && idx_dim < index_size && "index out of bounds"` failed.
/opt/pytorch/pytorch/aten/src/ATen/native/cuda/ScatterGatherKernel.cu:409: operator(): block: [118,0,0], thread: [40,0,0] Assertion `idx_dim >= 0 && idx_dim < index_size && "index out of bounds"` failed.
/opt/pytorch/pytorch/aten/src/ATen/native/cuda/ScatterGatherKernel.cu:409: operator(): block: [118,0,0], thread: [41,0,0] Assertion `idx_dim >= 0 && idx_dim < index_size && "index out of bounds"` failed.
/opt/pytorch/pytorch/aten/src/ATen/native/cuda/ScatterGatherKernel.cu:409: operator(): block: [118,0,0], thread: [42,0,0] Assertion `idx_dim >= 0 && idx_dim < index_size && "index out of bounds"` failed.
/opt/pytorch/pytorch/aten/src/ATen/native/cuda/ScatterGatherKernel.cu:409: operator(): block: [118,0,0], thread: [43,0,0] Assertion `idx_dim >= 0 && idx_dim < index_size && "index out of bounds"` failed.
/opt/pytorch/pytorch/aten/src/ATen/native/cuda/ScatterGatherKernel.cu:409: operator(): block: [118,0,0], thread: [44,0,0] Assertion `idx_dim >= 0 && idx_dim < index_size && "index out of bounds"` failed.
/opt/pytorch/pytorch/aten/src/ATen/native/cuda/ScatterGatherKernel.cu:409: operator(): block: [118,0,0], thread: [45,0,0] Assertion `idx_dim >= 0 && idx_dim < index_size && "index out of bounds"` failed.
/opt/pytorch/pytorch/aten/src/ATen/native/cuda/ScatterGatherKernel.cu:409: operator(): block: [118,0,0], thread: [46,0,0] Assertion `idx_dim >= 0 && idx_dim < index_size && "index out of bounds"` failed.
/opt/pytorch/pytorch/aten/src/ATen/native/cuda/ScatterGatherKernel.cu:409: operator(): block: [118,0,0], thread: [47,0,0] Assertion `idx_dim >= 0 && idx_dim < index_size && "index out of bounds"` failed.
/opt/pytorch/pytorch/aten/src/ATen/native/cuda/ScatterGatherKernel.cu:409: operator(): block: [118,0,0], thread: [48,0,0] Assertion `idx_dim >= 0 && idx_dim < index_size && "index out of bounds"` failed.
/opt/pytorch/pytorch/aten/src/ATen/native/cuda/ScatterGatherKernel.cu:409: operator(): block: [118,0,0], thread: [49,0,0] Assertion `idx_dim >= 0 && idx_dim < index_size && "index out of bounds"` failed.
/opt/pytorch/pytorch/aten/src/ATen/native/cuda/ScatterGatherKernel.cu:409: operator(): block: [118,0,0], thread: [50,0,0] Assertion `idx_dim >= 0 && idx_dim < index_size && "index out of bounds"` failed.
/opt/pytorch/pytorch/aten/src/ATen/native/cuda/ScatterGatherKernel.cu:409: operator(): block: [118,0,0], thread: [51,0,0] Assertion `idx_dim >= 0 && idx_dim < index_size && "index out of bounds"` failed.
/opt/pytorch/pytorch/aten/src/ATen/native/cuda/ScatterGatherKernel.cu:409: operator(): block: [118,0,0], thread: [52,0,0] Assertion `idx_dim >= 0 && idx_dim < index_size && "index out of bounds"` failed.
/opt/pytorch/pytorch/aten/src/ATen/native/cuda/ScatterGatherKernel.cu:409: operator(): block: [118,0,0], thread: [53,0,0] Assertion `idx_dim >= 0 && idx_dim < index_size && "index out of bounds"` failed.
/opt/pytorch/pytorch/aten/src/ATen/native/cuda/ScatterGatherKernel.cu:409: operator(): block: [118,0,0], thread: [54,0,0] Assertion `idx_dim >= 0 && idx_dim < index_size && "index out of bounds"` failed.
/opt/pytorch/pytorch/aten/src/ATen/native/cuda/ScatterGatherKernel.cu:409: operator(): block: [118,0,0], thread: [55,0,0] Assertion `idx_dim >= 0 && idx_dim < index_size && "index out of bounds"` failed.
/opt/pytorch/pytorch/aten/src/ATen/native/cuda/ScatterGatherKernel.cu:409: operator(): block: [118,0,0], thread: [56,0,0] Assertion `idx_dim >= 0 && idx_dim < index_size && "index out of bounds"` failed.
/opt/pytorch/pytorch/aten/src/ATen/native/cuda/ScatterGatherKernel.cu:409: operator(): block: [118,0,0], thread: [57,0,0] Assertion `idx_dim >= 0 && idx_dim < index_size && "index out of bounds"` failed.
/opt/pytorch/pytorch/aten/src/ATen/native/cuda/ScatterGatherKernel.cu:409: operator(): block: [118,0,0], thread: [58,0,0] Assertion `idx_dim >= 0 && idx_dim < index_size && "index out of bounds"` failed.
/opt/pytorch/pytorch/aten/src/ATen/native/cuda/ScatterGatherKernel.cu:409: operator(): block: [118,0,0], thread: [59,0,0] Assertion `idx_dim >= 0 && idx_dim < index_size && "index out of bounds"` failed.
/opt/pytorch/pytorch/aten/src/ATen/native/cuda/ScatterGatherKernel.cu:409: operator(): block: [118,0,0], thread: [60,0,0] Assertion `idx_dim >= 0 && idx_dim < index_size && "index out of bounds"` failed.
/opt/pytorch/pytorch/aten/src/ATen/native/cuda/ScatterGatherKernel.cu:409: operator(): block: [118,0,0], thread: [61,0,0] Assertion `idx_dim >= 0 && idx_dim < index_size && "index out of bounds"` failed.
/opt/pytorch/pytorch/aten/src/ATen/native/cuda/ScatterGatherKernel.cu:409: operator(): block: [118,0,0], thread: [62,0,0] Assertion `idx_dim >= 0 && idx_dim < index_size && "index out of bounds"` failed.
/opt/pytorch/pytorch/aten/src/ATen/native/cuda/ScatterGatherKernel.cu:409: operator(): block: [118,0,0], thread: [63,0,0] Assertion `idx_dim >= 0 && idx_dim < index_size && "index out of bounds"` failed.
================================================================================
Benchmarking WS and non-WS Kernels for N=4096
================================================================================
start 49152-4096-49152 (1/167)
finish 49152-4096-49152 -> Dense: 702.988581803451, Precomp WS: 1098.7388814033902, 7.6 WS: 253.2813491844899, 7.5: 273.8709278150296
start 24576-4096-49152 (2/167)
finish 24576-4096-49152 -> Dense: 667.2441645949459, Precomp WS: 1030.8739444097898, 7.6 WS: 253.4422210451339, 7.5: 275.59507680060864
start 49152-4096-24576 (3/167)
finish 49152-4096-24576 -> Dense: 652.8167091600308, Precomp WS: 1042.853445050869, 7.6 WS: 253.01918603332695, 7.5: 273.08198732219637
start 32768-4096-32768 (4/167)
finish 32768-4096-32768 -> Dense: 655.867490163613, Precomp WS: 1028.4876475347298, 7.6 WS: 251.7899085336213, 7.5: 271.52644274301997
start 16384-4096-49152 (5/167)
finish 16384-4096-49152 -> Dense: 659.8519706629157, Precomp WS: 1006.22286936084, 7.6 WS: 248.19455983396173, 7.5: 353.0976009861579
start 24576-4096-32768 (6/167)
finish 24576-4096-32768 -> Dense: 663.701938552356, Precomp WS: 1015.956816032812, 7.6 WS: 253.36070789024438, 7.5: 263.14833253163295
start 32768-4096-24576 (7/167)
finish 32768-4096-24576 -> Dense: 662.7299692219705, Precomp WS: 1014.7611038150284, 7.6 WS: 251.75237946001377, 7.5: 266.56627918314655
start 49152-4096-16384 (8/167)
finish 49152-4096-16384 -> Dense: 676.5417412171051, Precomp WS: 1040.5224331244458, 7.6 WS: 252.95885450183746, 7.5: 281.1950459897225
start 12288-4096-49152 (9/167)
finish 12288-4096-49152 -> Dense: 652.896880251095, Precomp WS: 1036.5227365595429, 7.6 WS: 248.1841058138884, 7.5: 353.2784491136973
start 24576-4096-24576 (10/167)
finish 24576-4096-24576 -> Dense: 646.6579350383167, Precomp WS: 1007.3402189963397, 7.6 WS: 252.93496670344365, 7.5: 274.0251903962112
start 49152-4096-12288 (11/167)
finish 49152-4096-12288 -> Dense: 670.5928772706196, Precomp WS: 1026.476626175175, 7.6 WS: 253.12563976907043, 7.5: 283.10594465125473
start 16384-4096-32768 (12/167)
finish 16384-4096-32768 -> Dense: 666.1298436308119, Precomp WS: 1070.1725253485463, 7.6 WS: 248.12390162873484, 7.5: 352.6941309629413
start 32768-4096-16384 (13/167)
finish 32768-4096-16384 -> Dense: 666.1329244836494, Precomp WS: 1049.9246428303093, 7.6 WS: 251.57381363073614, 7.5: 283.88608804636544
start 8192-4096-49152 (14/167)
finish 8192-4096-49152 -> Dense: 662.1539619940338, Precomp WS: 1058.7988366078694, 7.6 WS: 247.70440460714826, 7.5: 353.40617277608555
start 12288-4096-32768 (15/167)
finish 12288-4096-32768 -> Dense: 664.0306735262855, Precomp WS: 1033.4348949210485, 7.6 WS: 247.65431189107974, 7.5: 352.47288268917487
start 16384-4096-24576 (16/167)
finish 16384-4096-24576 -> Dense: 438.69488915824905, Precomp WS: 1027.2047253712308, 7.6 WS: 248.0518177794818, 7.5: 352.1126480694831
start 24576-4096-16384 (17/167)
finish 24576-4096-16384 -> Dense: 664.9378151180804, Precomp WS: 1018.2636431107506, 7.6 WS: 253.00345425435418, 7.5: 283.9676169754567
start 32768-4096-12288 (18/167)
finish 32768-4096-12288 -> Dense: 638.5520062210057, Precomp WS: 1020.2334408184146, 7.6 WS: 251.72215113397905, 7.5: 295.46756484048893
start 49152-4096-8192 (19/167)
finish 49152-4096-8192 -> Dense: 648.0671093643593, Precomp WS: 1059.502917698009, 7.6 WS: 252.37121640461896, 7.5: 283.6349492940264
start 6144-4096-49152 (20/167)
finish 6144-4096-49152 -> Dense: 676.51016472585, Precomp WS: 1028.8081688043196, 7.6 WS: 247.57054514612315, 7.5: 352.8738199262332
start 12288-4096-24576 (21/167)
finish 12288-4096-24576 -> Dense: 660.4010683084196, Precomp WS: 1064.9169428242185, 7.6 WS: 247.34747342780273, 7.5: 352.56208108914643
start 24576-4096-12288 (22/167)
finish 24576-4096-12288 -> Dense: 667.7258561904642, Precomp WS: 1039.656224145758, 7.6 WS: 252.96157133437106, 7.5: 280.0861746519982
start 49152-4096-6144 (23/167)
finish 49152-4096-6144 -> Dense: 657.5166909585772, Precomp WS: 1120.593127489816, 7.6 WS: 252.4375190028428, 7.5: 287.72774774614896
start 8192-4096-32768 (24/167)
finish 8192-4096-32768 -> Dense: 659.0124642544965, Precomp WS: 450.7273338627675, 7.6 WS: 247.53824186384776, 7.5: 352.45263781917055
start 16384-4096-16384 (25/167)
finish 16384-4096-16384 -> Dense: 663.487850367876, Precomp WS: 1035.3703470698508, 7.6 WS: 247.53170191102433, 7.5: 351.3944743627849
start 32768-4096-8192 (26/167)
finish 32768-4096-8192 -> Dense: 657.9603255271276, Precomp WS: 979.5922561424399, 7.6 WS: 251.11485127623646, 7.5: 300.2674165894157
start 4096-4096-49152 (27/167)
finish 4096-4096-49152 -> Dense: 673.4660669864609, Precomp WS: 1050.7406565889012, 7.6 WS: 244.73747566543415, 7.5: 352.53418024483966
start 6144-4096-32768 (28/167)
finish 6144-4096-32768 -> Dense: 669.2788249351898, Precomp WS: 1040.1500349603984, 7.6 WS: 247.06266333544517, 7.5: 353.0307026256929
start 8192-4096-24576 (29/167)
finish 8192-4096-24576 -> Dense: 662.3302568577642, Precomp WS: 1151.2930554034574, 7.6 WS: 246.20410046149618, 7.5: 352.4966352972432
start 12288-4096-16384 (30/167)
finish 12288-4096-16384 -> Dense: 664.5263456368842, Precomp WS: 1033.735236182136, 7.6 WS: 242.44505075816596, 7.5: 352.01146475687347
start 16384-4096-12288 (31/167)
finish 16384-4096-12288 -> Dense: 661.8718158442761, Precomp WS: 1028.6142027615463, 7.6 WS: 246.16892019570713, 7.5: 350.2697890215595
start 24576-4096-8192 (32/167)
finish 24576-4096-8192 -> Dense: 661.9996862374254, Precomp WS: 980.8301944566578, 7.6 WS: 251.63968815482272, 7.5: 297.8131950900866
start 32768-4096-6144 (33/167)
finish 32768-4096-6144 -> Dense: 636.9466692455777, Precomp WS: 972.072492219606, 7.6 WS: 245.40726248047523, 7.5: 291.6158807124152
start 49152-4096-4096 (34/167)
finish 49152-4096-4096 -> Dense: 654.5350084058584, Precomp WS: 1003.5594054040688, 7.6 WS: 244.18002782156023, 7.5: 293.43764261315084
start 3072-4096-49152 (35/167)
finish 3072-4096-49152 -> Dense: 664.3039437186775, Precomp WS: 1058.7574697985333, 7.6 WS: 245.97174368735477, 7.5: 352.77511242879314
start 6144-4096-24576 (36/167)
finish 6144-4096-24576 -> Dense: 667.8233052987654, Precomp WS: 1047.9230140727936, 7.6 WS: 246.54174807233744, 7.5: 351.8423678904509
start 12288-4096-12288 (37/167)
finish 12288-4096-12288 -> Dense: 657.9058649495096, Precomp WS: 1042.0802124932707, 7.6 WS: 245.78082476202266, 7.5: 350.2232047474676
start 24576-4096-6144 (38/167)
finish 24576-4096-6144 -> Dense: 629.6038745925456, Precomp WS: 980.0158891146718, 7.6 WS: 249.9921668798024, 7.5: 296.51820170234527
start 49152-4096-3072 (39/167)
finish 49152-4096-3072 -> Dense: None, Precomp WS: None, 7.6 WS: None, 7.5: None
start 4096-4096-32768 (40/167)
Traceback (most recent call last):
  File "/scratch/notming/GPU-compression-kernel/compression/8.7.1_benchmark_ws.py", line 211, in <module>
    metrics = benchmark_kernels_ws(M, N, K)
              ^^^^^^^^^^^^^^^^^^^^^^^^^^^^^
  File "/scratch/notming/GPU-compression-kernel/compression/8.7.1_benchmark_ws.py", line 77, in benchmark_kernels_ws
    A = torch.randn((M, K), device="cuda", dtype=torch.float16)
        ^^^^^^^^^^^^^^^^^^^^^^^^^^^^^^^^^^^^^^^^^^^^^^^^^^^^^^^
torch.AcceleratorError: CUDA error: device-side assert triggered
Search for `cudaErrorAssert' in https://docs.nvidia.com/cuda/cuda-runtime-api/group__CUDART__TYPES.html for more information.
CUDA kernel errors might be asynchronously reported at some other API call, so the stacktrace below might be incorrect.
For debugging consider passing CUDA_LAUNCH_BLOCKING=1
Compile with `TORCH_USE_CUDA_DSA` to enable device-side assertions.

