Mon Jul 13 18:51:46 2026       
+-----------------------------------------------------------------------------------------+
| NVIDIA-SMI 580.159.04             Driver Version: 580.159.04     CUDA Version: 13.2     |
+-----------------------------------------+------------------------+----------------------+
| GPU  Name                 Persistence-M | Bus-Id          Disp.A | Volatile Uncorr. ECC |
| Fan  Temp   Perf          Pwr:Usage/Cap |           Memory-Usage | GPU-Util  Compute M. |
|                                         |                        |               MIG M. |
|=========================================+========================+======================|
|   0  NVIDIA H100 80GB HBM3          Off |   00000000:CB:00.0 Off |                    0 |
| N/A   47C    P0             77W /  700W |       0MiB /  81559MiB |      0%      Default |
|                                         |                        |             Disabled |
+-----------------------------------------+------------------------+----------------------+

+-----------------------------------------------------------------------------------------+
| Processes:                                                                              |
|  GPU   GI   CI              PID   Type   Process name                        GPU Memory |
|        ID   ID                                                               Usage      |
|=========================================================================================|
|  No running processes found                                                             |
+-----------------------------------------------------------------------------------------+
/usr/bin/rm: cannot remove '/usr/local/cuda/compat/lib': Read-only file system
rm: cannot remove '/usr/local/cuda/compat/lib': Read-only file system
CUDA Available: True
Device Count: 1
/usr/bin/rm: cannot remove '/usr/local/cuda/compat/lib': Read-only file system
rm: cannot remove '/usr/local/cuda/compat/lib': Read-only file system
start 49152-16-49152
finish 49152-16-49152, (1/169) -> Max Dense: 49.58, Max Precomp: 91.78, Max Runtime: 48.98
dense config: BLOCK_SIZE_M: 128, BLOCK_SIZE_N: 64, BLOCK_SIZE_K: 64, num_buffers: 5, num_warps: 4, num_ctas: 1, num_stages: 3, maxnreg: None
precomp config: BLOCK_SIZE_M: 128, BLOCK_SIZE_N: 64, BLOCK_SIZE_K: 128, num_buffers: 4, num_warps: 4, num_ctas: 1, num_stages: 3, maxnreg: None
runtime config: BLOCK_SIZE_M: 64, BLOCK_SIZE_N: 64, BLOCK_SIZE_K: 128, num_buffers: 5, num_warps: 4, num_ctas: 1, num_stages: 3, maxnreg: None
start 32768-16-49152
finish 32768-16-49152, (2/169) -> Max Dense: 49.20, Max Precomp: 90.45, Max Runtime: 48.46
dense config: BLOCK_SIZE_M: 128, BLOCK_SIZE_N: 64, BLOCK_SIZE_K: 64, num_buffers: 5, num_warps: 4, num_ctas: 1, num_stages: 3, maxnreg: None
precomp config: BLOCK_SIZE_M: 128, BLOCK_SIZE_N: 64, BLOCK_SIZE_K: 128, num_buffers: 4, num_warps: 4, num_ctas: 1, num_stages: 3, maxnreg: None
runtime config: BLOCK_SIZE_M: 128, BLOCK_SIZE_N: 64, BLOCK_SIZE_K: 128, num_buffers: 4, num_warps: 8, num_ctas: 1, num_stages: 3, maxnreg: None
start 49152-16-32768
finish 49152-16-32768, (3/169) -> Max Dense: 49.63, Max Precomp: 91.87, Max Runtime: 48.92
dense config: BLOCK_SIZE_M: 128, BLOCK_SIZE_N: 64, BLOCK_SIZE_K: 128, num_buffers: 3, num_warps: 4, num_ctas: 1, num_stages: 3, maxnreg: None
precomp config: BLOCK_SIZE_M: 128, BLOCK_SIZE_N: 64, BLOCK_SIZE_K: 128, num_buffers: 4, num_warps: 4, num_ctas: 1, num_stages: 3, maxnreg: None
runtime config: BLOCK_SIZE_M: 128, BLOCK_SIZE_N: 64, BLOCK_SIZE_K: 128, num_buffers: 3, num_warps: 8, num_ctas: 1, num_stages: 3, maxnreg: None
start 24576-16-49152
finish 24576-16-49152, (4/169) -> Max Dense: 48.33, Max Precomp: 78.69, Max Runtime: 48.36
dense config: BLOCK_SIZE_M: 64, BLOCK_SIZE_N: 64, BLOCK_SIZE_K: 128, num_buffers: 4, num_warps: 4, num_ctas: 1, num_stages: 3, maxnreg: None
precomp config: BLOCK_SIZE_M: 128, BLOCK_SIZE_N: 64, BLOCK_SIZE_K: 64, num_buffers: 7, num_warps: 4, num_ctas: 1, num_stages: 3, maxnreg: None
runtime config: BLOCK_SIZE_M: 64, BLOCK_SIZE_N: 64, BLOCK_SIZE_K: 128, num_buffers: 5, num_warps: 4, num_ctas: 1, num_stages: 3, maxnreg: None
start 49152-16-24576
finish 49152-16-24576, (5/169) -> Max Dense: 48.78, Max Precomp: 88.78, Max Runtime: 48.12
dense config: BLOCK_SIZE_M: 128, BLOCK_SIZE_N: 64, BLOCK_SIZE_K: 64, num_buffers: 5, num_warps: 4, num_ctas: 1, num_stages: 3, maxnreg: None
precomp config: BLOCK_SIZE_M: 128, BLOCK_SIZE_N: 64, BLOCK_SIZE_K: 128, num_buffers: 4, num_warps: 4, num_ctas: 1, num_stages: 3, maxnreg: None
runtime config: BLOCK_SIZE_M: 64, BLOCK_SIZE_N: 64, BLOCK_SIZE_K: 128, num_buffers: 5, num_warps: 4, num_ctas: 1, num_stages: 3, maxnreg: None
start 32768-16-32768
finish 32768-16-32768, (6/169) -> Max Dense: 48.86, Max Precomp: 90.29, Max Runtime: 48.29
dense config: BLOCK_SIZE_M: 128, BLOCK_SIZE_N: 64, BLOCK_SIZE_K: 128, num_buffers: 3, num_warps: 4, num_ctas: 1, num_stages: 3, maxnreg: None
precomp config: BLOCK_SIZE_M: 128, BLOCK_SIZE_N: 64, BLOCK_SIZE_K: 128, num_buffers: 4, num_warps: 4, num_ctas: 1, num_stages: 3, maxnreg: None
runtime config: BLOCK_SIZE_M: 128, BLOCK_SIZE_N: 64, BLOCK_SIZE_K: 128, num_buffers: 3, num_warps: 8, num_ctas: 1, num_stages: 3, maxnreg: None
start 16384-16-49152
finish 16384-16-49152, (7/169) -> Max Dense: 48.63, Max Precomp: 88.30, Max Runtime: 47.83
dense config: BLOCK_SIZE_M: 128, BLOCK_SIZE_N: 64, BLOCK_SIZE_K: 128, num_buffers: 4, num_warps: 8, num_ctas: 1, num_stages: 3, maxnreg: None
precomp config: BLOCK_SIZE_M: 128, BLOCK_SIZE_N: 64, BLOCK_SIZE_K: 128, num_buffers: 4, num_warps: 4, num_ctas: 1, num_stages: 3, maxnreg: None
runtime config: BLOCK_SIZE_M: 128, BLOCK_SIZE_N: 64, BLOCK_SIZE_K: 128, num_buffers: 4, num_warps: 8, num_ctas: 1, num_stages: 3, maxnreg: None
start 24576-16-32768
finish 24576-16-32768, (8/169) -> Max Dense: 47.83, Max Precomp: 78.06, Max Runtime: 47.52
dense config: BLOCK_SIZE_M: 64, BLOCK_SIZE_N: 64, BLOCK_SIZE_K: 128, num_buffers: 4, num_warps: 4, num_ctas: 1, num_stages: 3, maxnreg: None
precomp config: BLOCK_SIZE_M: 128, BLOCK_SIZE_N: 64, BLOCK_SIZE_K: 64, num_buffers: 7, num_warps: 4, num_ctas: 1, num_stages: 3, maxnreg: None
runtime config: BLOCK_SIZE_M: 64, BLOCK_SIZE_N: 64, BLOCK_SIZE_K: 256, num_buffers: 3, num_warps: 4, num_ctas: 1, num_stages: 3, maxnreg: None
start 32768-16-24576
finish 32768-16-24576, (9/169) -> Max Dense: 48.01, Max Precomp: 87.81, Max Runtime: 47.40
dense config: BLOCK_SIZE_M: 128, BLOCK_SIZE_N: 64, BLOCK_SIZE_K: 64, num_buffers: 5, num_warps: 4, num_ctas: 1, num_stages: 3, maxnreg: None
precomp config: BLOCK_SIZE_M: 128, BLOCK_SIZE_N: 64, BLOCK_SIZE_K: 128, num_buffers: 4, num_warps: 4, num_ctas: 1, num_stages: 3, maxnreg: None
runtime config: BLOCK_SIZE_M: 64, BLOCK_SIZE_N: 64, BLOCK_SIZE_K: 128, num_buffers: 5, num_warps: 4, num_ctas: 1, num_stages: 3, maxnreg: None
start 49152-16-16384
finish 49152-16-16384, (10/169) -> Max Dense: 48.49, Max Precomp: 88.22, Max Runtime: 48.26
dense config: BLOCK_SIZE_M: 128, BLOCK_SIZE_N: 64, BLOCK_SIZE_K: 128, num_buffers: 3, num_warps: 4, num_ctas: 1, num_stages: 3, maxnreg: None
precomp config: BLOCK_SIZE_M: 128, BLOCK_SIZE_N: 64, BLOCK_SIZE_K: 128, num_buffers: 4, num_warps: 4, num_ctas: 1, num_stages: 3, maxnreg: None
runtime config: BLOCK_SIZE_M: 128, BLOCK_SIZE_N: 64, BLOCK_SIZE_K: 128, num_buffers: 3, num_warps: 8, num_ctas: 1, num_stages: 3, maxnreg: None
start 12288-16-49152
finish 12288-16-49152, (11/169) -> Max Dense: 47.12, Max Precomp: 80.26, Max Runtime: 46.68
dense config: BLOCK_SIZE_M: 128, BLOCK_SIZE_N: 64, BLOCK_SIZE_K: 128, num_buffers: 4, num_warps: 16, num_ctas: 1, num_stages: 3, maxnreg: None
precomp config: BLOCK_SIZE_M: 128, BLOCK_SIZE_N: 64, BLOCK_SIZE_K: 128, num_buffers: 4, num_warps: 4, num_ctas: 1, num_stages: 3, maxnreg: None
runtime config: BLOCK_SIZE_M: 128, BLOCK_SIZE_N: 64, BLOCK_SIZE_K: 128, num_buffers: 4, num_warps: 8, num_ctas: 1, num_stages: 3, maxnreg: None
start 24576-16-24576
finish 24576-16-24576, (12/169) -> Max Dense: 46.86, Max Precomp: 75.89, Max Runtime: 46.75
dense config: BLOCK_SIZE_M: 64, BLOCK_SIZE_N: 64, BLOCK_SIZE_K: 128, num_buffers: 4, num_warps: 4, num_ctas: 1, num_stages: 3, maxnreg: None
precomp config: BLOCK_SIZE_M: 128, BLOCK_SIZE_N: 64, BLOCK_SIZE_K: 64, num_buffers: 7, num_warps: 4, num_ctas: 1, num_stages: 3, maxnreg: None
runtime config: BLOCK_SIZE_M: 64, BLOCK_SIZE_N: 64, BLOCK_SIZE_K: 128, num_buffers: 5, num_warps: 4, num_ctas: 1, num_stages: 3, maxnreg: None
start 49152-16-12288
finish 49152-16-12288, (13/169) -> Max Dense: 47.09, Max Precomp: 84.70, Max Runtime: 46.48
dense config: BLOCK_SIZE_M: 128, BLOCK_SIZE_N: 64, BLOCK_SIZE_K: 128, num_buffers: 3, num_warps: 8, num_ctas: 1, num_stages: 3, maxnreg: None
precomp config: BLOCK_SIZE_M: 128, BLOCK_SIZE_N: 64, BLOCK_SIZE_K: 128, num_buffers: 4, num_warps: 4, num_ctas: 1, num_stages: 3, maxnreg: None
runtime config: BLOCK_SIZE_M: 64, BLOCK_SIZE_N: 64, BLOCK_SIZE_K: 128, num_buffers: 5, num_warps: 4, num_ctas: 1, num_stages: 3, maxnreg: None
start 16384-16-32768
finish 16384-16-32768, (14/169) -> Max Dense: 48.03, Max Precomp: 86.64, Max Runtime: 47.09
dense config: BLOCK_SIZE_M: 128, BLOCK_SIZE_N: 64, BLOCK_SIZE_K: 128, num_buffers: 4, num_warps: 8, num_ctas: 1, num_stages: 3, maxnreg: None
precomp config: BLOCK_SIZE_M: 128, BLOCK_SIZE_N: 64, BLOCK_SIZE_K: 128, num_buffers: 4, num_warps: 4, num_ctas: 1, num_stages: 3, maxnreg: None
runtime config: BLOCK_SIZE_M: 128, BLOCK_SIZE_N: 64, BLOCK_SIZE_K: 128, num_buffers: 3, num_warps: 8, num_ctas: 1, num_stages: 3, maxnreg: None
start 32768-16-16384
finish 32768-16-16384, (15/169) -> Max Dense: 47.74, Max Precomp: 85.77, Max Runtime: 46.93
dense config: BLOCK_SIZE_M: 128, BLOCK_SIZE_N: 64, BLOCK_SIZE_K: 128, num_buffers: 3, num_warps: 8, num_ctas: 1, num_stages: 3, maxnreg: None
precomp config: BLOCK_SIZE_M: 128, BLOCK_SIZE_N: 64, BLOCK_SIZE_K: 128, num_buffers: 4, num_warps: 4, num_ctas: 1, num_stages: 3, maxnreg: None
runtime config: BLOCK_SIZE_M: 128, BLOCK_SIZE_N: 64, BLOCK_SIZE_K: 128, num_buffers: 3, num_warps: 8, num_ctas: 1, num_stages: 3, maxnreg: None
start 8192-16-49152
finish 8192-16-49152, (16/169) -> Max Dense: 46.62, Max Precomp: 68.90, Max Runtime: 45.65
dense config: BLOCK_SIZE_M: 64, BLOCK_SIZE_N: 64, BLOCK_SIZE_K: 128, num_buffers: 6, num_warps: 4, num_ctas: 1, num_stages: 3, maxnreg: None
precomp config: BLOCK_SIZE_M: 64, BLOCK_SIZE_N: 64, BLOCK_SIZE_K: 128, num_buffers: 6, num_warps: 4, num_ctas: 1, num_stages: 3, maxnreg: None
runtime config: BLOCK_SIZE_M: 64, BLOCK_SIZE_N: 64, BLOCK_SIZE_K: 128, num_buffers: 5, num_warps: 4, num_ctas: 1, num_stages: 3, maxnreg: None
start 12288-16-32768
finish 12288-16-32768, (17/169) -> Max Dense: 46.57, Max Precomp: 78.37, Max Runtime: 46.13
dense config: BLOCK_SIZE_M: 128, BLOCK_SIZE_N: 64, BLOCK_SIZE_K: 64, num_buffers: 5, num_warps: 4, num_ctas: 1, num_stages: 3, maxnreg: None
precomp config: BLOCK_SIZE_M: 128, BLOCK_SIZE_N: 64, BLOCK_SIZE_K: 128, num_buffers: 4, num_warps: 4, num_ctas: 1, num_stages: 3, maxnreg: None
runtime config: BLOCK_SIZE_M: 128, BLOCK_SIZE_N: 64, BLOCK_SIZE_K: 128, num_buffers: 4, num_warps: 8, num_ctas: 1, num_stages: 3, maxnreg: None
start 16384-16-24576
finish 16384-16-24576, (18/169) -> Max Dense: 46.82, Max Precomp: 82.50, Max Runtime: 45.86
dense config: BLOCK_SIZE_M: 128, BLOCK_SIZE_N: 64, BLOCK_SIZE_K: 128, num_buffers: 4, num_warps: 8, num_ctas: 1, num_stages: 3, maxnreg: None
precomp config: BLOCK_SIZE_M: 128, BLOCK_SIZE_N: 64, BLOCK_SIZE_K: 128, num_buffers: 4, num_warps: 4, num_ctas: 1, num_stages: 3, maxnreg: None
runtime config: BLOCK_SIZE_M: 128, BLOCK_SIZE_N: 64, BLOCK_SIZE_K: 128, num_buffers: 4, num_warps: 8, num_ctas: 1, num_stages: 3, maxnreg: None
start 24576-16-16384
finish 24576-16-16384, (19/169) -> Max Dense: 46.29, Max Precomp: 73.16, Max Runtime: 45.51
dense config: BLOCK_SIZE_M: 64, BLOCK_SIZE_N: 64, BLOCK_SIZE_K: 128, num_buffers: 4, num_warps: 4, num_ctas: 1, num_stages: 3, maxnreg: None
precomp config: BLOCK_SIZE_M: 128, BLOCK_SIZE_N: 64, BLOCK_SIZE_K: 64, num_buffers: 7, num_warps: 4, num_ctas: 1, num_stages: 3, maxnreg: None
runtime config: BLOCK_SIZE_M: 64, BLOCK_SIZE_N: 64, BLOCK_SIZE_K: 128, num_buffers: 5, num_warps: 4, num_ctas: 1, num_stages: 3, maxnreg: None
start 32768-16-12288
finish 32768-16-12288, (20/169) -> Max Dense: 46.65, Max Precomp: 82.36, Max Runtime: 45.66
dense config: BLOCK_SIZE_M: 128, BLOCK_SIZE_N: 64, BLOCK_SIZE_K: 128, num_buffers: 3, num_warps: 8, num_ctas: 1, num_stages: 3, maxnreg: None
precomp config: BLOCK_SIZE_M: 128, BLOCK_SIZE_N: 64, BLOCK_SIZE_K: 128, num_buffers: 4, num_warps: 4, num_ctas: 1, num_stages: 3, maxnreg: None
runtime config: BLOCK_SIZE_M: 128, BLOCK_SIZE_N: 64, BLOCK_SIZE_K: 128, num_buffers: 3, num_warps: 8, num_ctas: 1, num_stages: 3, maxnreg: None
start 49152-16-8192
finish 49152-16-8192, (21/169) -> Max Dense: 46.63, Max Precomp: 82.61, Max Runtime: 45.63
dense config: BLOCK_SIZE_M: 128, BLOCK_SIZE_N: 64, BLOCK_SIZE_K: 128, num_buffers: 3, num_warps: 4, num_ctas: 1, num_stages: 3, maxnreg: None
precomp config: BLOCK_SIZE_M: 128, BLOCK_SIZE_N: 64, BLOCK_SIZE_K: 128, num_buffers: 4, num_warps: 4, num_ctas: 1, num_stages: 3, maxnreg: None
runtime config: BLOCK_SIZE_M: 128, BLOCK_SIZE_N: 64, BLOCK_SIZE_K: 128, num_buffers: 3, num_warps: 8, num_ctas: 1, num_stages: 3, maxnreg: None
start 6144-16-49152
finish 6144-16-49152, (22/169) -> Max Dense: 43.59, Max Precomp: 57.94, Max Runtime: 43.26
dense config: BLOCK_SIZE_M: 64, BLOCK_SIZE_N: 64, BLOCK_SIZE_K: 128, num_buffers: 5, num_warps: 4, num_ctas: 1, num_stages: 3, maxnreg: None
precomp config: BLOCK_SIZE_M: 64, BLOCK_SIZE_N: 64, BLOCK_SIZE_K: 128, num_buffers: 6, num_warps: 4, num_ctas: 1, num_stages: 3, maxnreg: None
runtime config: BLOCK_SIZE_M: 64, BLOCK_SIZE_N: 64, BLOCK_SIZE_K: 128, num_buffers: 6, num_warps: 4, num_ctas: 1, num_stages: 3, maxnreg: None
start 12288-16-24576
finish 12288-16-24576, (23/169) -> Max Dense: 44.72, Max Precomp: 75.07, Max Runtime: 44.04
dense config: BLOCK_SIZE_M: 128, BLOCK_SIZE_N: 64, BLOCK_SIZE_K: 64, num_buffers: 5, num_warps: 4, num_ctas: 1, num_stages: 3, maxnreg: None
precomp config: BLOCK_SIZE_M: 128, BLOCK_SIZE_N: 64, BLOCK_SIZE_K: 128, num_buffers: 4, num_warps: 4, num_ctas: 1, num_stages: 3, maxnreg: None
runtime config: BLOCK_SIZE_M: 128, BLOCK_SIZE_N: 64, BLOCK_SIZE_K: 128, num_buffers: 4, num_warps: 8, num_ctas: 1, num_stages: 3, maxnreg: None
start 24576-16-12288
finish 24576-16-12288, (24/169) -> Max Dense: 44.63, Max Precomp: 70.49, Max Runtime: 44.37
dense config: BLOCK_SIZE_M: 64, BLOCK_SIZE_N: 64, BLOCK_SIZE_K: 128, num_buffers: 6, num_warps: 4, num_ctas: 1, num_stages: 3, maxnreg: None
precomp config: BLOCK_SIZE_M: 128, BLOCK_SIZE_N: 64, BLOCK_SIZE_K: 64, num_buffers: 7, num_warps: 4, num_ctas: 1, num_stages: 3, maxnreg: None
runtime config: BLOCK_SIZE_M: 64, BLOCK_SIZE_N: 64, BLOCK_SIZE_K: 128, num_buffers: 5, num_warps: 4, num_ctas: 1, num_stages: 3, maxnreg: None
start 49152-16-6144
finish 49152-16-6144, (25/169) -> Max Dense: 44.99, Max Precomp: 78.83, Max Runtime: 44.54
dense config: BLOCK_SIZE_M: 128, BLOCK_SIZE_N: 64, BLOCK_SIZE_K: 128, num_buffers: 4, num_warps: 8, num_ctas: 1, num_stages: 3, maxnreg: None
precomp config: BLOCK_SIZE_M: 128, BLOCK_SIZE_N: 64, BLOCK_SIZE_K: 128, num_buffers: 4, num_warps: 4, num_ctas: 1, num_stages: 3, maxnreg: None
runtime config: BLOCK_SIZE_M: 128, BLOCK_SIZE_N: 64, BLOCK_SIZE_K: 128, num_buffers: 3, num_warps: 8, num_ctas: 1, num_stages: 3, maxnreg: None
start 8192-16-32768
finish 8192-16-32768, (26/169) -> Max Dense: 45.39, Max Precomp: 66.81, Max Runtime: 44.34
dense config: BLOCK_SIZE_M: 64, BLOCK_SIZE_N: 64, BLOCK_SIZE_K: 128, num_buffers: 6, num_warps: 4, num_ctas: 1, num_stages: 3, maxnreg: None
precomp config: BLOCK_SIZE_M: 64, BLOCK_SIZE_N: 64, BLOCK_SIZE_K: 128, num_buffers: 6, num_warps: 4, num_ctas: 1, num_stages: 3, maxnreg: None
runtime config: BLOCK_SIZE_M: 64, BLOCK_SIZE_N: 64, BLOCK_SIZE_K: 128, num_buffers: 5, num_warps: 4, num_ctas: 1, num_stages: 3, maxnreg: None
start 16384-16-16384
finish 16384-16-16384, (27/169) -> Max Dense: 45.54, Max Precomp: 79.63, Max Runtime: 44.30
dense config: BLOCK_SIZE_M: 128, BLOCK_SIZE_N: 64, BLOCK_SIZE_K: 64, num_buffers: 5, num_warps: 4, num_ctas: 1, num_stages: 3, maxnreg: None
precomp config: BLOCK_SIZE_M: 128, BLOCK_SIZE_N: 64, BLOCK_SIZE_K: 128, num_buffers: 4, num_warps: 4, num_ctas: 1, num_stages: 3, maxnreg: None
runtime config: BLOCK_SIZE_M: 128, BLOCK_SIZE_N: 64, BLOCK_SIZE_K: 64, num_buffers: 5, num_warps: 4, num_ctas: 1, num_stages: 3, maxnreg: None
start 32768-16-8192
finish 32768-16-8192, (28/169) -> Max Dense: 44.94, Max Precomp: 78.23, Max Runtime: 43.93
dense config: BLOCK_SIZE_M: 128, BLOCK_SIZE_N: 64, BLOCK_SIZE_K: 128, num_buffers: 3, num_warps: 4, num_ctas: 1, num_stages: 3, maxnreg: None
precomp config: BLOCK_SIZE_M: 128, BLOCK_SIZE_N: 64, BLOCK_SIZE_K: 128, num_buffers: 4, num_warps: 4, num_ctas: 1, num_stages: 3, maxnreg: None
runtime config: BLOCK_SIZE_M: 64, BLOCK_SIZE_N: 64, BLOCK_SIZE_K: 256, num_buffers: 3, num_warps: 4, num_ctas: 1, num_stages: 3, maxnreg: None
start 4096-16-49152
finish 4096-16-49152, (29/169) -> Max Dense: 39.15, Max Precomp: 50.34, Max Runtime: 31.48
dense config: BLOCK_SIZE_M: 64, BLOCK_SIZE_N: 64, BLOCK_SIZE_K: 128, num_buffers: 6, num_warps: 4, num_ctas: 1, num_stages: 3, maxnreg: None
precomp config: BLOCK_SIZE_M: 64, BLOCK_SIZE_N: 64, BLOCK_SIZE_K: 128, num_buffers: 6, num_warps: 4, num_ctas: 1, num_stages: 3, maxnreg: None
runtime config: BLOCK_SIZE_M: 64, BLOCK_SIZE_N: 64, BLOCK_SIZE_K: 128, num_buffers: 5, num_warps: 4, num_ctas: 1, num_stages: 3, maxnreg: None
start 6144-16-32768
finish 6144-16-32768, (30/169) -> Max Dense: 41.88, Max Precomp: 55.85, Max Runtime: 41.86
dense config: BLOCK_SIZE_M: 64, BLOCK_SIZE_N: 64, BLOCK_SIZE_K: 128, num_buffers: 5, num_warps: 4, num_ctas: 1, num_stages: 3, maxnreg: None
precomp config: BLOCK_SIZE_M: 64, BLOCK_SIZE_N: 64, BLOCK_SIZE_K: 128, num_buffers: 6, num_warps: 4, num_ctas: 1, num_stages: 3, maxnreg: None
runtime config: BLOCK_SIZE_M: 64, BLOCK_SIZE_N: 64, BLOCK_SIZE_K: 128, num_buffers: 5, num_warps: 4, num_ctas: 1, num_stages: 3, maxnreg: None
start 8192-16-24576
finish 8192-16-24576, (31/169) -> Max Dense: 43.71, Max Precomp: 64.04, Max Runtime: 42.54
dense config: BLOCK_SIZE_M: 64, BLOCK_SIZE_N: 64, BLOCK_SIZE_K: 128, num_buffers: 6, num_warps: 4, num_ctas: 1, num_stages: 3, maxnreg: None
precomp config: BLOCK_SIZE_M: 64, BLOCK_SIZE_N: 64, BLOCK_SIZE_K: 128, num_buffers: 6, num_warps: 4, num_ctas: 1, num_stages: 3, maxnreg: None
runtime config: BLOCK_SIZE_M: 64, BLOCK_SIZE_N: 64, BLOCK_SIZE_K: 128, num_buffers: 5, num_warps: 4, num_ctas: 1, num_stages: 3, maxnreg: None
start 12288-16-16384
finish 12288-16-16384, (32/169) -> Max Dense: 43.51, Max Precomp: 71.25, Max Runtime: 42.81
dense config: BLOCK_SIZE_M: 128, BLOCK_SIZE_N: 64, BLOCK_SIZE_K: 64, num_buffers: 5, num_warps: 4, num_ctas: 1, num_stages: 3, maxnreg: None
precomp config: BLOCK_SIZE_M: 128, BLOCK_SIZE_N: 64, BLOCK_SIZE_K: 128, num_buffers: 4, num_warps: 4, num_ctas: 1, num_stages: 3, maxnreg: None
runtime config: BLOCK_SIZE_M: 128, BLOCK_SIZE_N: 64, BLOCK_SIZE_K: 128, num_buffers: 4, num_warps: 8, num_ctas: 1, num_stages: 3, maxnreg: None
start 16384-16-12288
finish 16384-16-12288, (33/169) -> Max Dense: 43.87, Max Precomp: 74.67, Max Runtime: 42.75
dense config: BLOCK_SIZE_M: 128, BLOCK_SIZE_N: 64, BLOCK_SIZE_K: 128, num_buffers: 4, num_warps: 8, num_ctas: 1, num_stages: 3, maxnreg: None
precomp config: BLOCK_SIZE_M: 128, BLOCK_SIZE_N: 64, BLOCK_SIZE_K: 128, num_buffers: 4, num_warps: 4, num_ctas: 1, num_stages: 3, maxnreg: None
runtime config: BLOCK_SIZE_M: 128, BLOCK_SIZE_N: 64, BLOCK_SIZE_K: 128, num_buffers: 4, num_warps: 8, num_ctas: 1, num_stages: 3, maxnreg: None
start 24576-16-8192
finish 24576-16-8192, (34/169) -> Max Dense: 43.15, Max Precomp: 67.69, Max Runtime: 42.40
dense config: BLOCK_SIZE_M: 64, BLOCK_SIZE_N: 64, BLOCK_SIZE_K: 128, num_buffers: 4, num_warps: 4, num_ctas: 1, num_stages: 3, maxnreg: None
precomp config: BLOCK_SIZE_M: 128, BLOCK_SIZE_N: 64, BLOCK_SIZE_K: 128, num_buffers: 4, num_warps: 4, num_ctas: 1, num_stages: 3, maxnreg: None
runtime config: BLOCK_SIZE_M: 64, BLOCK_SIZE_N: 64, BLOCK_SIZE_K: 256, num_buffers: 3, num_warps: 4, num_ctas: 1, num_stages: 3, maxnreg: None
start 32768-16-6144
finish 32768-16-6144, (35/169) -> Max Dense: 43.55, Max Precomp: 73.74, Max Runtime: 42.63
dense config: BLOCK_SIZE_M: 128, BLOCK_SIZE_N: 64, BLOCK_SIZE_K: 128, num_buffers: 4, num_warps: 8, num_ctas: 1, num_stages: 3, maxnreg: None
precomp config: BLOCK_SIZE_M: 128, BLOCK_SIZE_N: 64, BLOCK_SIZE_K: 128, num_buffers: 4, num_warps: 4, num_ctas: 1, num_stages: 3, maxnreg: None
runtime config: BLOCK_SIZE_M: 128, BLOCK_SIZE_N: 64, BLOCK_SIZE_K: 128, num_buffers: 3, num_warps: 8, num_ctas: 1, num_stages: 3, maxnreg: None
start 49152-16-4096
finish 49152-16-4096, (36/169) -> Max Dense: 43.56, Max Precomp: 73.62, Max Runtime: 42.89
dense config: BLOCK_SIZE_M: 128, BLOCK_SIZE_N: 64, BLOCK_SIZE_K: 128, num_buffers: 4, num_warps: 8, num_ctas: 1, num_stages: 3, maxnreg: None
precomp config: BLOCK_SIZE_M: 128, BLOCK_SIZE_N: 64, BLOCK_SIZE_K: 128, num_buffers: 4, num_warps: 4, num_ctas: 1, num_stages: 3, maxnreg: None
runtime config: BLOCK_SIZE_M: 128, BLOCK_SIZE_N: 64, BLOCK_SIZE_K: 128, num_buffers: 3, num_warps: 8, num_ctas: 1, num_stages: 3, maxnreg: None
start 3072-16-49152
finish 3072-16-49152, (37/169) -> Max Dense: 30.35, Max Precomp: 39.09, Max Runtime: 24.12
dense config: BLOCK_SIZE_M: 64, BLOCK_SIZE_N: 64, BLOCK_SIZE_K: 128, num_buffers: 6, num_warps: 4, num_ctas: 1, num_stages: 3, maxnreg: None
precomp config: BLOCK_SIZE_M: 64, BLOCK_SIZE_N: 64, BLOCK_SIZE_K: 128, num_buffers: 6, num_warps: 4, num_ctas: 1, num_stages: 3, maxnreg: None
runtime config: BLOCK_SIZE_M: 64, BLOCK_SIZE_N: 64, BLOCK_SIZE_K: 128, num_buffers: 5, num_warps: 4, num_ctas: 1, num_stages: 3, maxnreg: None
start 6144-16-24576
finish 6144-16-24576, (38/169) -> Max Dense: 40.39, Max Precomp: 54.33, Max Runtime: 39.51
dense config: BLOCK_SIZE_M: 64, BLOCK_SIZE_N: 64, BLOCK_SIZE_K: 128, num_buffers: 5, num_warps: 4, num_ctas: 1, num_stages: 3, maxnreg: None
precomp config: BLOCK_SIZE_M: 64, BLOCK_SIZE_N: 64, BLOCK_SIZE_K: 128, num_buffers: 6, num_warps: 4, num_ctas: 1, num_stages: 3, maxnreg: None
runtime config: BLOCK_SIZE_M: 64, BLOCK_SIZE_N: 64, BLOCK_SIZE_K: 128, num_buffers: 5, num_warps: 4, num_ctas: 1, num_stages: 3, maxnreg: None
start 12288-16-12288
finish 12288-16-12288, (39/169) -> Max Dense: 41.42, Max Precomp: 67.04, Max Runtime: 40.44
dense config: BLOCK_SIZE_M: 128, BLOCK_SIZE_N: 64, BLOCK_SIZE_K: 64, num_buffers: 5, num_warps: 4, num_ctas: 1, num_stages: 3, maxnreg: None
precomp config: BLOCK_SIZE_M: 128, BLOCK_SIZE_N: 64, BLOCK_SIZE_K: 128, num_buffers: 4, num_warps: 4, num_ctas: 1, num_stages: 3, maxnreg: None
runtime config: BLOCK_SIZE_M: 128, BLOCK_SIZE_N: 64, BLOCK_SIZE_K: 128, num_buffers: 4, num_warps: 8, num_ctas: 1, num_stages: 3, maxnreg: None
start 24576-16-6144
finish 24576-16-6144, (40/169) -> Max Dense: 41.23, Max Precomp: 63.75, Max Runtime: 40.56
dense config: BLOCK_SIZE_M: 64, BLOCK_SIZE_N: 64, BLOCK_SIZE_K: 128, num_buffers: 4, num_warps: 4, num_ctas: 1, num_stages: 3, maxnreg: None
precomp config: BLOCK_SIZE_M: 128, BLOCK_SIZE_N: 64, BLOCK_SIZE_K: 128, num_buffers: 4, num_warps: 4, num_ctas: 1, num_stages: 3, maxnreg: None
runtime config: BLOCK_SIZE_M: 64, BLOCK_SIZE_N: 64, BLOCK_SIZE_K: 128, num_buffers: 5, num_warps: 4, num_ctas: 1, num_stages: 3, maxnreg: None
start 49152-16-3072
finish 49152-16-3072, (41/169) -> Max Dense: 41.56, Max Precomp: 68.87, Max Runtime: 40.63
dense config: BLOCK_SIZE_M: 128, BLOCK_SIZE_N: 64, BLOCK_SIZE_K: 128, num_buffers: 4, num_warps: 8, num_ctas: 1, num_stages: 3, maxnreg: None
precomp config: BLOCK_SIZE_M: 128, BLOCK_SIZE_N: 64, BLOCK_SIZE_K: 128, num_buffers: 4, num_warps: 4, num_ctas: 1, num_stages: 3, maxnreg: None
runtime config: BLOCK_SIZE_M: 128, BLOCK_SIZE_N: 64, BLOCK_SIZE_K: 128, num_buffers: 3, num_warps: 8, num_ctas: 1, num_stages: 3, maxnreg: None
start 4096-16-32768
finish 4096-16-32768, (42/169) -> Max Dense: 37.54, Max Precomp: 48.43, Max Runtime: 30.50
dense config: BLOCK_SIZE_M: 64, BLOCK_SIZE_N: 64, BLOCK_SIZE_K: 128, num_buffers: 6, num_warps: 4, num_ctas: 1, num_stages: 3, maxnreg: None
precomp config: BLOCK_SIZE_M: 64, BLOCK_SIZE_N: 64, BLOCK_SIZE_K: 128, num_buffers: 6, num_warps: 4, num_ctas: 1, num_stages: 3, maxnreg: None
runtime config: BLOCK_SIZE_M: 64, BLOCK_SIZE_N: 64, BLOCK_SIZE_K: 128, num_buffers: 5, num_warps: 4, num_ctas: 1, num_stages: 3, maxnreg: None
start 8192-16-16384
finish 8192-16-16384, (43/169) -> Max Dense: 41.36, Max Precomp: 60.22, Max Runtime: 40.24
dense config: BLOCK_SIZE_M: 64, BLOCK_SIZE_N: 64, BLOCK_SIZE_K: 128, num_buffers: 6, num_warps: 4, num_ctas: 1, num_stages: 3, maxnreg: None
precomp config: BLOCK_SIZE_M: 64, BLOCK_SIZE_N: 64, BLOCK_SIZE_K: 128, num_buffers: 6, num_warps: 4, num_ctas: 1, num_stages: 3, maxnreg: None
runtime config: BLOCK_SIZE_M: 64, BLOCK_SIZE_N: 64, BLOCK_SIZE_K: 128, num_buffers: 5, num_warps: 4, num_ctas: 1, num_stages: 3, maxnreg: None
start 16384-16-8192
finish 16384-16-8192, (44/169) -> Max Dense: 41.43, Max Precomp: 67.67, Max Runtime: 40.84
dense config: BLOCK_SIZE_M: 128, BLOCK_SIZE_N: 64, BLOCK_SIZE_K: 128, num_buffers: 4, num_warps: 4, num_ctas: 1, num_stages: 3, maxnreg: None
precomp config: BLOCK_SIZE_M: 128, BLOCK_SIZE_N: 64, BLOCK_SIZE_K: 128, num_buffers: 4, num_warps: 4, num_ctas: 1, num_stages: 3, maxnreg: None
runtime config: BLOCK_SIZE_M: 128, BLOCK_SIZE_N: 64, BLOCK_SIZE_K: 128, num_buffers: 3, num_warps: 8, num_ctas: 1, num_stages: 3, maxnreg: None
start 32768-16-4096
finish 32768-16-4096, (45/169) -> Max Dense: 41.13, Max Precomp: 67.62, Max Runtime: 40.23
dense config: BLOCK_SIZE_M: 128, BLOCK_SIZE_N: 64, BLOCK_SIZE_K: 128, num_buffers: 4, num_warps: 8, num_ctas: 1, num_stages: 3, maxnreg: None
precomp config: BLOCK_SIZE_M: 128, BLOCK_SIZE_N: 64, BLOCK_SIZE_K: 128, num_buffers: 4, num_warps: 4, num_ctas: 1, num_stages: 3, maxnreg: None
runtime config: BLOCK_SIZE_M: 128, BLOCK_SIZE_N: 64, BLOCK_SIZE_K: 128, num_buffers: 3, num_warps: 8, num_ctas: 1, num_stages: 3, maxnreg: None
start 2048-16-49152
finish 2048-16-49152, (46/169) -> Max Dense: 22.47, Max Precomp: 28.85, Max Runtime: 16.17
dense config: BLOCK_SIZE_M: 64, BLOCK_SIZE_N: 64, BLOCK_SIZE_K: 128, num_buffers: 6, num_warps: 4, num_ctas: 1, num_stages: 3, maxnreg: None
precomp config: BLOCK_SIZE_M: 64, BLOCK_SIZE_N: 64, BLOCK_SIZE_K: 128, num_buffers: 6, num_warps: 4, num_ctas: 1, num_stages: 3, maxnreg: None
runtime config: BLOCK_SIZE_M: 64, BLOCK_SIZE_N: 64, BLOCK_SIZE_K: 128, num_buffers: 5, num_warps: 4, num_ctas: 1, num_stages: 3, maxnreg: None
start 3072-16-32768
finish 3072-16-32768, (47/169) -> Max Dense: 29.66, Max Precomp: 38.07, Max Runtime: 23.45
dense config: BLOCK_SIZE_M: 64, BLOCK_SIZE_N: 64, BLOCK_SIZE_K: 128, num_buffers: 6, num_warps: 4, num_ctas: 1, num_stages: 3, maxnreg: None
precomp config: BLOCK_SIZE_M: 64, BLOCK_SIZE_N: 64, BLOCK_SIZE_K: 128, num_buffers: 6, num_warps: 4, num_ctas: 1, num_stages: 3, maxnreg: None
runtime config: BLOCK_SIZE_M: 64, BLOCK_SIZE_N: 64, BLOCK_SIZE_K: 128, num_buffers: 5, num_warps: 4, num_ctas: 1, num_stages: 3, maxnreg: None
start 4096-16-24576
finish 4096-16-24576, (48/169) -> Max Dense: 35.96, Max Precomp: 45.86, Max Runtime: 29.50
dense config: BLOCK_SIZE_M: 64, BLOCK_SIZE_N: 64, BLOCK_SIZE_K: 128, num_buffers: 6, num_warps: 4, num_ctas: 1, num_stages: 3, maxnreg: None
precomp config: BLOCK_SIZE_M: 64, BLOCK_SIZE_N: 64, BLOCK_SIZE_K: 128, num_buffers: 6, num_warps: 4, num_ctas: 1, num_stages: 3, maxnreg: None
runtime config: BLOCK_SIZE_M: 64, BLOCK_SIZE_N: 64, BLOCK_SIZE_K: 128, num_buffers: 5, num_warps: 4, num_ctas: 1, num_stages: 3, maxnreg: None
start 6144-16-16384
finish 6144-16-16384, (49/169) -> Max Dense: 37.39, Max Precomp: 51.22, Max Runtime: 37.03
dense config: BLOCK_SIZE_M: 64, BLOCK_SIZE_N: 64, BLOCK_SIZE_K: 128, num_buffers: 5, num_warps: 4, num_ctas: 1, num_stages: 3, maxnreg: None
precomp config: BLOCK_SIZE_M: 64, BLOCK_SIZE_N: 64, BLOCK_SIZE_K: 128, num_buffers: 6, num_warps: 4, num_ctas: 1, num_stages: 3, maxnreg: None
runtime config: BLOCK_SIZE_M: 64, BLOCK_SIZE_N: 64, BLOCK_SIZE_K: 128, num_buffers: 5, num_warps: 4, num_ctas: 1, num_stages: 3, maxnreg: None
start 8192-16-12288
finish 8192-16-12288, (50/169) -> Max Dense: 38.82, Max Precomp: 56.25, Max Runtime: 37.58
dense config: BLOCK_SIZE_M: 64, BLOCK_SIZE_N: 64, BLOCK_SIZE_K: 128, num_buffers: 6, num_warps: 4, num_ctas: 1, num_stages: 3, maxnreg: None
precomp config: BLOCK_SIZE_M: 64, BLOCK_SIZE_N: 64, BLOCK_SIZE_K: 128, num_buffers: 6, num_warps: 4, num_ctas: 1, num_stages: 3, maxnreg: None
runtime config: BLOCK_SIZE_M: 64, BLOCK_SIZE_N: 64, BLOCK_SIZE_K: 128, num_buffers: 5, num_warps: 4, num_ctas: 1, num_stages: 3, maxnreg: None
start 12288-16-8192
finish 12288-16-8192, (51/169) -> Max Dense: 38.77, Max Precomp: 60.70, Max Runtime: 37.75
dense config: BLOCK_SIZE_M: 128, BLOCK_SIZE_N: 64, BLOCK_SIZE_K: 64, num_buffers: 5, num_warps: 4, num_ctas: 1, num_stages: 3, maxnreg: None
precomp config: BLOCK_SIZE_M: 128, BLOCK_SIZE_N: 64, BLOCK_SIZE_K: 128, num_buffers: 4, num_warps: 4, num_ctas: 1, num_stages: 3, maxnreg: None
runtime config: BLOCK_SIZE_M: 128, BLOCK_SIZE_N: 64, BLOCK_SIZE_K: 128, num_buffers: 4, num_warps: 8, num_ctas: 1, num_stages: 3, maxnreg: None
start 16384-16-6144
finish 16384-16-6144, (52/169) -> Max Dense: 39.07, Max Precomp: 62.13, Max Runtime: 38.27
dense config: BLOCK_SIZE_M: 128, BLOCK_SIZE_N: 64, BLOCK_SIZE_K: 64, num_buffers: 5, num_warps: 4, num_ctas: 1, num_stages: 3, maxnreg: None
precomp config: BLOCK_SIZE_M: 128, BLOCK_SIZE_N: 64, BLOCK_SIZE_K: 128, num_buffers: 4, num_warps: 4, num_ctas: 1, num_stages: 3, maxnreg: None
runtime config: BLOCK_SIZE_M: 128, BLOCK_SIZE_N: 64, BLOCK_SIZE_K: 128, num_buffers: 3, num_warps: 8, num_ctas: 1, num_stages: 3, maxnreg: None
start 24576-16-4096
finish 24576-16-4096, (53/169) -> Max Dense: 38.40, Max Precomp: 59.15, Max Runtime: 37.51
dense config: BLOCK_SIZE_M: 64, BLOCK_SIZE_N: 64, BLOCK_SIZE_K: 128, num_buffers: 6, num_warps: 4, num_ctas: 1, num_stages: 3, maxnreg: None
precomp config: BLOCK_SIZE_M: 128, BLOCK_SIZE_N: 64, BLOCK_SIZE_K: 128, num_buffers: 4, num_warps: 4, num_ctas: 1, num_stages: 3, maxnreg: None
runtime config: BLOCK_SIZE_M: 64, BLOCK_SIZE_N: 64, BLOCK_SIZE_K: 128, num_buffers: 6, num_warps: 4, num_ctas: 1, num_stages: 3, maxnreg: None
start 32768-16-3072
finish 32768-16-3072, (54/169) -> Max Dense: 38.78, Max Precomp: 61.57, Max Runtime: 38.05
dense config: BLOCK_SIZE_M: 128, BLOCK_SIZE_N: 64, BLOCK_SIZE_K: 128, num_buffers: 3, num_warps: 4, num_ctas: 1, num_stages: 3, maxnreg: None
precomp config: BLOCK_SIZE_M: 128, BLOCK_SIZE_N: 64, BLOCK_SIZE_K: 128, num_buffers: 4, num_warps: 4, num_ctas: 1, num_stages: 3, maxnreg: None
runtime config: BLOCK_SIZE_M: 128, BLOCK_SIZE_N: 64, BLOCK_SIZE_K: 128, num_buffers: 3, num_warps: 4, num_ctas: 1, num_stages: 3, maxnreg: None
start 49152-16-2048
finish 49152-16-2048, (55/169) -> Max Dense: 38.65, Max Precomp: 62.55, Max Runtime: 37.99
dense config: BLOCK_SIZE_M: 128, BLOCK_SIZE_N: 64, BLOCK_SIZE_K: 128, num_buffers: 3, num_warps: 4, num_ctas: 1, num_stages: 3, maxnreg: None
precomp config: BLOCK_SIZE_M: 128, BLOCK_SIZE_N: 64, BLOCK_SIZE_K: 128, num_buffers: 4, num_warps: 4, num_ctas: 1, num_stages: 3, maxnreg: None
runtime config: BLOCK_SIZE_M: 128, BLOCK_SIZE_N: 64, BLOCK_SIZE_K: 128, num_buffers: 3, num_warps: 8, num_ctas: 1, num_stages: 3, maxnreg: None
start 1536-16-49152
finish 1536-16-49152, (56/169) -> Max Dense: 18.58, Max Precomp: 24.26, Max Runtime: 12.15
dense config: BLOCK_SIZE_M: 64, BLOCK_SIZE_N: 64, BLOCK_SIZE_K: 128, num_buffers: 6, num_warps: 4, num_ctas: 1, num_stages: 3, maxnreg: None
precomp config: BLOCK_SIZE_M: 64, BLOCK_SIZE_N: 64, BLOCK_SIZE_K: 128, num_buffers: 6, num_warps: 4, num_ctas: 1, num_stages: 3, maxnreg: None
runtime config: BLOCK_SIZE_M: 64, BLOCK_SIZE_N: 64, BLOCK_SIZE_K: 128, num_buffers: 5, num_warps: 4, num_ctas: 1, num_stages: 3, maxnreg: None
start 3072-16-24576
finish 3072-16-24576, (57/169) -> Max Dense: 28.70, Max Precomp: 37.13, Max Runtime: 22.91
dense config: BLOCK_SIZE_M: 64, BLOCK_SIZE_N: 64, BLOCK_SIZE_K: 128, num_buffers: 6, num_warps: 4, num_ctas: 1, num_stages: 3, maxnreg: None
precomp config: BLOCK_SIZE_M: 64, BLOCK_SIZE_N: 64, BLOCK_SIZE_K: 128, num_buffers: 6, num_warps: 4, num_ctas: 1, num_stages: 3, maxnreg: None
runtime config: BLOCK_SIZE_M: 64, BLOCK_SIZE_N: 64, BLOCK_SIZE_K: 128, num_buffers: 5, num_warps: 4, num_ctas: 1, num_stages: 3, maxnreg: None
start 6144-16-12288
finish 6144-16-12288, (58/169) -> Max Dense: 35.26, Max Precomp: 48.56, Max Runtime: 34.21
dense config: BLOCK_SIZE_M: 64, BLOCK_SIZE_N: 64, BLOCK_SIZE_K: 128, num_buffers: 5, num_warps: 4, num_ctas: 1, num_stages: 3, maxnreg: None
precomp config: BLOCK_SIZE_M: 64, BLOCK_SIZE_N: 64, BLOCK_SIZE_K: 128, num_buffers: 6, num_warps: 4, num_ctas: 1, num_stages: 3, maxnreg: None
runtime config: BLOCK_SIZE_M: 64, BLOCK_SIZE_N: 64, BLOCK_SIZE_K: 128, num_buffers: 5, num_warps: 4, num_ctas: 1, num_stages: 3, maxnreg: None
start 12288-16-6144
finish 12288-16-6144, (59/169) -> Max Dense: 35.99, Max Precomp: 54.84, Max Runtime: 34.61
dense config: BLOCK_SIZE_M: 128, BLOCK_SIZE_N: 64, BLOCK_SIZE_K: 64, num_buffers: 5, num_warps: 4, num_ctas: 1, num_stages: 3, maxnreg: None
precomp config: BLOCK_SIZE_M: 128, BLOCK_SIZE_N: 64, BLOCK_SIZE_K: 128, num_buffers: 4, num_warps: 4, num_ctas: 1, num_stages: 3, maxnreg: None
runtime config: BLOCK_SIZE_M: 128, BLOCK_SIZE_N: 64, BLOCK_SIZE_K: 64, num_buffers: 5, num_warps: 4, num_ctas: 1, num_stages: 3, maxnreg: None
start 24576-16-3072
finish 24576-16-3072, (60/169) -> Max Dense: 35.77, Max Precomp: 54.01, Max Runtime: 35.07
dense config: BLOCK_SIZE_M: 64, BLOCK_SIZE_N: 64, BLOCK_SIZE_K: 128, num_buffers: 5, num_warps: 4, num_ctas: 1, num_stages: 3, maxnreg: None
precomp config: BLOCK_SIZE_M: 128, BLOCK_SIZE_N: 64, BLOCK_SIZE_K: 128, num_buffers: 4, num_warps: 4, num_ctas: 1, num_stages: 3, maxnreg: None
runtime config: BLOCK_SIZE_M: 64, BLOCK_SIZE_N: 64, BLOCK_SIZE_K: 128, num_buffers: 5, num_warps: 4, num_ctas: 1, num_stages: 3, maxnreg: None
start 49152-16-1536
finish 49152-16-1536, (61/169) -> Max Dense: 35.91, Max Precomp: 55.70, Max Runtime: 35.32
dense config: BLOCK_SIZE_M: 128, BLOCK_SIZE_N: 64, BLOCK_SIZE_K: 128, num_buffers: 4, num_warps: 8, num_ctas: 1, num_stages: 3, maxnreg: None
precomp config: BLOCK_SIZE_M: 128, BLOCK_SIZE_N: 64, BLOCK_SIZE_K: 128, num_buffers: 4, num_warps: 4, num_ctas: 1, num_stages: 3, maxnreg: None
runtime config: BLOCK_SIZE_M: 128, BLOCK_SIZE_N: 64, BLOCK_SIZE_K: 128, num_buffers: 3, num_warps: 4, num_ctas: 1, num_stages: 3, maxnreg: None
start 2048-16-32768
finish 2048-16-32768, (62/169) -> Max Dense: 21.99, Max Precomp: 28.50, Max Runtime: 15.82
dense config: BLOCK_SIZE_M: 64, BLOCK_SIZE_N: 64, BLOCK_SIZE_K: 128, num_buffers: 6, num_warps: 4, num_ctas: 1, num_stages: 3, maxnreg: None
precomp config: BLOCK_SIZE_M: 64, BLOCK_SIZE_N: 64, BLOCK_SIZE_K: 128, num_buffers: 6, num_warps: 4, num_ctas: 1, num_stages: 3, maxnreg: None
runtime config: BLOCK_SIZE_M: 64, BLOCK_SIZE_N: 64, BLOCK_SIZE_K: 128, num_buffers: 5, num_warps: 4, num_ctas: 1, num_stages: 3, maxnreg: None
start 4096-16-16384
finish 4096-16-16384, (63/169) -> Max Dense: 33.19, Max Precomp: 42.72, Max Runtime: 28.18
dense config: BLOCK_SIZE_M: 64, BLOCK_SIZE_N: 64, BLOCK_SIZE_K: 128, num_buffers: 6, num_warps: 4, num_ctas: 1, num_stages: 3, maxnreg: None
precomp config: BLOCK_SIZE_M: 64, BLOCK_SIZE_N: 64, BLOCK_SIZE_K: 128, num_buffers: 6, num_warps: 4, num_ctas: 1, num_stages: 3, maxnreg: None
runtime config: BLOCK_SIZE_M: 64, BLOCK_SIZE_N: 64, BLOCK_SIZE_K: 128, num_buffers: 6, num_warps: 4, num_ctas: 1, num_stages: 3, maxnreg: None
start 8192-16-8192
finish 8192-16-8192, (64/169) -> Max Dense: 35.07, Max Precomp: 51.25, Max Runtime: 34.29
dense config: BLOCK_SIZE_M: 64, BLOCK_SIZE_N: 64, BLOCK_SIZE_K: 128, num_buffers: 5, num_warps: 4, num_ctas: 1, num_stages: 3, maxnreg: None
precomp config: BLOCK_SIZE_M: 64, BLOCK_SIZE_N: 64, BLOCK_SIZE_K: 128, num_buffers: 6, num_warps: 4, num_ctas: 1, num_stages: 3, maxnreg: None
runtime config: BLOCK_SIZE_M: 64, BLOCK_SIZE_N: 64, BLOCK_SIZE_K: 128, num_buffers: 5, num_warps: 4, num_ctas: 1, num_stages: 3, maxnreg: None
start 16384-16-4096
finish 16384-16-4096, (65/169) -> Max Dense: 35.31, Max Precomp: 54.33, Max Runtime: 34.82
dense config: BLOCK_SIZE_M: 128, BLOCK_SIZE_N: 64, BLOCK_SIZE_K: 128, num_buffers: 4, num_warps: 4, num_ctas: 1, num_stages: 3, maxnreg: None
precomp config: BLOCK_SIZE_M: 128, BLOCK_SIZE_N: 64, BLOCK_SIZE_K: 128, num_buffers: 4, num_warps: 4, num_ctas: 1, num_stages: 3, maxnreg: None
runtime config: BLOCK_SIZE_M: 128, BLOCK_SIZE_N: 64, BLOCK_SIZE_K: 128, num_buffers: 3, num_warps: 8, num_ctas: 1, num_stages: 3, maxnreg: None
start 32768-16-2048
finish 32768-16-2048, (66/169) -> Max Dense: 35.20, Max Precomp: 54.91, Max Runtime: 34.63
dense config: BLOCK_SIZE_M: 128, BLOCK_SIZE_N: 64, BLOCK_SIZE_K: 64, num_buffers: 5, num_warps: 4, num_ctas: 1, num_stages: 3, maxnreg: None
precomp config: BLOCK_SIZE_M: 128, BLOCK_SIZE_N: 64, BLOCK_SIZE_K: 128, num_buffers: 4, num_warps: 4, num_ctas: 1, num_stages: 3, maxnreg: None
runtime config: BLOCK_SIZE_M: 128, BLOCK_SIZE_N: 64, BLOCK_SIZE_K: 128, num_buffers: 3, num_warps: 4, num_ctas: 1, num_stages: 3, maxnreg: None
start 1024-16-49152
finish 1024-16-49152, (67/169) -> Max Dense: 14.10, Max Precomp: 16.63, Max Runtime: 8.39
dense config: BLOCK_SIZE_M: 64, BLOCK_SIZE_N: 64, BLOCK_SIZE_K: 128, num_buffers: 6, num_warps: 4, num_ctas: 1, num_stages: 3, maxnreg: None
precomp config: BLOCK_SIZE_M: 64, BLOCK_SIZE_N: 64, BLOCK_SIZE_K: 128, num_buffers: 6, num_warps: 4, num_ctas: 1, num_stages: 3, maxnreg: None
runtime config: BLOCK_SIZE_M: 64, BLOCK_SIZE_N: 64, BLOCK_SIZE_K: 256, num_buffers: 3, num_warps: 4, num_ctas: 1, num_stages: 3, maxnreg: None
start 1536-16-32768
finish 1536-16-32768, (68/169) -> Max Dense: 18.26, Max Precomp: 23.27, Max Runtime: 12.02
dense config: BLOCK_SIZE_M: 64, BLOCK_SIZE_N: 64, BLOCK_SIZE_K: 128, num_buffers: 6, num_warps: 4, num_ctas: 1, num_stages: 3, maxnreg: None
precomp config: BLOCK_SIZE_M: 64, BLOCK_SIZE_N: 64, BLOCK_SIZE_K: 128, num_buffers: 6, num_warps: 4, num_ctas: 1, num_stages: 3, maxnreg: None
runtime config: BLOCK_SIZE_M: 64, BLOCK_SIZE_N: 64, BLOCK_SIZE_K: 128, num_buffers: 5, num_warps: 4, num_ctas: 1, num_stages: 3, maxnreg: None
start 2048-16-24576
finish 2048-16-24576, (69/169) -> Max Dense: 21.44, Max Precomp: 27.65, Max Runtime: 15.67
dense config: BLOCK_SIZE_M: 64, BLOCK_SIZE_N: 64, BLOCK_SIZE_K: 128, num_buffers: 6, num_warps: 4, num_ctas: 1, num_stages: 3, maxnreg: None
precomp config: BLOCK_SIZE_M: 64, BLOCK_SIZE_N: 64, BLOCK_SIZE_K: 128, num_buffers: 6, num_warps: 4, num_ctas: 1, num_stages: 3, maxnreg: None
runtime config: BLOCK_SIZE_M: 64, BLOCK_SIZE_N: 64, BLOCK_SIZE_K: 128, num_buffers: 5, num_warps: 4, num_ctas: 1, num_stages: 3, maxnreg: None
start 3072-16-16384
finish 3072-16-16384, (70/169) -> Max Dense: 27.04, Max Precomp: 34.75, Max Runtime: 22.03
dense config: BLOCK_SIZE_M: 64, BLOCK_SIZE_N: 64, BLOCK_SIZE_K: 128, num_buffers: 6, num_warps: 4, num_ctas: 1, num_stages: 3, maxnreg: None
precomp config: BLOCK_SIZE_M: 64, BLOCK_SIZE_N: 64, BLOCK_SIZE_K: 128, num_buffers: 6, num_warps: 4, num_ctas: 1, num_stages: 3, maxnreg: None
runtime config: BLOCK_SIZE_M: 64, BLOCK_SIZE_N: 64, BLOCK_SIZE_K: 128, num_buffers: 5, num_warps: 4, num_ctas: 1, num_stages: 3, maxnreg: None
start 4096-16-12288
finish 4096-16-12288, (71/169) -> Max Dense: 30.75, Max Precomp: 39.25, Max Runtime: 26.86
dense config: BLOCK_SIZE_M: 64, BLOCK_SIZE_N: 64, BLOCK_SIZE_K: 128, num_buffers: 6, num_warps: 4, num_ctas: 1, num_stages: 3, maxnreg: None
precomp config: BLOCK_SIZE_M: 64, BLOCK_SIZE_N: 64, BLOCK_SIZE_K: 128, num_buffers: 6, num_warps: 4, num_ctas: 1, num_stages: 3, maxnreg: None
runtime config: BLOCK_SIZE_M: 64, BLOCK_SIZE_N: 64, BLOCK_SIZE_K: 128, num_buffers: 6, num_warps: 4, num_ctas: 1, num_stages: 3, maxnreg: None
start 6144-16-8192
finish 6144-16-8192, (72/169) -> Max Dense: 31.12, Max Precomp: 43.81, Max Runtime: 30.36
dense config: BLOCK_SIZE_M: 64, BLOCK_SIZE_N: 64, BLOCK_SIZE_K: 128, num_buffers: 5, num_warps: 4, num_ctas: 1, num_stages: 3, maxnreg: None
precomp config: BLOCK_SIZE_M: 64, BLOCK_SIZE_N: 64, BLOCK_SIZE_K: 128, num_buffers: 6, num_warps: 4, num_ctas: 1, num_stages: 3, maxnreg: None
runtime config: BLOCK_SIZE_M: 64, BLOCK_SIZE_N: 64, BLOCK_SIZE_K: 128, num_buffers: 5, num_warps: 4, num_ctas: 1, num_stages: 3, maxnreg: None
start 8192-16-6144
finish 8192-16-6144, (73/169) -> Max Dense: 31.90, Max Precomp: 46.54, Max Runtime: 31.10
dense config: BLOCK_SIZE_M: 64, BLOCK_SIZE_N: 64, BLOCK_SIZE_K: 128, num_buffers: 4, num_warps: 4, num_ctas: 1, num_stages: 3, maxnreg: None
precomp config: BLOCK_SIZE_M: 64, BLOCK_SIZE_N: 64, BLOCK_SIZE_K: 128, num_buffers: 6, num_warps: 4, num_ctas: 1, num_stages: 3, maxnreg: None
runtime config: BLOCK_SIZE_M: 64, BLOCK_SIZE_N: 64, BLOCK_SIZE_K: 128, num_buffers: 5, num_warps: 4, num_ctas: 1, num_stages: 3, maxnreg: None
start 12288-16-4096
finish 12288-16-4096, (74/169) -> Max Dense: 32.07, Max Precomp: 47.68, Max Runtime: 30.84
dense config: BLOCK_SIZE_M: 128, BLOCK_SIZE_N: 64, BLOCK_SIZE_K: 64, num_buffers: 5, num_warps: 4, num_ctas: 1, num_stages: 3, maxnreg: None
precomp config: BLOCK_SIZE_M: 128, BLOCK_SIZE_N: 64, BLOCK_SIZE_K: 128, num_buffers: 4, num_warps: 4, num_ctas: 1, num_stages: 3, maxnreg: None
runtime config: BLOCK_SIZE_M: 128, BLOCK_SIZE_N: 64, BLOCK_SIZE_K: 128, num_buffers: 3, num_warps: 8, num_ctas: 1, num_stages: 3, maxnreg: None
start 16384-16-3072
finish 16384-16-3072, (75/169) -> Max Dense: 32.49, Max Precomp: 49.49, Max Runtime: 31.70
dense config: BLOCK_SIZE_M: 128, BLOCK_SIZE_N: 64, BLOCK_SIZE_K: 64, num_buffers: 5, num_warps: 4, num_ctas: 1, num_stages: 3, maxnreg: None
precomp config: BLOCK_SIZE_M: 128, BLOCK_SIZE_N: 64, BLOCK_SIZE_K: 128, num_buffers: 4, num_warps: 4, num_ctas: 1, num_stages: 3, maxnreg: None
runtime config: BLOCK_SIZE_M: 128, BLOCK_SIZE_N: 64, BLOCK_SIZE_K: 128, num_buffers: 3, num_warps: 4, num_ctas: 1, num_stages: 3, maxnreg: None
start 24576-16-2048
finish 24576-16-2048, (76/169) -> Max Dense: 32.08, Max Precomp: 47.74, Max Runtime: 31.22
dense config: BLOCK_SIZE_M: 64, BLOCK_SIZE_N: 64, BLOCK_SIZE_K: 128, num_buffers: 6, num_warps: 4, num_ctas: 1, num_stages: 3, maxnreg: None
precomp config: BLOCK_SIZE_M: 128, BLOCK_SIZE_N: 64, BLOCK_SIZE_K: 128, num_buffers: 4, num_warps: 4, num_ctas: 1, num_stages: 3, maxnreg: None
runtime config: BLOCK_SIZE_M: 64, BLOCK_SIZE_N: 64, BLOCK_SIZE_K: 128, num_buffers: 5, num_warps: 4, num_ctas: 1, num_stages: 3, maxnreg: None
start 32768-16-1536
finish 32768-16-1536, (77/169) -> Max Dense: 32.10, Max Precomp: 49.02, Max Runtime: 31.55
dense config: BLOCK_SIZE_M: 128, BLOCK_SIZE_N: 64, BLOCK_SIZE_K: 128, num_buffers: 4, num_warps: 4, num_ctas: 1, num_stages: 3, maxnreg: None
precomp config: BLOCK_SIZE_M: 128, BLOCK_SIZE_N: 64, BLOCK_SIZE_K: 128, num_buffers: 4, num_warps: 4, num_ctas: 1, num_stages: 3, maxnreg: None
runtime config: BLOCK_SIZE_M: 128, BLOCK_SIZE_N: 64, BLOCK_SIZE_K: 128, num_buffers: 3, num_warps: 8, num_ctas: 1, num_stages: 3, maxnreg: None
start 49152-16-1024
finish 49152-16-1024, (78/169) -> Max Dense: 32.44, Max Precomp: 48.50, Max Runtime: 31.84
dense config: BLOCK_SIZE_M: 128, BLOCK_SIZE_N: 64, BLOCK_SIZE_K: 64, num_buffers: 5, num_warps: 4, num_ctas: 1, num_stages: 3, maxnreg: None
precomp config: BLOCK_SIZE_M: 128, BLOCK_SIZE_N: 64, BLOCK_SIZE_K: 128, num_buffers: 4, num_warps: 4, num_ctas: 1, num_stages: 3, maxnreg: None
runtime config: BLOCK_SIZE_M: 128, BLOCK_SIZE_N: 64, BLOCK_SIZE_K: 128, num_buffers: 3, num_warps: 4, num_ctas: 1, num_stages: 3, maxnreg: None
start 768-16-49152
finish 768-16-49152, (79/169) -> Max Dense: 10.67, Max Precomp: 12.54, Max Runtime: 6.31
dense config: BLOCK_SIZE_M: 64, BLOCK_SIZE_N: 64, BLOCK_SIZE_K: 128, num_buffers: 6, num_warps: 4, num_ctas: 1, num_stages: 3, maxnreg: None
precomp config: BLOCK_SIZE_M: 64, BLOCK_SIZE_N: 64, BLOCK_SIZE_K: 128, num_buffers: 6, num_warps: 4, num_ctas: 1, num_stages: 3, maxnreg: None
runtime config: BLOCK_SIZE_M: 64, BLOCK_SIZE_N: 64, BLOCK_SIZE_K: 256, num_buffers: 3, num_warps: 4, num_ctas: 1, num_stages: 3, maxnreg: None
start 1536-16-24576
finish 1536-16-24576, (80/169) -> Max Dense: 17.79, Max Precomp: 22.44, Max Runtime: 11.81
dense config: BLOCK_SIZE_M: 64, BLOCK_SIZE_N: 64, BLOCK_SIZE_K: 128, num_buffers: 6, num_warps: 4, num_ctas: 1, num_stages: 3, maxnreg: None
precomp config: BLOCK_SIZE_M: 64, BLOCK_SIZE_N: 64, BLOCK_SIZE_K: 128, num_buffers: 6, num_warps: 4, num_ctas: 1, num_stages: 3, maxnreg: None
runtime config: BLOCK_SIZE_M: 64, BLOCK_SIZE_N: 64, BLOCK_SIZE_K: 128, num_buffers: 5, num_warps: 4, num_ctas: 1, num_stages: 3, maxnreg: None
start 3072-16-12288
finish 3072-16-12288, (81/169) -> Max Dense: 25.48, Max Precomp: 32.52, Max Runtime: 20.95
dense config: BLOCK_SIZE_M: 64, BLOCK_SIZE_N: 64, BLOCK_SIZE_K: 128, num_buffers: 6, num_warps: 4, num_ctas: 1, num_stages: 3, maxnreg: None
precomp config: BLOCK_SIZE_M: 64, BLOCK_SIZE_N: 64, BLOCK_SIZE_K: 128, num_buffers: 6, num_warps: 4, num_ctas: 1, num_stages: 3, maxnreg: None
runtime config: BLOCK_SIZE_M: 64, BLOCK_SIZE_N: 64, BLOCK_SIZE_K: 128, num_buffers: 5, num_warps: 4, num_ctas: 1, num_stages: 3, maxnreg: None
start 6144-16-6144
finish 6144-16-6144, (82/169) -> Max Dense: 28.76, Max Precomp: 40.71, Max Runtime: 27.62
dense config: BLOCK_SIZE_M: 64, BLOCK_SIZE_N: 64, BLOCK_SIZE_K: 128, num_buffers: 5, num_warps: 4, num_ctas: 1, num_stages: 3, maxnreg: None
precomp config: BLOCK_SIZE_M: 64, BLOCK_SIZE_N: 64, BLOCK_SIZE_K: 128, num_buffers: 6, num_warps: 4, num_ctas: 1, num_stages: 3, maxnreg: None
runtime config: BLOCK_SIZE_M: 64, BLOCK_SIZE_N: 64, BLOCK_SIZE_K: 128, num_buffers: 5, num_warps: 4, num_ctas: 1, num_stages: 3, maxnreg: None
start 12288-16-3072
finish 12288-16-3072, (83/169) -> Max Dense: 29.21, Max Precomp: 44.06, Max Runtime: 28.04
dense config: BLOCK_SIZE_M: 128, BLOCK_SIZE_N: 64, BLOCK_SIZE_K: 64, num_buffers: 5, num_warps: 4, num_ctas: 1, num_stages: 3, maxnreg: None
precomp config: BLOCK_SIZE_M: 128, BLOCK_SIZE_N: 64, BLOCK_SIZE_K: 128, num_buffers: 4, num_warps: 4, num_ctas: 1, num_stages: 3, maxnreg: None
runtime config: BLOCK_SIZE_M: 128, BLOCK_SIZE_N: 64, BLOCK_SIZE_K: 64, num_buffers: 5, num_warps: 4, num_ctas: 1, num_stages: 3, maxnreg: None
start 24576-16-1536
finish 24576-16-1536, (84/169) -> Max Dense: 28.80, Max Precomp: 43.29, Max Runtime: 28.02
dense config: BLOCK_SIZE_M: 128, BLOCK_SIZE_N: 64, BLOCK_SIZE_K: 64, num_buffers: 6, num_warps: 4, num_ctas: 1, num_stages: 3, maxnreg: None
precomp config: BLOCK_SIZE_M: 128, BLOCK_SIZE_N: 64, BLOCK_SIZE_K: 128, num_buffers: 4, num_warps: 4, num_ctas: 1, num_stages: 3, maxnreg: None
runtime config: BLOCK_SIZE_M: 128, BLOCK_SIZE_N: 64, BLOCK_SIZE_K: 128, num_buffers: 4, num_warps: 8, num_ctas: 1, num_stages: 3, maxnreg: None
start 49152-16-768
finish 49152-16-768, (85/169) -> Max Dense: 29.28, Max Precomp: 45.04, Max Runtime: 28.58
dense config: BLOCK_SIZE_M: 128, BLOCK_SIZE_N: 64, BLOCK_SIZE_K: 64, num_buffers: 7, num_warps: 4, num_ctas: 1, num_stages: 3, maxnreg: None
precomp config: BLOCK_SIZE_M: 128, BLOCK_SIZE_N: 64, BLOCK_SIZE_K: 128, num_buffers: 4, num_warps: 4, num_ctas: 1, num_stages: 3, maxnreg: None
runtime config: BLOCK_SIZE_M: 128, BLOCK_SIZE_N: 64, BLOCK_SIZE_K: 128, num_buffers: 4, num_warps: 4, num_ctas: 1, num_stages: 3, maxnreg: None
start 1024-16-32768
finish 1024-16-32768, (86/169) -> Max Dense: 13.80, Max Precomp: 16.09, Max Runtime: 8.14
dense config: BLOCK_SIZE_M: 64, BLOCK_SIZE_N: 64, BLOCK_SIZE_K: 128, num_buffers: 6, num_warps: 4, num_ctas: 1, num_stages: 3, maxnreg: None
precomp config: BLOCK_SIZE_M: 64, BLOCK_SIZE_N: 64, BLOCK_SIZE_K: 128, num_buffers: 6, num_warps: 4, num_ctas: 1, num_stages: 3, maxnreg: None
runtime config: BLOCK_SIZE_M: 64, BLOCK_SIZE_N: 64, BLOCK_SIZE_K: 256, num_buffers: 3, num_warps: 4, num_ctas: 1, num_stages: 3, maxnreg: None
start 2048-16-16384
finish 2048-16-16384, (87/169) -> Max Dense: 20.59, Max Precomp: 26.01, Max Runtime: 15.14
dense config: BLOCK_SIZE_M: 64, BLOCK_SIZE_N: 64, BLOCK_SIZE_K: 128, num_buffers: 6, num_warps: 4, num_ctas: 1, num_stages: 3, maxnreg: None
precomp config: BLOCK_SIZE_M: 64, BLOCK_SIZE_N: 64, BLOCK_SIZE_K: 128, num_buffers: 6, num_warps: 4, num_ctas: 1, num_stages: 3, maxnreg: None
runtime config: BLOCK_SIZE_M: 64, BLOCK_SIZE_N: 64, BLOCK_SIZE_K: 128, num_buffers: 5, num_warps: 4, num_ctas: 1, num_stages: 3, maxnreg: None
start 4096-16-8192
finish 4096-16-8192, (88/169) -> Max Dense: 26.86, Max Precomp: 35.53, Max Runtime: 24.66
dense config: BLOCK_SIZE_M: 64, BLOCK_SIZE_N: 64, BLOCK_SIZE_K: 128, num_buffers: 6, num_warps: 4, num_ctas: 1, num_stages: 3, maxnreg: None
precomp config: BLOCK_SIZE_M: 64, BLOCK_SIZE_N: 64, BLOCK_SIZE_K: 128, num_buffers: 6, num_warps: 4, num_ctas: 1, num_stages: 3, maxnreg: None
runtime config: BLOCK_SIZE_M: 64, BLOCK_SIZE_N: 64, BLOCK_SIZE_K: 128, num_buffers: 6, num_warps: 4, num_ctas: 1, num_stages: 3, maxnreg: None
start 8192-16-4096
finish 8192-16-4096, (89/169) -> Max Dense: 27.93, Max Precomp: 40.79, Max Runtime: 27.29
dense config: BLOCK_SIZE_M: 64, BLOCK_SIZE_N: 64, BLOCK_SIZE_K: 128, num_buffers: 6, num_warps: 4, num_ctas: 1, num_stages: 3, maxnreg: None
precomp config: BLOCK_SIZE_M: 64, BLOCK_SIZE_N: 64, BLOCK_SIZE_K: 128, num_buffers: 6, num_warps: 4, num_ctas: 1, num_stages: 3, maxnreg: None
runtime config: BLOCK_SIZE_M: 64, BLOCK_SIZE_N: 64, BLOCK_SIZE_K: 128, num_buffers: 5, num_warps: 4, num_ctas: 1, num_stages: 3, maxnreg: None
start 16384-16-2048
finish 16384-16-2048, (90/169) -> Max Dense: 28.63, Max Precomp: 43.86, Max Runtime: 27.96
dense config: BLOCK_SIZE_M: 128, BLOCK_SIZE_N: 64, BLOCK_SIZE_K: 64, num_buffers: 7, num_warps: 4, num_ctas: 1, num_stages: 3, maxnreg: None
precomp config: BLOCK_SIZE_M: 128, BLOCK_SIZE_N: 64, BLOCK_SIZE_K: 128, num_buffers: 4, num_warps: 4, num_ctas: 1, num_stages: 3, maxnreg: None
runtime config: BLOCK_SIZE_M: 128, BLOCK_SIZE_N: 64, BLOCK_SIZE_K: 128, num_buffers: 4, num_warps: 4, num_ctas: 1, num_stages: 3, maxnreg: None
start 32768-16-1024
finish 32768-16-1024, (91/169) -> Max Dense: 28.72, Max Precomp: 43.17, Max Runtime: 28.01
dense config: BLOCK_SIZE_M: 128, BLOCK_SIZE_N: 64, BLOCK_SIZE_K: 64, num_buffers: 7, num_warps: 4, num_ctas: 1, num_stages: 3, maxnreg: None
precomp config: BLOCK_SIZE_M: 128, BLOCK_SIZE_N: 64, BLOCK_SIZE_K: 128, num_buffers: 4, num_warps: 4, num_ctas: 1, num_stages: 3, maxnreg: None
runtime config: BLOCK_SIZE_M: 128, BLOCK_SIZE_N: 64, BLOCK_SIZE_K: 64, num_buffers: 5, num_warps: 4, num_ctas: 1, num_stages: 3, maxnreg: None
start 768-16-32768
finish 768-16-32768, (92/169) -> Max Dense: 10.29, Max Precomp: 12.08, Max Runtime: 6.12
dense config: BLOCK_SIZE_M: 64, BLOCK_SIZE_N: 64, BLOCK_SIZE_K: 128, num_buffers: 6, num_warps: 4, num_ctas: 1, num_stages: 3, maxnreg: None
precomp config: BLOCK_SIZE_M: 64, BLOCK_SIZE_N: 64, BLOCK_SIZE_K: 128, num_buffers: 6, num_warps: 4, num_ctas: 1, num_stages: 3, maxnreg: None
runtime config: BLOCK_SIZE_M: 64, BLOCK_SIZE_N: 64, BLOCK_SIZE_K: 256, num_buffers: 3, num_warps: 4, num_ctas: 1, num_stages: 3, maxnreg: None
start 1024-16-24576
finish 1024-16-24576, (93/169) -> Max Dense: 13.42, Max Precomp: 15.61, Max Runtime: 7.93
dense config: BLOCK_SIZE_M: 64, BLOCK_SIZE_N: 64, BLOCK_SIZE_K: 128, num_buffers: 6, num_warps: 4, num_ctas: 1, num_stages: 3, maxnreg: None
precomp config: BLOCK_SIZE_M: 64, BLOCK_SIZE_N: 64, BLOCK_SIZE_K: 128, num_buffers: 6, num_warps: 4, num_ctas: 1, num_stages: 3, maxnreg: None
runtime config: BLOCK_SIZE_M: 64, BLOCK_SIZE_N: 64, BLOCK_SIZE_K: 256, num_buffers: 3, num_warps: 4, num_ctas: 1, num_stages: 3, maxnreg: None
start 1536-16-16384
finish 1536-16-16384, (94/169) -> Max Dense: 17.07, Max Precomp: 21.14, Max Runtime: 11.43
dense config: BLOCK_SIZE_M: 64, BLOCK_SIZE_N: 64, BLOCK_SIZE_K: 128, num_buffers: 6, num_warps: 4, num_ctas: 1, num_stages: 3, maxnreg: None
precomp config: BLOCK_SIZE_M: 64, BLOCK_SIZE_N: 64, BLOCK_SIZE_K: 128, num_buffers: 6, num_warps: 4, num_ctas: 1, num_stages: 3, maxnreg: None
runtime config: BLOCK_SIZE_M: 64, BLOCK_SIZE_N: 64, BLOCK_SIZE_K: 128, num_buffers: 5, num_warps: 4, num_ctas: 1, num_stages: 3, maxnreg: None
start 2048-16-12288
finish 2048-16-12288, (95/169) -> Max Dense: 19.55, Max Precomp: 24.64, Max Runtime: 14.56
dense config: BLOCK_SIZE_M: 64, BLOCK_SIZE_N: 64, BLOCK_SIZE_K: 128, num_buffers: 6, num_warps: 4, num_ctas: 1, num_stages: 3, maxnreg: None
precomp config: BLOCK_SIZE_M: 64, BLOCK_SIZE_N: 64, BLOCK_SIZE_K: 128, num_buffers: 6, num_warps: 4, num_ctas: 1, num_stages: 3, maxnreg: None
runtime config: BLOCK_SIZE_M: 64, BLOCK_SIZE_N: 64, BLOCK_SIZE_K: 128, num_buffers: 5, num_warps: 4, num_ctas: 1, num_stages: 3, maxnreg: None
start 3072-16-8192
finish 3072-16-8192, (96/169) -> Max Dense: 22.78, Max Precomp: 30.04, Max Runtime: 19.37
dense config: BLOCK_SIZE_M: 64, BLOCK_SIZE_N: 64, BLOCK_SIZE_K: 128, num_buffers: 6, num_warps: 4, num_ctas: 1, num_stages: 3, maxnreg: None
precomp config: BLOCK_SIZE_M: 64, BLOCK_SIZE_N: 64, BLOCK_SIZE_K: 128, num_buffers: 6, num_warps: 4, num_ctas: 1, num_stages: 3, maxnreg: None
runtime config: BLOCK_SIZE_M: 64, BLOCK_SIZE_N: 64, BLOCK_SIZE_K: 128, num_buffers: 6, num_warps: 4, num_ctas: 1, num_stages: 3, maxnreg: None
start 4096-16-6144
finish 4096-16-6144, (97/169) -> Max Dense: 24.64, Max Precomp: 33.30, Max Runtime: 22.69
dense config: BLOCK_SIZE_M: 64, BLOCK_SIZE_N: 64, BLOCK_SIZE_K: 128, num_buffers: 6, num_warps: 4, num_ctas: 1, num_stages: 3, maxnreg: None
precomp config: BLOCK_SIZE_M: 64, BLOCK_SIZE_N: 64, BLOCK_SIZE_K: 128, num_buffers: 6, num_warps: 4, num_ctas: 1, num_stages: 3, maxnreg: None
runtime config: BLOCK_SIZE_M: 64, BLOCK_SIZE_N: 64, BLOCK_SIZE_K: 128, num_buffers: 6, num_warps: 4, num_ctas: 1, num_stages: 3, maxnreg: None
start 6144-16-4096
finish 6144-16-4096, (98/169) -> Max Dense: 25.25, Max Precomp: 35.67, Max Runtime: 24.23
dense config: BLOCK_SIZE_M: 64, BLOCK_SIZE_N: 64, BLOCK_SIZE_K: 128, num_buffers: 5, num_warps: 4, num_ctas: 1, num_stages: 3, maxnreg: None
precomp config: BLOCK_SIZE_M: 64, BLOCK_SIZE_N: 64, BLOCK_SIZE_K: 128, num_buffers: 6, num_warps: 4, num_ctas: 1, num_stages: 3, maxnreg: None
runtime config: BLOCK_SIZE_M: 64, BLOCK_SIZE_N: 64, BLOCK_SIZE_K: 128, num_buffers: 5, num_warps: 4, num_ctas: 1, num_stages: 3, maxnreg: None
start 8192-16-3072
finish 8192-16-3072, (99/169) -> Max Dense: 25.74, Max Precomp: 36.77, Max Runtime: 24.94
dense config: BLOCK_SIZE_M: 64, BLOCK_SIZE_N: 64, BLOCK_SIZE_K: 128, num_buffers: 6, num_warps: 4, num_ctas: 1, num_stages: 3, maxnreg: None
precomp config: BLOCK_SIZE_M: 64, BLOCK_SIZE_N: 64, BLOCK_SIZE_K: 128, num_buffers: 6, num_warps: 4, num_ctas: 1, num_stages: 3, maxnreg: None
runtime config: BLOCK_SIZE_M: 64, BLOCK_SIZE_N: 64, BLOCK_SIZE_K: 128, num_buffers: 5, num_warps: 4, num_ctas: 1, num_stages: 3, maxnreg: None
start 12288-16-2048
finish 12288-16-2048, (100/169) -> Max Dense: 25.85, Max Precomp: 37.75, Max Runtime: 24.71
dense config: BLOCK_SIZE_M: 128, BLOCK_SIZE_N: 64, BLOCK_SIZE_K: 64, num_buffers: 5, num_warps: 4, num_ctas: 1, num_stages: 3, maxnreg: None
precomp config: BLOCK_SIZE_M: 128, BLOCK_SIZE_N: 64, BLOCK_SIZE_K: 128, num_buffers: 4, num_warps: 4, num_ctas: 1, num_stages: 3, maxnreg: None
runtime config: BLOCK_SIZE_M: 128, BLOCK_SIZE_N: 64, BLOCK_SIZE_K: 128, num_buffers: 4, num_warps: 8, num_ctas: 1, num_stages: 3, maxnreg: None
start 16384-16-1536
finish 16384-16-1536, (101/169) -> Max Dense: 26.17, Max Precomp: 36.44, Max Runtime: 25.58
dense config: BLOCK_SIZE_M: 128, BLOCK_SIZE_N: 64, BLOCK_SIZE_K: 64, num_buffers: 7, num_warps: 4, num_ctas: 1, num_stages: 3, maxnreg: None
precomp config: BLOCK_SIZE_M: 128, BLOCK_SIZE_N: 64, BLOCK_SIZE_K: 128, num_buffers: 4, num_warps: 4, num_ctas: 1, num_stages: 3, maxnreg: None
runtime config: BLOCK_SIZE_M: 128, BLOCK_SIZE_N: 64, BLOCK_SIZE_K: 64, num_buffers: 5, num_warps: 4, num_ctas: 1, num_stages: 3, maxnreg: None
start 24576-16-1024
finish 24576-16-1024, (102/169) -> Max Dense: 26.04, Max Precomp: 37.42, Max Runtime: 25.31
dense config: BLOCK_SIZE_M: 128, BLOCK_SIZE_N: 64, BLOCK_SIZE_K: 64, num_buffers: 6, num_warps: 4, num_ctas: 1, num_stages: 3, maxnreg: None
precomp config: BLOCK_SIZE_M: 128, BLOCK_SIZE_N: 64, BLOCK_SIZE_K: 128, num_buffers: 4, num_warps: 4, num_ctas: 1, num_stages: 3, maxnreg: None
runtime config: BLOCK_SIZE_M: 64, BLOCK_SIZE_N: 64, BLOCK_SIZE_K: 128, num_buffers: 5, num_warps: 4, num_ctas: 1, num_stages: 3, maxnreg: None
start 32768-16-768
finish 32768-16-768, (103/169) -> Max Dense: 26.19, Max Precomp: 37.52, Max Runtime: 25.46
dense config: BLOCK_SIZE_M: 128, BLOCK_SIZE_N: 64, BLOCK_SIZE_K: 64, num_buffers: 6, num_warps: 4, num_ctas: 1, num_stages: 3, maxnreg: None
precomp config: BLOCK_SIZE_M: 128, BLOCK_SIZE_N: 64, BLOCK_SIZE_K: 128, num_buffers: 4, num_warps: 4, num_ctas: 1, num_stages: 3, maxnreg: None
runtime config: BLOCK_SIZE_M: 128, BLOCK_SIZE_N: 64, BLOCK_SIZE_K: 64, num_buffers: 5, num_warps: 4, num_ctas: 1, num_stages: 3, maxnreg: None
start 768-16-24576
finish 768-16-24576, (104/169) -> Max Dense: 10.01, Max Precomp: 11.80, Max Runtime: 5.99
dense config: BLOCK_SIZE_M: 64, BLOCK_SIZE_N: 64, BLOCK_SIZE_K: 128, num_buffers: 6, num_warps: 4, num_ctas: 1, num_stages: 3, maxnreg: None
precomp config: BLOCK_SIZE_M: 64, BLOCK_SIZE_N: 64, BLOCK_SIZE_K: 128, num_buffers: 6, num_warps: 4, num_ctas: 1, num_stages: 3, maxnreg: None
runtime config: BLOCK_SIZE_M: 64, BLOCK_SIZE_N: 64, BLOCK_SIZE_K: 256, num_buffers: 3, num_warps: 4, num_ctas: 1, num_stages: 3, maxnreg: None
start 1536-16-12288
finish 1536-16-12288, (105/169) -> Max Dense: 16.27, Max Precomp: 20.00, Max Runtime: 11.05
dense config: BLOCK_SIZE_M: 64, BLOCK_SIZE_N: 64, BLOCK_SIZE_K: 128, num_buffers: 6, num_warps: 4, num_ctas: 1, num_stages: 3, maxnreg: None
precomp config: BLOCK_SIZE_M: 64, BLOCK_SIZE_N: 64, BLOCK_SIZE_K: 128, num_buffers: 6, num_warps: 4, num_ctas: 1, num_stages: 3, maxnreg: None
runtime config: BLOCK_SIZE_M: 64, BLOCK_SIZE_N: 64, BLOCK_SIZE_K: 128, num_buffers: 5, num_warps: 4, num_ctas: 1, num_stages: 3, maxnreg: None
start 3072-16-6144
finish 3072-16-6144, (106/169) -> Max Dense: 21.14, Max Precomp: 26.58, Max Runtime: 18.18
dense config: BLOCK_SIZE_M: 64, BLOCK_SIZE_N: 64, BLOCK_SIZE_K: 128, num_buffers: 6, num_warps: 4, num_ctas: 1, num_stages: 3, maxnreg: None
precomp config: BLOCK_SIZE_M: 64, BLOCK_SIZE_N: 64, BLOCK_SIZE_K: 128, num_buffers: 6, num_warps: 4, num_ctas: 1, num_stages: 3, maxnreg: None
runtime config: BLOCK_SIZE_M: 64, BLOCK_SIZE_N: 64, BLOCK_SIZE_K: 128, num_buffers: 6, num_warps: 4, num_ctas: 1, num_stages: 3, maxnreg: None
start 6144-16-3072
finish 6144-16-3072, (107/169) -> Max Dense: 23.29, Max Precomp: 28.55, Max Runtime: 22.28
dense config: BLOCK_SIZE_M: 64, BLOCK_SIZE_N: 64, BLOCK_SIZE_K: 128, num_buffers: 5, num_warps: 4, num_ctas: 1, num_stages: 3, maxnreg: None
precomp config: BLOCK_SIZE_M: 64, BLOCK_SIZE_N: 64, BLOCK_SIZE_K: 128, num_buffers: 5, num_warps: 4, num_ctas: 1, num_stages: 3, maxnreg: None
runtime config: BLOCK_SIZE_M: 64, BLOCK_SIZE_N: 64, BLOCK_SIZE_K: 128, num_buffers: 5, num_warps: 4, num_ctas: 1, num_stages: 3, maxnreg: None
start 12288-16-1536
finish 12288-16-1536, (108/169) -> Max Dense: 23.73, Max Precomp: 29.44, Max Runtime: 22.69
dense config: BLOCK_SIZE_M: 128, BLOCK_SIZE_N: 64, BLOCK_SIZE_K: 64, num_buffers: 6, num_warps: 4, num_ctas: 1, num_stages: 3, maxnreg: None
precomp config: BLOCK_SIZE_M: 128, BLOCK_SIZE_N: 64, BLOCK_SIZE_K: 128, num_buffers: 4, num_warps: 8, num_ctas: 1, num_stages: 3, maxnreg: None
runtime config: BLOCK_SIZE_M: 128, BLOCK_SIZE_N: 64, BLOCK_SIZE_K: 64, num_buffers: 6, num_warps: 4, num_ctas: 1, num_stages: 3, maxnreg: None
start 24576-16-768
finish 24576-16-768, (109/169) -> Max Dense: 23.67, Max Precomp: 29.68, Max Runtime: 22.72
dense config: BLOCK_SIZE_M: 128, BLOCK_SIZE_N: 64, BLOCK_SIZE_K: 64, num_buffers: 6, num_warps: 4, num_ctas: 1, num_stages: 3, maxnreg: None
precomp config: BLOCK_SIZE_M: 128, BLOCK_SIZE_N: 64, BLOCK_SIZE_K: 128, num_buffers: 3, num_warps: 16, num_ctas: 1, num_stages: 3, maxnreg: None
runtime config: BLOCK_SIZE_M: 128, BLOCK_SIZE_N: 64, BLOCK_SIZE_K: 64, num_buffers: 6, num_warps: 4, num_ctas: 1, num_stages: 3, maxnreg: None
start 1024-16-16384
finish 1024-16-16384, (110/169) -> Max Dense: 12.72, Max Precomp: 14.69, Max Runtime: 7.68
dense config: BLOCK_SIZE_M: 64, BLOCK_SIZE_N: 64, BLOCK_SIZE_K: 128, num_buffers: 6, num_warps: 4, num_ctas: 1, num_stages: 3, maxnreg: None
precomp config: BLOCK_SIZE_M: 64, BLOCK_SIZE_N: 64, BLOCK_SIZE_K: 128, num_buffers: 6, num_warps: 4, num_ctas: 1, num_stages: 3, maxnreg: None
runtime config: BLOCK_SIZE_M: 64, BLOCK_SIZE_N: 64, BLOCK_SIZE_K: 128, num_buffers: 5, num_warps: 4, num_ctas: 1, num_stages: 3, maxnreg: None
start 2048-16-8192
finish 2048-16-8192, (111/169) -> Max Dense: 17.98, Max Precomp: 22.42, Max Runtime: 13.66
dense config: BLOCK_SIZE_M: 64, BLOCK_SIZE_N: 64, BLOCK_SIZE_K: 128, num_buffers: 6, num_warps: 4, num_ctas: 1, num_stages: 3, maxnreg: None
precomp config: BLOCK_SIZE_M: 64, BLOCK_SIZE_N: 64, BLOCK_SIZE_K: 128, num_buffers: 6, num_warps: 4, num_ctas: 1, num_stages: 3, maxnreg: None
runtime config: BLOCK_SIZE_M: 64, BLOCK_SIZE_N: 64, BLOCK_SIZE_K: 128, num_buffers: 5, num_warps: 4, num_ctas: 1, num_stages: 3, maxnreg: None
start 4096-16-4096
finish 4096-16-4096, (112/169) -> Max Dense: 21.87, Max Precomp: 24.93, Max Runtime: 20.36
dense config: BLOCK_SIZE_M: 64, BLOCK_SIZE_N: 64, BLOCK_SIZE_K: 128, num_buffers: 6, num_warps: 4, num_ctas: 1, num_stages: 3, maxnreg: None
precomp config: BLOCK_SIZE_M: 64, BLOCK_SIZE_N: 64, BLOCK_SIZE_K: 128, num_buffers: 6, num_warps: 8, num_ctas: 1, num_stages: 3, maxnreg: None
runtime config: BLOCK_SIZE_M: 64, BLOCK_SIZE_N: 64, BLOCK_SIZE_K: 128, num_buffers: 6, num_warps: 4, num_ctas: 1, num_stages: 3, maxnreg: None
start 8192-16-2048
finish 8192-16-2048, (113/169) -> Max Dense: 22.85, Max Precomp: 26.93, Max Runtime: 22.29
dense config: BLOCK_SIZE_M: 64, BLOCK_SIZE_N: 64, BLOCK_SIZE_K: 128, num_buffers: 6, num_warps: 4, num_ctas: 1, num_stages: 3, maxnreg: None
precomp config: BLOCK_SIZE_M: 128, BLOCK_SIZE_N: 64, BLOCK_SIZE_K: 128, num_buffers: 4, num_warps: 4, num_ctas: 1, num_stages: 3, maxnreg: None
runtime config: BLOCK_SIZE_M: 64, BLOCK_SIZE_N: 64, BLOCK_SIZE_K: 128, num_buffers: 5, num_warps: 4, num_ctas: 1, num_stages: 3, maxnreg: None
start 16384-16-1024
finish 16384-16-1024, (114/169) -> Max Dense: 23.61, Max Precomp: 26.26, Max Runtime: 22.62
dense config: BLOCK_SIZE_M: 128, BLOCK_SIZE_N: 64, BLOCK_SIZE_K: 64, num_buffers: 7, num_warps: 4, num_ctas: 1, num_stages: 3, maxnreg: None
precomp config: BLOCK_SIZE_M: 128, BLOCK_SIZE_N: 64, BLOCK_SIZE_K: 128, num_buffers: 3, num_warps: 8, num_ctas: 1, num_stages: 3, maxnreg: None
runtime config: BLOCK_SIZE_M: 128, BLOCK_SIZE_N: 64, BLOCK_SIZE_K: 64, num_buffers: 6, num_warps: 4, num_ctas: 1, num_stages: 3, maxnreg: None
start 768-16-16384
finish 768-16-16384, (115/169) -> Max Dense: 9.53, Max Precomp: 11.15, Max Runtime: 5.83
dense config: BLOCK_SIZE_M: 64, BLOCK_SIZE_N: 64, BLOCK_SIZE_K: 128, num_buffers: 6, num_warps: 4, num_ctas: 1, num_stages: 3, maxnreg: None
precomp config: BLOCK_SIZE_M: 64, BLOCK_SIZE_N: 64, BLOCK_SIZE_K: 128, num_buffers: 6, num_warps: 4, num_ctas: 1, num_stages: 3, maxnreg: None
runtime config: BLOCK_SIZE_M: 64, BLOCK_SIZE_N: 64, BLOCK_SIZE_K: 256, num_buffers: 3, num_warps: 4, num_ctas: 1, num_stages: 3, maxnreg: None
start 1024-16-12288
finish 1024-16-12288, (116/169) -> Max Dense: 12.08, Max Precomp: 13.88, Max Runtime: 7.45
dense config: BLOCK_SIZE_M: 64, BLOCK_SIZE_N: 64, BLOCK_SIZE_K: 128, num_buffers: 6, num_warps: 4, num_ctas: 1, num_stages: 3, maxnreg: None
precomp config: BLOCK_SIZE_M: 64, BLOCK_SIZE_N: 64, BLOCK_SIZE_K: 128, num_buffers: 6, num_warps: 4, num_ctas: 1, num_stages: 3, maxnreg: None
runtime config: BLOCK_SIZE_M: 64, BLOCK_SIZE_N: 64, BLOCK_SIZE_K: 128, num_buffers: 5, num_warps: 4, num_ctas: 1, num_stages: 3, maxnreg: None
start 1536-16-8192
finish 1536-16-8192, (117/169) -> Max Dense: 14.89, Max Precomp: 18.05, Max Runtime: 10.42
dense config: BLOCK_SIZE_M: 64, BLOCK_SIZE_N: 64, BLOCK_SIZE_K: 128, num_buffers: 6, num_warps: 4, num_ctas: 1, num_stages: 3, maxnreg: None
precomp config: BLOCK_SIZE_M: 64, BLOCK_SIZE_N: 64, BLOCK_SIZE_K: 128, num_buffers: 6, num_warps: 4, num_ctas: 1, num_stages: 3, maxnreg: None
runtime config: BLOCK_SIZE_M: 64, BLOCK_SIZE_N: 64, BLOCK_SIZE_K: 128, num_buffers: 5, num_warps: 4, num_ctas: 1, num_stages: 3, maxnreg: None
start 2048-16-6144
finish 2048-16-6144, (118/169) -> Max Dense: 16.77, Max Precomp: 18.95, Max Runtime: 12.95
dense config: BLOCK_SIZE_M: 64, BLOCK_SIZE_N: 64, BLOCK_SIZE_K: 128, num_buffers: 6, num_warps: 4, num_ctas: 1, num_stages: 3, maxnreg: None
precomp config: BLOCK_SIZE_M: 64, BLOCK_SIZE_N: 64, BLOCK_SIZE_K: 128, num_buffers: 6, num_warps: 4, num_ctas: 1, num_stages: 3, maxnreg: None
runtime config: BLOCK_SIZE_M: 64, BLOCK_SIZE_N: 64, BLOCK_SIZE_K: 128, num_buffers: 5, num_warps: 4, num_ctas: 1, num_stages: 3, maxnreg: None
start 3072-16-4096
finish 3072-16-4096, (119/169) -> Max Dense: 18.94, Max Precomp: 19.46, Max Runtime: 16.23
dense config: BLOCK_SIZE_M: 64, BLOCK_SIZE_N: 64, BLOCK_SIZE_K: 128, num_buffers: 6, num_warps: 4, num_ctas: 1, num_stages: 3, maxnreg: None
precomp config: BLOCK_SIZE_M: 128, BLOCK_SIZE_N: 64, BLOCK_SIZE_K: 128, num_buffers: 4, num_warps: 8, num_ctas: 1, num_stages: 3, maxnreg: None
runtime config: BLOCK_SIZE_M: 64, BLOCK_SIZE_N: 64, BLOCK_SIZE_K: 128, num_buffers: 6, num_warps: 4, num_ctas: 1, num_stages: 3, maxnreg: None
start 4096-16-3072
finish 4096-16-3072, (120/169) -> Max Dense: 19.96, Max Precomp: 20.20, Max Runtime: 18.42
dense config: BLOCK_SIZE_M: 64, BLOCK_SIZE_N: 64, BLOCK_SIZE_K: 128, num_buffers: 6, num_warps: 4, num_ctas: 1, num_stages: 3, maxnreg: None
precomp config: BLOCK_SIZE_M: 64, BLOCK_SIZE_N: 64, BLOCK_SIZE_K: 128, num_buffers: 6, num_warps: 4, num_ctas: 1, num_stages: 3, maxnreg: None
runtime config: BLOCK_SIZE_M: 64, BLOCK_SIZE_N: 64, BLOCK_SIZE_K: 128, num_buffers: 6, num_warps: 4, num_ctas: 1, num_stages: 3, maxnreg: None
start 6144-16-2048
finish 6144-16-2048, (121/169) -> Max Dense: 20.71, Max Precomp: 21.04, Max Runtime: 19.62
dense config: BLOCK_SIZE_M: 64, BLOCK_SIZE_N: 64, BLOCK_SIZE_K: 128, num_buffers: 6, num_warps: 4, num_ctas: 1, num_stages: 3, maxnreg: None
precomp config: BLOCK_SIZE_M: 64, BLOCK_SIZE_N: 64, BLOCK_SIZE_K: 128, num_buffers: 6, num_warps: 8, num_ctas: 1, num_stages: 3, maxnreg: None
runtime config: BLOCK_SIZE_M: 64, BLOCK_SIZE_N: 64, BLOCK_SIZE_K: 128, num_buffers: 5, num_warps: 4, num_ctas: 1, num_stages: 3, maxnreg: None
start 8192-16-1536
finish 8192-16-1536, (122/169) -> Max Dense: 20.58, Max Precomp: 21.64, Max Runtime: 20.11
dense config: BLOCK_SIZE_M: 64, BLOCK_SIZE_N: 64, BLOCK_SIZE_K: 128, num_buffers: 5, num_warps: 4, num_ctas: 1, num_stages: 3, maxnreg: None
precomp config: BLOCK_SIZE_M: 128, BLOCK_SIZE_N: 64, BLOCK_SIZE_K: 128, num_buffers: 4, num_warps: 4, num_ctas: 1, num_stages: 3, maxnreg: None
runtime config: BLOCK_SIZE_M: 64, BLOCK_SIZE_N: 64, BLOCK_SIZE_K: 128, num_buffers: 5, num_warps: 4, num_ctas: 1, num_stages: 3, maxnreg: None
start 12288-16-1024
finish 12288-16-1024, (123/169) -> Max Dense: 20.98, Max Precomp: 20.93, Max Runtime: 20.07
dense config: BLOCK_SIZE_M: 128, BLOCK_SIZE_N: 64, BLOCK_SIZE_K: 64, num_buffers: 5, num_warps: 4, num_ctas: 1, num_stages: 3, maxnreg: None
precomp config: BLOCK_SIZE_M: 64, BLOCK_SIZE_N: 64, BLOCK_SIZE_K: 128, num_buffers: 6, num_warps: 8, num_ctas: 1, num_stages: 3, maxnreg: None
runtime config: BLOCK_SIZE_M: 128, BLOCK_SIZE_N: 64, BLOCK_SIZE_K: 64, num_buffers: 5, num_warps: 4, num_ctas: 1, num_stages: 3, maxnreg: None
start 16384-16-768
finish 16384-16-768, (124/169) -> Max Dense: 21.12, Max Precomp: 22.47, Max Runtime: 20.32
dense config: BLOCK_SIZE_M: 128, BLOCK_SIZE_N: 64, BLOCK_SIZE_K: 64, num_buffers: 6, num_warps: 4, num_ctas: 1, num_stages: 3, maxnreg: None
precomp config: BLOCK_SIZE_M: 128, BLOCK_SIZE_N: 64, BLOCK_SIZE_K: 128, num_buffers: 4, num_warps: 4, num_ctas: 1, num_stages: 3, maxnreg: None
runtime config: BLOCK_SIZE_M: 128, BLOCK_SIZE_N: 64, BLOCK_SIZE_K: 64, num_buffers: 6, num_warps: 4, num_ctas: 1, num_stages: 3, maxnreg: None
start 768-16-12288
finish 768-16-12288, (125/169) -> Max Dense: 9.16, Max Precomp: 10.55, Max Runtime: 5.70
dense config: BLOCK_SIZE_M: 64, BLOCK_SIZE_N: 64, BLOCK_SIZE_K: 128, num_buffers: 6, num_warps: 4, num_ctas: 1, num_stages: 3, maxnreg: None
precomp config: BLOCK_SIZE_M: 64, BLOCK_SIZE_N: 64, BLOCK_SIZE_K: 128, num_buffers: 6, num_warps: 4, num_ctas: 1, num_stages: 3, maxnreg: None
runtime config: BLOCK_SIZE_M: 64, BLOCK_SIZE_N: 64, BLOCK_SIZE_K: 256, num_buffers: 3, num_warps: 4, num_ctas: 1, num_stages: 3, maxnreg: None
start 1536-16-6144
finish 1536-16-6144, (126/169) -> Max Dense: 13.87, Max Precomp: 13.67, Max Runtime: 9.87
dense config: BLOCK_SIZE_M: 64, BLOCK_SIZE_N: 64, BLOCK_SIZE_K: 128, num_buffers: 6, num_warps: 4, num_ctas: 1, num_stages: 3, maxnreg: None
precomp config: BLOCK_SIZE_M: 64, BLOCK_SIZE_N: 64, BLOCK_SIZE_K: 128, num_buffers: 4, num_warps: 4, num_ctas: 1, num_stages: 3, maxnreg: None
runtime config: BLOCK_SIZE_M: 64, BLOCK_SIZE_N: 64, BLOCK_SIZE_K: 128, num_buffers: 5, num_warps: 4, num_ctas: 1, num_stages: 3, maxnreg: None
start 3072-16-3072
finish 3072-16-3072, (127/169) -> Max Dense: 17.15, Max Precomp: 15.17, Max Runtime: 14.85
dense config: BLOCK_SIZE_M: 64, BLOCK_SIZE_N: 64, BLOCK_SIZE_K: 128, num_buffers: 6, num_warps: 4, num_ctas: 1, num_stages: 3, maxnreg: None
precomp config: BLOCK_SIZE_M: 64, BLOCK_SIZE_N: 64, BLOCK_SIZE_K: 128, num_buffers: 6, num_warps: 4, num_ctas: 1, num_stages: 3, maxnreg: None
runtime config: BLOCK_SIZE_M: 64, BLOCK_SIZE_N: 64, BLOCK_SIZE_K: 128, num_buffers: 5, num_warps: 4, num_ctas: 1, num_stages: 3, maxnreg: None
start 6144-16-1536
finish 6144-16-1536, (128/169) -> Max Dense: 18.53, Max Precomp: 17.46, Max Runtime: 17.77
dense config: BLOCK_SIZE_M: 64, BLOCK_SIZE_N: 64, BLOCK_SIZE_K: 128, num_buffers: 6, num_warps: 4, num_ctas: 1, num_stages: 3, maxnreg: None
precomp config: BLOCK_SIZE_M: 128, BLOCK_SIZE_N: 64, BLOCK_SIZE_K: 128, num_buffers: 4, num_warps: 8, num_ctas: 1, num_stages: 3, maxnreg: None
runtime config: BLOCK_SIZE_M: 64, BLOCK_SIZE_N: 64, BLOCK_SIZE_K: 128, num_buffers: 5, num_warps: 4, num_ctas: 1, num_stages: 3, maxnreg: None
start 12288-16-768
finish 12288-16-768, (129/169) -> Max Dense: 18.45, Max Precomp: 17.13, Max Runtime: 17.71
dense config: BLOCK_SIZE_M: 128, BLOCK_SIZE_N: 64, BLOCK_SIZE_K: 64, num_buffers: 5, num_warps: 8, num_ctas: 1, num_stages: 3, maxnreg: None
precomp config: BLOCK_SIZE_M: 128, BLOCK_SIZE_N: 64, BLOCK_SIZE_K: 128, num_buffers: 4, num_warps: 8, num_ctas: 1, num_stages: 3, maxnreg: None
runtime config: BLOCK_SIZE_M: 128, BLOCK_SIZE_N: 64, BLOCK_SIZE_K: 64, num_buffers: 5, num_warps: 4, num_ctas: 1, num_stages: 3, maxnreg: None
start 1024-16-8192
finish 1024-16-8192, (130/169) -> Max Dense: 11.18, Max Precomp: 12.33, Max Runtime: 7.08
dense config: BLOCK_SIZE_M: 64, BLOCK_SIZE_N: 64, BLOCK_SIZE_K: 128, num_buffers: 6, num_warps: 4, num_ctas: 1, num_stages: 3, maxnreg: None
precomp config: BLOCK_SIZE_M: 64, BLOCK_SIZE_N: 64, BLOCK_SIZE_K: 128, num_buffers: 6, num_warps: 4, num_ctas: 1, num_stages: 3, maxnreg: None
runtime config: BLOCK_SIZE_M: 64, BLOCK_SIZE_N: 64, BLOCK_SIZE_K: 128, num_buffers: 5, num_warps: 4, num_ctas: 1, num_stages: 3, maxnreg: None
start 2048-16-4096
finish 2048-16-4096, (131/169) -> Max Dense: 14.71, Max Precomp: 13.98, Max Runtime: 11.59
dense config: BLOCK_SIZE_M: 64, BLOCK_SIZE_N: 64, BLOCK_SIZE_K: 128, num_buffers: 6, num_warps: 4, num_ctas: 1, num_stages: 3, maxnreg: None
precomp config: BLOCK_SIZE_M: 64, BLOCK_SIZE_N: 64, BLOCK_SIZE_K: 128, num_buffers: 6, num_warps: 4, num_ctas: 1, num_stages: 3, maxnreg: None
runtime config: BLOCK_SIZE_M: 64, BLOCK_SIZE_N: 64, BLOCK_SIZE_K: 128, num_buffers: 5, num_warps: 4, num_ctas: 1, num_stages: 3, maxnreg: None
start 4096-16-2048
finish 4096-16-2048, (132/169) -> Max Dense: 17.28, Max Precomp: 14.47, Max Runtime: 15.77
dense config: BLOCK_SIZE_M: 64, BLOCK_SIZE_N: 64, BLOCK_SIZE_K: 128, num_buffers: 6, num_warps: 4, num_ctas: 1, num_stages: 3, maxnreg: None
precomp config: BLOCK_SIZE_M: 128, BLOCK_SIZE_N: 128, BLOCK_SIZE_K: 64, num_buffers: 6, num_warps: 4, num_ctas: 1, num_stages: 3, maxnreg: None
runtime config: BLOCK_SIZE_M: 64, BLOCK_SIZE_N: 64, BLOCK_SIZE_K: 128, num_buffers: 6, num_warps: 4, num_ctas: 1, num_stages: 3, maxnreg: None
start 8192-16-1024
finish 8192-16-1024, (133/169) -> Max Dense: 17.96, Max Precomp: 15.65, Max Runtime: 17.44
dense config: BLOCK_SIZE_M: 64, BLOCK_SIZE_N: 64, BLOCK_SIZE_K: 128, num_buffers: 6, num_warps: 4, num_ctas: 1, num_stages: 3, maxnreg: None
precomp config: BLOCK_SIZE_M: 128, BLOCK_SIZE_N: 64, BLOCK_SIZE_K: 128, num_buffers: 4, num_warps: 8, num_ctas: 1, num_stages: 3, maxnreg: None
runtime config: BLOCK_SIZE_M: 64, BLOCK_SIZE_N: 64, BLOCK_SIZE_K: 128, num_buffers: 5, num_warps: 4, num_ctas: 1, num_stages: 3, maxnreg: None
start 768-16-8192
finish 768-16-8192, (134/169) -> Max Dense: 8.42, Max Precomp: 9.44, Max Runtime: 5.43
dense config: BLOCK_SIZE_M: 64, BLOCK_SIZE_N: 64, BLOCK_SIZE_K: 128, num_buffers: 6, num_warps: 4, num_ctas: 1, num_stages: 3, maxnreg: None
precomp config: BLOCK_SIZE_M: 64, BLOCK_SIZE_N: 64, BLOCK_SIZE_K: 128, num_buffers: 6, num_warps: 4, num_ctas: 1, num_stages: 3, maxnreg: None
runtime config: BLOCK_SIZE_M: 64, BLOCK_SIZE_N: 64, BLOCK_SIZE_K: 256, num_buffers: 3, num_warps: 4, num_ctas: 1, num_stages: 3, maxnreg: None
start 1024-16-6144
finish 1024-16-6144, (135/169) -> Max Dense: 10.25, Max Precomp: 9.50, Max Runtime: 6.76
dense config: BLOCK_SIZE_M: 64, BLOCK_SIZE_N: 64, BLOCK_SIZE_K: 128, num_buffers: 6, num_warps: 4, num_ctas: 1, num_stages: 3, maxnreg: None
precomp config: BLOCK_SIZE_M: 64, BLOCK_SIZE_N: 64, BLOCK_SIZE_K: 128, num_buffers: 5, num_warps: 4, num_ctas: 1, num_stages: 3, maxnreg: None
runtime config: BLOCK_SIZE_M: 64, BLOCK_SIZE_N: 64, BLOCK_SIZE_K: 256, num_buffers: 3, num_warps: 4, num_ctas: 1, num_stages: 3, maxnreg: None
start 1536-16-4096
finish 1536-16-4096, (136/169) -> Max Dense: 12.02, Max Precomp: 10.61, Max Runtime: 8.94
dense config: BLOCK_SIZE_M: 64, BLOCK_SIZE_N: 64, BLOCK_SIZE_K: 128, num_buffers: 5, num_warps: 4, num_ctas: 1, num_stages: 3, maxnreg: None
precomp config: BLOCK_SIZE_M: 64, BLOCK_SIZE_N: 64, BLOCK_SIZE_K: 128, num_buffers: 5, num_warps: 4, num_ctas: 1, num_stages: 3, maxnreg: None
runtime config: BLOCK_SIZE_M: 64, BLOCK_SIZE_N: 64, BLOCK_SIZE_K: 128, num_buffers: 4, num_warps: 4, num_ctas: 1, num_stages: 3, maxnreg: None
start 2048-16-3072
finish 2048-16-3072, (137/169) -> Max Dense: 13.09, Max Precomp: 10.67, Max Runtime: 10.64
dense config: BLOCK_SIZE_M: 64, BLOCK_SIZE_N: 64, BLOCK_SIZE_K: 128, num_buffers: 5, num_warps: 4, num_ctas: 1, num_stages: 3, maxnreg: None
precomp config: BLOCK_SIZE_M: 128, BLOCK_SIZE_N: 64, BLOCK_SIZE_K: 128, num_buffers: 4, num_warps: 8, num_ctas: 1, num_stages: 3, maxnreg: None
runtime config: BLOCK_SIZE_M: 64, BLOCK_SIZE_N: 64, BLOCK_SIZE_K: 128, num_buffers: 5, num_warps: 4, num_ctas: 1, num_stages: 3, maxnreg: None
start 3072-16-2048
finish 3072-16-2048, (138/169) -> Max Dense: 14.36, Max Precomp: 11.58, Max Runtime: 12.71
dense config: BLOCK_SIZE_M: 64, BLOCK_SIZE_N: 64, BLOCK_SIZE_K: 128, num_buffers: 6, num_warps: 4, num_ctas: 1, num_stages: 3, maxnreg: None
precomp config: BLOCK_SIZE_M: 128, BLOCK_SIZE_N: 64, BLOCK_SIZE_K: 128, num_buffers: 4, num_warps: 8, num_ctas: 1, num_stages: 3, maxnreg: None
runtime config: BLOCK_SIZE_M: 64, BLOCK_SIZE_N: 64, BLOCK_SIZE_K: 128, num_buffers: 5, num_warps: 4, num_ctas: 1, num_stages: 3, maxnreg: None
start 4096-16-1536
finish 4096-16-1536, (139/169) -> Max Dense: 15.11, Max Precomp: 11.65, Max Runtime: 13.99
dense config: BLOCK_SIZE_M: 64, BLOCK_SIZE_N: 64, BLOCK_SIZE_K: 128, num_buffers: 5, num_warps: 4, num_ctas: 1, num_stages: 3, maxnreg: None
precomp config: BLOCK_SIZE_M: 128, BLOCK_SIZE_N: 64, BLOCK_SIZE_K: 128, num_buffers: 4, num_warps: 4, num_ctas: 1, num_stages: 3, maxnreg: None
runtime config: BLOCK_SIZE_M: 64, BLOCK_SIZE_N: 64, BLOCK_SIZE_K: 128, num_buffers: 5, num_warps: 4, num_ctas: 1, num_stages: 3, maxnreg: None
start 6144-16-1024
finish 6144-16-1024, (140/169) -> Max Dense: 15.28, Max Precomp: 11.55, Max Runtime: 14.43
dense config: BLOCK_SIZE_M: 64, BLOCK_SIZE_N: 64, BLOCK_SIZE_K: 128, num_buffers: 5, num_warps: 4, num_ctas: 1, num_stages: 3, maxnreg: None
precomp config: BLOCK_SIZE_M: 256, BLOCK_SIZE_N: 64, BLOCK_SIZE_K: 64, num_buffers: 3, num_warps: 4, num_ctas: 1, num_stages: 3, maxnreg: None
runtime config: BLOCK_SIZE_M: 64, BLOCK_SIZE_N: 64, BLOCK_SIZE_K: 128, num_buffers: 5, num_warps: 4, num_ctas: 1, num_stages: 3, maxnreg: None
start 8192-16-768
finish 8192-16-768, (141/169) -> Max Dense: 15.35, Max Precomp: 12.21, Max Runtime: 14.55
dense config: BLOCK_SIZE_M: 128, BLOCK_SIZE_N: 64, BLOCK_SIZE_K: 128, num_buffers: 4, num_warps: 4, num_ctas: 1, num_stages: 3, maxnreg: None
precomp config: BLOCK_SIZE_M: 64, BLOCK_SIZE_N: 64, BLOCK_SIZE_K: 128, num_buffers: 6, num_warps: 4, num_ctas: 1, num_stages: 3, maxnreg: None
runtime config: BLOCK_SIZE_M: 64, BLOCK_SIZE_N: 64, BLOCK_SIZE_K: 128, num_buffers: 4, num_warps: 4, num_ctas: 1, num_stages: 3, maxnreg: None
start 768-16-6144
finish 768-16-6144, (142/169) -> Max Dense: 7.77, Max Precomp: 7.16, Max Runtime: 5.11
dense config: BLOCK_SIZE_M: 64, BLOCK_SIZE_N: 64, BLOCK_SIZE_K: 128, num_buffers: 6, num_warps: 4, num_ctas: 1, num_stages: 3, maxnreg: None
precomp config: BLOCK_SIZE_M: 64, BLOCK_SIZE_N: 64, BLOCK_SIZE_K: 128, num_buffers: 5, num_warps: 4, num_ctas: 1, num_stages: 3, maxnreg: None
runtime config: BLOCK_SIZE_M: 64, BLOCK_SIZE_N: 64, BLOCK_SIZE_K: 256, num_buffers: 3, num_warps: 4, num_ctas: 1, num_stages: 3, maxnreg: None
start 1536-16-3072
finish 1536-16-3072, (143/169) -> Max Dense: 10.50, Max Precomp: 8.06, Max Runtime: 8.17
dense config: BLOCK_SIZE_M: 64, BLOCK_SIZE_N: 64, BLOCK_SIZE_K: 128, num_buffers: 6, num_warps: 4, num_ctas: 1, num_stages: 3, maxnreg: None
precomp config: BLOCK_SIZE_M: 128, BLOCK_SIZE_N: 64, BLOCK_SIZE_K: 128, num_buffers: 4, num_warps: 4, num_ctas: 1, num_stages: 3, maxnreg: None
runtime config: BLOCK_SIZE_M: 64, BLOCK_SIZE_N: 64, BLOCK_SIZE_K: 128, num_buffers: 5, num_warps: 4, num_ctas: 1, num_stages: 3, maxnreg: None
start 3072-16-1536
finish 3072-16-1536, (144/169) -> Max Dense: 12.21, Max Precomp: 8.94, Max Runtime: 10.76
dense config: BLOCK_SIZE_M: 64, BLOCK_SIZE_N: 64, BLOCK_SIZE_K: 128, num_buffers: 5, num_warps: 4, num_ctas: 1, num_stages: 3, maxnreg: None
precomp config: BLOCK_SIZE_M: 128, BLOCK_SIZE_N: 64, BLOCK_SIZE_K: 128, num_buffers: 4, num_warps: 8, num_ctas: 1, num_stages: 3, maxnreg: None
runtime config: BLOCK_SIZE_M: 64, BLOCK_SIZE_N: 64, BLOCK_SIZE_K: 128, num_buffers: 5, num_warps: 4, num_ctas: 1, num_stages: 3, maxnreg: None
start 6144-16-768
finish 6144-16-768, (145/169) -> Max Dense: 12.86, Max Precomp: 8.66, Max Runtime: 12.13
dense config: BLOCK_SIZE_M: 64, BLOCK_SIZE_N: 64, BLOCK_SIZE_K: 128, num_buffers: 4, num_warps: 4, num_ctas: 1, num_stages: 3, maxnreg: None
precomp config: BLOCK_SIZE_M: 128, BLOCK_SIZE_N: 64, BLOCK_SIZE_K: 128, num_buffers: 4, num_warps: 16, num_ctas: 1, num_stages: 3, maxnreg: None
runtime config: BLOCK_SIZE_M: 64, BLOCK_SIZE_N: 64, BLOCK_SIZE_K: 128, num_buffers: 4, num_warps: 4, num_ctas: 1, num_stages: 3, maxnreg: None
start 1024-16-4096
finish 1024-16-4096, (146/169) -> Max Dense: 8.60, Max Precomp: 7.01, Max Runtime: 6.09
dense config: BLOCK_SIZE_M: 64, BLOCK_SIZE_N: 64, BLOCK_SIZE_K: 128, num_buffers: 6, num_warps: 4, num_ctas: 1, num_stages: 3, maxnreg: None
precomp config: BLOCK_SIZE_M: 64, BLOCK_SIZE_N: 64, BLOCK_SIZE_K: 128, num_buffers: 5, num_warps: 4, num_ctas: 1, num_stages: 3, maxnreg: None
runtime config: BLOCK_SIZE_M: 64, BLOCK_SIZE_N: 64, BLOCK_SIZE_K: 256, num_buffers: 3, num_warps: 4, num_ctas: 1, num_stages: 3, maxnreg: None
start 2048-16-2048
finish 2048-16-2048, (147/169) -> Max Dense: 10.72, Max Precomp: 7.71, Max Runtime: 8.96
dense config: BLOCK_SIZE_M: 64, BLOCK_SIZE_N: 64, BLOCK_SIZE_K: 128, num_buffers: 5, num_warps: 4, num_ctas: 1, num_stages: 3, maxnreg: None
precomp config: BLOCK_SIZE_M: 128, BLOCK_SIZE_N: 64, BLOCK_SIZE_K: 128, num_buffers: 4, num_warps: 8, num_ctas: 1, num_stages: 3, maxnreg: None
runtime config: BLOCK_SIZE_M: 64, BLOCK_SIZE_N: 64, BLOCK_SIZE_K: 128, num_buffers: 4, num_warps: 4, num_ctas: 1, num_stages: 3, maxnreg: None
start 4096-16-1024
finish 4096-16-1024, (148/169) -> Max Dense: 11.96, Max Precomp: 7.78, Max Runtime: 10.88
dense config: BLOCK_SIZE_M: 64, BLOCK_SIZE_N: 64, BLOCK_SIZE_K: 128, num_buffers: 5, num_warps: 4, num_ctas: 1, num_stages: 3, maxnreg: None
precomp config: BLOCK_SIZE_M: 128, BLOCK_SIZE_N: 64, BLOCK_SIZE_K: 128, num_buffers: 3, num_warps: 4, num_ctas: 1, num_stages: 3, maxnreg: None
runtime config: BLOCK_SIZE_M: 64, BLOCK_SIZE_N: 64, BLOCK_SIZE_K: 128, num_buffers: 5, num_warps: 4, num_ctas: 1, num_stages: 3, maxnreg: None
start 768-16-4096
finish 768-16-4096, (149/169) -> Max Dense: 6.63, Max Precomp: 5.31, Max Runtime: 4.65
dense config: BLOCK_SIZE_M: 64, BLOCK_SIZE_N: 64, BLOCK_SIZE_K: 128, num_buffers: 6, num_warps: 4, num_ctas: 1, num_stages: 3, maxnreg: None
precomp config: BLOCK_SIZE_M: 64, BLOCK_SIZE_N: 64, BLOCK_SIZE_K: 128, num_buffers: 6, num_warps: 4, num_ctas: 1, num_stages: 3, maxnreg: None
runtime config: BLOCK_SIZE_M: 64, BLOCK_SIZE_N: 64, BLOCK_SIZE_K: 256, num_buffers: 3, num_warps: 4, num_ctas: 1, num_stages: 3, maxnreg: None
start 1024-16-3072
finish 1024-16-3072, (150/169) -> Max Dense: 7.69, Max Precomp: 5.62, Max Runtime: 5.57
dense config: BLOCK_SIZE_M: 64, BLOCK_SIZE_N: 64, BLOCK_SIZE_K: 128, num_buffers: 6, num_warps: 4, num_ctas: 1, num_stages: 3, maxnreg: None
precomp config: BLOCK_SIZE_M: 64, BLOCK_SIZE_N: 64, BLOCK_SIZE_K: 128, num_buffers: 5, num_warps: 4, num_ctas: 1, num_stages: 3, maxnreg: None
runtime config: BLOCK_SIZE_M: 64, BLOCK_SIZE_N: 64, BLOCK_SIZE_K: 128, num_buffers: 5, num_warps: 4, num_ctas: 1, num_stages: 3, maxnreg: None
start 1536-16-2048
finish 1536-16-2048, (151/169) -> Max Dense: 8.56, Max Precomp: 5.79, Max Runtime: 6.96
dense config: BLOCK_SIZE_M: 64, BLOCK_SIZE_N: 64, BLOCK_SIZE_K: 128, num_buffers: 6, num_warps: 4, num_ctas: 1, num_stages: 3, maxnreg: None
precomp config: BLOCK_SIZE_M: 128, BLOCK_SIZE_N: 64, BLOCK_SIZE_K: 64, num_buffers: 6, num_warps: 4, num_ctas: 1, num_stages: 3, maxnreg: None
runtime config: BLOCK_SIZE_M: 64, BLOCK_SIZE_N: 64, BLOCK_SIZE_K: 128, num_buffers: 4, num_warps: 4, num_ctas: 1, num_stages: 3, maxnreg: None
start 2048-16-1536
finish 2048-16-1536, (152/169) -> Max Dense: 8.91, Max Precomp: 5.77, Max Runtime: 7.67
dense config: BLOCK_SIZE_M: 64, BLOCK_SIZE_N: 64, BLOCK_SIZE_K: 128, num_buffers: 6, num_warps: 4, num_ctas: 1, num_stages: 3, maxnreg: None
precomp config: BLOCK_SIZE_M: 128, BLOCK_SIZE_N: 64, BLOCK_SIZE_K: 128, num_buffers: 3, num_warps: 8, num_ctas: 1, num_stages: 3, maxnreg: None
runtime config: BLOCK_SIZE_M: 64, BLOCK_SIZE_N: 64, BLOCK_SIZE_K: 128, num_buffers: 4, num_warps: 4, num_ctas: 1, num_stages: 3, maxnreg: None
start 3072-16-1024
finish 3072-16-1024, (153/169) -> Max Dense: 9.23, Max Precomp: 5.79, Max Runtime: 8.39
dense config: BLOCK_SIZE_M: 64, BLOCK_SIZE_N: 64, BLOCK_SIZE_K: 128, num_buffers: 5, num_warps: 4, num_ctas: 1, num_stages: 3, maxnreg: None
precomp config: BLOCK_SIZE_M: 128, BLOCK_SIZE_N: 64, BLOCK_SIZE_K: 128, num_buffers: 3, num_warps: 4, num_ctas: 1, num_stages: 3, maxnreg: None
runtime config: BLOCK_SIZE_M: 64, BLOCK_SIZE_N: 64, BLOCK_SIZE_K: 128, num_buffers: 4, num_warps: 4, num_ctas: 1, num_stages: 3, maxnreg: None
start 4096-16-768
finish 4096-16-768, (154/169) -> Max Dense: 9.62, Max Precomp: 5.75, Max Runtime: 9.10
dense config: BLOCK_SIZE_M: 64, BLOCK_SIZE_N: 64, BLOCK_SIZE_K: 128, num_buffers: 4, num_warps: 4, num_ctas: 1, num_stages: 3, maxnreg: None
precomp config: BLOCK_SIZE_M: 128, BLOCK_SIZE_N: 64, BLOCK_SIZE_K: 128, num_buffers: 4, num_warps: 4, num_ctas: 1, num_stages: 3, maxnreg: None
runtime config: BLOCK_SIZE_M: 64, BLOCK_SIZE_N: 64, BLOCK_SIZE_K: 128, num_buffers: 4, num_warps: 4, num_ctas: 1, num_stages: 3, maxnreg: None
start 768-16-3072
finish 768-16-3072, (155/169) -> Max Dense: 5.83, Max Precomp: 4.30, Max Runtime: 4.21
dense config: BLOCK_SIZE_M: 64, BLOCK_SIZE_N: 64, BLOCK_SIZE_K: 128, num_buffers: 6, num_warps: 4, num_ctas: 1, num_stages: 3, maxnreg: None
precomp config: BLOCK_SIZE_M: 128, BLOCK_SIZE_N: 64, BLOCK_SIZE_K: 128, num_buffers: 4, num_warps: 4, num_ctas: 1, num_stages: 3, maxnreg: None
runtime config: BLOCK_SIZE_M: 64, BLOCK_SIZE_N: 64, BLOCK_SIZE_K: 256, num_buffers: 3, num_warps: 4, num_ctas: 1, num_stages: 3, maxnreg: None
start 1536-16-1536
finish 1536-16-1536, (156/169) -> Max Dense: 7.06, Max Precomp: 4.39, Max Runtime: 6.02
dense config: BLOCK_SIZE_M: 64, BLOCK_SIZE_N: 64, BLOCK_SIZE_K: 128, num_buffers: 5, num_warps: 4, num_ctas: 1, num_stages: 3, maxnreg: None
precomp config: BLOCK_SIZE_M: 128, BLOCK_SIZE_N: 64, BLOCK_SIZE_K: 128, num_buffers: 4, num_warps: 4, num_ctas: 1, num_stages: 3, maxnreg: None
runtime config: BLOCK_SIZE_M: 64, BLOCK_SIZE_N: 64, BLOCK_SIZE_K: 128, num_buffers: 5, num_warps: 4, num_ctas: 1, num_stages: 3, maxnreg: None
start 3072-16-768
finish 3072-16-768, (157/169) -> Max Dense: 7.50, Max Precomp: 4.65, Max Runtime: 7.03
dense config: BLOCK_SIZE_M: 64, BLOCK_SIZE_N: 64, BLOCK_SIZE_K: 128, num_buffers: 4, num_warps: 4, num_ctas: 1, num_stages: 3, maxnreg: None
precomp config: BLOCK_SIZE_M: 128, BLOCK_SIZE_N: 64, BLOCK_SIZE_K: 128, num_buffers: 4, num_warps: 16, num_ctas: 1, num_stages: 3, maxnreg: None
runtime config: BLOCK_SIZE_M: 64, BLOCK_SIZE_N: 64, BLOCK_SIZE_K: 128, num_buffers: 4, num_warps: 4, num_ctas: 1, num_stages: 3, maxnreg: None
start 1024-16-2048
finish 1024-16-2048, (158/169) -> Max Dense: 6.13, Max Precomp: 4.11, Max Runtime: 4.75
dense config: BLOCK_SIZE_M: 64, BLOCK_SIZE_N: 64, BLOCK_SIZE_K: 128, num_buffers: 6, num_warps: 4, num_ctas: 1, num_stages: 3, maxnreg: None
precomp config: BLOCK_SIZE_M: 128, BLOCK_SIZE_N: 64, BLOCK_SIZE_K: 128, num_buffers: 4, num_warps: 4, num_ctas: 1, num_stages: 3, maxnreg: None
runtime config: BLOCK_SIZE_M: 64, BLOCK_SIZE_N: 64, BLOCK_SIZE_K: 128, num_buffers: 5, num_warps: 4, num_ctas: 1, num_stages: 3, maxnreg: None
start 2048-16-1024
finish 2048-16-1024, (159/169) -> Max Dense: 6.73, Max Precomp: 4.11, Max Runtime: 6.01
dense config: BLOCK_SIZE_M: 64, BLOCK_SIZE_N: 64, BLOCK_SIZE_K: 128, num_buffers: 5, num_warps: 4, num_ctas: 1, num_stages: 3, maxnreg: None
precomp config: BLOCK_SIZE_M: 64, BLOCK_SIZE_N: 64, BLOCK_SIZE_K: 128, num_buffers: 3, num_warps: 8, num_ctas: 1, num_stages: 3, maxnreg: None
runtime config: BLOCK_SIZE_M: 64, BLOCK_SIZE_N: 64, BLOCK_SIZE_K: 128, num_buffers: 4, num_warps: 4, num_ctas: 1, num_stages: 3, maxnreg: None
start 768-16-2048
finish 768-16-2048, (160/169) -> Max Dense: 4.71, Max Precomp: 3.01, Max Runtime: 3.59
dense config: BLOCK_SIZE_M: 64, BLOCK_SIZE_N: 64, BLOCK_SIZE_K: 128, num_buffers: 5, num_warps: 4, num_ctas: 1, num_stages: 3, maxnreg: None
precomp config: BLOCK_SIZE_M: 128, BLOCK_SIZE_N: 64, BLOCK_SIZE_K: 128, num_buffers: 3, num_warps: 8, num_ctas: 1, num_stages: 3, maxnreg: None
runtime config: BLOCK_SIZE_M: 64, BLOCK_SIZE_N: 64, BLOCK_SIZE_K: 256, num_buffers: 3, num_warps: 4, num_ctas: 1, num_stages: 3, maxnreg: None
start 1024-16-1536
finish 1024-16-1536, (161/169) -> Max Dense: 5.13, Max Precomp: 3.00, Max Runtime: 4.16
dense config: BLOCK_SIZE_M: 64, BLOCK_SIZE_N: 64, BLOCK_SIZE_K: 128, num_buffers: 6, num_warps: 4, num_ctas: 1, num_stages: 3, maxnreg: None
precomp config: BLOCK_SIZE_M: 128, BLOCK_SIZE_N: 64, BLOCK_SIZE_K: 128, num_buffers: 3, num_warps: 8, num_ctas: 1, num_stages: 3, maxnreg: None
runtime config: BLOCK_SIZE_M: 64, BLOCK_SIZE_N: 64, BLOCK_SIZE_K: 128, num_buffers: 5, num_warps: 4, num_ctas: 1, num_stages: 3, maxnreg: None
start 1536-16-1024
finish 1536-16-1024, (162/169) -> Max Dense: 5.45, Max Precomp: 2.93, Max Runtime: 4.75
dense config: BLOCK_SIZE_M: 64, BLOCK_SIZE_N: 64, BLOCK_SIZE_K: 128, num_buffers: 5, num_warps: 4, num_ctas: 1, num_stages: 3, maxnreg: None
precomp config: BLOCK_SIZE_M: 128, BLOCK_SIZE_N: 64, BLOCK_SIZE_K: 128, num_buffers: 3, num_warps: 16, num_ctas: 1, num_stages: 3, maxnreg: None
runtime config: BLOCK_SIZE_M: 64, BLOCK_SIZE_N: 64, BLOCK_SIZE_K: 128, num_buffers: 5, num_warps: 4, num_ctas: 1, num_stages: 3, maxnreg: None
start 2048-16-768
finish 2048-16-768, (163/169) -> Max Dense: 5.40, Max Precomp: 2.92, Max Runtime: 5.05
dense config: BLOCK_SIZE_M: 64, BLOCK_SIZE_N: 64, BLOCK_SIZE_K: 128, num_buffers: 5, num_warps: 4, num_ctas: 1, num_stages: 3, maxnreg: None
precomp config: BLOCK_SIZE_M: 128, BLOCK_SIZE_N: 64, BLOCK_SIZE_K: 128, num_buffers: 4, num_warps: 16, num_ctas: 1, num_stages: 3, maxnreg: None
runtime config: BLOCK_SIZE_M: 64, BLOCK_SIZE_N: 64, BLOCK_SIZE_K: 128, num_buffers: 4, num_warps: 4, num_ctas: 1, num_stages: 3, maxnreg: None
start 768-16-1536
finish 768-16-1536, (164/169) -> Max Dense: 3.94, Max Precomp: 2.28, Max Runtime: 3.16
dense config: BLOCK_SIZE_M: 64, BLOCK_SIZE_N: 64, BLOCK_SIZE_K: 128, num_buffers: 5, num_warps: 4, num_ctas: 1, num_stages: 3, maxnreg: None
precomp config: BLOCK_SIZE_M: 128, BLOCK_SIZE_N: 64, BLOCK_SIZE_K: 128, num_buffers: 4, num_warps: 4, num_ctas: 1, num_stages: 3, maxnreg: None
runtime config: BLOCK_SIZE_M: 64, BLOCK_SIZE_N: 64, BLOCK_SIZE_K: 128, num_buffers: 5, num_warps: 4, num_ctas: 1, num_stages: 3, maxnreg: None
start 1536-16-768
finish 1536-16-768, (165/169) -> Max Dense: 4.32, Max Precomp: 2.21, Max Runtime: 3.82
dense config: BLOCK_SIZE_M: 64, BLOCK_SIZE_N: 64, BLOCK_SIZE_K: 128, num_buffers: 5, num_warps: 4, num_ctas: 1, num_stages: 3, maxnreg: None
precomp config: BLOCK_SIZE_M: 128, BLOCK_SIZE_N: 64, BLOCK_SIZE_K: 128, num_buffers: 4, num_warps: 16, num_ctas: 1, num_stages: 3, maxnreg: None
runtime config: BLOCK_SIZE_M: 64, BLOCK_SIZE_N: 64, BLOCK_SIZE_K: 128, num_buffers: 4, num_warps: 4, num_ctas: 1, num_stages: 3, maxnreg: None
start 1024-16-1024
finish 1024-16-1024, (166/169) -> Max Dense: 3.88, Max Precomp: 1.97, Max Runtime: 3.30
dense config: BLOCK_SIZE_M: 64, BLOCK_SIZE_N: 64, BLOCK_SIZE_K: 128, num_buffers: 5, num_warps: 4, num_ctas: 1, num_stages: 3, maxnreg: None
precomp config: BLOCK_SIZE_M: 128, BLOCK_SIZE_N: 64, BLOCK_SIZE_K: 128, num_buffers: 4, num_warps: 8, num_ctas: 1, num_stages: 3, maxnreg: None
runtime config: BLOCK_SIZE_M: 64, BLOCK_SIZE_N: 64, BLOCK_SIZE_K: 128, num_buffers: 4, num_warps: 4, num_ctas: 1, num_stages: 3, maxnreg: None
start 768-16-1024
finish 768-16-1024, (167/169) -> Max Dense: 2.99, Max Precomp: 1.54, Max Runtime: 2.51
dense config: BLOCK_SIZE_M: 64, BLOCK_SIZE_N: 64, BLOCK_SIZE_K: 128, num_buffers: 5, num_warps: 4, num_ctas: 1, num_stages: 3, maxnreg: None
precomp config: BLOCK_SIZE_M: 128, BLOCK_SIZE_N: 64, BLOCK_SIZE_K: 128, num_buffers: 4, num_warps: 8, num_ctas: 1, num_stages: 3, maxnreg: None
runtime config: BLOCK_SIZE_M: 64, BLOCK_SIZE_N: 64, BLOCK_SIZE_K: 128, num_buffers: 5, num_warps: 4, num_ctas: 1, num_stages: 3, maxnreg: None
start 1024-16-768
finish 1024-16-768, (168/169) -> Max Dense: 3.07, Max Precomp: 1.52, Max Runtime: 2.69
dense config: BLOCK_SIZE_M: 64, BLOCK_SIZE_N: 64, BLOCK_SIZE_K: 128, num_buffers: 6, num_warps: 4, num_ctas: 1, num_stages: 3, maxnreg: None
precomp config: BLOCK_SIZE_M: 128, BLOCK_SIZE_N: 64, BLOCK_SIZE_K: 128, num_buffers: 4, num_warps: 8, num_ctas: 1, num_stages: 3, maxnreg: None
runtime config: BLOCK_SIZE_M: 64, BLOCK_SIZE_N: 64, BLOCK_SIZE_K: 128, num_buffers: 5, num_warps: 4, num_ctas: 1, num_stages: 3, maxnreg: None
start 768-16-768
finish 768-16-768, (169/169) -> Max Dense: 2.34, Max Precomp: 1.13, Max Runtime: 2.09
dense config: BLOCK_SIZE_M: 64, BLOCK_SIZE_N: 64, BLOCK_SIZE_K: 128, num_buffers: 4, num_warps: 4, num_ctas: 1, num_stages: 3, maxnreg: None
precomp config: BLOCK_SIZE_M: 256, BLOCK_SIZE_N: 64, BLOCK_SIZE_K: 64, num_buffers: 3, num_warps: 8, num_ctas: 1, num_stages: 3, maxnreg: None
runtime config: BLOCK_SIZE_M: 64, BLOCK_SIZE_N: 64, BLOCK_SIZE_K: 128, num_buffers: 4, num_warps: 4, num_ctas: 1, num_stages: 3, maxnreg: None
0.8847172861526421

[INFO] Optimization charts successfully compiled and saved to 'Benchmark/v7.5_16.png'
