Sun Jul 19 22:24:23 2026       
+-----------------------------------------------------------------------------------------+
| NVIDIA-SMI 580.159.04             Driver Version: 580.159.04     CUDA Version: 13.2     |
+-----------------------------------------+------------------------+----------------------+
| GPU  Name                 Persistence-M | Bus-Id          Disp.A | Volatile Uncorr. ECC |
| Fan  Temp   Perf          Pwr:Usage/Cap |           Memory-Usage | GPU-Util  Compute M. |
|                                         |                        |               MIG M. |
|=========================================+========================+======================|
|   0  NVIDIA H100 80GB HBM3          Off |   00000000:CB:00.0 Off |                    0 |
| N/A   48C    P0             73W /  700W |       0MiB /  81559MiB |      0%      Default |
|                                         |                        |             Disabled |
+-----------------------------------------+------------------------+----------------------+

+-----------------------------------------------------------------------------------------+
| Processes:                                                                              |
|  GPU   GI   CI              PID   Type   Process name                        GPU Memory |
|        ID   ID                                                               Usage      |
|=========================================================================================|
|  No running processes found                                                             |
+-----------------------------------------------------------------------------------------+
/usr/bin/rm: cannot remove '/usr/local/cuda/compat/lib': Read-only file system
rm: cannot remove '/usr/local/cuda/compat/lib': Read-only file system
CUDA Available: True
Device Count: 1
/usr/bin/rm: cannot remove '/usr/local/cuda/compat/lib': Read-only file system
rm: cannot remove '/usr/local/cuda/compat/lib': Read-only file system
start 49152-16-49152
finish 49152-16-49152, (1/169) -> Dense: 50.197749978452194, Precomp: 86.42408642329633, Runtime: 49.193270348288465
  Dense   best config: {'BLOCK_M': 128, 'BLOCK_N': 64, 'BLOCK_K': 128, 'num_buffers': 3, 'STEALB': False}, num_warps=4
  Sparse  best config: {'BLOCK_M': 128, 'BLOCK_N': 64, 'BLOCK_K': 256, 'num_buffers': 3, 'STEALB': False}, num_warps=16
  Runtime best config: {'BLOCK_M': 64, 'BLOCK_N': 64, 'BLOCK_K': 128, 'num_buffers': 5, 'STEALB': False}, num_warps=4
start 32768-16-49152
finish 32768-16-49152, (2/169) -> Dense: 49.98404789002212, Precomp: 86.12909661651045, Runtime: 48.88272368742646
  Dense   best config: {'BLOCK_M': 128, 'BLOCK_N': 64, 'BLOCK_K': 64, 'num_buffers': 5, 'STEALB': False}, num_warps=8
  Sparse  best config: {'BLOCK_M': 128, 'BLOCK_N': 64, 'BLOCK_K': 256, 'num_buffers': 3, 'STEALB': False}, num_warps=8
  Runtime best config: {'BLOCK_M': 64, 'BLOCK_N': 64, 'BLOCK_K': 128, 'num_buffers': 5, 'STEALB': False}, num_warps=4
start 49152-16-32768
finish 49152-16-32768, (3/169) -> Dense: 50.270111833390516, Precomp: 86.52982296217617, Runtime: 49.55103272902729
  Dense   best config: {'BLOCK_M': 128, 'BLOCK_N': 64, 'BLOCK_K': 128, 'num_buffers': 3, 'STEALB': False}, num_warps=4
  Sparse  best config: {'BLOCK_M': 128, 'BLOCK_N': 64, 'BLOCK_K': 256, 'num_buffers': 3, 'STEALB': False}, num_warps=8
  Runtime best config: {'BLOCK_M': 128, 'BLOCK_N': 64, 'BLOCK_K': 128, 'num_buffers': 3, 'STEALB': False}, num_warps=8
start 24576-16-49152
finish 24576-16-49152, (4/169) -> Dense: 50.189454468062785, Precomp: 84.10986410372946, Runtime: 49.046135263898115
  Dense   best config: {'BLOCK_M': 128, 'BLOCK_N': 64, 'BLOCK_K': 128, 'num_buffers': 4, 'STEALB': False}, num_warps=4
  Sparse  best config: {'BLOCK_M': 128, 'BLOCK_N': 64, 'BLOCK_K': 128, 'num_buffers': 6, 'STEALB': False}, num_warps=8
  Runtime best config: {'BLOCK_M': 128, 'BLOCK_N': 64, 'BLOCK_K': 128, 'num_buffers': 4, 'STEALB': False}, num_warps=8
start 49152-16-24576
finish 49152-16-24576, (5/169) -> Dense: 49.631644809123244, Precomp: 85.78272772827715, Runtime: 48.55467903638992
  Dense   best config: {'BLOCK_M': 128, 'BLOCK_N': 64, 'BLOCK_K': 128, 'num_buffers': 3, 'STEALB': True}, num_warps=4
  Sparse  best config: {'BLOCK_M': 128, 'BLOCK_N': 64, 'BLOCK_K': 256, 'num_buffers': 3, 'STEALB': False}, num_warps=8
  Runtime best config: {'BLOCK_M': 64, 'BLOCK_N': 64, 'BLOCK_K': 128, 'num_buffers': 5, 'STEALB': False}, num_warps=4
start 32768-16-32768
finish 32768-16-32768, (6/169) -> Dense: 49.79034842901129, Precomp: 85.93426516818523, Runtime: 49.143037233960044
  Dense   best config: {'BLOCK_M': 128, 'BLOCK_N': 64, 'BLOCK_K': 128, 'num_buffers': 3, 'STEALB': True}, num_warps=4
  Sparse  best config: {'BLOCK_M': 128, 'BLOCK_N': 64, 'BLOCK_K': 256, 'num_buffers': 3, 'STEALB': False}, num_warps=16
  Runtime best config: {'BLOCK_M': 128, 'BLOCK_N': 64, 'BLOCK_K': 128, 'num_buffers': 3, 'STEALB': False}, num_warps=8
start 16384-16-49152
finish 16384-16-49152, (7/169) -> Dense: 49.975426083772746, Precomp: 86.39309566191847, Runtime: 48.93992064265785
  Dense   best config: {'BLOCK_M': 128, 'BLOCK_N': 64, 'BLOCK_K': 128, 'num_buffers': 4, 'STEALB': True}, num_warps=4
  Sparse  best config: {'BLOCK_M': 128, 'BLOCK_N': 64, 'BLOCK_K': 256, 'num_buffers': 3, 'STEALB': False}, num_warps=4
  Runtime best config: {'BLOCK_M': 128, 'BLOCK_N': 64, 'BLOCK_K': 128, 'num_buffers': 4, 'STEALB': False}, num_warps=8
start 24576-16-32768
finish 24576-16-32768, (8/169) -> Dense: 48.62099009788126, Precomp: 83.21895328493078, Runtime: 48.49404216170096
  Dense   best config: {'BLOCK_M': 64, 'BLOCK_N': 64, 'BLOCK_K': 64, 'num_buffers': 7, 'STEALB': False}, num_warps=4
  Sparse  best config: {'BLOCK_M': 256, 'BLOCK_N': 64, 'BLOCK_K': 64, 'num_buffers': 5, 'STEALB': False}, num_warps=4
  Runtime best config: {'BLOCK_M': 64, 'BLOCK_N': 64, 'BLOCK_K': 128, 'num_buffers': 5, 'STEALB': False}, num_warps=4
start 32768-16-24576
finish 32768-16-24576, (9/169) -> Dense: 49.452209541368546, Precomp: 84.69464567266228, Runtime: 48.39607580217236
  Dense   best config: {'BLOCK_M': 128, 'BLOCK_N': 64, 'BLOCK_K': 64, 'num_buffers': 5, 'STEALB': False}, num_warps=4
  Sparse  best config: {'BLOCK_M': 128, 'BLOCK_N': 64, 'BLOCK_K': 256, 'num_buffers': 3, 'STEALB': False}, num_warps=16
  Runtime best config: {'BLOCK_M': 128, 'BLOCK_N': 64, 'BLOCK_K': 128, 'num_buffers': 4, 'STEALB': False}, num_warps=8
start 49152-16-16384
finish 49152-16-16384, (10/169) -> Dense: 49.68081452707893, Precomp: 85.44223729209989, Runtime: 48.74955735405567
  Dense   best config: {'BLOCK_M': 128, 'BLOCK_N': 64, 'BLOCK_K': 128, 'num_buffers': 3, 'STEALB': True}, num_warps=4
  Sparse  best config: {'BLOCK_M': 128, 'BLOCK_N': 64, 'BLOCK_K': 256, 'num_buffers': 3, 'STEALB': False}, num_warps=8
  Runtime best config: {'BLOCK_M': 128, 'BLOCK_N': 64, 'BLOCK_K': 128, 'num_buffers': 3, 'STEALB': False}, num_warps=8
start 12288-16-49152
finish 12288-16-49152, (11/169) -> Dense: 48.63383537625658, Precomp: 82.4286964883008, Runtime: 48.523274166816975
  Dense   best config: {'BLOCK_M': 128, 'BLOCK_N': 64, 'BLOCK_K': 128, 'num_buffers': 4, 'STEALB': True}, num_warps=16
  Sparse  best config: {'BLOCK_M': 128, 'BLOCK_N': 64, 'BLOCK_K': 128, 'num_buffers': 5, 'STEALB': True}, num_warps=4
  Runtime best config: {'BLOCK_M': 128, 'BLOCK_N': 64, 'BLOCK_K': 128, 'num_buffers': 4, 'STEALB': False}, num_warps=8
start 24576-16-24576
finish 24576-16-24576, (12/169) -> Dense: 48.17188617349817, Precomp: 82.38771802578954, Runtime: 47.756077350895296
  Dense   best config: {'BLOCK_M': 64, 'BLOCK_N': 64, 'BLOCK_K': 128, 'num_buffers': 4, 'STEALB': False}, num_warps=4
  Sparse  best config: {'BLOCK_M': 256, 'BLOCK_N': 64, 'BLOCK_K': 64, 'num_buffers': 5, 'STEALB': False}, num_warps=4
  Runtime best config: {'BLOCK_M': 64, 'BLOCK_N': 64, 'BLOCK_K': 128, 'num_buffers': 5, 'STEALB': False}, num_warps=4
start 49152-16-12288
finish 49152-16-12288, (13/169) -> Dense: 48.37893336446078, Precomp: 82.62208418434066, Runtime: 47.918953424654696
  Dense   best config: {'BLOCK_M': 128, 'BLOCK_N': 64, 'BLOCK_K': 128, 'num_buffers': 4, 'STEALB': True}, num_warps=4
  Sparse  best config: {'BLOCK_M': 128, 'BLOCK_N': 64, 'BLOCK_K': 256, 'num_buffers': 3, 'STEALB': False}, num_warps=4
  Runtime best config: {'BLOCK_M': 128, 'BLOCK_N': 64, 'BLOCK_K': 128, 'num_buffers': 4, 'STEALB': False}, num_warps=8
start 16384-16-32768
finish 16384-16-32768, (14/169) -> Dense: 49.842172397540274, Precomp: 85.5159857987055, Runtime: 48.59152239787112
  Dense   best config: {'BLOCK_M': 128, 'BLOCK_N': 64, 'BLOCK_K': 128, 'num_buffers': 4, 'STEALB': True}, num_warps=4
  Sparse  best config: {'BLOCK_M': 128, 'BLOCK_N': 64, 'BLOCK_K': 256, 'num_buffers': 3, 'STEALB': False}, num_warps=4
  Runtime best config: {'BLOCK_M': 128, 'BLOCK_N': 64, 'BLOCK_K': 64, 'num_buffers': 5, 'STEALB': False}, num_warps=4
start 32768-16-16384
finish 32768-16-16384, (15/169) -> Dense: 49.24099196338207, Precomp: 83.93905329263032, Runtime: 48.52074668336726
  Dense   best config: {'BLOCK_M': 128, 'BLOCK_N': 64, 'BLOCK_K': 128, 'num_buffers': 3, 'STEALB': True}, num_warps=8
  Sparse  best config: {'BLOCK_M': 128, 'BLOCK_N': 64, 'BLOCK_K': 256, 'num_buffers': 3, 'STEALB': False}, num_warps=4
  Runtime best config: {'BLOCK_M': 128, 'BLOCK_N': 64, 'BLOCK_K': 128, 'num_buffers': 3, 'STEALB': False}, num_warps=8
start 8192-16-49152
finish 8192-16-49152, (16/169) -> Dense: 48.794454427054376, Precomp: 78.52161659044828, Runtime: 46.988764362601074
  Dense   best config: {'BLOCK_M': 64, 'BLOCK_N': 64, 'BLOCK_K': 128, 'num_buffers': 6, 'STEALB': False}, num_warps=4
  Sparse  best config: {'BLOCK_M': 128, 'BLOCK_N': 64, 'BLOCK_K': 128, 'num_buffers': 6, 'STEALB': False}, num_warps=4
  Runtime best config: {'BLOCK_M': 64, 'BLOCK_N': 64, 'BLOCK_K': 128, 'num_buffers': 6, 'STEALB': False}, num_warps=4
start 12288-16-32768
finish 12288-16-32768, (17/169) -> Dense: 49.17265636543104, Precomp: 82.16420538667299, Runtime: 48.277463449157736
  Dense   best config: {'BLOCK_M': 128, 'BLOCK_N': 64, 'BLOCK_K': 64, 'num_buffers': 5, 'STEALB': False}, num_warps=4
  Sparse  best config: {'BLOCK_M': 128, 'BLOCK_N': 64, 'BLOCK_K': 256, 'num_buffers': 3, 'STEALB': False}, num_warps=4
  Runtime best config: {'BLOCK_M': 128, 'BLOCK_N': 64, 'BLOCK_K': 128, 'num_buffers': 4, 'STEALB': False}, num_warps=8
start 16384-16-24576
finish 16384-16-24576, (18/169) -> Dense: 49.39529830387839, Precomp: 84.2759073878784, Runtime: 47.997055765268925
  Dense   best config: {'BLOCK_M': 128, 'BLOCK_N': 64, 'BLOCK_K': 128, 'num_buffers': 4, 'STEALB': True}, num_warps=4
  Sparse  best config: {'BLOCK_M': 128, 'BLOCK_N': 64, 'BLOCK_K': 128, 'num_buffers': 5, 'STEALB': False}, num_warps=4
  Runtime best config: {'BLOCK_M': 128, 'BLOCK_N': 64, 'BLOCK_K': 128, 'num_buffers': 4, 'STEALB': False}, num_warps=8
start 24576-16-16384
finish 24576-16-16384, (19/169) -> Dense: 49.3506054745898, Precomp: 81.4619922767282, Runtime: 48.26493826598552
  Dense   best config: {'BLOCK_M': 128, 'BLOCK_N': 64, 'BLOCK_K': 128, 'num_buffers': 4, 'STEALB': False}, num_warps=4
  Sparse  best config: {'BLOCK_M': 256, 'BLOCK_N': 64, 'BLOCK_K': 64, 'num_buffers': 5, 'STEALB': False}, num_warps=4
  Runtime best config: {'BLOCK_M': 128, 'BLOCK_N': 64, 'BLOCK_K': 128, 'num_buffers': 4, 'STEALB': False}, num_warps=8
start 32768-16-12288
finish 32768-16-12288, (20/169) -> Dense: 48.925740364132785, Precomp: 83.05663402827341, Runtime: 47.84350976854544
  Dense   best config: {'BLOCK_M': 128, 'BLOCK_N': 64, 'BLOCK_K': 64, 'num_buffers': 5, 'STEALB': False}, num_warps=4
  Sparse  best config: {'BLOCK_M': 128, 'BLOCK_N': 64, 'BLOCK_K': 128, 'num_buffers': 6, 'STEALB': True}, num_warps=4
  Runtime best config: {'BLOCK_M': 128, 'BLOCK_N': 64, 'BLOCK_K': 128, 'num_buffers': 3, 'STEALB': False}, num_warps=8
start 49152-16-8192
finish 49152-16-8192, (21/169) -> Dense: 49.08900442975618, Precomp: 82.9228209848093, Runtime: 47.67250585938763
  Dense   best config: {'BLOCK_M': 128, 'BLOCK_N': 64, 'BLOCK_K': 128, 'num_buffers': 4, 'STEALB': True}, num_warps=4
  Sparse  best config: {'BLOCK_M': 128, 'BLOCK_N': 64, 'BLOCK_K': 256, 'num_buffers': 3, 'STEALB': False}, num_warps=4
  Runtime best config: {'BLOCK_M': 128, 'BLOCK_N': 64, 'BLOCK_K': 128, 'num_buffers': 3, 'STEALB': False}, num_warps=8
start 6144-16-49152
finish 6144-16-49152, (22/169) -> Dense: 45.65980693680032, Precomp: 60.47096460835029, Runtime: 44.78908106516777
  Dense   best config: {'BLOCK_M': 64, 'BLOCK_N': 64, 'BLOCK_K': 128, 'num_buffers': 5, 'STEALB': False}, num_warps=8
  Sparse  best config: {'BLOCK_M': 64, 'BLOCK_N': 64, 'BLOCK_K': 128, 'num_buffers': 7, 'STEALB': False}, num_warps=4
  Runtime best config: {'BLOCK_M': 64, 'BLOCK_N': 64, 'BLOCK_K': 128, 'num_buffers': 6, 'STEALB': True}, num_warps=4
start 12288-16-24576
finish 12288-16-24576, (23/169) -> Dense: 48.17732596152242, Precomp: 80.35598642699519, Runtime: 46.75885259128064
  Dense   best config: {'BLOCK_M': 128, 'BLOCK_N': 64, 'BLOCK_K': 64, 'num_buffers': 5, 'STEALB': False}, num_warps=4
  Sparse  best config: {'BLOCK_M': 128, 'BLOCK_N': 64, 'BLOCK_K': 128, 'num_buffers': 5, 'STEALB': False}, num_warps=8
  Runtime best config: {'BLOCK_M': 128, 'BLOCK_N': 64, 'BLOCK_K': 128, 'num_buffers': 4, 'STEALB': False}, num_warps=8
start 24576-16-12288
finish 24576-16-12288, (24/169) -> Dense: 47.052330224665404, Precomp: 79.99463198898412, Runtime: 46.39475800235357
  Dense   best config: {'BLOCK_M': 64, 'BLOCK_N': 64, 'BLOCK_K': 128, 'num_buffers': 4, 'STEALB': False}, num_warps=4
  Sparse  best config: {'BLOCK_M': 256, 'BLOCK_N': 64, 'BLOCK_K': 64, 'num_buffers': 5, 'STEALB': False}, num_warps=4
  Runtime best config: {'BLOCK_M': 64, 'BLOCK_N': 64, 'BLOCK_K': 128, 'num_buffers': 5, 'STEALB': True}, num_warps=4
start 49152-16-6144
finish 49152-16-6144, (25/169) -> Dense: 48.332063849282996, Precomp: 81.13204938977124, Runtime: 46.59257149138756
  Dense   best config: {'BLOCK_M': 128, 'BLOCK_N': 64, 'BLOCK_K': 128, 'num_buffers': 4, 'STEALB': True}, num_warps=4
  Sparse  best config: {'BLOCK_M': 128, 'BLOCK_N': 64, 'BLOCK_K': 128, 'num_buffers': 6, 'STEALB': True}, num_warps=4
  Runtime best config: {'BLOCK_M': 128, 'BLOCK_N': 64, 'BLOCK_K': 128, 'num_buffers': 4, 'STEALB': False}, num_warps=8
start 8192-16-32768
finish 8192-16-32768, (26/169) -> Dense: 48.764240132977434, Precomp: 77.90701198995119, Runtime: 46.87722433963119
  Dense   best config: {'BLOCK_M': 64, 'BLOCK_N': 64, 'BLOCK_K': 128, 'num_buffers': 6, 'STEALB': False}, num_warps=4
  Sparse  best config: {'BLOCK_M': 128, 'BLOCK_N': 64, 'BLOCK_K': 128, 'num_buffers': 6, 'STEALB': False}, num_warps=4
  Runtime best config: {'BLOCK_M': 64, 'BLOCK_N': 64, 'BLOCK_K': 128, 'num_buffers': 5, 'STEALB': True}, num_warps=4
start 16384-16-16384
finish 16384-16-16384, (27/169) -> Dense: 48.95245658075933, Precomp: 83.29558933720021, Runtime: 47.3031322678871
  Dense   best config: {'BLOCK_M': 128, 'BLOCK_N': 64, 'BLOCK_K': 64, 'num_buffers': 5, 'STEALB': False}, num_warps=4
  Sparse  best config: {'BLOCK_M': 128, 'BLOCK_N': 64, 'BLOCK_K': 128, 'num_buffers': 5, 'STEALB': False}, num_warps=4
  Runtime best config: {'BLOCK_M': 128, 'BLOCK_N': 64, 'BLOCK_K': 64, 'num_buffers': 5, 'STEALB': False}, num_warps=4
start 32768-16-8192
finish 32768-16-8192, (28/169) -> Dense: 48.544034837046844, Precomp: 80.90714667648723, Runtime: 46.983702189828264
  Dense   best config: {'BLOCK_M': 128, 'BLOCK_N': 64, 'BLOCK_K': 128, 'num_buffers': 4, 'STEALB': True}, num_warps=4
  Sparse  best config: {'BLOCK_M': 128, 'BLOCK_N': 64, 'BLOCK_K': 128, 'num_buffers': 6, 'STEALB': False}, num_warps=4
  Runtime best config: {'BLOCK_M': 128, 'BLOCK_N': 64, 'BLOCK_K': 128, 'num_buffers': 3, 'STEALB': True}, num_warps=8
start 4096-16-49152
finish 4096-16-49152, (29/169) -> Dense: 42.1110922910563, Precomp: 53.525275191155494, Runtime: 33.15087633541987
  Dense   best config: {'BLOCK_M': 64, 'BLOCK_N': 64, 'BLOCK_K': 128, 'num_buffers': 6, 'STEALB': False}, num_warps=4
  Sparse  best config: {'BLOCK_M': 64, 'BLOCK_N': 64, 'BLOCK_K': 128, 'num_buffers': 6, 'STEALB': False}, num_warps=4
  Runtime best config: {'BLOCK_M': 64, 'BLOCK_N': 64, 'BLOCK_K': 256, 'num_buffers': 3, 'STEALB': True}, num_warps=4
start 6144-16-32768
finish 6144-16-32768, (30/169) -> Dense: 45.28157234654931, Precomp: 60.21315320973259, Runtime: 44.349818981087004
  Dense   best config: {'BLOCK_M': 64, 'BLOCK_N': 64, 'BLOCK_K': 64, 'num_buffers': 7, 'STEALB': False}, num_warps=4
  Sparse  best config: {'BLOCK_M': 128, 'BLOCK_N': 64, 'BLOCK_K': 128, 'num_buffers': 5, 'STEALB': False}, num_warps=4
  Runtime best config: {'BLOCK_M': 64, 'BLOCK_N': 64, 'BLOCK_K': 128, 'num_buffers': 6, 'STEALB': False}, num_warps=4
start 8192-16-24576
finish 8192-16-24576, (31/169) -> Dense: 47.567173553934225, Precomp: 76.03661480481885, Runtime: 45.60337285188049
  Dense   best config: {'BLOCK_M': 64, 'BLOCK_N': 64, 'BLOCK_K': 128, 'num_buffers': 6, 'STEALB': True}, num_warps=4
  Sparse  best config: {'BLOCK_M': 128, 'BLOCK_N': 64, 'BLOCK_K': 128, 'num_buffers': 6, 'STEALB': False}, num_warps=4
  Runtime best config: {'BLOCK_M': 64, 'BLOCK_N': 64, 'BLOCK_K': 128, 'num_buffers': 5, 'STEALB': True}, num_warps=4
start 12288-16-16384
finish 12288-16-16384, (32/169) -> Dense: 47.9358892715168, Precomp: 77.82711284066843, Runtime: 46.808801913048526
  Dense   best config: {'BLOCK_M': 128, 'BLOCK_N': 64, 'BLOCK_K': 64, 'num_buffers': 5, 'STEALB': False}, num_warps=4
  Sparse  best config: {'BLOCK_M': 128, 'BLOCK_N': 64, 'BLOCK_K': 128, 'num_buffers': 5, 'STEALB': False}, num_warps=4
  Runtime best config: {'BLOCK_M': 128, 'BLOCK_N': 64, 'BLOCK_K': 128, 'num_buffers': 4, 'STEALB': False}, num_warps=8
start 16384-16-12288
finish 16384-16-12288, (33/169) -> Dense: 48.46384879923423, Precomp: 81.15135368577864, Runtime: 46.840410795483514
  Dense   best config: {'BLOCK_M': 128, 'BLOCK_N': 64, 'BLOCK_K': 128, 'num_buffers': 4, 'STEALB': True}, num_warps=4
  Sparse  best config: {'BLOCK_M': 128, 'BLOCK_N': 64, 'BLOCK_K': 128, 'num_buffers': 5, 'STEALB': False}, num_warps=4
  Runtime best config: {'BLOCK_M': 128, 'BLOCK_N': 64, 'BLOCK_K': 128, 'num_buffers': 4, 'STEALB': False}, num_warps=8
start 24576-16-8192
finish 24576-16-8192, (34/169) -> Dense: 48.133330958126386, Precomp: 79.7257065643389, Runtime: 46.93274599774108
  Dense   best config: {'BLOCK_M': 128, 'BLOCK_N': 64, 'BLOCK_K': 128, 'num_buffers': 4, 'STEALB': False}, num_warps=4
  Sparse  best config: {'BLOCK_M': 128, 'BLOCK_N': 64, 'BLOCK_K': 128, 'num_buffers': 6, 'STEALB': True}, num_warps=4
  Runtime best config: {'BLOCK_M': 128, 'BLOCK_N': 64, 'BLOCK_K': 128, 'num_buffers': 4, 'STEALB': False}, num_warps=8
start 32768-16-6144
finish 32768-16-6144, (35/169) -> Dense: 47.86241867798066, Precomp: 79.92389998174639, Runtime: 46.18891206053393
  Dense   best config: {'BLOCK_M': 128, 'BLOCK_N': 64, 'BLOCK_K': 128, 'num_buffers': 4, 'STEALB': True}, num_warps=4
  Sparse  best config: {'BLOCK_M': 256, 'BLOCK_N': 64, 'BLOCK_K': 128, 'num_buffers': 3, 'STEALB': False}, num_warps=4
  Runtime best config: {'BLOCK_M': 128, 'BLOCK_N': 64, 'BLOCK_K': 128, 'num_buffers': 3, 'STEALB': False}, num_warps=8
start 49152-16-4096
finish 49152-16-4096, (36/169) -> Dense: 47.88204797122971, Precomp: 79.51606241518724, Runtime: 46.74619922195679
  Dense   best config: {'BLOCK_M': 128, 'BLOCK_N': 64, 'BLOCK_K': 128, 'num_buffers': 4, 'STEALB': True}, num_warps=4
  Sparse  best config: {'BLOCK_M': 128, 'BLOCK_N': 64, 'BLOCK_K': 128, 'num_buffers': 5, 'STEALB': False}, num_warps=4
  Runtime best config: {'BLOCK_M': 128, 'BLOCK_N': 64, 'BLOCK_K': 128, 'num_buffers': 3, 'STEALB': False}, num_warps=8
start 3072-16-49152
finish 3072-16-49152, (37/169) -> Dense: 32.223927079611734, Precomp: 40.738729346904755, Runtime: 25.32455730861753
  Dense   best config: {'BLOCK_M': 64, 'BLOCK_N': 64, 'BLOCK_K': 64, 'num_buffers': 7, 'STEALB': False}, num_warps=4
  Sparse  best config: {'BLOCK_M': 64, 'BLOCK_N': 64, 'BLOCK_K': 128, 'num_buffers': 7, 'STEALB': True}, num_warps=8
  Runtime best config: {'BLOCK_M': 64, 'BLOCK_N': 64, 'BLOCK_K': 256, 'num_buffers': 3, 'STEALB': True}, num_warps=4
start 6144-16-24576
finish 6144-16-24576, (38/169) -> Dense: 44.29644331563666, Precomp: 59.44555187029467, Runtime: 43.21322307952166
  Dense   best config: {'BLOCK_M': 64, 'BLOCK_N': 64, 'BLOCK_K': 128, 'num_buffers': 5, 'STEALB': False}, num_warps=4
  Sparse  best config: {'BLOCK_M': 128, 'BLOCK_N': 64, 'BLOCK_K': 128, 'num_buffers': 5, 'STEALB': False}, num_warps=4
  Runtime best config: {'BLOCK_M': 64, 'BLOCK_N': 64, 'BLOCK_K': 128, 'num_buffers': 6, 'STEALB': False}, num_warps=4
start 12288-16-12288
finish 12288-16-12288, (39/169) -> Dense: 46.708362978000956, Precomp: 75.26162889458183, Runtime: 45.61335820865978
  Dense   best config: {'BLOCK_M': 128, 'BLOCK_N': 64, 'BLOCK_K': 64, 'num_buffers': 5, 'STEALB': False}, num_warps=4
  Sparse  best config: {'BLOCK_M': 128, 'BLOCK_N': 64, 'BLOCK_K': 128, 'num_buffers': 4, 'STEALB': True}, num_warps=4
  Runtime best config: {'BLOCK_M': 128, 'BLOCK_N': 64, 'BLOCK_K': 128, 'num_buffers': 4, 'STEALB': False}, num_warps=8
start 24576-16-6144
finish 24576-16-6144, (40/169) -> Dense: 46.12208802116495, Precomp: 76.77148113009952, Runtime: 44.73537400084459
  Dense   best config: {'BLOCK_M': 64, 'BLOCK_N': 64, 'BLOCK_K': 128, 'num_buffers': 6, 'STEALB': False}, num_warps=4
  Sparse  best config: {'BLOCK_M': 256, 'BLOCK_N': 64, 'BLOCK_K': 64, 'num_buffers': 5, 'STEALB': False}, num_warps=4
  Runtime best config: {'BLOCK_M': 64, 'BLOCK_N': 64, 'BLOCK_K': 128, 'num_buffers': 6, 'STEALB': True}, num_warps=4
start 49152-16-3072
finish 49152-16-3072, (41/169) -> Dense: 46.85510871480636, Precomp: 76.95426054731705, Runtime: 45.0686457462256
  Dense   best config: {'BLOCK_M': 128, 'BLOCK_N': 64, 'BLOCK_K': 128, 'num_buffers': 4, 'STEALB': True}, num_warps=4
  Sparse  best config: {'BLOCK_M': 128, 'BLOCK_N': 64, 'BLOCK_K': 128, 'num_buffers': 6, 'STEALB': False}, num_warps=4
  Runtime best config: {'BLOCK_M': 128, 'BLOCK_N': 64, 'BLOCK_K': 128, 'num_buffers': 3, 'STEALB': False}, num_warps=8
start 4096-16-32768
finish 4096-16-32768, (42/169) -> Dense: 41.72284403483033, Precomp: 53.13457832498401, Runtime: 32.57334652781251
  Dense   best config: {'BLOCK_M': 64, 'BLOCK_N': 64, 'BLOCK_K': 128, 'num_buffers': 5, 'STEALB': False}, num_warps=4
  Sparse  best config: {'BLOCK_M': 64, 'BLOCK_N': 64, 'BLOCK_K': 128, 'num_buffers': 6, 'STEALB': False}, num_warps=4
  Runtime best config: {'BLOCK_M': 64, 'BLOCK_N': 64, 'BLOCK_K': 256, 'num_buffers': 3, 'STEALB': True}, num_warps=4
start 8192-16-16384
finish 8192-16-16384, (43/169) -> Dense: 47.269981803754014, Precomp: 74.09030228644619, Runtime: 45.19909335402923
  Dense   best config: {'BLOCK_M': 64, 'BLOCK_N': 64, 'BLOCK_K': 128, 'num_buffers': 6, 'STEALB': False}, num_warps=4
  Sparse  best config: {'BLOCK_M': 128, 'BLOCK_N': 64, 'BLOCK_K': 128, 'num_buffers': 6, 'STEALB': False}, num_warps=4
  Runtime best config: {'BLOCK_M': 64, 'BLOCK_N': 64, 'BLOCK_K': 128, 'num_buffers': 5, 'STEALB': False}, num_warps=4
start 16384-16-8192
finish 16384-16-8192, (44/169) -> Dense: 47.66187543728911, Precomp: 78.21878907990778, Runtime: 46.01765670203475
  Dense   best config: {'BLOCK_M': 128, 'BLOCK_N': 64, 'BLOCK_K': 128, 'num_buffers': 4, 'STEALB': True}, num_warps=4
  Sparse  best config: {'BLOCK_M': 128, 'BLOCK_N': 64, 'BLOCK_K': 128, 'num_buffers': 5, 'STEALB': False}, num_warps=4
  Runtime best config: {'BLOCK_M': 128, 'BLOCK_N': 64, 'BLOCK_K': 128, 'num_buffers': 4, 'STEALB': False}, num_warps=8
start 32768-16-4096
finish 32768-16-4096, (45/169) -> Dense: 47.07713195469092, Precomp: 77.87618244124276, Runtime: 45.38669691986547
  Dense   best config: {'BLOCK_M': 128, 'BLOCK_N': 64, 'BLOCK_K': 128, 'num_buffers': 4, 'STEALB': True}, num_warps=4
  Sparse  best config: {'BLOCK_M': 256, 'BLOCK_N': 64, 'BLOCK_K': 128, 'num_buffers': 3, 'STEALB': False}, num_warps=4
  Runtime best config: {'BLOCK_M': 128, 'BLOCK_N': 64, 'BLOCK_K': 128, 'num_buffers': 3, 'STEALB': False}, num_warps=8
start 2048-16-49152
finish 2048-16-49152, (46/169) -> Dense: 23.83087721791407, Precomp: 30.25625178616116, Runtime: 16.693987412999263
  Dense   best config: {'BLOCK_M': 64, 'BLOCK_N': 64, 'BLOCK_K': 64, 'num_buffers': 7, 'STEALB': True}, num_warps=4
  Sparse  best config: {'BLOCK_M': 64, 'BLOCK_N': 64, 'BLOCK_K': 128, 'num_buffers': 5, 'STEALB': True}, num_warps=8
  Runtime best config: {'BLOCK_M': 64, 'BLOCK_N': 64, 'BLOCK_K': 128, 'num_buffers': 4, 'STEALB': False}, num_warps=4
start 3072-16-32768
finish 3072-16-32768, (47/169) -> Dense: 31.898980980640825, Precomp: 41.20433512028125, Runtime: 24.81886283573251
  Dense   best config: {'BLOCK_M': 64, 'BLOCK_N': 64, 'BLOCK_K': 128, 'num_buffers': 6, 'STEALB': False}, num_warps=4
  Sparse  best config: {'BLOCK_M': 64, 'BLOCK_N': 64, 'BLOCK_K': 128, 'num_buffers': 7, 'STEALB': True}, num_warps=8
  Runtime best config: {'BLOCK_M': 64, 'BLOCK_N': 64, 'BLOCK_K': 256, 'num_buffers': 3, 'STEALB': True}, num_warps=4
start 4096-16-24576
finish 4096-16-24576, (48/169) -> Dense: 41.10688245012888, Precomp: 52.70313301707609, Runtime: 32.18901512828706
  Dense   best config: {'BLOCK_M': 64, 'BLOCK_N': 64, 'BLOCK_K': 128, 'num_buffers': 6, 'STEALB': True}, num_warps=4
  Sparse  best config: {'BLOCK_M': 64, 'BLOCK_N': 64, 'BLOCK_K': 128, 'num_buffers': 6, 'STEALB': False}, num_warps=4
  Runtime best config: {'BLOCK_M': 64, 'BLOCK_N': 64, 'BLOCK_K': 256, 'num_buffers': 3, 'STEALB': True}, num_warps=4
start 6144-16-16384
finish 6144-16-16384, (49/169) -> Dense: 43.340687841207206, Precomp: 58.77718756442406, Runtime: 42.55206343579125
  Dense   best config: {'BLOCK_M': 64, 'BLOCK_N': 64, 'BLOCK_K': 128, 'num_buffers': 5, 'STEALB': True}, num_warps=4
  Sparse  best config: {'BLOCK_M': 128, 'BLOCK_N': 64, 'BLOCK_K': 128, 'num_buffers': 5, 'STEALB': False}, num_warps=4
  Runtime best config: {'BLOCK_M': 64, 'BLOCK_N': 64, 'BLOCK_K': 128, 'num_buffers': 5, 'STEALB': False}, num_warps=4
start 8192-16-12288
finish 8192-16-12288, (50/169) -> Dense: 46.048766200401765, Precomp: 71.55959846192383, Runtime: 43.640319655800816
  Dense   best config: {'BLOCK_M': 64, 'BLOCK_N': 64, 'BLOCK_K': 128, 'num_buffers': 6, 'STEALB': False}, num_warps=4
  Sparse  best config: {'BLOCK_M': 128, 'BLOCK_N': 64, 'BLOCK_K': 128, 'num_buffers': 6, 'STEALB': False}, num_warps=4
  Runtime best config: {'BLOCK_M': 64, 'BLOCK_N': 64, 'BLOCK_K': 128, 'num_buffers': 5, 'STEALB': False}, num_warps=4
start 12288-16-8192
finish 12288-16-8192, (51/169) -> Dense: 46.249561695995055, Precomp: 74.01594276908676, Runtime: 44.3096988100333
  Dense   best config: {'BLOCK_M': 128, 'BLOCK_N': 64, 'BLOCK_K': 64, 'num_buffers': 5, 'STEALB': False}, num_warps=4
  Sparse  best config: {'BLOCK_M': 128, 'BLOCK_N': 64, 'BLOCK_K': 128, 'num_buffers': 5, 'STEALB': False}, num_warps=4
  Runtime best config: {'BLOCK_M': 128, 'BLOCK_N': 64, 'BLOCK_K': 128, 'num_buffers': 4, 'STEALB': True}, num_warps=8
start 16384-16-6144
finish 16384-16-6144, (52/169) -> Dense: 46.67836424408908, Precomp: 75.64581167136002, Runtime: 44.90601502076826
  Dense   best config: {'BLOCK_M': 128, 'BLOCK_N': 64, 'BLOCK_K': 128, 'num_buffers': 4, 'STEALB': True}, num_warps=4
  Sparse  best config: {'BLOCK_M': 128, 'BLOCK_N': 64, 'BLOCK_K': 128, 'num_buffers': 6, 'STEALB': False}, num_warps=4
  Runtime best config: {'BLOCK_M': 128, 'BLOCK_N': 64, 'BLOCK_K': 64, 'num_buffers': 5, 'STEALB': False}, num_warps=4
start 24576-16-4096
finish 24576-16-4096, (53/169) -> Dense: 44.487929308721746, Precomp: 75.29813102946657, Runtime: 43.01857122830686
  Dense   best config: {'BLOCK_M': 64, 'BLOCK_N': 64, 'BLOCK_K': 128, 'num_buffers': 6, 'STEALB': True}, num_warps=4
  Sparse  best config: {'BLOCK_M': 256, 'BLOCK_N': 64, 'BLOCK_K': 128, 'num_buffers': 3, 'STEALB': False}, num_warps=4
  Runtime best config: {'BLOCK_M': 128, 'BLOCK_N': 64, 'BLOCK_K': 128, 'num_buffers': 4, 'STEALB': True}, num_warps=8
start 32768-16-3072
finish 32768-16-3072, (54/169) -> Dense: 45.97925520192389, Precomp: 75.58255030328193, Runtime: 44.563555571778586
  Dense   best config: {'BLOCK_M': 128, 'BLOCK_N': 64, 'BLOCK_K': 128, 'num_buffers': 4, 'STEALB': True}, num_warps=4
  Sparse  best config: {'BLOCK_M': 256, 'BLOCK_N': 64, 'BLOCK_K': 128, 'num_buffers': 3, 'STEALB': False}, num_warps=4
  Runtime best config: {'BLOCK_M': 256, 'BLOCK_N': 64, 'BLOCK_K': 64, 'num_buffers': 4, 'STEALB': False}, num_warps=8
start 49152-16-2048
finish 49152-16-2048, (55/169) -> Dense: 45.54310987194654, Precomp: 74.42202842561537, Runtime: 44.380490339311265
  Dense   best config: {'BLOCK_M': 256, 'BLOCK_N': 64, 'BLOCK_K': 64, 'num_buffers': 4, 'STEALB': False}, num_warps=4
  Sparse  best config: {'BLOCK_M': 256, 'BLOCK_N': 64, 'BLOCK_K': 64, 'num_buffers': 6, 'STEALB': False}, num_warps=4
  Runtime best config: {'BLOCK_M': 256, 'BLOCK_N': 64, 'BLOCK_K': 64, 'num_buffers': 4, 'STEALB': False}, num_warps=8
start 1536-16-49152
finish 1536-16-49152, (56/169) -> Dense: 19.702092496869856, Precomp: 24.896184727187027, Runtime: 12.584709807356335
  Dense   best config: {'BLOCK_M': 64, 'BLOCK_N': 64, 'BLOCK_K': 128, 'num_buffers': 6, 'STEALB': True}, num_warps=8
  Sparse  best config: {'BLOCK_M': 64, 'BLOCK_N': 64, 'BLOCK_K': 128, 'num_buffers': 6, 'STEALB': False}, num_warps=8
  Runtime best config: {'BLOCK_M': 64, 'BLOCK_N': 64, 'BLOCK_K': 128, 'num_buffers': 4, 'STEALB': False}, num_warps=4
start 3072-16-24576
finish 3072-16-24576, (57/169) -> Dense: 31.81451317207069, Precomp: 40.54335161875744, Runtime: 24.679079442660676
  Dense   best config: {'BLOCK_M': 64, 'BLOCK_N': 64, 'BLOCK_K': 128, 'num_buffers': 5, 'STEALB': False}, num_warps=4
  Sparse  best config: {'BLOCK_M': 64, 'BLOCK_N': 64, 'BLOCK_K': 128, 'num_buffers': 5, 'STEALB': True}, num_warps=4
  Runtime best config: {'BLOCK_M': 64, 'BLOCK_N': 64, 'BLOCK_K': 256, 'num_buffers': 3, 'STEALB': True}, num_warps=4
start 6144-16-12288
finish 6144-16-12288, (58/169) -> Dense: 42.790410918120386, Precomp: 57.543293230981014, Runtime: 41.23999479653864
  Dense   best config: {'BLOCK_M': 64, 'BLOCK_N': 64, 'BLOCK_K': 128, 'num_buffers': 5, 'STEALB': True}, num_warps=4
  Sparse  best config: {'BLOCK_M': 128, 'BLOCK_N': 64, 'BLOCK_K': 128, 'num_buffers': 5, 'STEALB': True}, num_warps=4
  Runtime best config: {'BLOCK_M': 64, 'BLOCK_N': 64, 'BLOCK_K': 128, 'num_buffers': 5, 'STEALB': False}, num_warps=4
start 12288-16-6144
finish 12288-16-6144, (59/169) -> Dense: 44.51685135236874, Precomp: 70.545494445329, Runtime: 42.791862181435754
  Dense   best config: {'BLOCK_M': 128, 'BLOCK_N': 64, 'BLOCK_K': 64, 'num_buffers': 5, 'STEALB': False}, num_warps=4
  Sparse  best config: {'BLOCK_M': 128, 'BLOCK_N': 64, 'BLOCK_K': 128, 'num_buffers': 4, 'STEALB': True}, num_warps=4
  Runtime best config: {'BLOCK_M': 128, 'BLOCK_N': 64, 'BLOCK_K': 128, 'num_buffers': 4, 'STEALB': False}, num_warps=8
start 24576-16-3072
finish 24576-16-3072, (60/169) -> Dense: 44.32269863394071, Precomp: 71.33013467752608, Runtime: 42.7315532247773
  Dense   best config: {'BLOCK_M': 128, 'BLOCK_N': 64, 'BLOCK_K': 128, 'num_buffers': 4, 'STEALB': False}, num_warps=4
  Sparse  best config: {'BLOCK_M': 256, 'BLOCK_N': 64, 'BLOCK_K': 64, 'num_buffers': 5, 'STEALB': False}, num_warps=4
  Runtime best config: {'BLOCK_M': 128, 'BLOCK_N': 64, 'BLOCK_K': 128, 'num_buffers': 4, 'STEALB': False}, num_warps=8
start 49152-16-1536
finish 49152-16-1536, (61/169) -> Dense: 44.440319785353836, Precomp: 70.53294836167277, Runtime: 42.61871904258793
  Dense   best config: {'BLOCK_M': 128, 'BLOCK_N': 64, 'BLOCK_K': 128, 'num_buffers': 4, 'STEALB': True}, num_warps=4
  Sparse  best config: {'BLOCK_M': 256, 'BLOCK_N': 64, 'BLOCK_K': 64, 'num_buffers': 6, 'STEALB': False}, num_warps=4
  Runtime best config: {'BLOCK_M': 128, 'BLOCK_N': 64, 'BLOCK_K': 128, 'num_buffers': 4, 'STEALB': False}, num_warps=8
start 2048-16-32768
finish 2048-16-32768, (62/169) -> Dense: 23.498801450084976, Precomp: 29.942406433428935, Runtime: 16.514530567904202
  Dense   best config: {'BLOCK_M': 64, 'BLOCK_N': 64, 'BLOCK_K': 64, 'num_buffers': 7, 'STEALB': False}, num_warps=4
  Sparse  best config: {'BLOCK_M': 64, 'BLOCK_N': 64, 'BLOCK_K': 128, 'num_buffers': 6, 'STEALB': True}, num_warps=8
  Runtime best config: {'BLOCK_M': 64, 'BLOCK_N': 64, 'BLOCK_K': 128, 'num_buffers': 4, 'STEALB': False}, num_warps=4
start 4096-16-16384
finish 4096-16-16384, (63/169) -> Dense: 40.13590662202457, Precomp: 51.34300497030288, Runtime: 31.429476079289124
  Dense   best config: {'BLOCK_M': 64, 'BLOCK_N': 64, 'BLOCK_K': 128, 'num_buffers': 5, 'STEALB': False}, num_warps=4
  Sparse  best config: {'BLOCK_M': 64, 'BLOCK_N': 64, 'BLOCK_K': 128, 'num_buffers': 6, 'STEALB': False}, num_warps=4
  Runtime best config: {'BLOCK_M': 64, 'BLOCK_N': 64, 'BLOCK_K': 128, 'num_buffers': 5, 'STEALB': False}, num_warps=4
start 8192-16-8192
finish 8192-16-8192, (64/169) -> Dense: 44.42151636568199, Precomp: 68.62232140772564, Runtime: 42.189844920274275
  Dense   best config: {'BLOCK_M': 64, 'BLOCK_N': 64, 'BLOCK_K': 128, 'num_buffers': 6, 'STEALB': False}, num_warps=4
  Sparse  best config: {'BLOCK_M': 128, 'BLOCK_N': 64, 'BLOCK_K': 128, 'num_buffers': 6, 'STEALB': False}, num_warps=4
  Runtime best config: {'BLOCK_M': 64, 'BLOCK_N': 64, 'BLOCK_K': 128, 'num_buffers': 5, 'STEALB': False}, num_warps=4
start 16384-16-4096
finish 16384-16-4096, (65/169) -> Dense: 45.443701090770716, Precomp: 72.60302150079838, Runtime: 43.30922035808576
  Dense   best config: {'BLOCK_M': 128, 'BLOCK_N': 64, 'BLOCK_K': 128, 'num_buffers': 4, 'STEALB': True}, num_warps=4
  Sparse  best config: {'BLOCK_M': 128, 'BLOCK_N': 64, 'BLOCK_K': 128, 'num_buffers': 5, 'STEALB': False}, num_warps=4
  Runtime best config: {'BLOCK_M': 128, 'BLOCK_N': 64, 'BLOCK_K': 128, 'num_buffers': 4, 'STEALB': False}, num_warps=8
start 32768-16-2048
finish 32768-16-2048, (66/169) -> Dense: 44.53500449783503, Precomp: 72.28867754300603, Runtime: 42.86975444342576
  Dense   best config: {'BLOCK_M': 128, 'BLOCK_N': 64, 'BLOCK_K': 128, 'num_buffers': 4, 'STEALB': True}, num_warps=4
  Sparse  best config: {'BLOCK_M': 256, 'BLOCK_N': 64, 'BLOCK_K': 128, 'num_buffers': 3, 'STEALB': False}, num_warps=4
  Runtime best config: {'BLOCK_M': 128, 'BLOCK_N': 64, 'BLOCK_K': 128, 'num_buffers': 4, 'STEALB': True}, num_warps=8
start 1024-16-49152
finish 1024-16-49152, (67/169) -> Dense: 14.40352145763565, Precomp: 19.119779884593687, Runtime: 8.805586114396714
  Dense   best config: {'BLOCK_M': 64, 'BLOCK_N': 64, 'BLOCK_K': 128, 'num_buffers': 5, 'STEALB': True}, num_warps=4
  Sparse  best config: {'BLOCK_M': 64, 'BLOCK_N': 64, 'BLOCK_K': 128, 'num_buffers': 6, 'STEALB': True}, num_warps=4
  Runtime best config: {'BLOCK_M': 64, 'BLOCK_N': 64, 'BLOCK_K': 256, 'num_buffers': 3, 'STEALB': True}, num_warps=4
start 1536-16-32768
finish 1536-16-32768, (68/169) -> Dense: 19.61501362084924, Precomp: 24.620332470846083, Runtime: 12.476177277835832
  Dense   best config: {'BLOCK_M': 64, 'BLOCK_N': 64, 'BLOCK_K': 128, 'num_buffers': 6, 'STEALB': True}, num_warps=8
  Sparse  best config: {'BLOCK_M': 64, 'BLOCK_N': 64, 'BLOCK_K': 128, 'num_buffers': 5, 'STEALB': False}, num_warps=4
  Runtime best config: {'BLOCK_M': 64, 'BLOCK_N': 64, 'BLOCK_K': 128, 'num_buffers': 4, 'STEALB': False}, num_warps=4
start 2048-16-24576
finish 2048-16-24576, (69/169) -> Dense: 23.33551408599169, Precomp: 29.576770332672233, Runtime: 16.39623774534307
  Dense   best config: {'BLOCK_M': 64, 'BLOCK_N': 64, 'BLOCK_K': 64, 'num_buffers': 7, 'STEALB': False}, num_warps=4
  Sparse  best config: {'BLOCK_M': 64, 'BLOCK_N': 64, 'BLOCK_K': 128, 'num_buffers': 5, 'STEALB': False}, num_warps=4
  Runtime best config: {'BLOCK_M': 64, 'BLOCK_N': 64, 'BLOCK_K': 128, 'num_buffers': 4, 'STEALB': False}, num_warps=4
start 3072-16-16384
finish 3072-16-16384, (70/169) -> Dense: 31.09787673409911, Precomp: 39.714882410909134, Runtime: 23.935315474080127
  Dense   best config: {'BLOCK_M': 64, 'BLOCK_N': 64, 'BLOCK_K': 128, 'num_buffers': 5, 'STEALB': False}, num_warps=4
  Sparse  best config: {'BLOCK_M': 64, 'BLOCK_N': 64, 'BLOCK_K': 128, 'num_buffers': 5, 'STEALB': False}, num_warps=4
  Runtime best config: {'BLOCK_M': 64, 'BLOCK_N': 64, 'BLOCK_K': 128, 'num_buffers': 5, 'STEALB': False}, num_warps=4
start 4096-16-12288
finish 4096-16-12288, (71/169) -> Dense: 39.02164566744165, Precomp: 50.48611062498627, Runtime: 30.85337869308309
  Dense   best config: {'BLOCK_M': 64, 'BLOCK_N': 64, 'BLOCK_K': 128, 'num_buffers': 5, 'STEALB': False}, num_warps=4
  Sparse  best config: {'BLOCK_M': 64, 'BLOCK_N': 64, 'BLOCK_K': 128, 'num_buffers': 6, 'STEALB': False}, num_warps=4
  Runtime best config: {'BLOCK_M': 64, 'BLOCK_N': 64, 'BLOCK_K': 128, 'num_buffers': 5, 'STEALB': False}, num_warps=4
start 6144-16-8192
finish 6144-16-8192, (72/169) -> Dense: 41.05466018198048, Precomp: 55.70155394836484, Runtime: 39.334643768878074
  Dense   best config: {'BLOCK_M': 64, 'BLOCK_N': 64, 'BLOCK_K': 128, 'num_buffers': 4, 'STEALB': True}, num_warps=4
  Sparse  best config: {'BLOCK_M': 128, 'BLOCK_N': 64, 'BLOCK_K': 128, 'num_buffers': 5, 'STEALB': False}, num_warps=4
  Runtime best config: {'BLOCK_M': 64, 'BLOCK_N': 64, 'BLOCK_K': 128, 'num_buffers': 5, 'STEALB': False}, num_warps=4
start 8192-16-6144
finish 8192-16-6144, (73/169) -> Dense: 42.27511509358431, Precomp: 63.775981393170845, Runtime: 39.903211724056135
  Dense   best config: {'BLOCK_M': 64, 'BLOCK_N': 64, 'BLOCK_K': 128, 'num_buffers': 6, 'STEALB': False}, num_warps=4
  Sparse  best config: {'BLOCK_M': 128, 'BLOCK_N': 64, 'BLOCK_K': 128, 'num_buffers': 5, 'STEALB': False}, num_warps=4
  Runtime best config: {'BLOCK_M': 64, 'BLOCK_N': 64, 'BLOCK_K': 128, 'num_buffers': 5, 'STEALB': False}, num_warps=4
start 12288-16-4096
finish 12288-16-4096, (74/169) -> Dense: 43.242919603929636, Precomp: 65.87948976026838, Runtime: 40.67213062486662
  Dense   best config: {'BLOCK_M': 128, 'BLOCK_N': 64, 'BLOCK_K': 64, 'num_buffers': 5, 'STEALB': False}, num_warps=4
  Sparse  best config: {'BLOCK_M': 128, 'BLOCK_N': 64, 'BLOCK_K': 128, 'num_buffers': 4, 'STEALB': True}, num_warps=4
  Runtime best config: {'BLOCK_M': 128, 'BLOCK_N': 64, 'BLOCK_K': 128, 'num_buffers': 4, 'STEALB': False}, num_warps=8
start 16384-16-3072
finish 16384-16-3072, (75/169) -> Dense: 43.18963724801289, Precomp: 67.49209288177141, Runtime: 41.61397593869179
  Dense   best config: {'BLOCK_M': 128, 'BLOCK_N': 64, 'BLOCK_K': 64, 'num_buffers': 6, 'STEALB': False}, num_warps=4
  Sparse  best config: {'BLOCK_M': 128, 'BLOCK_N': 64, 'BLOCK_K': 128, 'num_buffers': 5, 'STEALB': False}, num_warps=4
  Runtime best config: {'BLOCK_M': 128, 'BLOCK_N': 64, 'BLOCK_K': 128, 'num_buffers': 4, 'STEALB': False}, num_warps=8
start 24576-16-2048
finish 24576-16-2048, (76/169) -> Dense: 42.33368748617144, Precomp: 66.87040722897223, Runtime: 41.109687524168834
  Dense   best config: {'BLOCK_M': 256, 'BLOCK_N': 64, 'BLOCK_K': 64, 'num_buffers': 4, 'STEALB': False}, num_warps=4
  Sparse  best config: {'BLOCK_M': 256, 'BLOCK_N': 64, 'BLOCK_K': 64, 'num_buffers': 5, 'STEALB': False}, num_warps=4
  Runtime best config: {'BLOCK_M': 256, 'BLOCK_N': 64, 'BLOCK_K': 64, 'num_buffers': 4, 'STEALB': False}, num_warps=8
start 32768-16-1536
finish 32768-16-1536, (77/169) -> Dense: 43.171452383596204, Precomp: 67.6358942406935, Runtime: 41.5818996645829
  Dense   best config: {'BLOCK_M': 256, 'BLOCK_N': 64, 'BLOCK_K': 64, 'num_buffers': 4, 'STEALB': False}, num_warps=4
  Sparse  best config: {'BLOCK_M': 256, 'BLOCK_N': 64, 'BLOCK_K': 64, 'num_buffers': 7, 'STEALB': False}, num_warps=4
  Runtime best config: {'BLOCK_M': 256, 'BLOCK_N': 64, 'BLOCK_K': 64, 'num_buffers': 4, 'STEALB': False}, num_warps=8
start 49152-16-1024
finish 49152-16-1024, (78/169) -> Dense: 42.88893570893358, Precomp: 67.01179932975305, Runtime: 41.32565402669861
  Dense   best config: {'BLOCK_M': 128, 'BLOCK_N': 64, 'BLOCK_K': 128, 'num_buffers': 4, 'STEALB': False}, num_warps=4
  Sparse  best config: {'BLOCK_M': 128, 'BLOCK_N': 64, 'BLOCK_K': 128, 'num_buffers': 5, 'STEALB': False}, num_warps=4
  Runtime best config: {'BLOCK_M': 128, 'BLOCK_N': 64, 'BLOCK_K': 128, 'num_buffers': 4, 'STEALB': False}, num_warps=8
start 768-16-49152
finish 768-16-49152, (79/169) -> Dense: 10.854322406509212, Precomp: 14.695125723247783, Runtime: 6.6191401317486696
  Dense   best config: {'BLOCK_M': 64, 'BLOCK_N': 64, 'BLOCK_K': 128, 'num_buffers': 5, 'STEALB': False}, num_warps=4
  Sparse  best config: {'BLOCK_M': 64, 'BLOCK_N': 64, 'BLOCK_K': 128, 'num_buffers': 6, 'STEALB': True}, num_warps=4
  Runtime best config: {'BLOCK_M': 64, 'BLOCK_N': 64, 'BLOCK_K': 256, 'num_buffers': 3, 'STEALB': True}, num_warps=4
start 1536-16-24576
finish 1536-16-24576, (80/169) -> Dense: 19.37488618548253, Precomp: 24.336571960847017, Runtime: 12.381301160775962
  Dense   best config: {'BLOCK_M': 64, 'BLOCK_N': 64, 'BLOCK_K': 128, 'num_buffers': 6, 'STEALB': True}, num_warps=8
  Sparse  best config: {'BLOCK_M': 64, 'BLOCK_N': 64, 'BLOCK_K': 128, 'num_buffers': 5, 'STEALB': False}, num_warps=4
  Runtime best config: {'BLOCK_M': 64, 'BLOCK_N': 64, 'BLOCK_K': 128, 'num_buffers': 4, 'STEALB': False}, num_warps=4
start 3072-16-12288
finish 3072-16-12288, (81/169) -> Dense: 30.63799427953414, Precomp: 38.384893021838664, Runtime: 23.26947298921885
  Dense   best config: {'BLOCK_M': 64, 'BLOCK_N': 64, 'BLOCK_K': 128, 'num_buffers': 6, 'STEALB': False}, num_warps=4
  Sparse  best config: {'BLOCK_M': 64, 'BLOCK_N': 64, 'BLOCK_K': 256, 'num_buffers': 4, 'STEALB': False}, num_warps=4
  Runtime best config: {'BLOCK_M': 64, 'BLOCK_N': 64, 'BLOCK_K': 128, 'num_buffers': 5, 'STEALB': False}, num_warps=4
start 6144-16-6144
finish 6144-16-6144, (82/169) -> Dense: 39.376822548601474, Precomp: 53.665482719364476, Runtime: 37.140937119184244
  Dense   best config: {'BLOCK_M': 64, 'BLOCK_N': 64, 'BLOCK_K': 128, 'num_buffers': 5, 'STEALB': False}, num_warps=4
  Sparse  best config: {'BLOCK_M': 128, 'BLOCK_N': 64, 'BLOCK_K': 128, 'num_buffers': 5, 'STEALB': False}, num_warps=4
  Runtime best config: {'BLOCK_M': 64, 'BLOCK_N': 64, 'BLOCK_K': 128, 'num_buffers': 5, 'STEALB': False}, num_warps=4
start 12288-16-3072
finish 12288-16-3072, (83/169) -> Dense: 40.99098686022033, Precomp: 67.4781403905764, Runtime: 38.077702259836364
  Dense   best config: {'BLOCK_M': 128, 'BLOCK_N': 64, 'BLOCK_K': 64, 'num_buffers': 6, 'STEALB': False}, num_warps=4
  Sparse  best config: {'BLOCK_M': 128, 'BLOCK_N': 64, 'BLOCK_K': 128, 'num_buffers': 4, 'STEALB': True}, num_warps=4
  Runtime best config: {'BLOCK_M': 128, 'BLOCK_N': 64, 'BLOCK_K': 128, 'num_buffers': 4, 'STEALB': False}, num_warps=8
start 24576-16-1536
finish 24576-16-1536, (84/169) -> Dense: 41.19007660872249, Precomp: 75.86379141070839, Runtime: 38.87277819125869
  Dense   best config: {'BLOCK_M': 256, 'BLOCK_N': 64, 'BLOCK_K': 64, 'num_buffers': 4, 'STEALB': False}, num_warps=4
  Sparse  best config: {'BLOCK_M': 256, 'BLOCK_N': 64, 'BLOCK_K': 128, 'num_buffers': 3, 'STEALB': False}, num_warps=4
  Runtime best config: {'BLOCK_M': 256, 'BLOCK_N': 64, 'BLOCK_K': 64, 'num_buffers': 4, 'STEALB': False}, num_warps=8
start 49152-16-768
finish 49152-16-768, (85/169) -> Dense: 40.71672829608584, Precomp: 74.25327232542986, Runtime: 39.48130092733557
  Dense   best config: {'BLOCK_M': 256, 'BLOCK_N': 64, 'BLOCK_K': 64, 'num_buffers': 4, 'STEALB': False}, num_warps=4
  Sparse  best config: {'BLOCK_M': 256, 'BLOCK_N': 64, 'BLOCK_K': 64, 'num_buffers': 6, 'STEALB': False}, num_warps=4
  Runtime best config: {'BLOCK_M': 128, 'BLOCK_N': 64, 'BLOCK_K': 128, 'num_buffers': 4, 'STEALB': False}, num_warps=8
start 1024-16-32768
finish 1024-16-32768, (86/169) -> Dense: 14.293425557676, Precomp: 18.74125689950629, Runtime: 8.72372142386687
  Dense   best config: {'BLOCK_M': 64, 'BLOCK_N': 64, 'BLOCK_K': 128, 'num_buffers': 5, 'STEALB': False}, num_warps=4
  Sparse  best config: {'BLOCK_M': 64, 'BLOCK_N': 64, 'BLOCK_K': 128, 'num_buffers': 6, 'STEALB': True}, num_warps=4
  Runtime best config: {'BLOCK_M': 64, 'BLOCK_N': 64, 'BLOCK_K': 256, 'num_buffers': 3, 'STEALB': True}, num_warps=4
start 2048-16-16384
finish 2048-16-16384, (87/169) -> Dense: 22.79001482075627, Precomp: 29.04485890853304, Runtime: 16.079893114576432
  Dense   best config: {'BLOCK_M': 64, 'BLOCK_N': 64, 'BLOCK_K': 64, 'num_buffers': 7, 'STEALB': False}, num_warps=4
  Sparse  best config: {'BLOCK_M': 64, 'BLOCK_N': 64, 'BLOCK_K': 128, 'num_buffers': 5, 'STEALB': True}, num_warps=8
  Runtime best config: {'BLOCK_M': 64, 'BLOCK_N': 64, 'BLOCK_K': 128, 'num_buffers': 4, 'STEALB': False}, num_warps=4
start 4096-16-8192
finish 4096-16-8192, (88/169) -> Dense: 36.83515806840921, Precomp: 47.290992513880646, Runtime: 29.3675132584583
  Dense   best config: {'BLOCK_M': 64, 'BLOCK_N': 64, 'BLOCK_K': 128, 'num_buffers': 5, 'STEALB': False}, num_warps=4
  Sparse  best config: {'BLOCK_M': 64, 'BLOCK_N': 64, 'BLOCK_K': 128, 'num_buffers': 5, 'STEALB': False}, num_warps=4
  Runtime best config: {'BLOCK_M': 64, 'BLOCK_N': 64, 'BLOCK_K': 128, 'num_buffers': 5, 'STEALB': False}, num_warps=4
start 8192-16-4096
finish 8192-16-4096, (89/169) -> Dense: 40.53018353970751, Precomp: 66.08971772542169, Runtime: 37.51151800023731
  Dense   best config: {'BLOCK_M': 128, 'BLOCK_N': 64, 'BLOCK_K': 128, 'num_buffers': 4, 'STEALB': False}, num_warps=4
  Sparse  best config: {'BLOCK_M': 128, 'BLOCK_N': 64, 'BLOCK_K': 128, 'num_buffers': 5, 'STEALB': False}, num_warps=4
  Runtime best config: {'BLOCK_M': 64, 'BLOCK_N': 64, 'BLOCK_K': 128, 'num_buffers': 6, 'STEALB': False}, num_warps=4
start 16384-16-2048
finish 16384-16-2048, (90/169) -> Dense: 41.715980207656976, Precomp: 76.67013354722116, Runtime: 39.29083819974448
  Dense   best config: {'BLOCK_M': 128, 'BLOCK_N': 64, 'BLOCK_K': 128, 'num_buffers': 4, 'STEALB': False}, num_warps=4
  Sparse  best config: {'BLOCK_M': 128, 'BLOCK_N': 64, 'BLOCK_K': 128, 'num_buffers': 5, 'STEALB': True}, num_warps=4
  Runtime best config: {'BLOCK_M': 128, 'BLOCK_N': 64, 'BLOCK_K': 128, 'num_buffers': 4, 'STEALB': False}, num_warps=8
start 32768-16-1024
finish 32768-16-1024, (91/169) -> Dense: 41.03330487850673, Precomp: 87.4837790095759, Runtime: 39.659171183926865
  Dense   best config: {'BLOCK_M': 128, 'BLOCK_N': 64, 'BLOCK_K': 128, 'num_buffers': 4, 'STEALB': False}, num_warps=4
  Sparse  best config: {'BLOCK_M': 256, 'BLOCK_N': 64, 'BLOCK_K': 64, 'num_buffers': 5, 'STEALB': False}, num_warps=4
  Runtime best config: {'BLOCK_M': 256, 'BLOCK_N': 64, 'BLOCK_K': 64, 'num_buffers': 4, 'STEALB': False}, num_warps=8
start 768-16-32768
finish 768-16-32768, (92/169) -> Dense: 10.748813868300488, Precomp: 14.700905171373005, Runtime: 6.572705720285083
  Dense   best config: {'BLOCK_M': 64, 'BLOCK_N': 64, 'BLOCK_K': 128, 'num_buffers': 6, 'STEALB': False}, num_warps=4
  Sparse  best config: {'BLOCK_M': 64, 'BLOCK_N': 64, 'BLOCK_K': 128, 'num_buffers': 6, 'STEALB': True}, num_warps=4
  Runtime best config: {'BLOCK_M': 64, 'BLOCK_N': 64, 'BLOCK_K': 256, 'num_buffers': 3, 'STEALB': True}, num_warps=4
start 1024-16-24576
finish 1024-16-24576, (93/169) -> Dense: 14.111211405379404, Precomp: 18.91623576833073, Runtime: 8.649715860961974
  Dense   best config: {'BLOCK_M': 64, 'BLOCK_N': 64, 'BLOCK_K': 128, 'num_buffers': 5, 'STEALB': False}, num_warps=4
  Sparse  best config: {'BLOCK_M': 64, 'BLOCK_N': 64, 'BLOCK_K': 128, 'num_buffers': 5, 'STEALB': True}, num_warps=4
  Runtime best config: {'BLOCK_M': 64, 'BLOCK_N': 64, 'BLOCK_K': 256, 'num_buffers': 3, 'STEALB': True}, num_warps=4
start 1536-16-16384
finish 1536-16-16384, (94/169) -> Dense: 18.915707941497068, Precomp: 24.015849877303474, Runtime: 12.175573510814273
  Dense   best config: {'BLOCK_M': 64, 'BLOCK_N': 64, 'BLOCK_K': 128, 'num_buffers': 6, 'STEALB': True}, num_warps=8
  Sparse  best config: {'BLOCK_M': 64, 'BLOCK_N': 64, 'BLOCK_K': 128, 'num_buffers': 7, 'STEALB': True}, num_warps=4
  Runtime best config: {'BLOCK_M': 64, 'BLOCK_N': 64, 'BLOCK_K': 128, 'num_buffers': 4, 'STEALB': False}, num_warps=4
start 2048-16-12288
finish 2048-16-12288, (95/169) -> Dense: 22.4017742784782, Precomp: 29.62930695694744, Runtime: 15.822901586213222
  Dense   best config: {'BLOCK_M': 64, 'BLOCK_N': 64, 'BLOCK_K': 128, 'num_buffers': 6, 'STEALB': False}, num_warps=4
  Sparse  best config: {'BLOCK_M': 64, 'BLOCK_N': 64, 'BLOCK_K': 128, 'num_buffers': 5, 'STEALB': False}, num_warps=8
  Runtime best config: {'BLOCK_M': 64, 'BLOCK_N': 64, 'BLOCK_K': 128, 'num_buffers': 4, 'STEALB': False}, num_warps=4
start 3072-16-8192
finish 3072-16-8192, (96/169) -> Dense: 29.880034822625223, Precomp: 37.39541084671694, Runtime: 22.72015343061497
  Dense   best config: {'BLOCK_M': 64, 'BLOCK_N': 64, 'BLOCK_K': 128, 'num_buffers': 5, 'STEALB': False}, num_warps=4
  Sparse  best config: {'BLOCK_M': 64, 'BLOCK_N': 64, 'BLOCK_K': 128, 'num_buffers': 5, 'STEALB': True}, num_warps=8
  Runtime best config: {'BLOCK_M': 64, 'BLOCK_N': 64, 'BLOCK_K': 128, 'num_buffers': 5, 'STEALB': False}, num_warps=4
start 4096-16-6144
finish 4096-16-6144, (97/169) -> Dense: 35.59365508701311, Precomp: 47.83018624302148, Runtime: 28.343626899236593
  Dense   best config: {'BLOCK_M': 64, 'BLOCK_N': 64, 'BLOCK_K': 128, 'num_buffers': 5, 'STEALB': False}, num_warps=4
  Sparse  best config: {'BLOCK_M': 64, 'BLOCK_N': 64, 'BLOCK_K': 128, 'num_buffers': 5, 'STEALB': False}, num_warps=4
  Runtime best config: {'BLOCK_M': 64, 'BLOCK_N': 64, 'BLOCK_K': 128, 'num_buffers': 5, 'STEALB': False}, num_warps=4
start 6144-16-4096
finish 6144-16-4096, (98/169) -> Dense: 36.382134803733656, Precomp: 52.12529952022839, Runtime: 33.74646626822095
  Dense   best config: {'BLOCK_M': 64, 'BLOCK_N': 64, 'BLOCK_K': 128, 'num_buffers': 5, 'STEALB': False}, num_warps=4
  Sparse  best config: {'BLOCK_M': 128, 'BLOCK_N': 64, 'BLOCK_K': 128, 'num_buffers': 4, 'STEALB': True}, num_warps=4
  Runtime best config: {'BLOCK_M': 64, 'BLOCK_N': 64, 'BLOCK_K': 128, 'num_buffers': 5, 'STEALB': False}, num_warps=4
start 8192-16-3072
finish 8192-16-3072, (99/169) -> Dense: 37.82838195680431, Precomp: 63.036065000583164, Runtime: 34.72354733597483
  Dense   best config: {'BLOCK_M': 64, 'BLOCK_N': 64, 'BLOCK_K': 128, 'num_buffers': 6, 'STEALB': False}, num_warps=4
  Sparse  best config: {'BLOCK_M': 128, 'BLOCK_N': 64, 'BLOCK_K': 128, 'num_buffers': 4, 'STEALB': True}, num_warps=4
  Runtime best config: {'BLOCK_M': 64, 'BLOCK_N': 64, 'BLOCK_K': 128, 'num_buffers': 5, 'STEALB': False}, num_warps=4
start 12288-16-2048
finish 12288-16-2048, (100/169) -> Dense: 38.14738415848956, Precomp: 65.90262057890848, Runtime: 35.1622804184076
  Dense   best config: {'BLOCK_M': 128, 'BLOCK_N': 64, 'BLOCK_K': 64, 'num_buffers': 6, 'STEALB': False}, num_warps=4
  Sparse  best config: {'BLOCK_M': 128, 'BLOCK_N': 64, 'BLOCK_K': 128, 'num_buffers': 5, 'STEALB': False}, num_warps=4
  Runtime best config: {'BLOCK_M': 128, 'BLOCK_N': 64, 'BLOCK_K': 128, 'num_buffers': 4, 'STEALB': True}, num_warps=8
start 16384-16-1536
finish 16384-16-1536, (101/169) -> Dense: 39.155580335046864, Precomp: 71.9506838406808, Runtime: 36.82886684711747
  Dense   best config: {'BLOCK_M': 128, 'BLOCK_N': 64, 'BLOCK_K': 128, 'num_buffers': 4, 'STEALB': False}, num_warps=4
  Sparse  best config: {'BLOCK_M': 256, 'BLOCK_N': 64, 'BLOCK_K': 64, 'num_buffers': 5, 'STEALB': False}, num_warps=4
  Runtime best config: {'BLOCK_M': 128, 'BLOCK_N': 64, 'BLOCK_K': 64, 'num_buffers': 6, 'STEALB': False}, num_warps=4
start 24576-16-1024
finish 24576-16-1024, (102/169) -> Dense: 38.2269115550104, Precomp: 75.81702538794288, Runtime: 36.454407827936464
  Dense   best config: {'BLOCK_M': 256, 'BLOCK_N': 64, 'BLOCK_K': 64, 'num_buffers': 3, 'STEALB': False}, num_warps=4
  Sparse  best config: {'BLOCK_M': 256, 'BLOCK_N': 64, 'BLOCK_K': 64, 'num_buffers': 5, 'STEALB': False}, num_warps=4
  Runtime best config: {'BLOCK_M': 256, 'BLOCK_N': 64, 'BLOCK_K': 64, 'num_buffers': 4, 'STEALB': False}, num_warps=8
start 32768-16-768
finish 32768-16-768, (103/169) -> Dense: 38.83666511354948, Precomp: 78.76762225841115, Runtime: 36.34451782546648
  Dense   best config: {'BLOCK_M': 128, 'BLOCK_N': 64, 'BLOCK_K': 128, 'num_buffers': 4, 'STEALB': False}, num_warps=4
  Sparse  best config: {'BLOCK_M': 256, 'BLOCK_N': 64, 'BLOCK_K': 64, 'num_buffers': 5, 'STEALB': False}, num_warps=4
  Runtime best config: {'BLOCK_M': 256, 'BLOCK_N': 64, 'BLOCK_K': 64, 'num_buffers': 3, 'STEALB': False}, num_warps=8
start 768-16-24576
finish 768-16-24576, (104/169) -> Dense: 10.732149669590001, Precomp: 14.86405711279028, Runtime: 6.605993854009054
  Dense   best config: {'BLOCK_M': 64, 'BLOCK_N': 64, 'BLOCK_K': 128, 'num_buffers': 5, 'STEALB': True}, num_warps=4
  Sparse  best config: {'BLOCK_M': 64, 'BLOCK_N': 64, 'BLOCK_K': 128, 'num_buffers': 6, 'STEALB': False}, num_warps=4
  Runtime best config: {'BLOCK_M': 64, 'BLOCK_N': 64, 'BLOCK_K': 256, 'num_buffers': 3, 'STEALB': True}, num_warps=4
start 1536-16-12288
finish 1536-16-12288, (105/169) -> Dense: 18.537559217089022, Precomp: 23.475287363051315, Runtime: 12.755530240215801
  Dense   best config: {'BLOCK_M': 64, 'BLOCK_N': 64, 'BLOCK_K': 128, 'num_buffers': 6, 'STEALB': True}, num_warps=8
  Sparse  best config: {'BLOCK_M': 64, 'BLOCK_N': 64, 'BLOCK_K': 128, 'num_buffers': 7, 'STEALB': True}, num_warps=4
  Runtime best config: {'BLOCK_M': 64, 'BLOCK_N': 64, 'BLOCK_K': 256, 'num_buffers': 3, 'STEALB': True}, num_warps=4
start 3072-16-6144
finish 3072-16-6144, (106/169) -> Dense: 29.35369200662395, Precomp: 36.69359422611585, Runtime: 22.54953998565111
  Dense   best config: {'BLOCK_M': 64, 'BLOCK_N': 64, 'BLOCK_K': 128, 'num_buffers': 5, 'STEALB': False}, num_warps=4
  Sparse  best config: {'BLOCK_M': 64, 'BLOCK_N': 64, 'BLOCK_K': 256, 'num_buffers': 4, 'STEALB': False}, num_warps=4
  Runtime best config: {'BLOCK_M': 64, 'BLOCK_N': 64, 'BLOCK_K': 256, 'num_buffers': 3, 'STEALB': True}, num_warps=4
start 6144-16-3072
finish 6144-16-3072, (107/169) -> Dense: 38.57928173793508, Precomp: 48.926876647066344, Runtime: 36.11176208425703
  Dense   best config: {'BLOCK_M': 64, 'BLOCK_N': 64, 'BLOCK_K': 128, 'num_buffers': 5, 'STEALB': False}, num_warps=4
  Sparse  best config: {'BLOCK_M': 128, 'BLOCK_N': 64, 'BLOCK_K': 128, 'num_buffers': 4, 'STEALB': True}, num_warps=4
  Runtime best config: {'BLOCK_M': 64, 'BLOCK_N': 64, 'BLOCK_K': 128, 'num_buffers': 5, 'STEALB': False}, num_warps=4
start 12288-16-1536
finish 12288-16-1536, (108/169) -> Dense: 46.94261457131567, Precomp: 60.64130421776665, Runtime: 40.84369713461713
  Dense   best config: {'BLOCK_M': 128, 'BLOCK_N': 64, 'BLOCK_K': 64, 'num_buffers': 7, 'STEALB': False}, num_warps=4
  Sparse  best config: {'BLOCK_M': 128, 'BLOCK_N': 64, 'BLOCK_K': 128, 'num_buffers': 5, 'STEALB': False}, num_warps=4
  Runtime best config: {'BLOCK_M': 128, 'BLOCK_N': 64, 'BLOCK_K': 128, 'num_buffers': 4, 'STEALB': False}, num_warps=8
start 24576-16-768
finish 24576-16-768, (109/169) -> Dense: 52.2334097562534, Precomp: 68.39912008725449, Runtime: 42.859668549918226
  Dense   best config: {'BLOCK_M': 256, 'BLOCK_N': 64, 'BLOCK_K': 64, 'num_buffers': 4, 'STEALB': False}, num_warps=4
  Sparse  best config: {'BLOCK_M': 256, 'BLOCK_N': 64, 'BLOCK_K': 64, 'num_buffers': 5, 'STEALB': False}, num_warps=4
  Runtime best config: {'BLOCK_M': 256, 'BLOCK_N': 64, 'BLOCK_K': 64, 'num_buffers': 4, 'STEALB': False}, num_warps=8
start 1024-16-16384
finish 1024-16-16384, (110/169) -> Dense: 13.849348841466051, Precomp: 18.693357832320004, Runtime: 8.685667333039365
  Dense   best config: {'BLOCK_M': 64, 'BLOCK_N': 64, 'BLOCK_K': 128, 'num_buffers': 5, 'STEALB': True}, num_warps=4
  Sparse  best config: {'BLOCK_M': 64, 'BLOCK_N': 64, 'BLOCK_K': 128, 'num_buffers': 6, 'STEALB': True}, num_warps=4
  Runtime best config: {'BLOCK_M': 64, 'BLOCK_N': 64, 'BLOCK_K': 256, 'num_buffers': 3, 'STEALB': True}, num_warps=4
start 2048-16-8192
finish 2048-16-8192, (111/169) -> Dense: 21.982345364715894, Precomp: 28.464255539583075, Runtime: 16.581095324648427
  Dense   best config: {'BLOCK_M': 64, 'BLOCK_N': 64, 'BLOCK_K': 64, 'num_buffers': 7, 'STEALB': False}, num_warps=4
  Sparse  best config: {'BLOCK_M': 64, 'BLOCK_N': 64, 'BLOCK_K': 128, 'num_buffers': 5, 'STEALB': False}, num_warps=8
  Runtime best config: {'BLOCK_M': 64, 'BLOCK_N': 64, 'BLOCK_K': 256, 'num_buffers': 3, 'STEALB': True}, num_warps=4
start 4096-16-4096
finish 4096-16-4096, (112/169) -> Dense: 36.017059749868416, Precomp: 44.48699299953714, Runtime: 29.11185677964711
  Dense   best config: {'BLOCK_M': 64, 'BLOCK_N': 64, 'BLOCK_K': 128, 'num_buffers': 4, 'STEALB': False}, num_warps=4
  Sparse  best config: {'BLOCK_M': 64, 'BLOCK_N': 64, 'BLOCK_K': 128, 'num_buffers': 5, 'STEALB': False}, num_warps=4
  Runtime best config: {'BLOCK_M': 64, 'BLOCK_N': 64, 'BLOCK_K': 256, 'num_buffers': 3, 'STEALB': True}, num_warps=4
start 8192-16-2048
finish 8192-16-2048, (113/169) -> Dense: 44.14406841487863, Precomp: 56.03718646603982, Runtime: 38.288401809089606
  Dense   best config: {'BLOCK_M': 128, 'BLOCK_N': 64, 'BLOCK_K': 128, 'num_buffers': 4, 'STEALB': True}, num_warps=4
  Sparse  best config: {'BLOCK_M': 128, 'BLOCK_N': 64, 'BLOCK_K': 128, 'num_buffers': 4, 'STEALB': True}, num_warps=4
  Runtime best config: {'BLOCK_M': 64, 'BLOCK_N': 64, 'BLOCK_K': 128, 'num_buffers': 5, 'STEALB': True}, num_warps=4
start 16384-16-1024
finish 16384-16-1024, (114/169) -> Dense: 49.811405871378575, Precomp: 62.86243557486007, Runtime: 43.24780042319668
  Dense   best config: {'BLOCK_M': 128, 'BLOCK_N': 64, 'BLOCK_K': 64, 'num_buffers': 5, 'STEALB': False}, num_warps=4
  Sparse  best config: {'BLOCK_M': 256, 'BLOCK_N': 64, 'BLOCK_K': 128, 'num_buffers': 3, 'STEALB': False}, num_warps=4
  Runtime best config: {'BLOCK_M': 128, 'BLOCK_N': 64, 'BLOCK_K': 64, 'num_buffers': 6, 'STEALB': False}, num_warps=4
start 768-16-16384
finish 768-16-16384, (115/169) -> Dense: 10.402920401567089, Precomp: 14.430719405679419, Runtime: 6.570227289233839
  Dense   best config: {'BLOCK_M': 64, 'BLOCK_N': 64, 'BLOCK_K': 128, 'num_buffers': 4, 'STEALB': False}, num_warps=8
  Sparse  best config: {'BLOCK_M': 64, 'BLOCK_N': 64, 'BLOCK_K': 128, 'num_buffers': 6, 'STEALB': False}, num_warps=4
  Runtime best config: {'BLOCK_M': 64, 'BLOCK_N': 64, 'BLOCK_K': 256, 'num_buffers': 3, 'STEALB': True}, num_warps=4
start 1024-16-12288
finish 1024-16-12288, (116/169) -> Dense: 13.79548725832437, Precomp: 18.19384105452496, Runtime: 8.597943416829596
  Dense   best config: {'BLOCK_M': 64, 'BLOCK_N': 64, 'BLOCK_K': 128, 'num_buffers': 6, 'STEALB': True}, num_warps=4
  Sparse  best config: {'BLOCK_M': 64, 'BLOCK_N': 64, 'BLOCK_K': 128, 'num_buffers': 6, 'STEALB': True}, num_warps=4
  Runtime best config: {'BLOCK_M': 64, 'BLOCK_N': 64, 'BLOCK_K': 256, 'num_buffers': 3, 'STEALB': True}, num_warps=4
start 1536-16-8192
finish 1536-16-8192, (117/169) -> Dense: 18.624709138156934, Precomp: 22.78619544738723, Runtime: 12.475123670294538
  Dense   best config: {'BLOCK_M': 64, 'BLOCK_N': 64, 'BLOCK_K': 64, 'num_buffers': 6, 'STEALB': False}, num_warps=4
  Sparse  best config: {'BLOCK_M': 64, 'BLOCK_N': 64, 'BLOCK_K': 128, 'num_buffers': 6, 'STEALB': False}, num_warps=4
  Runtime best config: {'BLOCK_M': 64, 'BLOCK_N': 64, 'BLOCK_K': 256, 'num_buffers': 3, 'STEALB': True}, num_warps=4
start 2048-16-6144
finish 2048-16-6144, (118/169) -> Dense: 21.573316882918697, Precomp: 26.502000741617625, Runtime: 16.107790196297177
  Dense   best config: {'BLOCK_M': 64, 'BLOCK_N': 64, 'BLOCK_K': 128, 'num_buffers': 5, 'STEALB': False}, num_warps=4
  Sparse  best config: {'BLOCK_M': 64, 'BLOCK_N': 64, 'BLOCK_K': 128, 'num_buffers': 5, 'STEALB': False}, num_warps=8
  Runtime best config: {'BLOCK_M': 64, 'BLOCK_N': 64, 'BLOCK_K': 256, 'num_buffers': 3, 'STEALB': True}, num_warps=4
start 3072-16-4096
finish 3072-16-4096, (119/169) -> Dense: 28.24792538393081, Precomp: 34.54240020070508, Runtime: 21.966859487441504
  Dense   best config: {'BLOCK_M': 64, 'BLOCK_N': 64, 'BLOCK_K': 128, 'num_buffers': 5, 'STEALB': False}, num_warps=4
  Sparse  best config: {'BLOCK_M': 64, 'BLOCK_N': 64, 'BLOCK_K': 128, 'num_buffers': 5, 'STEALB': False}, num_warps=4
  Runtime best config: {'BLOCK_M': 64, 'BLOCK_N': 64, 'BLOCK_K': 256, 'num_buffers': 3, 'STEALB': True}, num_warps=4
start 4096-16-3072
finish 4096-16-3072, (120/169) -> Dense: 34.460419041562396, Precomp: 41.439226292511655, Runtime: 27.078816183985246
  Dense   best config: {'BLOCK_M': 64, 'BLOCK_N': 64, 'BLOCK_K': 128, 'num_buffers': 5, 'STEALB': False}, num_warps=4
  Sparse  best config: {'BLOCK_M': 64, 'BLOCK_N': 64, 'BLOCK_K': 128, 'num_buffers': 5, 'STEALB': False}, num_warps=4
  Runtime best config: {'BLOCK_M': 64, 'BLOCK_N': 64, 'BLOCK_K': 256, 'num_buffers': 3, 'STEALB': True}, num_warps=4
start 6144-16-2048
finish 6144-16-2048, (121/169) -> Dense: 36.41941622588209, Precomp: 43.98697359311992, Runtime: 32.517635040732685
  Dense   best config: {'BLOCK_M': 64, 'BLOCK_N': 64, 'BLOCK_K': 128, 'num_buffers': 6, 'STEALB': False}, num_warps=4
  Sparse  best config: {'BLOCK_M': 128, 'BLOCK_N': 64, 'BLOCK_K': 128, 'num_buffers': 4, 'STEALB': True}, num_warps=4
  Runtime best config: {'BLOCK_M': 64, 'BLOCK_N': 64, 'BLOCK_K': 128, 'num_buffers': 5, 'STEALB': False}, num_warps=4
start 8192-16-1536
finish 8192-16-1536, (122/169) -> Dense: 41.552017789461985, Precomp: 50.72751819881764, Runtime: 34.92273529828957
  Dense   best config: {'BLOCK_M': 128, 'BLOCK_N': 64, 'BLOCK_K': 128, 'num_buffers': 4, 'STEALB': False}, num_warps=4
  Sparse  best config: {'BLOCK_M': 128, 'BLOCK_N': 64, 'BLOCK_K': 128, 'num_buffers': 4, 'STEALB': True}, num_warps=4
  Runtime best config: {'BLOCK_M': 64, 'BLOCK_N': 64, 'BLOCK_K': 128, 'num_buffers': 5, 'STEALB': False}, num_warps=4
start 12288-16-1024
finish 12288-16-1024, (123/169) -> Dense: 43.00652024132973, Precomp: 53.135710293730554, Runtime: 35.770879402505564
  Dense   best config: {'BLOCK_M': 128, 'BLOCK_N': 64, 'BLOCK_K': 64, 'num_buffers': 6, 'STEALB': False}, num_warps=4
  Sparse  best config: {'BLOCK_M': 128, 'BLOCK_N': 64, 'BLOCK_K': 128, 'num_buffers': 5, 'STEALB': False}, num_warps=4
  Runtime best config: {'BLOCK_M': 128, 'BLOCK_N': 64, 'BLOCK_K': 128, 'num_buffers': 4, 'STEALB': False}, num_warps=8
start 16384-16-768
finish 16384-16-768, (124/169) -> Dense: 44.7897994381584, Precomp: 57.11768453236166, Runtime: 38.95536917520756
  Dense   best config: {'BLOCK_M': 256, 'BLOCK_N': 64, 'BLOCK_K': 64, 'num_buffers': 4, 'STEALB': False}, num_warps=4
  Sparse  best config: {'BLOCK_M': 256, 'BLOCK_N': 64, 'BLOCK_K': 64, 'num_buffers': 5, 'STEALB': False}, num_warps=4
  Runtime best config: {'BLOCK_M': 128, 'BLOCK_N': 64, 'BLOCK_K': 64, 'num_buffers': 5, 'STEALB': False}, num_warps=4
start 768-16-12288
finish 768-16-12288, (125/169) -> Dense: 10.46016767994336, Precomp: 14.01559500170025, Runtime: 6.501190400127623
  Dense   best config: {'BLOCK_M': 64, 'BLOCK_N': 64, 'BLOCK_K': 128, 'num_buffers': 6, 'STEALB': True}, num_warps=4
  Sparse  best config: {'BLOCK_M': 64, 'BLOCK_N': 64, 'BLOCK_K': 128, 'num_buffers': 6, 'STEALB': False}, num_warps=4
  Runtime best config: {'BLOCK_M': 64, 'BLOCK_N': 64, 'BLOCK_K': 256, 'num_buffers': 3, 'STEALB': True}, num_warps=4
start 1536-16-6144
finish 1536-16-6144, (126/169) -> Dense: 17.929188714717608, Precomp: 21.850466172544586, Runtime: 12.122613983852927
  Dense   best config: {'BLOCK_M': 64, 'BLOCK_N': 64, 'BLOCK_K': 64, 'num_buffers': 6, 'STEALB': False}, num_warps=4
  Sparse  best config: {'BLOCK_M': 64, 'BLOCK_N': 64, 'BLOCK_K': 128, 'num_buffers': 5, 'STEALB': True}, num_warps=4
  Runtime best config: {'BLOCK_M': 64, 'BLOCK_N': 64, 'BLOCK_K': 256, 'num_buffers': 3, 'STEALB': True}, num_warps=4
start 3072-16-3072
finish 3072-16-3072, (127/169) -> Dense: 26.70658025613224, Precomp: 31.84409620504182, Runtime: 20.67011916980796
  Dense   best config: {'BLOCK_M': 64, 'BLOCK_N': 64, 'BLOCK_K': 128, 'num_buffers': 5, 'STEALB': False}, num_warps=4
  Sparse  best config: {'BLOCK_M': 64, 'BLOCK_N': 64, 'BLOCK_K': 128, 'num_buffers': 6, 'STEALB': False}, num_warps=4
  Runtime best config: {'BLOCK_M': 64, 'BLOCK_N': 64, 'BLOCK_K': 128, 'num_buffers': 4, 'STEALB': False}, num_warps=4
start 6144-16-1536
finish 6144-16-1536, (128/169) -> Dense: 33.06054806379171, Precomp: 40.57766085009976, Runtime: 29.112787845919453
  Dense   best config: {'BLOCK_M': 64, 'BLOCK_N': 64, 'BLOCK_K': 128, 'num_buffers': 5, 'STEALB': False}, num_warps=4
  Sparse  best config: {'BLOCK_M': 128, 'BLOCK_N': 64, 'BLOCK_K': 128, 'num_buffers': 4, 'STEALB': True}, num_warps=4
  Runtime best config: {'BLOCK_M': 64, 'BLOCK_N': 64, 'BLOCK_K': 128, 'num_buffers': 5, 'STEALB': False}, num_warps=4
start 12288-16-768
finish 12288-16-768, (129/169) -> Dense: 36.38427508350876, Precomp: 43.95925115443345, Runtime: 31.953009412460982
  Dense   best config: {'BLOCK_M': 128, 'BLOCK_N': 64, 'BLOCK_K': 64, 'num_buffers': 6, 'STEALB': False}, num_warps=4
  Sparse  best config: {'BLOCK_M': 256, 'BLOCK_N': 64, 'BLOCK_K': 64, 'num_buffers': 5, 'STEALB': False}, num_warps=4
  Runtime best config: {'BLOCK_M': 128, 'BLOCK_N': 64, 'BLOCK_K': 64, 'num_buffers': 5, 'STEALB': False}, num_warps=4
start 1024-16-8192
finish 1024-16-8192, (130/169) -> Dense: 13.32408731186185, Precomp: 17.215393385358244, Runtime: 8.368150730137458
  Dense   best config: {'BLOCK_M': 64, 'BLOCK_N': 64, 'BLOCK_K': 128, 'num_buffers': 6, 'STEALB': True}, num_warps=4
  Sparse  best config: {'BLOCK_M': 64, 'BLOCK_N': 64, 'BLOCK_K': 128, 'num_buffers': 6, 'STEALB': False}, num_warps=4
  Runtime best config: {'BLOCK_M': 64, 'BLOCK_N': 64, 'BLOCK_K': 256, 'num_buffers': 3, 'STEALB': True}, num_warps=4
start 2048-16-4096
finish 2048-16-4096, (131/169) -> Dense: 20.49937242906406, Precomp: 25.280246529914336, Runtime: 15.09390535061407
  Dense   best config: {'BLOCK_M': 64, 'BLOCK_N': 64, 'BLOCK_K': 64, 'num_buffers': 7, 'STEALB': False}, num_warps=4
  Sparse  best config: {'BLOCK_M': 64, 'BLOCK_N': 64, 'BLOCK_K': 128, 'num_buffers': 6, 'STEALB': False}, num_warps=4
  Runtime best config: {'BLOCK_M': 64, 'BLOCK_N': 64, 'BLOCK_K': 256, 'num_buffers': 3, 'STEALB': True}, num_warps=4
start 4096-16-2048
finish 4096-16-2048, (132/169) -> Dense: 31.169512771066913, Precomp: 36.59069427678594, Runtime: 24.614253041087657
  Dense   best config: {'BLOCK_M': 64, 'BLOCK_N': 64, 'BLOCK_K': 128, 'num_buffers': 4, 'STEALB': False}, num_warps=4
  Sparse  best config: {'BLOCK_M': 64, 'BLOCK_N': 64, 'BLOCK_K': 128, 'num_buffers': 5, 'STEALB': False}, num_warps=4
  Runtime best config: {'BLOCK_M': 64, 'BLOCK_N': 64, 'BLOCK_K': 128, 'num_buffers': 4, 'STEALB': False}, num_warps=4
start 8192-16-1024
finish 8192-16-1024, (133/169) -> Dense: 36.058369908607254, Precomp: 43.272015971720904, Runtime: 29.216724190347108
  Dense   best config: {'BLOCK_M': 128, 'BLOCK_N': 64, 'BLOCK_K': 128, 'num_buffers': 4, 'STEALB': False}, num_warps=4
  Sparse  best config: {'BLOCK_M': 128, 'BLOCK_N': 64, 'BLOCK_K': 128, 'num_buffers': 4, 'STEALB': True}, num_warps=4
  Runtime best config: {'BLOCK_M': 64, 'BLOCK_N': 64, 'BLOCK_K': 128, 'num_buffers': 5, 'STEALB': True}, num_warps=4
start 768-16-8192
finish 768-16-8192, (134/169) -> Dense: 10.069779316147608, Precomp: 13.341201819659442, Runtime: 6.330376235766981
  Dense   best config: {'BLOCK_M': 64, 'BLOCK_N': 64, 'BLOCK_K': 128, 'num_buffers': 4, 'STEALB': False}, num_warps=4
  Sparse  best config: {'BLOCK_M': 64, 'BLOCK_N': 64, 'BLOCK_K': 128, 'num_buffers': 6, 'STEALB': False}, num_warps=4
  Runtime best config: {'BLOCK_M': 64, 'BLOCK_N': 64, 'BLOCK_K': 256, 'num_buffers': 3, 'STEALB': True}, num_warps=4
start 1024-16-6144
finish 1024-16-6144, (135/169) -> Dense: 12.834657527178726, Precomp: 16.570542605451955, Runtime: 8.141462567173862
  Dense   best config: {'BLOCK_M': 64, 'BLOCK_N': 64, 'BLOCK_K': 128, 'num_buffers': 6, 'STEALB': True}, num_warps=4
  Sparse  best config: {'BLOCK_M': 64, 'BLOCK_N': 64, 'BLOCK_K': 128, 'num_buffers': 6, 'STEALB': False}, num_warps=4
  Runtime best config: {'BLOCK_M': 64, 'BLOCK_N': 64, 'BLOCK_K': 256, 'num_buffers': 3, 'STEALB': True}, num_warps=4
start 1536-16-4096
finish 1536-16-4096, (136/169) -> Dense: 16.586538719168168, Precomp: 20.132487316273338, Runtime: 11.517974741133767
  Dense   best config: {'BLOCK_M': 64, 'BLOCK_N': 64, 'BLOCK_K': 64, 'num_buffers': 6, 'STEALB': False}, num_warps=4
  Sparse  best config: {'BLOCK_M': 64, 'BLOCK_N': 64, 'BLOCK_K': 128, 'num_buffers': 4, 'STEALB': True}, num_warps=4
  Runtime best config: {'BLOCK_M': 64, 'BLOCK_N': 64, 'BLOCK_K': 256, 'num_buffers': 3, 'STEALB': True}, num_warps=4
start 2048-16-3072
finish 2048-16-3072, (137/169) -> Dense: 19.42133153889959, Precomp: 23.44207791331403, Runtime: 14.194197925512876
  Dense   best config: {'BLOCK_M': 64, 'BLOCK_N': 64, 'BLOCK_K': 128, 'num_buffers': 4, 'STEALB': False}, num_warps=4
  Sparse  best config: {'BLOCK_M': 64, 'BLOCK_N': 64, 'BLOCK_K': 128, 'num_buffers': 5, 'STEALB': False}, num_warps=4
  Runtime best config: {'BLOCK_M': 64, 'BLOCK_N': 64, 'BLOCK_K': 256, 'num_buffers': 3, 'STEALB': True}, num_warps=4
start 3072-16-2048
finish 3072-16-2048, (138/169) -> Dense: 24.28944651067835, Precomp: 28.25212682513208, Runtime: 18.812260914832045
  Dense   best config: {'BLOCK_M': 64, 'BLOCK_N': 64, 'BLOCK_K': 128, 'num_buffers': 5, 'STEALB': False}, num_warps=4
  Sparse  best config: {'BLOCK_M': 64, 'BLOCK_N': 64, 'BLOCK_K': 128, 'num_buffers': 4, 'STEALB': False}, num_warps=4
  Runtime best config: {'BLOCK_M': 64, 'BLOCK_N': 64, 'BLOCK_K': 128, 'num_buffers': 4, 'STEALB': False}, num_warps=4
start 4096-16-1536
finish 4096-16-1536, (139/169) -> Dense: 27.71556458649737, Precomp: 32.33458027088723, Runtime: 22.554038937590118
  Dense   best config: {'BLOCK_M': 64, 'BLOCK_N': 64, 'BLOCK_K': 128, 'num_buffers': 5, 'STEALB': False}, num_warps=4
  Sparse  best config: {'BLOCK_M': 64, 'BLOCK_N': 64, 'BLOCK_K': 128, 'num_buffers': 6, 'STEALB': False}, num_warps=4
  Runtime best config: {'BLOCK_M': 64, 'BLOCK_N': 64, 'BLOCK_K': 128, 'num_buffers': 4, 'STEALB': False}, num_warps=4
start 6144-16-1024
finish 6144-16-1024, (140/169) -> Dense: 29.358883552248447, Precomp: 34.25450781048717, Runtime: 24.301872897182157
  Dense   best config: {'BLOCK_M': 64, 'BLOCK_N': 64, 'BLOCK_K': 128, 'num_buffers': 5, 'STEALB': False}, num_warps=4
  Sparse  best config: {'BLOCK_M': 128, 'BLOCK_N': 64, 'BLOCK_K': 128, 'num_buffers': 4, 'STEALB': True}, num_warps=4
  Runtime best config: {'BLOCK_M': 64, 'BLOCK_N': 64, 'BLOCK_K': 128, 'num_buffers': 4, 'STEALB': False}, num_warps=4
start 8192-16-768
finish 8192-16-768, (141/169) -> Dense: 33.216064698477496, Precomp: 38.47687361406048, Runtime: 24.812815618509767
  Dense   best config: {'BLOCK_M': 128, 'BLOCK_N': 64, 'BLOCK_K': 128, 'num_buffers': 4, 'STEALB': False}, num_warps=4
  Sparse  best config: {'BLOCK_M': 128, 'BLOCK_N': 64, 'BLOCK_K': 128, 'num_buffers': 4, 'STEALB': True}, num_warps=4
  Runtime best config: {'BLOCK_M': 64, 'BLOCK_N': 64, 'BLOCK_K': 128, 'num_buffers': 5, 'STEALB': False}, num_warps=4
start 768-16-6144
finish 768-16-6144, (142/169) -> Dense: 9.809707755851244, Precomp: 12.704051889063692, Runtime: 6.175996690920794
  Dense   best config: {'BLOCK_M': 64, 'BLOCK_N': 64, 'BLOCK_K': 128, 'num_buffers': 4, 'STEALB': False}, num_warps=4
  Sparse  best config: {'BLOCK_M': 64, 'BLOCK_N': 64, 'BLOCK_K': 128, 'num_buffers': 5, 'STEALB': False}, num_warps=4
  Runtime best config: {'BLOCK_M': 64, 'BLOCK_N': 64, 'BLOCK_K': 256, 'num_buffers': 3, 'STEALB': True}, num_warps=4
start 1536-16-3072
finish 1536-16-3072, (143/169) -> Dense: 15.809751359180664, Precomp: 19.064071818072616, Runtime: 10.839774306435107
  Dense   best config: {'BLOCK_M': 64, 'BLOCK_N': 64, 'BLOCK_K': 128, 'num_buffers': 4, 'STEALB': False}, num_warps=4
  Sparse  best config: {'BLOCK_M': 64, 'BLOCK_N': 64, 'BLOCK_K': 128, 'num_buffers': 5, 'STEALB': True}, num_warps=4
  Runtime best config: {'BLOCK_M': 64, 'BLOCK_N': 64, 'BLOCK_K': 256, 'num_buffers': 3, 'STEALB': True}, num_warps=4
start 3072-16-1536
finish 3072-16-1536, (144/169) -> Dense: 22.12321460772323, Precomp: 25.389566691838684, Runtime: 17.334934373306062
  Dense   best config: {'BLOCK_M': 64, 'BLOCK_N': 64, 'BLOCK_K': 128, 'num_buffers': 4, 'STEALB': False}, num_warps=4
  Sparse  best config: {'BLOCK_M': 64, 'BLOCK_N': 64, 'BLOCK_K': 128, 'num_buffers': 6, 'STEALB': False}, num_warps=4
  Runtime best config: {'BLOCK_M': 64, 'BLOCK_N': 64, 'BLOCK_K': 128, 'num_buffers': 4, 'STEALB': False}, num_warps=4
start 6144-16-768
finish 6144-16-768, (145/169) -> Dense: 25.76443331539888, Precomp: 30.4873529091012, Runtime: 21.477118059680592
  Dense   best config: {'BLOCK_M': 128, 'BLOCK_N': 64, 'BLOCK_K': 128, 'num_buffers': 4, 'STEALB': False}, num_warps=4
  Sparse  best config: {'BLOCK_M': 128, 'BLOCK_N': 64, 'BLOCK_K': 128, 'num_buffers': 4, 'STEALB': True}, num_warps=4
  Runtime best config: {'BLOCK_M': 64, 'BLOCK_N': 64, 'BLOCK_K': 128, 'num_buffers': 4, 'STEALB': False}, num_warps=4
start 1024-16-4096
finish 1024-16-4096, (146/169) -> Dense: 12.166270759394921, Precomp: 15.075824115728421, Runtime: 7.7116218901454605
  Dense   best config: {'BLOCK_M': 64, 'BLOCK_N': 64, 'BLOCK_K': 128, 'num_buffers': 6, 'STEALB': True}, num_warps=4
  Sparse  best config: {'BLOCK_M': 64, 'BLOCK_N': 64, 'BLOCK_K': 128, 'num_buffers': 5, 'STEALB': False}, num_warps=4
  Runtime best config: {'BLOCK_M': 64, 'BLOCK_N': 64, 'BLOCK_K': 256, 'num_buffers': 3, 'STEALB': True}, num_warps=4
start 2048-16-2048
finish 2048-16-2048, (147/169) -> Dense: 17.707046648074332, Precomp: 20.614625448276353, Runtime: 12.818593900393237
  Dense   best config: {'BLOCK_M': 64, 'BLOCK_N': 64, 'BLOCK_K': 128, 'num_buffers': 4, 'STEALB': False}, num_warps=4
  Sparse  best config: {'BLOCK_M': 64, 'BLOCK_N': 64, 'BLOCK_K': 128, 'num_buffers': 5, 'STEALB': False}, num_warps=4
  Runtime best config: {'BLOCK_M': 64, 'BLOCK_N': 64, 'BLOCK_K': 128, 'num_buffers': 4, 'STEALB': False}, num_warps=4
start 4096-16-1024
finish 4096-16-1024, (148/169) -> Dense: 24.182165772031592, Precomp: 26.619516302264508, Runtime: 19.285899895407745
  Dense   best config: {'BLOCK_M': 64, 'BLOCK_N': 64, 'BLOCK_K': 128, 'num_buffers': 5, 'STEALB': False}, num_warps=4
  Sparse  best config: {'BLOCK_M': 64, 'BLOCK_N': 64, 'BLOCK_K': 128, 'num_buffers': 5, 'STEALB': False}, num_warps=4
  Runtime best config: {'BLOCK_M': 64, 'BLOCK_N': 64, 'BLOCK_K': 128, 'num_buffers': 4, 'STEALB': False}, num_warps=4
start 768-16-4096
finish 768-16-4096, (149/169) -> Dense: 9.3312041086144, Precomp: 11.63140775756173, Runtime: 5.86099904059066
  Dense   best config: {'BLOCK_M': 64, 'BLOCK_N': 64, 'BLOCK_K': 128, 'num_buffers': 4, 'STEALB': False}, num_warps=4
  Sparse  best config: {'BLOCK_M': 64, 'BLOCK_N': 64, 'BLOCK_K': 128, 'num_buffers': 5, 'STEALB': False}, num_warps=4
  Runtime best config: {'BLOCK_M': 64, 'BLOCK_N': 64, 'BLOCK_K': 256, 'num_buffers': 3, 'STEALB': True}, num_warps=4
start 1024-16-3072
finish 1024-16-3072, (150/169) -> Dense: 11.465535031209232, Precomp: 13.737309840748331, Runtime: 7.352345830303044
  Dense   best config: {'BLOCK_M': 64, 'BLOCK_N': 64, 'BLOCK_K': 128, 'num_buffers': 4, 'STEALB': False}, num_warps=4
  Sparse  best config: {'BLOCK_M': 64, 'BLOCK_N': 64, 'BLOCK_K': 128, 'num_buffers': 5, 'STEALB': False}, num_warps=4
  Runtime best config: {'BLOCK_M': 64, 'BLOCK_N': 64, 'BLOCK_K': 256, 'num_buffers': 3, 'STEALB': True}, num_warps=4
start 1536-16-2048
finish 1536-16-2048, (151/169) -> Dense: 14.266768414684952, Precomp: 16.772632817106008, Runtime: 9.751509907246707
  Dense   best config: {'BLOCK_M': 64, 'BLOCK_N': 64, 'BLOCK_K': 128, 'num_buffers': 4, 'STEALB': False}, num_warps=4
  Sparse  best config: {'BLOCK_M': 64, 'BLOCK_N': 64, 'BLOCK_K': 128, 'num_buffers': 5, 'STEALB': False}, num_warps=4
  Runtime best config: {'BLOCK_M': 64, 'BLOCK_N': 64, 'BLOCK_K': 128, 'num_buffers': 4, 'STEALB': False}, num_warps=4
start 2048-16-1536
finish 2048-16-1536, (152/169) -> Dense: 16.041279744502695, Precomp: 18.543732495359862, Runtime: 11.906996197865393
  Dense   best config: {'BLOCK_M': 64, 'BLOCK_N': 64, 'BLOCK_K': 128, 'num_buffers': 4, 'STEALB': False}, num_warps=4
  Sparse  best config: {'BLOCK_M': 64, 'BLOCK_N': 64, 'BLOCK_K': 128, 'num_buffers': 5, 'STEALB': False}, num_warps=4
  Runtime best config: {'BLOCK_M': 64, 'BLOCK_N': 64, 'BLOCK_K': 128, 'num_buffers': 4, 'STEALB': False}, num_warps=4
start 3072-16-1024
finish 3072-16-1024, (153/169) -> Dense: 19.49601854613053, Precomp: 21.287312645443535, Runtime: 14.90610935805575
  Dense   best config: {'BLOCK_M': 64, 'BLOCK_N': 64, 'BLOCK_K': 128, 'num_buffers': 5, 'STEALB': False}, num_warps=4
  Sparse  best config: {'BLOCK_M': 64, 'BLOCK_N': 64, 'BLOCK_K': 128, 'num_buffers': 5, 'STEALB': False}, num_warps=4
  Runtime best config: {'BLOCK_M': 64, 'BLOCK_N': 64, 'BLOCK_K': 128, 'num_buffers': 4, 'STEALB': False}, num_warps=4
start 4096-16-768
finish 4096-16-768, (154/169) -> Dense: 20.57761160755168, Precomp: 21.750722125853233, Runtime: 16.913968948694478
  Dense   best config: {'BLOCK_M': 64, 'BLOCK_N': 64, 'BLOCK_K': 128, 'num_buffers': 4, 'STEALB': False}, num_warps=4
  Sparse  best config: {'BLOCK_M': 64, 'BLOCK_N': 64, 'BLOCK_K': 128, 'num_buffers': 5, 'STEALB': False}, num_warps=4
  Runtime best config: {'BLOCK_M': 64, 'BLOCK_N': 64, 'BLOCK_K': 128, 'num_buffers': 4, 'STEALB': False}, num_warps=4
start 768-16-3072
finish 768-16-3072, (155/169) -> Dense: 8.823522471479638, Precomp: 10.65391233431857, Runtime: 5.556088938227264
  Dense   best config: {'BLOCK_M': 64, 'BLOCK_N': 64, 'BLOCK_K': 128, 'num_buffers': 4, 'STEALB': False}, num_warps=4
  Sparse  best config: {'BLOCK_M': 64, 'BLOCK_N': 64, 'BLOCK_K': 128, 'num_buffers': 5, 'STEALB': False}, num_warps=4
  Runtime best config: {'BLOCK_M': 64, 'BLOCK_N': 64, 'BLOCK_K': 256, 'num_buffers': 3, 'STEALB': True}, num_warps=4
start 1536-16-1536
finish 1536-16-1536, (156/169) -> Dense: 12.842551974567588, Precomp: 14.941453431071809, Runtime: 9.033751702864715
  Dense   best config: {'BLOCK_M': 64, 'BLOCK_N': 64, 'BLOCK_K': 128, 'num_buffers': 5, 'STEALB': False}, num_warps=4
  Sparse  best config: {'BLOCK_M': 64, 'BLOCK_N': 64, 'BLOCK_K': 128, 'num_buffers': 5, 'STEALB': False}, num_warps=4
  Runtime best config: {'BLOCK_M': 64, 'BLOCK_N': 64, 'BLOCK_K': 128, 'num_buffers': 4, 'STEALB': False}, num_warps=4
start 3072-16-768
finish 3072-16-768, (157/169) -> Dense: 16.95721354017771, Precomp: 17.953970027615934, Runtime: 13.110644552141535
  Dense   best config: {'BLOCK_M': 64, 'BLOCK_N': 64, 'BLOCK_K': 128, 'num_buffers': 4, 'STEALB': False}, num_warps=4
  Sparse  best config: {'BLOCK_M': 64, 'BLOCK_N': 64, 'BLOCK_K': 128, 'num_buffers': 4, 'STEALB': False}, num_warps=4
  Runtime best config: {'BLOCK_M': 64, 'BLOCK_N': 64, 'BLOCK_K': 128, 'num_buffers': 4, 'STEALB': False}, num_warps=4
start 1024-16-2048
finish 1024-16-2048, (158/169) -> Dense: 10.177088690349388, Precomp: 12.005043551753849, Runtime: 6.6507956795798355
  Dense   best config: {'BLOCK_M': 64, 'BLOCK_N': 64, 'BLOCK_K': 128, 'num_buffers': 4, 'STEALB': False}, num_warps=4
  Sparse  best config: {'BLOCK_M': 64, 'BLOCK_N': 64, 'BLOCK_K': 128, 'num_buffers': 5, 'STEALB': False}, num_warps=4
  Runtime best config: {'BLOCK_M': 64, 'BLOCK_N': 64, 'BLOCK_K': 128, 'num_buffers': 4, 'STEALB': False}, num_warps=4
start 2048-16-1024
finish 2048-16-1024, (159/169) -> Dense: 13.907524992061811, Precomp: 15.243152931410366, Runtime: 10.237437470630175
  Dense   best config: {'BLOCK_M': 64, 'BLOCK_N': 64, 'BLOCK_K': 128, 'num_buffers': 5, 'STEALB': False}, num_warps=4
  Sparse  best config: {'BLOCK_M': 64, 'BLOCK_N': 64, 'BLOCK_K': 128, 'num_buffers': 5, 'STEALB': False}, num_warps=4
  Runtime best config: {'BLOCK_M': 64, 'BLOCK_N': 64, 'BLOCK_K': 128, 'num_buffers': 4, 'STEALB': False}, num_warps=4
start 768-16-2048
finish 768-16-2048, (160/169) -> Dense: 7.919966012286997, Precomp: 9.234787133495345, Runtime: 5.018804031435988
  Dense   best config: {'BLOCK_M': 64, 'BLOCK_N': 64, 'BLOCK_K': 128, 'num_buffers': 4, 'STEALB': False}, num_warps=4
  Sparse  best config: {'BLOCK_M': 64, 'BLOCK_N': 64, 'BLOCK_K': 128, 'num_buffers': 4, 'STEALB': False}, num_warps=4
  Runtime best config: {'BLOCK_M': 64, 'BLOCK_N': 64, 'BLOCK_K': 128, 'num_buffers': 4, 'STEALB': False}, num_warps=4
start 1024-16-1536
finish 1024-16-1536, (161/169) -> Dense: 9.258490596037653, Precomp: 10.544165525595478, Runtime: 6.207200264795931
  Dense   best config: {'BLOCK_M': 64, 'BLOCK_N': 64, 'BLOCK_K': 128, 'num_buffers': 5, 'STEALB': False}, num_warps=4
  Sparse  best config: {'BLOCK_M': 64, 'BLOCK_N': 64, 'BLOCK_K': 128, 'num_buffers': 5, 'STEALB': False}, num_warps=4
  Runtime best config: {'BLOCK_M': 64, 'BLOCK_N': 64, 'BLOCK_K': 128, 'num_buffers': 4, 'STEALB': False}, num_warps=4
start 1536-16-1024
finish 1536-16-1024, (162/169) -> Dense: 10.936905606784839, Precomp: 12.00171835839566, Runtime: 7.905518818369723
  Dense   best config: {'BLOCK_M': 64, 'BLOCK_N': 64, 'BLOCK_K': 128, 'num_buffers': 5, 'STEALB': False}, num_warps=4
  Sparse  best config: {'BLOCK_M': 64, 'BLOCK_N': 64, 'BLOCK_K': 128, 'num_buffers': 4, 'STEALB': False}, num_warps=4
  Runtime best config: {'BLOCK_M': 64, 'BLOCK_N': 64, 'BLOCK_K': 128, 'num_buffers': 4, 'STEALB': False}, num_warps=4
start 2048-16-768
finish 2048-16-768, (163/169) -> Dense: 12.189631790166766, Precomp: 13.188333195183107, Runtime: 9.071372456251291
  Dense   best config: {'BLOCK_M': 64, 'BLOCK_N': 64, 'BLOCK_K': 128, 'num_buffers': 4, 'STEALB': False}, num_warps=4
  Sparse  best config: {'BLOCK_M': 64, 'BLOCK_N': 64, 'BLOCK_K': 128, 'num_buffers': 4, 'STEALB': False}, num_warps=4
  Runtime best config: {'BLOCK_M': 64, 'BLOCK_N': 64, 'BLOCK_K': 128, 'num_buffers': 4, 'STEALB': False}, num_warps=4
start 768-16-1536
finish 768-16-1536, (164/169) -> Dense: 7.180679989363281, Precomp: 8.156394191454286, Runtime: 4.68226112479616
  Dense   best config: {'BLOCK_M': 64, 'BLOCK_N': 64, 'BLOCK_K': 128, 'num_buffers': 4, 'STEALB': False}, num_warps=4
  Sparse  best config: {'BLOCK_M': 64, 'BLOCK_N': 64, 'BLOCK_K': 128, 'num_buffers': 4, 'STEALB': False}, num_warps=4
  Runtime best config: {'BLOCK_M': 64, 'BLOCK_N': 64, 'BLOCK_K': 128, 'num_buffers': 4, 'STEALB': False}, num_warps=4
start 1536-16-768
finish 1536-16-768, (165/169) -> Dense: 9.596744706175295, Precomp: 10.36856590796752, Runtime: 6.972180603450677
  Dense   best config: {'BLOCK_M': 64, 'BLOCK_N': 64, 'BLOCK_K': 128, 'num_buffers': 4, 'STEALB': False}, num_warps=4
  Sparse  best config: {'BLOCK_M': 64, 'BLOCK_N': 64, 'BLOCK_K': 128, 'num_buffers': 4, 'STEALB': False}, num_warps=4
  Runtime best config: {'BLOCK_M': 64, 'BLOCK_N': 64, 'BLOCK_K': 128, 'num_buffers': 4, 'STEALB': False}, num_warps=4
start 1024-16-1024
finish 1024-16-1024, (166/169) -> Dense: 7.684356899548039, Precomp: 8.55960312554029, Runtime: 5.43522794394166
  Dense   best config: {'BLOCK_M': 64, 'BLOCK_N': 64, 'BLOCK_K': 128, 'num_buffers': 4, 'STEALB': False}, num_warps=4
  Sparse  best config: {'BLOCK_M': 64, 'BLOCK_N': 64, 'BLOCK_K': 128, 'num_buffers': 5, 'STEALB': False}, num_warps=4
  Runtime best config: {'BLOCK_M': 64, 'BLOCK_N': 64, 'BLOCK_K': 128, 'num_buffers': 4, 'STEALB': False}, num_warps=4
start 768-16-1024
finish 768-16-1024, (167/169) -> Dense: 5.971116132462443, Precomp: 6.6523877420811965, Runtime: 4.134127601975677
  Dense   best config: {'BLOCK_M': 64, 'BLOCK_N': 64, 'BLOCK_K': 128, 'num_buffers': 4, 'STEALB': False}, num_warps=4
  Sparse  best config: {'BLOCK_M': 64, 'BLOCK_N': 64, 'BLOCK_K': 128, 'num_buffers': 4, 'STEALB': False}, num_warps=4
  Runtime best config: {'BLOCK_M': 64, 'BLOCK_N': 64, 'BLOCK_K': 128, 'num_buffers': 4, 'STEALB': False}, num_warps=4
start 1024-16-768
finish 1024-16-768, (168/169) -> Dense: 6.869908545544382, Precomp: 7.183879735071696, Runtime: 4.86391030666197
  Dense   best config: {'BLOCK_M': 64, 'BLOCK_N': 64, 'BLOCK_K': 128, 'num_buffers': 4, 'STEALB': False}, num_warps=4
  Sparse  best config: {'BLOCK_M': 64, 'BLOCK_N': 64, 'BLOCK_K': 128, 'num_buffers': 4, 'STEALB': False}, num_warps=4
  Runtime best config: {'BLOCK_M': 64, 'BLOCK_N': 64, 'BLOCK_K': 128, 'num_buffers': 4, 'STEALB': False}, num_warps=4
start 768-16-768
finish 768-16-768, (169/169) -> Dense: 5.247774297261846, Precomp: 5.606780611925092, Runtime: 3.68326324138736
  Dense   best config: {'BLOCK_M': 64, 'BLOCK_N': 64, 'BLOCK_K': 128, 'num_buffers': 4, 'STEALB': False}, num_warps=4
  Sparse  best config: {'BLOCK_M': 64, 'BLOCK_N': 64, 'BLOCK_K': 128, 'num_buffers': 4, 'STEALB': False}, num_warps=4
  Runtime best config: {'BLOCK_M': 64, 'BLOCK_N': 64, 'BLOCK_K': 128, 'num_buffers': 4, 'STEALB': False}, num_warps=4
0.8367298719659844

[INFO] Optimization charts successfully compiled and saved to 'Benchmark/v7.5/v7.5_16.png'
