INFO:    Setting 'NVIDIA_VISIBLE_DEVICES=all' to emulate legacy GPU binding.
INFO:    Setting --writable-tmpfs (required by nvidia-container-cli)

Starting manual autotuning search...
--------------------------------------------------------------------------------
[1/167] Shape 49152-16-49152:
  -> Best Dense   :   49.62 TFLOPS | Config: BM=128, BN= 64, BK=128, warps= 8, buffers=3
  -> Best Runtime :   39.81 TFLOPS | Config: BM=128, BN= 64, BK=128, warps= 4, buffers=3
  -> Best Precomp :   92.97 TFLOPS | Config: BM=128, BN= 64, BK=128, warps= 4, buffers=5
--------------------------------------------------------------------------------
[2/167] Shape 24576-16-49152:
  -> Best Dense   :   48.46 TFLOPS | Config: BM= 64, BN= 64, BK=128, warps= 4, buffers=4
  -> Best Runtime :   33.45 TFLOPS | Config: BM= 64, BN= 64, BK=128, warps= 4, buffers=5
  -> Best Precomp :   78.69 TFLOPS | Config: BM=128, BN= 64, BK=128, warps=16, buffers=6
--------------------------------------------------------------------------------
[3/167] Shape 49152-16-24576:
  -> Best Dense   :   48.87 TFLOPS | Config: BM=128, BN= 64, BK=128, warps= 4, buffers=3
  -> Best Runtime :   39.09 TFLOPS | Config: BM=128, BN= 64, BK=128, warps= 4, buffers=3
  -> Best Precomp :   89.96 TFLOPS | Config: BM=128, BN= 64, BK=128, warps= 4, buffers=5
--------------------------------------------------------------------------------
[4/167] Shape 32768-16-32768:
  -> Best Dense   :   49.07 TFLOPS | Config: BM=128, BN= 64, BK=128, warps= 4, buffers=3
  -> Best Runtime :   39.12 TFLOPS | Config: BM=128, BN= 64, BK=128, warps= 4, buffers=3
  -> Best Precomp :   90.83 TFLOPS | Config: BM=128, BN= 64, BK=128, warps= 4, buffers=4
--------------------------------------------------------------------------------
[5/167] Shape 16384-16-49152:
  -> Best Dense   :   48.53 TFLOPS | Config: BM=128, BN= 64, BK=128, warps= 8, buffers=4
  -> Best Runtime :   38.97 TFLOPS | Config: BM=128, BN= 64, BK=128, warps= 4, buffers=3
  -> Best Precomp :   90.60 TFLOPS | Config: BM=128, BN= 64, BK=128, warps= 4, buffers=5
--------------------------------------------------------------------------------
[6/167] Shape 24576-16-32768:
  -> Best Dense   :   48.11 TFLOPS | Config: BM= 64, BN= 64, BK=128, warps= 4, buffers=4
  -> Best Runtime :   33.53 TFLOPS | Config: BM= 64, BN= 64, BK=128, warps= 4, buffers=5
  -> Best Precomp :   78.18 TFLOPS | Config: BM=128, BN= 64, BK=128, warps= 4, buffers=6
--------------------------------------------------------------------------------
[7/167] Shape 32768-16-24576:
  -> Best Dense   :   48.17 TFLOPS | Config: BM=128, BN= 64, BK=128, warps= 8, buffers=3
  -> Best Runtime :   38.82 TFLOPS | Config: BM=128, BN= 64, BK=128, warps= 4, buffers=3
  -> Best Precomp :   88.50 TFLOPS | Config: BM=128, BN= 64, BK=128, warps= 4, buffers=5
--------------------------------------------------------------------------------
[8/167] Shape 49152-16-16384:
  -> Best Dense   :   48.51 TFLOPS | Config: BM=128, BN= 64, BK=128, warps= 8, buffers=3
  -> Best Runtime :   38.76 TFLOPS | Config: BM=128, BN= 64, BK=128, warps= 4, buffers=3
  -> Best Precomp :   88.73 TFLOPS | Config: BM=128, BN= 64, BK=128, warps= 4, buffers=4
--------------------------------------------------------------------------------
[9/167] Shape 12288-16-49152:
  -> Best Dense   :   47.07 TFLOPS | Config: BM=128, BN= 64, BK=128, warps=16, buffers=4
  -> Best Runtime :   29.59 TFLOPS | Config: BM=128, BN= 64, BK=128, warps= 4, buffers=3
  -> Best Precomp :   82.71 TFLOPS | Config: BM=128, BN= 64, BK=128, warps= 4, buffers=5
--------------------------------------------------------------------------------
[10/167] Shape 24576-16-24576:
  -> Best Dense   :   46.95 TFLOPS | Config: BM= 64, BN= 64, BK=128, warps= 4, buffers=5
  -> Best Runtime :   33.34 TFLOPS | Config: BM= 64, BN= 64, BK=128, warps= 4, buffers=5
  -> Best Precomp :   76.46 TFLOPS | Config: BM=128, BN= 64, BK=128, warps= 4, buffers=6
--------------------------------------------------------------------------------
[11/167] Shape 49152-16-12288:
  -> Best Dense   :   47.15 TFLOPS | Config: BM=128, BN= 64, BK=128, warps= 8, buffers=4
  -> Best Runtime :   38.27 TFLOPS | Config: BM=128, BN= 64, BK=128, warps= 4, buffers=3
  -> Best Precomp :   86.10 TFLOPS | Config: BM=128, BN= 64, BK=128, warps= 4, buffers=6
--------------------------------------------------------------------------------
[12/167] Shape 16384-16-32768:
  -> Best Dense   :   47.99 TFLOPS | Config: BM=128, BN= 64, BK=128, warps= 8, buffers=4
  -> Best Runtime :   38.57 TFLOPS | Config: BM=128, BN= 64, BK=128, warps= 4, buffers=3
  -> Best Precomp :   88.03 TFLOPS | Config: BM=128, BN= 64, BK=128, warps= 4, buffers=5
--------------------------------------------------------------------------------
[13/167] Shape 32768-16-16384:
  -> Best Dense   :   47.84 TFLOPS | Config: BM=128, BN= 64, BK=128, warps= 4, buffers=3
  -> Best Runtime :   38.35 TFLOPS | Config: BM=128, BN= 64, BK=128, warps= 4, buffers=3
  -> Best Precomp :   85.93 TFLOPS | Config: BM=128, BN= 64, BK=128, warps= 4, buffers=4
--------------------------------------------------------------------------------
[14/167] Shape 8192-16-49152:
  -> Best Dense   :   46.71 TFLOPS | Config: BM= 64, BN= 64, BK=128, warps= 4, buffers=6
  -> Best Runtime :   33.09 TFLOPS | Config: BM= 64, BN= 64, BK=128, warps= 4, buffers=5
  -> Best Precomp :   73.97 TFLOPS | Config: BM=128, BN= 64, BK=128, warps= 8, buffers=6
--------------------------------------------------------------------------------
[15/167] Shape 12288-16-32768:
  -> Best Dense   :   46.02 TFLOPS | Config: BM=128, BN= 64, BK=128, warps= 8, buffers=3
  -> Best Runtime :   29.12 TFLOPS | Config: BM=128, BN= 64, BK=128, warps= 4, buffers=3
  -> Best Precomp :   79.84 TFLOPS | Config: BM=128, BN= 64, BK=128, warps= 8, buffers=5
--------------------------------------------------------------------------------
[16/167] Shape 16384-16-24576:
  -> Best Dense   :   46.86 TFLOPS | Config: BM=128, BN= 64, BK=128, warps= 8, buffers=4
  -> Best Runtime :   38.11 TFLOPS | Config: BM=128, BN= 64, BK=128, warps= 4, buffers=3
  -> Best Precomp :   84.70 TFLOPS | Config: BM=128, BN= 64, BK=128, warps= 4, buffers=6
--------------------------------------------------------------------------------
[17/167] Shape 24576-16-16384:
  -> Best Dense   :   46.38 TFLOPS | Config: BM= 64, BN= 64, BK=128, warps= 4, buffers=4
  -> Best Runtime :   32.97 TFLOPS | Config: BM= 64, BN= 64, BK=128, warps= 4, buffers=5
  -> Best Precomp :   74.18 TFLOPS | Config: BM=128, BN= 64, BK=128, warps= 8, buffers=5
--------------------------------------------------------------------------------
[18/167] Shape 32768-16-12288:
  -> Best Dense   :   46.66 TFLOPS | Config: BM=128, BN= 64, BK=128, warps= 8, buffers=3
  -> Best Runtime :   37.78 TFLOPS | Config: BM=128, BN= 64, BK=128, warps= 4, buffers=3
  -> Best Precomp :   83.07 TFLOPS | Config: BM=128, BN= 64, BK=128, warps= 4, buffers=5
--------------------------------------------------------------------------------
[19/167] Shape 49152-16-8192:
  -> Best Dense   :   46.70 TFLOPS | Config: BM=128, BN= 64, BK=128, warps= 8, buffers=3
  -> Best Runtime :   37.61 TFLOPS | Config: BM=128, BN= 64, BK=128, warps= 4, buffers=3
  -> Best Precomp :   83.38 TFLOPS | Config: BM=128, BN= 64, BK=128, warps= 4, buffers=4
--------------------------------------------------------------------------------
[20/167] Shape 6144-16-49152:
  -> Best Dense   :   43.55 TFLOPS | Config: BM= 64, BN= 64, BK=128, warps= 4, buffers=5
  -> Best Runtime :   24.91 TFLOPS | Config: BM= 64, BN= 64, BK=128, warps= 4, buffers=5
  -> Best Precomp :   58.90 TFLOPS | Config: BM= 64, BN= 64, BK=128, warps= 4, buffers=7
--------------------------------------------------------------------------------
[21/167] Shape 12288-16-24576:
  -> Best Dense   :   44.70 TFLOPS | Config: BM=128, BN= 64, BK=128, warps=16, buffers=4
  -> Best Runtime :   29.04 TFLOPS | Config: BM=128, BN= 64, BK=128, warps= 4, buffers=3
  -> Best Precomp :   77.26 TFLOPS | Config: BM=128, BN= 64, BK=128, warps= 4, buffers=5
--------------------------------------------------------------------------------
[22/167] Shape 24576-16-12288:
  -> Best Dense   :   44.72 TFLOPS | Config: BM= 64, BN= 64, BK=128, warps= 4, buffers=5
  -> Best Runtime :   32.54 TFLOPS | Config: BM= 64, BN= 64, BK=128, warps= 4, buffers=5
  -> Best Precomp :   72.63 TFLOPS | Config: BM=128, BN= 64, BK=128, warps= 4, buffers=5
--------------------------------------------------------------------------------
[23/167] Shape 49152-16-6144:
  -> Best Dense   :   45.04 TFLOPS | Config: BM=128, BN= 64, BK=128, warps= 8, buffers=4
  -> Best Runtime :   36.79 TFLOPS | Config: BM=128, BN= 64, BK=128, warps= 4, buffers=3
  -> Best Precomp :   79.74 TFLOPS | Config: BM=128, BN= 64, BK=128, warps= 4, buffers=5
--------------------------------------------------------------------------------
[24/167] Shape 8192-16-32768:
  -> Best Dense   :   45.69 TFLOPS | Config: BM= 64, BN= 64, BK=128, warps= 4, buffers=6
  -> Best Runtime :   32.61 TFLOPS | Config: BM= 64, BN= 64, BK=128, warps= 4, buffers=5
  -> Best Precomp :   71.35 TFLOPS | Config: BM=128, BN= 64, BK=128, warps= 4, buffers=6
--------------------------------------------------------------------------------
[25/167] Shape 16384-16-16384:
  -> Best Dense   :   45.58 TFLOPS | Config: BM=128, BN= 64, BK=128, warps= 8, buffers=4
  -> Best Runtime :   37.13 TFLOPS | Config: BM=128, BN= 64, BK=128, warps= 4, buffers=3
  -> Best Precomp :   80.81 TFLOPS | Config: BM=128, BN= 64, BK=128, warps= 4, buffers=6
--------------------------------------------------------------------------------
[26/167] Shape 32768-16-8192:
  -> Best Dense   :   45.44 TFLOPS | Config: BM=128, BN= 64, BK=128, warps= 8, buffers=3
  -> Best Runtime :   36.64 TFLOPS | Config: BM=128, BN= 64, BK=128, warps= 4, buffers=3
  -> Best Precomp :   78.51 TFLOPS | Config: BM=128, BN= 64, BK=128, warps= 4, buffers=5
--------------------------------------------------------------------------------
[27/167] Shape 4096-16-49152:
  -> Best Dense   :   39.10 TFLOPS | Config: BM= 64, BN= 64, BK=128, warps= 4, buffers=6
  -> Best Runtime :   17.56 TFLOPS | Config: BM= 64, BN=128, BK=128, warps= 4, buffers=3
  -> Best Precomp :   51.16 TFLOPS | Config: BM= 64, BN= 64, BK=128, warps= 4, buffers=7
--------------------------------------------------------------------------------
[28/167] Shape 6144-16-32768:
  -> Best Dense   :   42.01 TFLOPS | Config: BM= 64, BN= 64, BK=128, warps= 4, buffers=5
  -> Best Runtime :   24.69 TFLOPS | Config: BM= 64, BN= 64, BK=128, warps= 4, buffers=5
  -> Best Precomp :   57.46 TFLOPS | Config: BM= 64, BN= 64, BK=128, warps= 4, buffers=7
--------------------------------------------------------------------------------
[29/167] Shape 8192-16-24576:
  -> Best Dense   :   43.51 TFLOPS | Config: BM= 64, BN= 64, BK=128, warps= 4, buffers=6
  -> Best Runtime :   32.09 TFLOPS | Config: BM= 64, BN= 64, BK=128, warps= 4, buffers=5
  -> Best Precomp :   69.20 TFLOPS | Config: BM=128, BN= 64, BK=128, warps= 4, buffers=6
--------------------------------------------------------------------------------
[30/167] Shape 12288-16-16384:
  -> Best Dense   :   43.26 TFLOPS | Config: BM=128, BN= 64, BK=128, warps= 8, buffers=3
  -> Best Runtime :   28.45 TFLOPS | Config: BM=128, BN= 64, BK=128, warps= 4, buffers=3
  -> Best Precomp :   72.75 TFLOPS | Config: BM=128, BN= 64, BK=128, warps= 8, buffers=5
--------------------------------------------------------------------------------
[31/167] Shape 16384-16-12288:
  -> Best Dense   :   43.85 TFLOPS | Config: BM=128, BN= 64, BK=128, warps= 8, buffers=4
  -> Best Runtime :   36.28 TFLOPS | Config: BM=128, BN= 64, BK=128, warps= 4, buffers=3
  -> Best Precomp :   76.16 TFLOPS | Config: BM=128, BN= 64, BK=128, warps= 4, buffers=6
--------------------------------------------------------------------------------
[32/167] Shape 24576-16-8192:
  -> Best Dense   :   43.32 TFLOPS | Config: BM= 64, BN= 64, BK=128, warps= 4, buffers=4
  -> Best Runtime :   31.82 TFLOPS | Config: BM= 64, BN= 64, BK=128, warps= 4, buffers=5
  -> Best Precomp :   68.62 TFLOPS | Config: BM=128, BN= 64, BK=128, warps= 4, buffers=5
--------------------------------------------------------------------------------
[33/167] Shape 32768-16-6144:
  -> Best Dense   :   43.41 TFLOPS | Config: BM=128, BN= 64, BK=128, warps= 4, buffers=3
  -> Best Runtime :   35.89 TFLOPS | Config: BM=128, BN= 64, BK=128, warps= 4, buffers=3
  -> Best Precomp :   74.75 TFLOPS | Config: BM=128, BN= 64, BK=128, warps= 4, buffers=5
--------------------------------------------------------------------------------
[34/167] Shape 49152-16-4096:
  -> Best Dense   :   43.72 TFLOPS | Config: BM=128, BN= 64, BK=128, warps= 4, buffers=4
  -> Best Runtime :   35.54 TFLOPS | Config: BM=128, BN= 64, BK=128, warps= 4, buffers=3
  -> Best Precomp :   74.46 TFLOPS | Config: BM=128, BN= 64, BK=128, warps= 4, buffers=5
--------------------------------------------------------------------------------
[35/167] Shape 3072-16-49152:
  -> Best Dense   :   30.51 TFLOPS | Config: BM= 64, BN= 64, BK=128, warps= 4, buffers=6
  -> Best Runtime :   13.22 TFLOPS | Config: BM= 64, BN=128, BK=128, warps= 4, buffers=3
  -> Best Precomp :   39.72 TFLOPS | Config: BM= 64, BN= 64, BK=128, warps= 4, buffers=7
--------------------------------------------------------------------------------
[36/167] Shape 6144-16-24576:
  -> Best Dense   :   40.28 TFLOPS | Config: BM= 64, BN= 64, BK=128, warps= 4, buffers=5
  -> Best Runtime :   24.38 TFLOPS | Config: BM= 64, BN= 64, BK=128, warps= 4, buffers=5
  -> Best Precomp :   55.67 TFLOPS | Config: BM=128, BN= 64, BK=128, warps= 4, buffers=6
--------------------------------------------------------------------------------
[37/167] Shape 12288-16-12288:
  -> Best Dense   :   40.98 TFLOPS | Config: BM=128, BN= 64, BK=128, warps= 4, buffers=3
  -> Best Runtime :   27.96 TFLOPS | Config: BM=128, BN= 64, BK=128, warps= 4, buffers=3
  -> Best Precomp :   68.61 TFLOPS | Config: BM=128, BN= 64, BK=128, warps= 4, buffers=5
--------------------------------------------------------------------------------
[38/167] Shape 24576-16-6144:
  -> Best Dense   :   41.19 TFLOPS | Config: BM= 64, BN= 64, BK=128, warps= 4, buffers=6
  -> Best Runtime :   31.04 TFLOPS | Config: BM= 64, BN= 64, BK=128, warps= 4, buffers=5
  -> Best Precomp :   65.46 TFLOPS | Config: BM=128, BN= 64, BK=128, warps= 4, buffers=5
--------------------------------------------------------------------------------
[39/167] Shape 49152-16-3072:
  -> Best Dense   :   41.57 TFLOPS | Config: BM=128, BN= 64, BK=128, warps= 4, buffers=3
  -> Best Runtime :   34.09 TFLOPS | Config: BM=128, BN= 64, BK=128, warps= 4, buffers=3
  -> Best Precomp :   69.84 TFLOPS | Config: BM=128, BN= 64, BK=128, warps= 4, buffers=6
--------------------------------------------------------------------------------
[40/167] Shape 4096-16-32768:
  -> Best Dense   :   37.66 TFLOPS | Config: BM= 64, BN= 64, BK=128, warps= 4, buffers=6
  -> Best Runtime :   17.31 TFLOPS | Config: BM= 64, BN=128, BK=128, warps= 4, buffers=3
  -> Best Precomp :   49.79 TFLOPS | Config: BM= 64, BN= 64, BK=128, warps= 4, buffers=7
--------------------------------------------------------------------------------
[41/167] Shape 8192-16-16384:
  -> Best Dense   :   41.49 TFLOPS | Config: BM= 64, BN= 64, BK=128, warps= 4, buffers=6
  -> Best Runtime :   31.17 TFLOPS | Config: BM= 64, BN= 64, BK=128, warps= 4, buffers=5
  -> Best Precomp :   64.28 TFLOPS | Config: BM=128, BN= 64, BK=128, warps= 4, buffers=6
--------------------------------------------------------------------------------
[42/167] Shape 16384-16-8192:
  -> Best Dense   :   41.53 TFLOPS | Config: BM=128, BN= 64, BK=128, warps= 8, buffers=4
  -> Best Runtime :   34.69 TFLOPS | Config: BM=128, BN= 64, BK=128, warps= 4, buffers=3
  -> Best Precomp :   69.00 TFLOPS | Config: BM=128, BN= 64, BK=128, warps= 4, buffers=6
--------------------------------------------------------------------------------
[43/167] Shape 32768-16-4096:
  -> Best Dense   :   41.17 TFLOPS | Config: BM=128, BN= 64, BK=128, warps= 8, buffers=4
  -> Best Runtime :   34.22 TFLOPS | Config: BM=128, BN= 64, BK=128, warps= 4, buffers=3
  -> Best Precomp :   68.21 TFLOPS | Config: BM=128, BN= 64, BK=128, warps= 4, buffers=6
--------------------------------------------------------------------------------
[44/167] Shape 2048-16-49152:
  -> Best Dense   :   22.55 TFLOPS | Config: BM= 64, BN= 64, BK=128, warps= 4, buffers=6
  -> Best Runtime :    8.67 TFLOPS | Config: BM= 64, BN=128, BK=128, warps= 4, buffers=3
  -> Best Precomp :   29.46 TFLOPS | Config: BM= 64, BN= 64, BK=128, warps= 4, buffers=7
--------------------------------------------------------------------------------
[45/167] Shape 3072-16-32768:
  -> Best Dense   :   29.82 TFLOPS | Config: BM= 64, BN= 64, BK=128, warps= 4, buffers=6
  -> Best Runtime :   13.06 TFLOPS | Config: BM= 64, BN=128, BK=128, warps= 4, buffers=3
  -> Best Precomp :   39.00 TFLOPS | Config: BM= 64, BN= 64, BK=128, warps= 4, buffers=7
--------------------------------------------------------------------------------
[46/167] Shape 4096-16-24576:
  -> Best Dense   :   35.83 TFLOPS | Config: BM= 64, BN= 64, BK=128, warps= 4, buffers=6
  -> Best Runtime :   16.95 TFLOPS | Config: BM= 64, BN=128, BK=128, warps= 4, buffers=3
  -> Best Precomp :   47.16 TFLOPS | Config: BM= 64, BN= 64, BK=128, warps= 4, buffers=7
--------------------------------------------------------------------------------
[47/167] Shape 6144-16-16384:
  -> Best Dense   :   37.59 TFLOPS | Config: BM= 64, BN= 64, BK=128, warps= 4, buffers=5
  -> Best Runtime :   23.84 TFLOPS | Config: BM= 64, BN= 64, BK=128, warps= 4, buffers=5
  -> Best Precomp :   52.29 TFLOPS | Config: BM=128, BN= 64, BK=128, warps= 4, buffers=6
--------------------------------------------------------------------------------
[48/167] Shape 8192-16-12288:
  -> Best Dense   :   38.82 TFLOPS | Config: BM= 64, BN= 64, BK=128, warps= 4, buffers=6
  -> Best Runtime :   30.33 TFLOPS | Config: BM= 64, BN= 64, BK=128, warps= 4, buffers=5
  -> Best Precomp :   60.07 TFLOPS | Config: BM=128, BN= 64, BK=128, warps= 4, buffers=6
--------------------------------------------------------------------------------
[49/167] Shape 12288-16-8192:
  -> Best Dense   :   38.46 TFLOPS | Config: BM=128, BN= 64, BK=128, warps= 4, buffers=3
  -> Best Runtime :   26.97 TFLOPS | Config: BM=128, BN= 64, BK=128, warps= 4, buffers=3
  -> Best Precomp :   61.97 TFLOPS | Config: BM=128, BN= 64, BK=128, warps= 4, buffers=5
--------------------------------------------------------------------------------
[50/167] Shape 16384-16-6144:
  -> Best Dense   :   39.02 TFLOPS | Config: BM=128, BN= 64, BK=128, warps= 4, buffers=3
  -> Best Runtime :   33.41 TFLOPS | Config: BM=128, BN= 64, BK=128, warps= 4, buffers=4
  -> Best Precomp :   63.12 TFLOPS | Config: BM=128, BN= 64, BK=128, warps= 4, buffers=5
--------------------------------------------------------------------------------
[51/167] Shape 24576-16-4096:
  -> Best Dense   :   38.52 TFLOPS | Config: BM= 64, BN= 64, BK=128, warps= 4, buffers=6
  -> Best Runtime :   29.70 TFLOPS | Config: BM= 64, BN= 64, BK=128, warps= 4, buffers=5
  -> Best Precomp :   59.83 TFLOPS | Config: BM=128, BN= 64, BK=128, warps= 4, buffers=5
--------------------------------------------------------------------------------
[52/167] Shape 32768-16-3072:
  -> Best Dense   :   38.87 TFLOPS | Config: BM=128, BN= 64, BK=128, warps= 8, buffers=3
  -> Best Runtime :   32.55 TFLOPS | Config: BM=128, BN= 64, BK=128, warps= 4, buffers=3
  -> Best Precomp :   62.58 TFLOPS | Config: BM=128, BN= 64, BK=128, warps= 4, buffers=5
--------------------------------------------------------------------------------
[53/167] Shape 49152-16-2048:
  -> Best Dense   :   38.80 TFLOPS | Config: BM=128, BN= 64, BK=128, warps= 8, buffers=3
  -> Best Runtime :   31.97 TFLOPS | Config: BM=128, BN= 64, BK=128, warps= 4, buffers=3
  -> Best Precomp :   63.16 TFLOPS | Config: BM=128, BN= 64, BK=128, warps= 4, buffers=5
--------------------------------------------------------------------------------
[54/167] Shape 1536-16-49152:
  -> Best Dense   :   18.63 TFLOPS | Config: BM= 64, BN= 64, BK=128, warps= 4, buffers=6
  -> Best Runtime :    6.43 TFLOPS | Config: BM= 64, BN=128, BK=128, warps= 4, buffers=3
  -> Best Precomp :   24.55 TFLOPS | Config: BM= 64, BN= 64, BK=128, warps= 4, buffers=7
--------------------------------------------------------------------------------
[55/167] Shape 3072-16-24576:
  -> Best Dense   :   28.70 TFLOPS | Config: BM= 64, BN= 64, BK=128, warps= 4, buffers=6
  -> Best Runtime :   12.82 TFLOPS | Config: BM= 64, BN=128, BK=128, warps= 4, buffers=3
  -> Best Precomp :   38.07 TFLOPS | Config: BM= 64, BN= 64, BK=128, warps= 4, buffers=7
--------------------------------------------------------------------------------
[56/167] Shape 6144-16-12288:
  -> Best Dense   :   34.97 TFLOPS | Config: BM= 64, BN= 64, BK=128, warps= 4, buffers=5
  -> Best Runtime :   23.31 TFLOPS | Config: BM= 64, BN= 64, BK=128, warps= 4, buffers=5
  -> Best Precomp :   50.01 TFLOPS | Config: BM= 64, BN= 64, BK=128, warps= 4, buffers=7
--------------------------------------------------------------------------------
[57/167] Shape 12288-16-6144:
  -> Best Dense   :   35.81 TFLOPS | Config: BM=128, BN= 64, BK=128, warps= 4, buffers=3
  -> Best Runtime :   26.03 TFLOPS | Config: BM=128, BN= 64, BK=128, warps= 4, buffers=3
  -> Best Precomp :   56.46 TFLOPS | Config: BM=128, BN= 64, BK=128, warps= 4, buffers=5
--------------------------------------------------------------------------------
[58/167] Shape 24576-16-3072:
  -> Best Dense   :   35.92 TFLOPS | Config: BM= 64, BN= 64, BK=128, warps= 4, buffers=5
  -> Best Runtime :   28.54 TFLOPS | Config: BM= 64, BN= 64, BK=128, warps= 4, buffers=5
  -> Best Precomp :   55.06 TFLOPS | Config: BM=128, BN= 64, BK=128, warps= 4, buffers=5
--------------------------------------------------------------------------------
[59/167] Shape 49152-16-1536:
  -> Best Dense   :   36.10 TFLOPS | Config: BM=128, BN= 64, BK=128, warps= 8, buffers=4
  -> Best Runtime :   30.03 TFLOPS | Config: BM=128, BN= 64, BK=128, warps= 4, buffers=3
  -> Best Precomp :   56.72 TFLOPS | Config: BM=128, BN= 64, BK=128, warps= 4, buffers=6
--------------------------------------------------------------------------------
[60/167] Shape 2048-16-32768:
  -> Best Dense   :   22.16 TFLOPS | Config: BM= 64, BN= 64, BK=128, warps= 4, buffers=6
  -> Best Runtime :    8.58 TFLOPS | Config: BM= 64, BN=128, BK=128, warps= 4, buffers=3
  -> Best Precomp :   29.05 TFLOPS | Config: BM= 64, BN= 64, BK=128, warps= 4, buffers=7
--------------------------------------------------------------------------------
[61/167] Shape 4096-16-16384:
  -> Best Dense   :   32.99 TFLOPS | Config: BM= 64, BN= 64, BK=128, warps= 4, buffers=6
  -> Best Runtime :   16.53 TFLOPS | Config: BM= 64, BN=128, BK=128, warps= 4, buffers=3
  -> Best Precomp :   43.93 TFLOPS | Config: BM= 64, BN= 64, BK=128, warps= 4, buffers=7
--------------------------------------------------------------------------------
[62/167] Shape 8192-16-8192:
  -> Best Dense   :   35.12 TFLOPS | Config: BM= 64, BN= 64, BK=128, warps= 4, buffers=6
  -> Best Runtime :   28.68 TFLOPS | Config: BM= 64, BN= 64, BK=128, warps= 4, buffers=5
  -> Best Precomp :   52.95 TFLOPS | Config: BM=128, BN= 64, BK=128, warps= 4, buffers=6
--------------------------------------------------------------------------------
[63/167] Shape 16384-16-4096:
  -> Best Dense   :   35.31 TFLOPS | Config: BM=128, BN= 64, BK=128, warps= 8, buffers=4
  -> Best Runtime :   31.12 TFLOPS | Config: BM=128, BN= 64, BK=128, warps= 4, buffers=4
  -> Best Precomp :   55.91 TFLOPS | Config: BM=128, BN= 64, BK=128, warps= 4, buffers=6
--------------------------------------------------------------------------------
[64/167] Shape 32768-16-2048:
  -> Best Dense   :   35.30 TFLOPS | Config: BM=128, BN= 64, BK=128, warps= 4, buffers=4
  -> Best Runtime :   29.84 TFLOPS | Config: BM=128, BN= 64, BK=128, warps= 4, buffers=3
  -> Best Precomp :   55.93 TFLOPS | Config: BM=128, BN= 64, BK=128, warps= 4, buffers=5
--------------------------------------------------------------------------------
[65/167] Shape 1024-16-49152:
  -> Best Dense   :   14.04 TFLOPS | Config: BM= 64, BN= 64, BK=128, warps= 4, buffers=6
  -> Best Runtime :    4.28 TFLOPS | Config: BM= 64, BN=128, BK=128, warps= 4, buffers=3
  -> Best Precomp :   16.50 TFLOPS | Config: BM= 64, BN= 64, BK=128, warps= 4, buffers=7
--------------------------------------------------------------------------------
[66/167] Shape 1536-16-32768:
  -> Best Dense   :   18.39 TFLOPS | Config: BM= 64, BN= 64, BK=128, warps= 4, buffers=6
  -> Best Runtime :    6.38 TFLOPS | Config: BM= 64, BN=128, BK=128, warps= 4, buffers=3
  -> Best Precomp :   23.77 TFLOPS | Config: BM= 64, BN= 64, BK=128, warps= 4, buffers=7
--------------------------------------------------------------------------------
[67/167] Shape 2048-16-24576:
  -> Best Dense   :   21.57 TFLOPS | Config: BM= 64, BN= 64, BK=128, warps= 4, buffers=6
  -> Best Runtime :    8.50 TFLOPS | Config: BM= 64, BN=128, BK=128, warps= 4, buffers=3
  -> Best Precomp :   28.23 TFLOPS | Config: BM= 64, BN= 64, BK=128, warps= 4, buffers=7
--------------------------------------------------------------------------------
[68/167] Shape 3072-16-16384:
  -> Best Dense   :   27.06 TFLOPS | Config: BM= 64, BN= 64, BK=128, warps= 4, buffers=6
  -> Best Runtime :   12.53 TFLOPS | Config: BM= 64, BN=128, BK=128, warps= 4, buffers=3
  -> Best Precomp :   35.81 TFLOPS | Config: BM= 64, BN= 64, BK=128, warps= 4, buffers=7
--------------------------------------------------------------------------------
[69/167] Shape 4096-16-12288:
  -> Best Dense   :   30.84 TFLOPS | Config: BM= 64, BN= 64, BK=128, warps= 4, buffers=6
  -> Best Runtime :   16.08 TFLOPS | Config: BM= 64, BN=128, BK=128, warps= 4, buffers=4
  -> Best Precomp :   40.90 TFLOPS | Config: BM= 64, BN= 64, BK=128, warps= 4, buffers=7
--------------------------------------------------------------------------------
[70/167] Shape 6144-16-8192:
  -> Best Dense   :   31.22 TFLOPS | Config: BM= 64, BN= 64, BK=256, warps= 4, buffers=3
  -> Best Runtime :   22.29 TFLOPS | Config: BM= 64, BN= 64, BK=128, warps= 4, buffers=5
  -> Best Precomp :   45.00 TFLOPS | Config: BM=128, BN= 64, BK=128, warps= 4, buffers=6
--------------------------------------------------------------------------------
[71/167] Shape 8192-16-6144:
  -> Best Dense   :   31.82 TFLOPS | Config: BM=128, BN= 64, BK=128, warps= 8, buffers=4
  -> Best Runtime :   27.21 TFLOPS | Config: BM= 64, BN= 64, BK=128, warps= 4, buffers=5
  -> Best Precomp :   48.83 TFLOPS | Config: BM=128, BN= 64, BK=128, warps= 4, buffers=6
--------------------------------------------------------------------------------
[72/167] Shape 12288-16-4096:
  -> Best Dense   :   31.85 TFLOPS | Config: BM=128, BN= 64, BK=128, warps= 8, buffers=3
  -> Best Runtime :   24.25 TFLOPS | Config: BM=128, BN= 64, BK=128, warps= 4, buffers=4
  -> Best Precomp :   49.53 TFLOPS | Config: BM=128, BN= 64, BK=128, warps= 4, buffers=5
--------------------------------------------------------------------------------
[73/167] Shape 16384-16-3072:
  -> Best Dense   :   32.28 TFLOPS | Config: BM=128, BN= 64, BK=128, warps= 4, buffers=4
  -> Best Runtime :   28.95 TFLOPS | Config: BM=128, BN= 64, BK=128, warps= 4, buffers=4
  -> Best Precomp :   51.14 TFLOPS | Config: BM=128, BN= 64, BK=128, warps= 4, buffers=6
--------------------------------------------------------------------------------
[74/167] Shape 24576-16-2048:
  -> Best Dense   :   32.17 TFLOPS | Config: BM= 64, BN= 64, BK=128, warps= 4, buffers=6
  -> Best Runtime :   26.52 TFLOPS | Config: BM= 64, BN= 64, BK=128, warps= 4, buffers=5
  -> Best Precomp :   49.51 TFLOPS | Config: BM=128, BN= 64, BK=128, warps= 4, buffers=5
--------------------------------------------------------------------------------
[75/167] Shape 32768-16-1536:
  -> Best Dense   :   32.29 TFLOPS | Config: BM=128, BN= 64, BK=128, warps= 4, buffers=4
  -> Best Runtime :   27.77 TFLOPS | Config: BM=128, BN= 64, BK=128, warps= 4, buffers=3
  -> Best Precomp :   49.99 TFLOPS | Config: BM=128, BN= 64, BK=128, warps= 4, buffers=6
--------------------------------------------------------------------------------
[76/167] Shape 49152-16-1024:
  -> Best Dense   :   32.43 TFLOPS | Config: BM=128, BN= 64, BK=128, warps= 8, buffers=4
  -> Best Runtime :   27.22 TFLOPS | Config: BM=128, BN= 64, BK=128, warps= 4, buffers=3
  -> Best Precomp :   50.07 TFLOPS | Config: BM=128, BN= 64, BK=128, warps= 4, buffers=6
--------------------------------------------------------------------------------
[77/167] Shape 768-16-49152:
  -> Best Dense   :   10.58 TFLOPS | Config: BM= 64, BN= 64, BK=128, warps= 4, buffers=6
  -> Best Runtime :    3.23 TFLOPS | Config: BM= 64, BN=128, BK=128, warps= 4, buffers=3
  -> Best Precomp :   12.48 TFLOPS | Config: BM= 64, BN= 64, BK=128, warps= 4, buffers=7
--------------------------------------------------------------------------------
[78/167] Shape 1536-16-24576:
  -> Best Dense   :   17.95 TFLOPS | Config: BM= 64, BN= 64, BK=128, warps= 4, buffers=6
  -> Best Runtime :    6.32 TFLOPS | Config: BM= 64, BN=128, BK=128, warps= 4, buffers=3
  -> Best Precomp :   22.91 TFLOPS | Config: BM= 64, BN= 64, BK=128, warps= 4, buffers=7
--------------------------------------------------------------------------------
[79/167] Shape 3072-16-12288:
  -> Best Dense   :   25.76 TFLOPS | Config: BM= 64, BN= 64, BK=128, warps= 4, buffers=6
  -> Best Runtime :   12.22 TFLOPS | Config: BM= 64, BN=128, BK=128, warps= 4, buffers=3
  -> Best Precomp :   33.79 TFLOPS | Config: BM= 64, BN= 64, BK=128, warps= 4, buffers=7
--------------------------------------------------------------------------------
[80/167] Shape 6144-16-6144:
  -> Best Dense   :   28.69 TFLOPS | Config: BM= 64, BN= 64, BK=128, warps= 4, buffers=5
  -> Best Runtime :   21.35 TFLOPS | Config: BM= 64, BN= 64, BK=128, warps= 4, buffers=5
  -> Best Precomp :   41.74 TFLOPS | Config: BM=128, BN= 64, BK=128, warps= 4, buffers=6
--------------------------------------------------------------------------------
[81/167] Shape 12288-16-3072:
  -> Best Dense   :   29.02 TFLOPS | Config: BM=128, BN= 64, BK=128, warps= 4, buffers=3
  -> Best Runtime :   22.91 TFLOPS | Config: BM=128, BN= 64, BK=128, warps= 4, buffers=3
  -> Best Precomp :   46.00 TFLOPS | Config: BM=128, BN= 64, BK=128, warps= 4, buffers=5
--------------------------------------------------------------------------------
[82/167] Shape 24576-16-1536:
  -> Best Dense   :   28.89 TFLOPS | Config: BM= 64, BN= 64, BK=128, warps= 4, buffers=5
  -> Best Runtime :   24.72 TFLOPS | Config: BM= 64, BN= 64, BK=128, warps= 4, buffers=5
  -> Best Precomp :   44.83 TFLOPS | Config: BM=128, BN= 64, BK=128, warps= 4, buffers=6
--------------------------------------------------------------------------------
[83/167] Shape 49152-16-768:
  -> Best Dense   :   29.36 TFLOPS | Config: BM=128, BN= 64, BK=128, warps= 4, buffers=4
  -> Best Runtime :   25.01 TFLOPS | Config: BM=128, BN=128, BK= 64, warps= 4, buffers=4
  -> Best Precomp :   46.26 TFLOPS | Config: BM=128, BN= 64, BK=128, warps= 4, buffers=6
--------------------------------------------------------------------------------
[84/167] Shape 1024-16-32768:
  -> Best Dense   :   13.78 TFLOPS | Config: BM= 64, BN= 64, BK=128, warps= 4, buffers=6
  -> Best Runtime :    4.24 TFLOPS | Config: BM= 64, BN=128, BK=128, warps= 4, buffers=3
  -> Best Precomp :   16.06 TFLOPS | Config: BM= 64, BN= 64, BK=128, warps= 4, buffers=7
--------------------------------------------------------------------------------
[85/167] Shape 2048-16-16384:
  -> Best Dense   :   20.64 TFLOPS | Config: BM= 64, BN= 64, BK=128, warps= 4, buffers=6
  -> Best Runtime :    8.37 TFLOPS | Config: BM= 64, BN=128, BK=128, warps= 4, buffers=3
  -> Best Precomp :   26.67 TFLOPS | Config: BM= 64, BN= 64, BK=128, warps= 4, buffers=7
--------------------------------------------------------------------------------
[86/167] Shape 4096-16-8192:
  -> Best Dense   :   26.93 TFLOPS | Config: BM= 64, BN= 64, BK=128, warps= 4, buffers=6
  -> Best Runtime :   15.41 TFLOPS | Config: BM= 64, BN=128, BK=128, warps= 4, buffers=4
  -> Best Precomp :   36.76 TFLOPS | Config: BM= 64, BN= 64, BK=128, warps= 4, buffers=7
--------------------------------------------------------------------------------
[87/167] Shape 8192-16-4096:
  -> Best Dense   :   28.12 TFLOPS | Config: BM= 64, BN= 64, BK=128, warps= 4, buffers=5
  -> Best Runtime :   24.68 TFLOPS | Config: BM= 64, BN= 64, BK=128, warps= 4, buffers=6
  -> Best Precomp :   42.79 TFLOPS | Config: BM=128, BN= 64, BK=128, warps= 4, buffers=6
--------------------------------------------------------------------------------
[88/167] Shape 16384-16-2048:
  -> Best Dense   :   28.66 TFLOPS | Config: BM=128, BN= 64, BK=128, warps= 4, buffers=4
  -> Best Runtime :   25.84 TFLOPS | Config: BM=128, BN= 64, BK=128, warps= 4, buffers=4
  -> Best Precomp :   46.14 TFLOPS | Config: BM=128, BN= 64, BK=128, warps= 4, buffers=6
--------------------------------------------------------------------------------
[89/167] Shape 32768-16-1024:
  -> Best Dense   :   28.77 TFLOPS | Config: BM=128, BN= 64, BK=128, warps= 4, buffers=4
  -> Best Runtime :   24.96 TFLOPS | Config: BM=128, BN=128, BK= 64, warps= 4, buffers=5
  -> Best Precomp :   43.92 TFLOPS | Config: BM=128, BN= 64, BK=128, warps= 4, buffers=6
--------------------------------------------------------------------------------
[90/167] Shape 768-16-32768:
  -> Best Dense   :   10.34 TFLOPS | Config: BM= 64, BN= 64, BK=128, warps= 4, buffers=6
  -> Best Runtime :    3.20 TFLOPS | Config: BM= 64, BN=128, BK=128, warps= 4, buffers=3
  -> Best Precomp :   12.09 TFLOPS | Config: BM= 64, BN= 64, BK=128, warps= 4, buffers=6
--------------------------------------------------------------------------------
[91/167] Shape 1024-16-24576:
  -> Best Dense   :   13.43 TFLOPS | Config: BM= 64, BN= 64, BK=128, warps= 4, buffers=6
  -> Best Runtime :    4.21 TFLOPS | Config: BM= 64, BN=128, BK=128, warps= 4, buffers=3
  -> Best Precomp :   15.55 TFLOPS | Config: BM= 64, BN= 64, BK=128, warps= 4, buffers=7
--------------------------------------------------------------------------------
[92/167] Shape 1536-16-16384:
  -> Best Dense   :   17.12 TFLOPS | Config: BM= 64, BN= 64, BK=128, warps= 4, buffers=6
  -> Best Runtime :    6.21 TFLOPS | Config: BM= 64, BN=128, BK=128, warps= 4, buffers=3
  -> Best Precomp :   21.53 TFLOPS | Config: BM= 64, BN= 64, BK=128, warps= 4, buffers=7
--------------------------------------------------------------------------------
[93/167] Shape 2048-16-12288:
  -> Best Dense   :   19.76 TFLOPS | Config: BM= 64, BN= 64, BK=128, warps= 4, buffers=6
  -> Best Runtime :    8.23 TFLOPS | Config: BM= 64, BN=128, BK=128, warps= 4, buffers=3
  -> Best Precomp :   25.49 TFLOPS | Config: BM= 64, BN= 64, BK=128, warps= 4, buffers=7
--------------------------------------------------------------------------------
[94/167] Shape 3072-16-8192:
  -> Best Dense   :   23.04 TFLOPS | Config: BM= 64, BN= 64, BK=128, warps= 4, buffers=6
  -> Best Runtime :   11.77 TFLOPS | Config: BM= 64, BN=128, BK=128, warps= 4, buffers=3
  -> Best Precomp :   30.95 TFLOPS | Config: BM= 64, BN= 64, BK=128, warps= 4, buffers=7
--------------------------------------------------------------------------------
[95/167] Shape 4096-16-6144:
  -> Best Dense   :   24.92 TFLOPS | Config: BM= 64, BN= 64, BK=128, warps= 4, buffers=6
  -> Best Runtime :   14.89 TFLOPS | Config: BM= 64, BN=128, BK=128, warps= 4, buffers=4
  -> Best Precomp :   34.41 TFLOPS | Config: BM= 64, BN= 64, BK=128, warps= 4, buffers=7
--------------------------------------------------------------------------------
[96/167] Shape 6144-16-4096:
  -> Best Dense   :   25.51 TFLOPS | Config: BM= 64, BN= 64, BK=128, warps= 4, buffers=5
  -> Best Runtime :   19.79 TFLOPS | Config: BM= 64, BN= 64, BK=128, warps= 4, buffers=5
  -> Best Precomp :   37.47 TFLOPS | Config: BM=128, BN= 64, BK=128, warps= 4, buffers=6
--------------------------------------------------------------------------------
[97/167] Shape 8192-16-3072:
  -> Best Dense   :   25.78 TFLOPS | Config: BM= 64, BN= 64, BK=128, warps= 4, buffers=5
  -> Best Runtime :   22.61 TFLOPS | Config: BM= 64, BN= 64, BK=128, warps= 4, buffers=6
  -> Best Precomp :   39.65 TFLOPS | Config: BM=128, BN= 64, BK=128, warps= 4, buffers=6
--------------------------------------------------------------------------------
[98/167] Shape 12288-16-2048:
  -> Best Dense   :   25.71 TFLOPS | Config: BM=128, BN= 64, BK=128, warps= 4, buffers=4
  -> Best Runtime :   20.64 TFLOPS | Config: BM=128, BN= 64, BK=128, warps= 4, buffers=3
  -> Best Precomp :   40.74 TFLOPS | Config: BM=128, BN= 64, BK=128, warps= 4, buffers=5
--------------------------------------------------------------------------------
[99/167] Shape 16384-16-1536:
  -> Best Dense   :   25.91 TFLOPS | Config: BM=128, BN= 64, BK=128, warps= 4, buffers=4
  -> Best Runtime :   23.97 TFLOPS | Config: BM=128, BN=128, BK= 64, warps= 4, buffers=5
  -> Best Precomp :   41.30 TFLOPS | Config: BM=128, BN= 64, BK=128, warps= 4, buffers=6
--------------------------------------------------------------------------------
[100/167] Shape 24576-16-1024:
  -> Best Dense   :   26.09 TFLOPS | Config: BM=128, BN= 64, BK=128, warps= 4, buffers=4
  -> Best Runtime :   22.12 TFLOPS | Config: BM= 64, BN= 64, BK=128, warps= 4, buffers=4
  -> Best Precomp :   38.80 TFLOPS | Config: BM=128, BN= 64, BK=128, warps= 4, buffers=5
--------------------------------------------------------------------------------
[101/167] Shape 32768-16-768:
  -> Best Dense   :   25.93 TFLOPS | Config: BM=128, BN= 64, BK=128, warps= 4, buffers=4
  -> Best Runtime :   22.81 TFLOPS | Config: BM=128, BN=128, BK= 64, warps= 4, buffers=4
  -> Best Precomp :   40.57 TFLOPS | Config: BM=128, BN= 64, BK=128, warps= 4, buffers=5
--------------------------------------------------------------------------------
[102/167] Shape 768-16-24576:
  -> Best Dense   :   10.01 TFLOPS | Config: BM= 64, BN= 64, BK=128, warps= 4, buffers=6
  -> Best Runtime :    3.18 TFLOPS | Config: BM= 64, BN=128, BK=128, warps= 4, buffers=3
  -> Best Precomp :   11.75 TFLOPS | Config: BM= 64, BN= 64, BK=128, warps= 4, buffers=6
--------------------------------------------------------------------------------
[103/167] Shape 1536-16-12288:
  -> Best Dense   :   16.37 TFLOPS | Config: BM= 64, BN= 64, BK=128, warps= 4, buffers=6
  -> Best Runtime :    6.09 TFLOPS | Config: BM= 64, BN=128, BK=128, warps= 4, buffers=3
  -> Best Precomp :   20.37 TFLOPS | Config: BM= 64, BN= 64, BK=128, warps= 4, buffers=7
--------------------------------------------------------------------------------
[104/167] Shape 3072-16-6144:
  -> Best Dense   :   21.50 TFLOPS | Config: BM= 64, BN= 64, BK=128, warps= 4, buffers=6
  -> Best Runtime :   11.25 TFLOPS | Config: BM= 64, BN=128, BK=128, warps= 4, buffers=4
  -> Best Precomp :   28.51 TFLOPS | Config: BM= 64, BN= 64, BK=128, warps= 4, buffers=7
--------------------------------------------------------------------------------
[105/167] Shape 6144-16-3072:
  -> Best Dense   :   23.37 TFLOPS | Config: BM= 64, BN= 64, BK=128, warps= 4, buffers=5
  -> Best Runtime :   18.32 TFLOPS | Config: BM= 64, BN= 64, BK=128, warps= 4, buffers=5
  -> Best Precomp :   34.06 TFLOPS | Config: BM=128, BN= 64, BK=128, warps= 4, buffers=6
--------------------------------------------------------------------------------
[106/167] Shape 12288-16-1536:
  -> Best Dense   :   23.77 TFLOPS | Config: BM=128, BN= 64, BK=128, warps= 4, buffers=4
  -> Best Runtime :   18.81 TFLOPS | Config: BM=128, BN=128, BK= 64, warps= 4, buffers=5
  -> Best Precomp :   36.79 TFLOPS | Config: BM=128, BN= 64, BK=128, warps= 4, buffers=6
--------------------------------------------------------------------------------
[107/167] Shape 24576-16-768:
  -> Best Dense   :   23.70 TFLOPS | Config: BM= 64, BN= 64, BK=128, warps= 4, buffers=6
  -> Best Runtime :   20.17 TFLOPS | Config: BM= 64, BN= 64, BK=128, warps= 4, buffers=4
  -> Best Precomp :   35.47 TFLOPS | Config: BM=128, BN= 64, BK=128, warps= 4, buffers=5
--------------------------------------------------------------------------------
[108/167] Shape 1024-16-16384:
  -> Best Dense   :   12.69 TFLOPS | Config: BM= 64, BN= 64, BK=128, warps= 4, buffers=6
  -> Best Runtime :    4.14 TFLOPS | Config: BM= 64, BN=128, BK=128, warps= 4, buffers=3
  -> Best Precomp :   14.73 TFLOPS | Config: BM= 64, BN= 64, BK=128, warps= 4, buffers=6
--------------------------------------------------------------------------------
[109/167] Shape 2048-16-8192:
  -> Best Dense   :   18.16 TFLOPS | Config: BM= 64, BN= 64, BK=128, warps= 4, buffers=6
  -> Best Runtime :    7.93 TFLOPS | Config: BM= 64, BN=128, BK=128, warps= 4, buffers=3
  -> Best Precomp :   23.14 TFLOPS | Config: BM= 64, BN= 64, BK=128, warps= 4, buffers=7
--------------------------------------------------------------------------------
[110/167] Shape 4096-16-4096:
  -> Best Dense   :   22.23 TFLOPS | Config: BM= 64, BN= 64, BK=128, warps= 4, buffers=6
  -> Best Runtime :   13.77 TFLOPS | Config: BM= 64, BN=128, BK=128, warps= 4, buffers=4
  -> Best Precomp :   29.90 TFLOPS | Config: BM= 64, BN= 64, BK=128, warps= 4, buffers=7
--------------------------------------------------------------------------------
[111/167] Shape 8192-16-2048:
  -> Best Dense   :   23.25 TFLOPS | Config: BM= 64, BN= 64, BK=128, warps= 4, buffers=6
  -> Best Runtime :   20.36 TFLOPS | Config: BM= 64, BN= 64, BK=128, warps= 4, buffers=5
  -> Best Precomp :   34.32 TFLOPS | Config: BM=128, BN= 64, BK=128, warps= 4, buffers=5
--------------------------------------------------------------------------------
[112/167] Shape 16384-16-1024:
  -> Best Dense   :   23.73 TFLOPS | Config: BM=128, BN= 64, BK=128, warps= 4, buffers=4
  -> Best Runtime :   21.18 TFLOPS | Config: BM=128, BN=128, BK= 64, warps= 4, buffers=5
  -> Best Precomp :   34.78 TFLOPS | Config: BM=128, BN= 64, BK=128, warps= 4, buffers=5
--------------------------------------------------------------------------------
[113/167] Shape 768-16-16384:
  -> Best Dense   :    9.54 TFLOPS | Config: BM= 64, BN= 64, BK=128, warps= 4, buffers=6
  -> Best Runtime :    3.13 TFLOPS | Config: BM= 64, BN=128, BK=128, warps= 4, buffers=3
  -> Best Precomp :   11.15 TFLOPS | Config: BM= 64, BN= 64, BK=128, warps= 4, buffers=6
--------------------------------------------------------------------------------
[114/167] Shape 1024-16-12288:
  -> Best Dense   :   12.09 TFLOPS | Config: BM= 64, BN= 64, BK=128, warps= 4, buffers=6
  -> Best Runtime :    4.07 TFLOPS | Config: BM= 64, BN=128, BK=128, warps= 4, buffers=3
  -> Best Precomp :   13.95 TFLOPS | Config: BM= 64, BN= 64, BK=128, warps= 4, buffers=7
--------------------------------------------------------------------------------
[115/167] Shape 1536-16-8192:
  -> Best Dense   :   15.10 TFLOPS | Config: BM= 64, BN= 64, BK=128, warps= 4, buffers=6
  -> Best Runtime :    5.90 TFLOPS | Config: BM= 64, BN=128, BK=128, warps= 4, buffers=3
  -> Best Precomp :   18.33 TFLOPS | Config: BM= 64, BN= 64, BK=128, warps= 4, buffers=7
--------------------------------------------------------------------------------
[116/167] Shape 2048-16-6144:
  -> Best Dense   :   16.99 TFLOPS | Config: BM= 64, BN= 64, BK=128, warps= 4, buffers=6
  -> Best Runtime :    7.68 TFLOPS | Config: BM= 64, BN=128, BK=128, warps= 4, buffers=3
  -> Best Precomp :   21.16 TFLOPS | Config: BM= 64, BN= 64, BK=128, warps= 4, buffers=7
--------------------------------------------------------------------------------
[117/167] Shape 3072-16-4096:
  -> Best Dense   :   19.08 TFLOPS | Config: BM= 64, BN= 64, BK=128, warps= 4, buffers=6
  -> Best Runtime :   10.55 TFLOPS | Config: BM= 64, BN=128, BK=128, warps= 4, buffers=3
  -> Best Precomp :   24.56 TFLOPS | Config: BM= 64, BN= 64, BK=128, warps= 4, buffers=6
--------------------------------------------------------------------------------
[118/167] Shape 4096-16-3072:
  -> Best Dense   :   20.26 TFLOPS | Config: BM= 64, BN= 64, BK=128, warps= 4, buffers=6
  -> Best Runtime :   12.88 TFLOPS | Config: BM= 64, BN=128, BK=128, warps= 4, buffers=4
  -> Best Precomp :   26.69 TFLOPS | Config: BM= 64, BN= 64, BK=128, warps= 4, buffers=6
--------------------------------------------------------------------------------
[119/167] Shape 6144-16-2048:
  -> Best Dense   :   20.84 TFLOPS | Config: BM= 64, BN= 64, BK=128, warps= 4, buffers=5
  -> Best Runtime :   16.19 TFLOPS | Config: BM= 64, BN= 64, BK=128, warps= 4, buffers=5
  -> Best Precomp :   28.81 TFLOPS | Config: BM=128, BN= 64, BK=128, warps= 4, buffers=6
--------------------------------------------------------------------------------
[120/167] Shape 8192-16-1536:
  -> Best Dense   :   20.80 TFLOPS | Config: BM= 64, BN= 64, BK=128, warps= 4, buffers=6
  -> Best Runtime :   18.31 TFLOPS | Config: BM= 64, BN= 64, BK=128, warps= 4, buffers=5
  -> Best Precomp :   30.23 TFLOPS | Config: BM=128, BN= 64, BK=128, warps= 4, buffers=6
--------------------------------------------------------------------------------
[121/167] Shape 12288-16-1024:
  -> Best Dense   :   20.97 TFLOPS | Config: BM=128, BN= 64, BK=128, warps= 8, buffers=4
  -> Best Runtime :   16.55 TFLOPS | Config: BM=128, BN=128, BK= 64, warps= 4, buffers=4
  -> Best Precomp :   29.54 TFLOPS | Config: BM=128, BN= 64, BK=128, warps= 4, buffers=4
--------------------------------------------------------------------------------
[122/167] Shape 16384-16-768:
  -> Best Dense   :   21.21 TFLOPS | Config: BM=128, BN= 64, BK=128, warps= 4, buffers=4
  -> Best Runtime :   18.90 TFLOPS | Config: BM=128, BN=128, BK= 64, warps= 4, buffers=5
  -> Best Precomp :   30.11 TFLOPS | Config: BM=128, BN= 64, BK=128, warps= 4, buffers=6
--------------------------------------------------------------------------------
[123/167] Shape 768-16-12288:
  -> Best Dense   :    9.16 TFLOPS | Config: BM= 64, BN= 64, BK=128, warps= 4, buffers=5
  -> Best Runtime :    3.08 TFLOPS | Config: BM= 64, BN=128, BK=128, warps= 4, buffers=3
  -> Best Precomp :   10.55 TFLOPS | Config: BM= 64, BN= 64, BK=128, warps= 4, buffers=6
--------------------------------------------------------------------------------
[124/167] Shape 1536-16-6144:
  -> Best Dense   :   14.00 TFLOPS | Config: BM= 64, BN= 64, BK=128, warps= 4, buffers=6
  -> Best Runtime :    5.73 TFLOPS | Config: BM= 64, BN=128, BK=128, warps= 4, buffers=3
  -> Best Precomp :   16.60 TFLOPS | Config: BM= 64, BN= 64, BK=128, warps= 4, buffers=6
--------------------------------------------------------------------------------
[125/167] Shape 3072-16-3072:
  -> Best Dense   :   17.57 TFLOPS | Config: BM= 64, BN= 64, BK=128, warps= 4, buffers=6
  -> Best Runtime :    9.97 TFLOPS | Config: BM= 64, BN=128, BK=128, warps= 4, buffers=3
  -> Best Precomp :   21.41 TFLOPS | Config: BM=128, BN= 64, BK=128, warps= 4, buffers=6
--------------------------------------------------------------------------------
[126/167] Shape 6144-16-1536:
  -> Best Dense   :   18.80 TFLOPS | Config: BM= 64, BN= 64, BK=128, warps= 4, buffers=5
  -> Best Runtime :   14.59 TFLOPS | Config: BM= 64, BN= 64, BK=128, warps= 4, buffers=4
  -> Best Precomp :   24.26 TFLOPS | Config: BM=128, BN= 64, BK=128, warps= 4, buffers=5
--------------------------------------------------------------------------------
[127/167] Shape 12288-16-768:
  -> Best Dense   :   18.60 TFLOPS | Config: BM=128, BN= 64, BK=128, warps= 4, buffers=3
  -> Best Runtime :   14.77 TFLOPS | Config: BM=128, BN=128, BK= 64, warps= 4, buffers=4
  -> Best Precomp :   25.52 TFLOPS | Config: BM=128, BN= 64, BK=128, warps= 4, buffers=4
--------------------------------------------------------------------------------
[128/167] Shape 1024-16-8192:
  -> Best Dense   :   11.23 TFLOPS | Config: BM= 64, BN= 64, BK=128, warps= 4, buffers=6
  -> Best Runtime :    3.94 TFLOPS | Config: BM= 64, BN=128, BK=128, warps= 4, buffers=3
  -> Best Precomp :   12.62 TFLOPS | Config: BM= 64, BN= 64, BK=128, warps= 4, buffers=6
--------------------------------------------------------------------------------
[129/167] Shape 2048-16-4096:
  -> Best Dense   :   14.98 TFLOPS | Config: BM= 64, BN= 64, BK=128, warps= 4, buffers=6
  -> Best Runtime :    7.20 TFLOPS | Config: BM= 64, BN=128, BK=128, warps= 4, buffers=3
  -> Best Precomp :   17.80 TFLOPS | Config: BM= 64, BN= 64, BK=128, warps= 4, buffers=7
--------------------------------------------------------------------------------
[130/167] Shape 4096-16-2048:
  -> Best Dense   :   17.79 TFLOPS | Config: BM= 64, BN= 64, BK=128, warps= 4, buffers=6
  -> Best Runtime :   11.51 TFLOPS | Config: BM= 64, BN=128, BK=128, warps= 4, buffers=3
  -> Best Precomp :   21.59 TFLOPS | Config: BM=128, BN= 64, BK=128, warps= 4, buffers=6
--------------------------------------------------------------------------------
[131/167] Shape 8192-16-1024:
  -> Best Dense   :   18.08 TFLOPS | Config: BM= 64, BN= 64, BK=128, warps= 4, buffers=5
  -> Best Runtime :   15.38 TFLOPS | Config: BM= 64, BN= 64, BK=128, warps= 4, buffers=4
  -> Best Precomp :   23.76 TFLOPS | Config: BM=128, BN= 64, BK=128, warps= 4, buffers=5
--------------------------------------------------------------------------------
[132/167] Shape 768-16-8192:
  -> Best Dense   :    8.50 TFLOPS | Config: BM= 64, BN= 64, BK=128, warps= 4, buffers=5
  -> Best Runtime :    2.98 TFLOPS | Config: BM= 64, BN=128, BK=128, warps= 4, buffers=3
  -> Best Precomp :    9.56 TFLOPS | Config: BM= 64, BN= 64, BK=128, warps= 4, buffers=6
--------------------------------------------------------------------------------
[133/167] Shape 1024-16-6144:
  -> Best Dense   :   10.37 TFLOPS | Config: BM= 64, BN= 64, BK=128, warps= 4, buffers=6
  -> Best Runtime :    3.82 TFLOPS | Config: BM= 64, BN=128, BK=128, warps= 4, buffers=3
  -> Best Precomp :   11.48 TFLOPS | Config: BM= 64, BN= 64, BK=128, warps= 4, buffers=6
--------------------------------------------------------------------------------
[134/167] Shape 1536-16-4096:
  -> Best Dense   :   12.33 TFLOPS | Config: BM= 64, BN= 64, BK=128, warps= 4, buffers=6
  -> Best Runtime :    5.40 TFLOPS | Config: BM= 64, BN=128, BK=128, warps= 4, buffers=3
  -> Best Precomp :   14.11 TFLOPS | Config: BM= 64, BN= 64, BK=128, warps= 4, buffers=6
--------------------------------------------------------------------------------
[135/167] Shape 2048-16-3072:
  -> Best Dense   :   13.40 TFLOPS | Config: BM= 64, BN= 64, BK=128, warps= 4, buffers=6
  -> Best Runtime :    6.77 TFLOPS | Config: BM= 64, BN=128, BK=128, warps= 4, buffers=3
  -> Best Precomp :   15.47 TFLOPS | Config: BM= 64, BN= 64, BK=128, warps= 4, buffers=7
--------------------------------------------------------------------------------
[136/167] Shape 3072-16-2048:
  -> Best Dense   :   14.74 TFLOPS | Config: BM= 64, BN= 64, BK=128, warps= 4, buffers=6
  -> Best Runtime :    8.84 TFLOPS | Config: BM= 64, BN=128, BK=128, warps= 4, buffers=3
  -> Best Precomp :   17.12 TFLOPS | Config: BM=128, BN= 64, BK=128, warps= 4, buffers=6
--------------------------------------------------------------------------------
[137/167] Shape 4096-16-1536:
  -> Best Dense   :   15.58 TFLOPS | Config: BM= 64, BN= 64, BK=128, warps= 4, buffers=5
  -> Best Runtime :   10.30 TFLOPS | Config: BM= 64, BN=128, BK=128, warps= 4, buffers=3
  -> Best Precomp :   18.08 TFLOPS | Config: BM= 64, BN= 64, BK=128, warps= 4, buffers=6
--------------------------------------------------------------------------------
[138/167] Shape 6144-16-1024:
  -> Best Dense   :   15.71 TFLOPS | Config: BM= 64, BN= 64, BK=128, warps= 4, buffers=5
  -> Best Runtime :   12.18 TFLOPS | Config: BM= 64, BN= 64, BK=128, warps= 4, buffers=3
  -> Best Precomp :   18.93 TFLOPS | Config: BM=128, BN= 64, BK=128, warps= 4, buffers=5
--------------------------------------------------------------------------------
[139/167] Shape 8192-16-768:
  -> Best Dense   :   15.71 TFLOPS | Config: BM=128, BN= 64, BK=128, warps= 4, buffers=4
  -> Best Runtime :   13.22 TFLOPS | Config: BM= 64, BN= 64, BK= 64, warps= 4, buffers=5
  -> Best Precomp :   19.31 TFLOPS | Config: BM=128, BN= 64, BK=128, warps= 4, buffers=6
--------------------------------------------------------------------------------
[140/167] Shape 768-16-6144:
  -> Best Dense   :    7.87 TFLOPS | Config: BM= 64, BN= 64, BK=128, warps= 4, buffers=5
  -> Best Runtime :    2.90 TFLOPS | Config: BM= 64, BN=128, BK=128, warps= 4, buffers=3
  -> Best Precomp :    8.70 TFLOPS | Config: BM= 64, BN= 64, BK=128, warps= 4, buffers=6
--------------------------------------------------------------------------------
[141/167] Shape 1536-16-3072:
  -> Best Dense   :   10.85 TFLOPS | Config: BM= 64, BN= 64, BK=128, warps= 4, buffers=6
  -> Best Runtime :    5.09 TFLOPS | Config: BM= 64, BN=128, BK=128, warps= 4, buffers=3
  -> Best Precomp :   12.22 TFLOPS | Config: BM= 64, BN= 64, BK=128, warps= 4, buffers=6
--------------------------------------------------------------------------------
[142/167] Shape 3072-16-1536:
  -> Best Dense   :   12.51 TFLOPS | Config: BM= 64, BN= 64, BK=128, warps= 4, buffers=5
  -> Best Runtime :    7.99 TFLOPS | Config: BM= 64, BN=128, BK=128, warps= 4, buffers=3
  -> Best Precomp :   14.42 TFLOPS | Config: BM=128, BN= 64, BK=128, warps= 4, buffers=5
--------------------------------------------------------------------------------
[143/167] Shape 6144-16-768:
  -> Best Dense   :   13.05 TFLOPS | Config: BM= 64, BN= 64, BK=128, warps= 4, buffers=4
  -> Best Runtime :   10.51 TFLOPS | Config: BM= 64, BN= 64, BK=128, warps= 4, buffers=3
  -> Best Precomp :   15.13 TFLOPS | Config: BM=128, BN= 64, BK=128, warps= 4, buffers=4
--------------------------------------------------------------------------------
[144/167] Shape 1024-16-4096:
  -> Best Dense   :    9.00 TFLOPS | Config: BM= 64, BN= 64, BK=128, warps= 4, buffers=6
  -> Best Runtime :    3.61 TFLOPS | Config: BM= 64, BN=128, BK=128, warps= 4, buffers=3
  -> Best Precomp :    9.81 TFLOPS | Config: BM= 64, BN= 64, BK=128, warps= 4, buffers=6
--------------------------------------------------------------------------------
[145/167] Shape 2048-16-2048:
  -> Best Dense   :   10.88 TFLOPS | Config: BM= 64, BN= 64, BK=128, warps= 4, buffers=5
  -> Best Runtime :    6.05 TFLOPS | Config: BM= 64, BN=128, BK=128, warps= 4, buffers=3
  -> Best Precomp :   12.19 TFLOPS | Config: BM= 64, BN= 64, BK=128, warps= 4, buffers=7
--------------------------------------------------------------------------------
[146/167] Shape 4096-16-1024:
  -> Best Dense   :   12.39 TFLOPS | Config: BM= 64, BN= 64, BK=128, warps= 4, buffers=5
  -> Best Runtime :    8.65 TFLOPS | Config: BM= 64, BN= 64, BK=128, warps= 4, buffers=3
  -> Best Precomp :   13.90 TFLOPS | Config: BM=128, BN= 64, BK=128, warps= 4, buffers=5
--------------------------------------------------------------------------------
[147/167] Shape 768-16-4096:
  -> Best Dense   :    6.84 TFLOPS | Config: BM= 64, BN= 64, BK=128, warps= 4, buffers=6
  -> Best Runtime :    2.73 TFLOPS | Config: BM= 64, BN=128, BK=128, warps= 4, buffers=3
  -> Best Precomp :    7.44 TFLOPS | Config: BM= 64, BN= 64, BK=128, warps= 4, buffers=6
--------------------------------------------------------------------------------
[148/167] Shape 1024-16-3072:
  -> Best Dense   :    7.82 TFLOPS | Config: BM= 64, BN= 64, BK=128, warps= 4, buffers=6
  -> Best Runtime :    3.42 TFLOPS | Config: BM= 64, BN=128, BK=128, warps= 4, buffers=3
  -> Best Precomp :    8.53 TFLOPS | Config: BM= 64, BN= 64, BK=128, warps= 4, buffers=6
--------------------------------------------------------------------------------
[149/167] Shape 1536-16-2048:
  -> Best Dense   :    8.75 TFLOPS | Config: BM= 64, BN= 64, BK=128, warps= 4, buffers=5
  -> Best Runtime :    4.59 TFLOPS | Config: BM= 64, BN=128, BK=128, warps= 4, buffers=3
  -> Best Precomp :    9.70 TFLOPS | Config: BM= 64, BN= 64, BK=128, warps= 4, buffers=6
--------------------------------------------------------------------------------
[150/167] Shape 2048-16-1536:
  -> Best Dense   :    9.23 TFLOPS | Config: BM= 64, BN= 64, BK=128, warps= 4, buffers=6
  -> Best Runtime :    5.46 TFLOPS | Config: BM= 64, BN=128, BK=128, warps= 4, buffers=3
  -> Best Precomp :   10.38 TFLOPS | Config: BM=128, BN= 64, BK=128, warps= 4, buffers=5
--------------------------------------------------------------------------------
[151/167] Shape 3072-16-1024:
  -> Best Dense   :    9.73 TFLOPS | Config: BM= 64, BN= 64, BK=128, warps= 4, buffers=5
  -> Best Runtime :    6.62 TFLOPS | Config: BM= 64, BN= 64, BK=128, warps= 4, buffers=3
  -> Best Precomp :   11.21 TFLOPS | Config: BM=128, BN= 64, BK=128, warps= 4, buffers=5
--------------------------------------------------------------------------------
[152/167] Shape 4096-16-768:
  -> Best Dense   :    9.87 TFLOPS | Config: BM= 64, BN= 64, BK=128, warps= 4, buffers=4
  -> Best Runtime :    7.52 TFLOPS | Config: BM= 64, BN= 64, BK=128, warps= 4, buffers=3
  -> Best Precomp :   11.35 TFLOPS | Config: BM=128, BN= 64, BK=128, warps= 4, buffers=5
--------------------------------------------------------------------------------
[153/167] Shape 768-16-3072:
  -> Best Dense   :    6.02 TFLOPS | Config: BM= 64, BN= 64, BK=128, warps= 4, buffers=6
  -> Best Runtime :    2.59 TFLOPS | Config: BM= 64, BN=128, BK=128, warps= 4, buffers=3
  -> Best Precomp :    6.50 TFLOPS | Config: BM= 64, BN= 64, BK=128, warps= 4, buffers=6
--------------------------------------------------------------------------------
[154/167] Shape 1536-16-1536:
  -> Best Dense   :    7.38 TFLOPS | Config: BM= 64, BN= 64, BK=128, warps= 4, buffers=6
  -> Best Runtime :    4.18 TFLOPS | Config: BM= 64, BN=128, BK=128, warps= 4, buffers=3
  -> Best Precomp :    7.97 TFLOPS | Config: BM= 64, BN= 64, BK=128, warps= 4, buffers=6
--------------------------------------------------------------------------------
[155/167] Shape 3072-16-768:
  -> Best Dense   :    7.77 TFLOPS | Config: BM= 64, BN= 64, BK=128, warps= 4, buffers=4
  -> Best Runtime :    5.71 TFLOPS | Config: BM= 64, BN= 64, BK=128, warps= 4, buffers=3
  -> Best Precomp :    8.93 TFLOPS | Config: BM=128, BN= 64, BK=128, warps= 4, buffers=5
--------------------------------------------------------------------------------
[156/167] Shape 1024-16-2048:
  -> Best Dense   :    6.29 TFLOPS | Config: BM= 64, BN= 64, BK=128, warps= 4, buffers=6
  -> Best Runtime :    3.08 TFLOPS | Config: BM= 64, BN=128, BK=128, warps= 4, buffers=3
  -> Best Precomp :    6.74 TFLOPS | Config: BM= 64, BN= 64, BK=128, warps= 4, buffers=6
--------------------------------------------------------------------------------
[157/167] Shape 2048-16-1024:
  -> Best Dense   :    7.11 TFLOPS | Config: BM= 64, BN= 64, BK=128, warps= 4, buffers=5
  -> Best Runtime :    4.58 TFLOPS | Config: BM= 64, BN= 64, BK=128, warps= 4, buffers=3
  -> Best Precomp :    7.90 TFLOPS | Config: BM=128, BN= 64, BK=128, warps= 4, buffers=5
--------------------------------------------------------------------------------
[158/167] Shape 768-16-2048:
  -> Best Dense   :    4.82 TFLOPS | Config: BM= 64, BN= 64, BK=128, warps= 4, buffers=6
  -> Best Runtime :    2.34 TFLOPS | Config: BM= 64, BN=128, BK=128, warps= 4, buffers=3
  -> Best Precomp :    5.17 TFLOPS | Config: BM= 64, BN= 64, BK=128, warps= 4, buffers=6
--------------------------------------------------------------------------------
[159/167] Shape 1024-16-1536:
  -> Best Dense   :    5.31 TFLOPS | Config: BM= 64, BN= 64, BK=128, warps= 4, buffers=5
  -> Best Runtime :    2.82 TFLOPS | Config: BM= 64, BN=128, BK=128, warps= 4, buffers=3
  -> Best Precomp :    5.64 TFLOPS | Config: BM= 64, BN= 64, BK=128, warps= 4, buffers=6
--------------------------------------------------------------------------------
[160/167] Shape 1536-16-1024:
  -> Best Dense   :    5.67 TFLOPS | Config: BM= 64, BN= 64, BK=128, warps= 4, buffers=5
  -> Best Runtime :    3.54 TFLOPS | Config: BM= 64, BN= 64, BK=128, warps= 4, buffers=3
  -> Best Precomp :    6.10 TFLOPS | Config: BM=128, BN= 64, BK=128, warps= 4, buffers=5
--------------------------------------------------------------------------------
[161/167] Shape 2048-16-768:
  -> Best Dense   :    5.74 TFLOPS | Config: BM= 64, BN= 64, BK=128, warps= 4, buffers=5
  -> Best Runtime :    3.96 TFLOPS | Config: BM= 64, BN= 64, BK=128, warps= 4, buffers=3
  -> Best Precomp :    6.36 TFLOPS | Config: BM=128, BN= 64, BK=128, warps= 4, buffers=5
--------------------------------------------------------------------------------
[162/167] Shape 768-16-1536:
  -> Best Dense   :    4.06 TFLOPS | Config: BM= 64, BN= 64, BK=128, warps= 4, buffers=5
  -> Best Runtime :    2.14 TFLOPS | Config: BM= 64, BN=128, BK=128, warps= 4, buffers=3
  -> Best Precomp :    4.33 TFLOPS | Config: BM= 64, BN= 64, BK=128, warps= 4, buffers=5
--------------------------------------------------------------------------------
[163/167] Shape 1536-16-768:
  -> Best Dense   :    4.52 TFLOPS | Config: BM= 64, BN= 64, BK=128, warps= 4, buffers=5
  -> Best Runtime :    3.09 TFLOPS | Config: BM= 64, BN= 64, BK=128, warps= 4, buffers=3
  -> Best Precomp :    4.90 TFLOPS | Config: BM=128, BN= 64, BK=128, warps= 4, buffers=5
--------------------------------------------------------------------------------
[164/167] Shape 1024-16-1024:
  -> Best Dense   :    4.00 TFLOPS | Config: BM= 64, BN= 64, BK=128, warps= 4, buffers=5
  -> Best Runtime :    2.39 TFLOPS | Config: BM= 64, BN= 64, BK=128, warps= 4, buffers=3
  -> Best Precomp :    4.24 TFLOPS | Config: BM= 64, BN= 64, BK=128, warps= 4, buffers=5
--------------------------------------------------------------------------------
[165/167] Shape 768-16-1024:
  -> Best Dense   :    3.09 TFLOPS | Config: BM= 64, BN= 64, BK=128, warps= 4, buffers=5
  -> Best Runtime :    1.84 TFLOPS | Config: BM= 64, BN=128, BK=128, warps= 4, buffers=3
  -> Best Precomp :    3.25 TFLOPS | Config: BM= 64, BN= 64, BK=128, warps= 4, buffers=5
--------------------------------------------------------------------------------
[166/167] Shape 1024-16-768:
  -> Best Dense   :    3.26 TFLOPS | Config: BM= 64, BN= 64, BK=128, warps= 4, buffers=5
  -> Best Runtime :    2.11 TFLOPS | Config: BM= 64, BN= 64, BK=128, warps= 4, buffers=3
  -> Best Precomp :    3.42 TFLOPS | Config: BM= 64, BN= 64, BK=128, warps= 4, buffers=5
--------------------------------------------------------------------------------
[167/167] Shape 768-16-768:
  -> Best Dense   :    2.50 TFLOPS | Config: BM= 64, BN= 64, BK=128, warps= 4, buffers=5
  -> Best Runtime :    1.59 TFLOPS | Config: BM= 64, BN= 64, BK=128, warps= 4, buffers=3
  -> Best Precomp :    2.62 TFLOPS | Config: BM= 64, BN= 64, BK=128, warps= 4, buffers=5
--------------------------------------------------------------------------------

================================================================================
🏆 GLOBAL WINNER: HIGHEST RUNTIME vs DENSE RATIO
================================================================================
Shape  : 16384-16-1536
Ratio  : 0.959x speedup
Layout : BM=128, BN=128, BK= 64, warps= 4, buffers=5
================================================================================


scontrol show job 607148
JobId=607148 JobName=9.2_best_ratio
   UserId=notming(3159615) GroupId=notming(3159615) MCS_label=N/A
   Priority=1270013 Nice=0 Account=rrg-mmehride QOS=normal
   JobState=COMPLETING Reason=None Dependency=(null)
   Requeue=0 Restarts=0 BatchFlag=1 Reboot=0 ExitCode=0:0
   RunTime=01:29:00 TimeLimit=02:00:00 TimeMin=N/A
   SubmitTime=2026-06-18T13:18:12 EligibleTime=2026-06-18T13:18:12
   AccrueTime=2026-06-18T13:18:12
   StartTime=2026-06-18T13:19:00 EndTime=2026-06-18T14:48:00 Deadline=N/A
   SuspendTime=None SecsPreSuspend=0 LastSchedEval=2026-06-18T13:19:00 Scheduler=Main
   Partition=compute AllocNode:Sid=trig-login01:1823643
   ReqNodeList=(null) ExcNodeList=(null)
   NodeList=trig0016
   BatchHost=trig0016
   NumNodes=1 NumCPUs=24 NumTasks=1 CPUs/Task=1 ReqB:S:C:T=0:0:*:*
   ReqTRES=cpu=1,mem=192500M,node=1,billing=1,gres/gpu=1
   AllocTRES=cpu=24,mem=192500M,node=1,billing=1,gres/gpu=1
   Socks/Node=* NtasksPerN:B:S:C=0:0:*:* CoreSpec=*
   MinCPUsNode=1 MinMemoryNode=192500M MinTmpDiskNode=0
   Features=(null) DelayBoot=00:00:00
   OverSubscribe=OK Contiguous=0 Licenses=(null) LicensesAlloc=(null) Network=(null)
   Command=/scratch/notming/compression/9.2_sbatch_best_ratio.sh
   SubmitLine=SBATCH --comment /opt/slurm/bin/sbatch --export=NONE --get-user-env 9.2_sbatch_best_ratio.sh --export=NONE --get-user-env 9.2_sbatch_best_ratio.sh
   WorkDir=/scratch/notming/compression
   Comment=/opt/slurm/bin/sbatch --export=NONE --get-user-env 9.2_sbatch_best_ratio.sh
   StdErr=
   StdIn=/dev/null
   StdOut=/scratch/notming/compression/9.2_best_ratio_607148.out
   CpusPerTres=gpu:24
   TresPerNode=gres/gpu:1

sacct -j 607148
JobID           JobName    Account    Elapsed  MaxVMSize     MaxRSS  SystemCPU    UserCPU ExitCode 
------------ ---------- ---------- ---------- ---------- ---------- ---------- ---------- -------- 
607148       9.2_best_+ rrg-mmehr+   01:29:00                         00:00:00   00:00:00      0:0 
607148.batch      batch rrg-mmehr+   01:29:00                         00:00:00   00:00:00      0:0 
607148.exte+     extern rrg-mmehr+   01:29:00                         00:00:00   00:00:00      0:0 

