INFO:    Setting 'NVIDIA_VISIBLE_DEVICES=all' to emulate legacy GPU binding.
INFO:    Setting --writable-tmpfs (required by nvidia-container-cli)

Starting manual autotuning search...
--------------------------------------------------------------------------------
[1/167] Shape 49152-16-49152:
  -> Best Dense   :   49.64 TFLOPS | Config: BM=128, BN= 64, BK=128, warps= 8, buffers=3
  -> Best Runtime :   37.95 TFLOPS | Config: BM=128, BN= 64, BK=128, warps= 4, buffers=3
  -> Best Precomp :   92.99 TFLOPS | Config: BM=128, BN= 64, BK=128, warps= 4, buffers=5
--------------------------------------------------------------------------------
[2/167] Shape 24576-16-49152:
  -> Best Dense   :   48.46 TFLOPS | Config: BM= 64, BN= 64, BK= 64, warps= 4, buffers=7
  -> Best Runtime :   31.60 TFLOPS | Config: BM= 64, BN= 64, BK=256, warps= 8, buffers=3
  -> Best Precomp :   78.67 TFLOPS | Config: BM=128, BN= 64, BK=128, warps=16, buffers=6
--------------------------------------------------------------------------------
[3/167] Shape 49152-16-24576:
  -> Best Dense   :   48.96 TFLOPS | Config: BM=128, BN= 64, BK=128, warps= 8, buffers=3
  -> Best Runtime :   37.32 TFLOPS | Config: BM=128, BN= 64, BK=128, warps= 4, buffers=3
  -> Best Precomp :   90.07 TFLOPS | Config: BM=128, BN= 64, BK=128, warps= 4, buffers=5
--------------------------------------------------------------------------------
[4/167] Shape 32768-16-32768:
  -> Best Dense   :   49.18 TFLOPS | Config: BM=128, BN= 64, BK=128, warps= 4, buffers=3
  -> Best Runtime :   37.42 TFLOPS | Config: BM=128, BN= 64, BK=128, warps= 4, buffers=3
  -> Best Precomp :   90.51 TFLOPS | Config: BM=128, BN= 64, BK=128, warps= 4, buffers=4
--------------------------------------------------------------------------------
[5/167] Shape 16384-16-49152:
  -> Best Dense   :   48.46 TFLOPS | Config: BM=128, BN= 64, BK=128, warps= 8, buffers=4
  -> Best Runtime :   37.37 TFLOPS | Config: BM=128, BN= 64, BK=128, warps= 4, buffers=3
  -> Best Precomp :   90.63 TFLOPS | Config: BM=128, BN= 64, BK=128, warps= 4, buffers=5
--------------------------------------------------------------------------------
[6/167] Shape 24576-16-32768:
  -> Best Dense   :   47.97 TFLOPS | Config: BM= 64, BN= 64, BK= 64, warps= 4, buffers=7
  -> Best Runtime :   31.67 TFLOPS | Config: BM= 64, BN= 64, BK=256, warps= 8, buffers=3
  -> Best Precomp :   78.03 TFLOPS | Config: BM=128, BN= 64, BK=128, warps= 8, buffers=6
--------------------------------------------------------------------------------
[7/167] Shape 32768-16-24576:
  -> Best Dense   :   48.13 TFLOPS | Config: BM=128, BN= 64, BK=128, warps= 4, buffers=3
  -> Best Runtime :   37.12 TFLOPS | Config: BM=128, BN= 64, BK=128, warps= 4, buffers=3
  -> Best Precomp :   88.82 TFLOPS | Config: BM=128, BN= 64, BK=128, warps= 4, buffers=5
--------------------------------------------------------------------------------
[8/167] Shape 49152-16-16384:
  -> Best Dense   :   48.54 TFLOPS | Config: BM=128, BN= 64, BK=128, warps= 8, buffers=3
  -> Best Runtime :   37.06 TFLOPS | Config: BM=128, BN= 64, BK=128, warps= 4, buffers=3
  -> Best Precomp :   88.98 TFLOPS | Config: BM=128, BN= 64, BK=128, warps= 4, buffers=4
--------------------------------------------------------------------------------
[9/167] Shape 12288-16-49152:
  -> Best Dense   :   47.12 TFLOPS | Config: BM=128, BN= 64, BK=128, warps=16, buffers=4
  -> Best Runtime :   28.26 TFLOPS | Config: BM=128, BN= 64, BK=128, warps= 4, buffers=3
  -> Best Precomp :   82.86 TFLOPS | Config: BM=128, BN= 64, BK=128, warps= 4, buffers=5
--------------------------------------------------------------------------------
[10/167] Shape 24576-16-24576:
  -> Best Dense   :   46.89 TFLOPS | Config: BM= 64, BN= 64, BK=128, warps= 4, buffers=5
  -> Best Runtime :   31.34 TFLOPS | Config: BM= 64, BN= 64, BK=256, warps= 8, buffers=3
  -> Best Precomp :   76.54 TFLOPS | Config: BM=128, BN= 64, BK=128, warps=16, buffers=6
--------------------------------------------------------------------------------
[11/167] Shape 49152-16-12288:
  -> Best Dense   :   47.11 TFLOPS | Config: BM=128, BN= 64, BK=128, warps= 8, buffers=3
  -> Best Runtime :   36.67 TFLOPS | Config: BM=128, BN= 64, BK=128, warps= 4, buffers=3
  -> Best Precomp :   85.82 TFLOPS | Config: BM=128, BN= 64, BK=128, warps= 8, buffers=5
--------------------------------------------------------------------------------
[12/167] Shape 16384-16-32768:
  -> Best Dense   :   47.95 TFLOPS | Config: BM=128, BN= 64, BK=128, warps= 8, buffers=4
  -> Best Runtime :   36.98 TFLOPS | Config: BM=128, BN= 64, BK=128, warps= 4, buffers=3
  -> Best Precomp :   87.95 TFLOPS | Config: BM=128, BN= 64, BK=128, warps= 4, buffers=6
--------------------------------------------------------------------------------
[13/167] Shape 32768-16-16384:
  -> Best Dense   :   47.75 TFLOPS | Config: BM=128, BN= 64, BK=128, warps= 4, buffers=3
  -> Best Runtime :   36.77 TFLOPS | Config: BM=128, BN= 64, BK=128, warps= 4, buffers=3
  -> Best Precomp :   86.08 TFLOPS | Config: BM=128, BN= 64, BK=128, warps= 4, buffers=4
--------------------------------------------------------------------------------
[14/167] Shape 8192-16-49152:
  -> Best Dense   :   46.75 TFLOPS | Config: BM= 64, BN= 64, BK=128, warps= 4, buffers=6
  -> Best Runtime :   31.10 TFLOPS | Config: BM= 64, BN= 64, BK=256, warps= 8, buffers=3
  -> Best Precomp :   74.05 TFLOPS | Config: BM=128, BN= 64, BK=128, warps= 8, buffers=6
--------------------------------------------------------------------------------
[15/167] Shape 12288-16-32768:
  -> Best Dense   :   45.98 TFLOPS | Config: BM=128, BN= 64, BK=128, warps= 8, buffers=3
  -> Best Runtime :   27.91 TFLOPS | Config: BM=128, BN= 64, BK=128, warps= 4, buffers=3
  -> Best Precomp :   80.41 TFLOPS | Config: BM=128, BN= 64, BK=128, warps= 8, buffers=5
--------------------------------------------------------------------------------
[16/167] Shape 16384-16-24576:
  -> Best Dense   :   46.75 TFLOPS | Config: BM=128, BN= 64, BK=128, warps= 8, buffers=4
  -> Best Runtime :   36.52 TFLOPS | Config: BM=128, BN= 64, BK=128, warps= 4, buffers=3
  -> Best Precomp :   84.65 TFLOPS | Config: BM=128, BN= 64, BK=128, warps= 8, buffers=5
--------------------------------------------------------------------------------
[17/167] Shape 24576-16-16384:
  -> Best Dense   :   46.37 TFLOPS | Config: BM= 64, BN= 64, BK=128, warps= 4, buffers=4
  -> Best Runtime :   31.09 TFLOPS | Config: BM= 64, BN= 64, BK=256, warps= 8, buffers=3
  -> Best Precomp :   74.28 TFLOPS | Config: BM=128, BN= 64, BK=128, warps= 4, buffers=6
--------------------------------------------------------------------------------
[18/167] Shape 32768-16-12288:
  -> Best Dense   :   46.60 TFLOPS | Config: BM=128, BN= 64, BK=128, warps= 8, buffers=3
  -> Best Runtime :   36.31 TFLOPS | Config: BM=128, BN= 64, BK=128, warps= 4, buffers=3
  -> Best Precomp :   83.36 TFLOPS | Config: BM=128, BN= 64, BK=128, warps= 4, buffers=5
--------------------------------------------------------------------------------
[19/167] Shape 49152-16-8192:
  -> Best Dense   :   46.66 TFLOPS | Config: BM=128, BN= 64, BK=128, warps= 8, buffers=3
  -> Best Runtime :   36.09 TFLOPS | Config: BM=128, BN= 64, BK=128, warps= 4, buffers=3
  -> Best Precomp :   83.27 TFLOPS | Config: BM=128, BN= 64, BK=128, warps= 4, buffers=4
--------------------------------------------------------------------------------
[20/167] Shape 6144-16-49152:
  -> Best Dense   :   43.54 TFLOPS | Config: BM= 64, BN= 64, BK=128, warps= 4, buffers=5
  -> Best Runtime :   23.27 TFLOPS | Config: BM= 64, BN= 64, BK=256, warps= 8, buffers=3
  -> Best Precomp :   59.04 TFLOPS | Config: BM= 64, BN= 64, BK=128, warps= 4, buffers=7
--------------------------------------------------------------------------------
[21/167] Shape 12288-16-24576:
  -> Best Dense   :   44.56 TFLOPS | Config: BM=128, BN= 64, BK=128, warps=16, buffers=4
  -> Best Runtime :   27.79 TFLOPS | Config: BM=128, BN= 64, BK=128, warps= 4, buffers=3
  -> Best Precomp :   77.59 TFLOPS | Config: BM=128, BN= 64, BK=128, warps= 4, buffers=5
--------------------------------------------------------------------------------
[22/167] Shape 24576-16-12288:
  -> Best Dense   :   44.73 TFLOPS | Config: BM= 64, BN= 64, BK=128, warps= 4, buffers=5
  -> Best Runtime :   30.72 TFLOPS | Config: BM= 64, BN= 64, BK=256, warps= 8, buffers=3
  -> Best Precomp :   73.01 TFLOPS | Config: BM=128, BN= 64, BK=128, warps= 4, buffers=6
--------------------------------------------------------------------------------
[23/167] Shape 49152-16-6144:
  -> Best Dense   :   44.97 TFLOPS | Config: BM=128, BN= 64, BK=128, warps= 4, buffers=3
  -> Best Runtime :   35.47 TFLOPS | Config: BM=128, BN= 64, BK=128, warps= 4, buffers=3
  -> Best Precomp :   79.49 TFLOPS | Config: BM=128, BN= 64, BK=128, warps= 4, buffers=5
--------------------------------------------------------------------------------
[24/167] Shape 8192-16-32768:
  -> Best Dense   :   45.70 TFLOPS | Config: BM= 64, BN= 64, BK=128, warps= 4, buffers=6
  -> Best Runtime :   30.56 TFLOPS | Config: BM= 64, BN= 64, BK=256, warps= 8, buffers=3
  -> Best Precomp :   71.81 TFLOPS | Config: BM=128, BN= 64, BK=128, warps= 4, buffers=6
--------------------------------------------------------------------------------
[25/167] Shape 16384-16-16384:
  -> Best Dense   :   45.62 TFLOPS | Config: BM=128, BN= 64, BK=128, warps= 8, buffers=3
  -> Best Runtime :   35.72 TFLOPS | Config: BM=128, BN= 64, BK=128, warps= 4, buffers=3
  -> Best Precomp :   80.75 TFLOPS | Config: BM=128, BN= 64, BK=128, warps= 4, buffers=6
--------------------------------------------------------------------------------
[26/167] Shape 32768-16-8192:
  -> Best Dense   :   45.14 TFLOPS | Config: BM=128, BN= 64, BK=128, warps= 8, buffers=3
  -> Best Runtime :   35.38 TFLOPS | Config: BM=128, BN= 64, BK=128, warps= 4, buffers=3
  -> Best Precomp :   78.63 TFLOPS | Config: BM=128, BN= 64, BK=128, warps= 4, buffers=4
--------------------------------------------------------------------------------
[27/167] Shape 4096-16-49152:
  -> Best Dense   :   39.15 TFLOPS | Config: BM= 64, BN= 64, BK=128, warps= 4, buffers=6
  -> Best Runtime :   15.58 TFLOPS | Config: BM= 64, BN= 64, BK=256, warps= 8, buffers=3
  -> Best Precomp :   51.31 TFLOPS | Config: BM= 64, BN= 64, BK=128, warps= 4, buffers=7
--------------------------------------------------------------------------------
[28/167] Shape 6144-16-32768:
  -> Best Dense   :   42.03 TFLOPS | Config: BM= 64, BN= 64, BK=128, warps= 4, buffers=5
  -> Best Runtime :   23.05 TFLOPS | Config: BM= 64, BN= 64, BK=256, warps= 8, buffers=3
  -> Best Precomp :   57.07 TFLOPS | Config: BM=128, BN= 64, BK=128, warps= 4, buffers=6
--------------------------------------------------------------------------------
[29/167] Shape 8192-16-24576:
  -> Best Dense   :   43.49 TFLOPS | Config: BM= 64, BN= 64, BK=128, warps= 4, buffers=6
  -> Best Runtime :   30.04 TFLOPS | Config: BM= 64, BN= 64, BK=256, warps= 8, buffers=3
  -> Best Precomp :   69.32 TFLOPS | Config: BM=128, BN= 64, BK=128, warps= 4, buffers=6
--------------------------------------------------------------------------------
[30/167] Shape 12288-16-16384:
  -> Best Dense   :   43.24 TFLOPS | Config: BM=128, BN= 64, BK=128, warps= 8, buffers=3
  -> Best Runtime :   27.24 TFLOPS | Config: BM=128, BN= 64, BK=128, warps= 4, buffers=3
  -> Best Precomp :   73.09 TFLOPS | Config: BM=128, BN= 64, BK=128, warps= 4, buffers=5
--------------------------------------------------------------------------------
[31/167] Shape 16384-16-12288:
  -> Best Dense   :   43.66 TFLOPS | Config: BM=128, BN= 64, BK=128, warps= 8, buffers=4
  -> Best Runtime :   34.99 TFLOPS | Config: BM=128, BN= 64, BK=128, warps= 4, buffers=4
  -> Best Precomp :   75.96 TFLOPS | Config: BM=128, BN= 64, BK=128, warps= 4, buffers=6
--------------------------------------------------------------------------------
[32/167] Shape 24576-16-8192:
  -> Best Dense   :   43.26 TFLOPS | Config: BM= 64, BN= 64, BK=128, warps= 4, buffers=4
  -> Best Runtime :   30.05 TFLOPS | Config: BM= 64, BN= 64, BK=256, warps= 8, buffers=3
  -> Best Precomp :   68.86 TFLOPS | Config: BM=128, BN= 64, BK=128, warps= 4, buffers=5
--------------------------------------------------------------------------------
[33/167] Shape 32768-16-6144:
  -> Best Dense   :   43.41 TFLOPS | Config: BM=128, BN= 64, BK=128, warps= 8, buffers=3
  -> Best Runtime :   34.67 TFLOPS | Config: BM=128, BN= 64, BK=128, warps= 4, buffers=3
  -> Best Precomp :   74.62 TFLOPS | Config: BM=128, BN= 64, BK=128, warps= 4, buffers=5
--------------------------------------------------------------------------------
[34/167] Shape 49152-16-4096:
  -> Best Dense   :   43.70 TFLOPS | Config: BM=128, BN= 64, BK=128, warps= 8, buffers=4
  -> Best Runtime :   34.30 TFLOPS | Config: BM=128, BN= 64, BK=128, warps= 4, buffers=3
  -> Best Precomp :   74.44 TFLOPS | Config: BM=128, BN= 64, BK=128, warps= 4, buffers=6
--------------------------------------------------------------------------------
[35/167] Shape 3072-16-49152:
  -> Best Dense   :   30.58 TFLOPS | Config: BM= 64, BN= 64, BK=128, warps= 4, buffers=6
  -> Best Runtime :   11.82 TFLOPS | Config: BM= 64, BN= 64, BK=256, warps= 8, buffers=3
  -> Best Precomp :   39.81 TFLOPS | Config: BM= 64, BN= 64, BK=128, warps= 4, buffers=7
--------------------------------------------------------------------------------
[36/167] Shape 6144-16-24576:
  -> Best Dense   :   40.24 TFLOPS | Config: BM= 64, BN= 64, BK=128, warps= 4, buffers=5
  -> Best Runtime :   22.68 TFLOPS | Config: BM= 64, BN= 64, BK=256, warps= 8, buffers=3
  -> Best Precomp :   55.50 TFLOPS | Config: BM=128, BN= 64, BK=128, warps= 4, buffers=6
--------------------------------------------------------------------------------
[37/167] Shape 12288-16-12288:
  -> Best Dense   :   41.00 TFLOPS | Config: BM=128, BN= 64, BK=128, warps= 8, buffers=3
  -> Best Runtime :   26.83 TFLOPS | Config: BM=128, BN= 64, BK=128, warps= 4, buffers=3
  -> Best Precomp :   68.80 TFLOPS | Config: BM=128, BN= 64, BK=128, warps= 8, buffers=5
--------------------------------------------------------------------------------
[38/167] Shape 24576-16-6144:
  -> Best Dense   :   41.26 TFLOPS | Config: BM= 64, BN= 64, BK=128, warps= 4, buffers=6
  -> Best Runtime :   29.51 TFLOPS | Config: BM= 64, BN= 64, BK=256, warps= 8, buffers=3
  -> Best Precomp :   65.78 TFLOPS | Config: BM=128, BN= 64, BK=128, warps= 4, buffers=5
--------------------------------------------------------------------------------
[39/167] Shape 49152-16-3072:
  -> Best Dense   :   41.66 TFLOPS | Config: BM=128, BN= 64, BK=128, warps= 4, buffers=3
  -> Best Runtime :   33.04 TFLOPS | Config: BM=128, BN= 64, BK=128, warps= 4, buffers=3
  -> Best Precomp :   69.98 TFLOPS | Config: BM=128, BN= 64, BK=128, warps= 4, buffers=6
--------------------------------------------------------------------------------
[40/167] Shape 4096-16-32768:
  -> Best Dense   :   37.69 TFLOPS | Config: BM= 64, BN= 64, BK=128, warps= 4, buffers=6
  -> Best Runtime :   15.55 TFLOPS | Config: BM= 64, BN= 64, BK=256, warps= 8, buffers=3
  -> Best Precomp :   49.46 TFLOPS | Config: BM= 64, BN= 64, BK=128, warps= 4, buffers=7
--------------------------------------------------------------------------------
[41/167] Shape 8192-16-16384:
  -> Best Dense   :   41.50 TFLOPS | Config: BM= 64, BN= 64, BK=128, warps= 4, buffers=6
  -> Best Runtime :   29.19 TFLOPS | Config: BM= 64, BN= 64, BK=256, warps= 8, buffers=3
  -> Best Precomp :   64.35 TFLOPS | Config: BM=128, BN= 64, BK=128, warps= 4, buffers=6
--------------------------------------------------------------------------------
[42/167] Shape 16384-16-8192:
  -> Best Dense   :   41.49 TFLOPS | Config: BM=128, BN= 64, BK=128, warps= 4, buffers=3
  -> Best Runtime :   33.82 TFLOPS | Config: BM=128, BN= 64, BK=128, warps= 4, buffers=3
  -> Best Precomp :   69.30 TFLOPS | Config: BM=128, BN= 64, BK=128, warps= 4, buffers=6
--------------------------------------------------------------------------------
[43/167] Shape 32768-16-4096:
  -> Best Dense   :   41.25 TFLOPS | Config: BM=128, BN= 64, BK=128, warps= 8, buffers=3
  -> Best Runtime :   33.28 TFLOPS | Config: BM=128, BN= 64, BK=128, warps= 4, buffers=3
  -> Best Precomp :   68.28 TFLOPS | Config: BM=128, BN= 64, BK=128, warps= 4, buffers=6
--------------------------------------------------------------------------------
[44/167] Shape 2048-16-49152:
  -> Best Dense   :   22.62 TFLOPS | Config: BM= 64, BN= 64, BK=128, warps= 4, buffers=6
  -> Best Runtime :    7.94 TFLOPS | Config: BM= 64, BN= 64, BK=256, warps= 8, buffers=3
  -> Best Precomp :   29.52 TFLOPS | Config: BM= 64, BN= 64, BK=128, warps= 4, buffers=7
--------------------------------------------------------------------------------
[45/167] Shape 3072-16-32768:
  -> Best Dense   :   29.85 TFLOPS | Config: BM= 64, BN= 64, BK=128, warps= 4, buffers=6
  -> Best Runtime :   11.84 TFLOPS | Config: BM= 64, BN= 64, BK=256, warps= 8, buffers=3
  -> Best Precomp :   39.10 TFLOPS | Config: BM= 64, BN= 64, BK=128, warps= 4, buffers=7
--------------------------------------------------------------------------------
[46/167] Shape 4096-16-24576:
  -> Best Dense   :   35.89 TFLOPS | Config: BM= 64, BN= 64, BK=128, warps= 4, buffers=6
  -> Best Runtime :   15.41 TFLOPS | Config: BM= 64, BN= 64, BK=256, warps= 8, buffers=3
  -> Best Precomp :   47.57 TFLOPS | Config: BM= 64, BN= 64, BK=128, warps= 4, buffers=7
--------------------------------------------------------------------------------
[47/167] Shape 6144-16-16384:
  -> Best Dense   :   37.56 TFLOPS | Config: BM= 64, BN= 64, BK=128, warps= 4, buffers=5
  -> Best Runtime :   22.44 TFLOPS | Config: BM= 64, BN= 64, BK=256, warps= 8, buffers=3
  -> Best Precomp :   52.60 TFLOPS | Config: BM=128, BN= 64, BK=128, warps= 4, buffers=6
--------------------------------------------------------------------------------
[48/167] Shape 8192-16-12288:
  -> Best Dense   :   38.88 TFLOPS | Config: BM= 64, BN= 64, BK=128, warps= 4, buffers=6
  -> Best Runtime :   28.37 TFLOPS | Config: BM= 64, BN= 64, BK=128, warps= 4, buffers=5
  -> Best Precomp :   60.19 TFLOPS | Config: BM=128, BN= 64, BK=128, warps= 4, buffers=6
--------------------------------------------------------------------------------
[49/167] Shape 12288-16-8192:
  -> Best Dense   :   38.71 TFLOPS | Config: BM=128, BN= 64, BK=128, warps= 4, buffers=3
  -> Best Runtime :   26.10 TFLOPS | Config: BM=128, BN= 64, BK=128, warps= 4, buffers=3
  -> Best Precomp :   61.41 TFLOPS | Config: BM=128, BN= 64, BK=128, warps= 8, buffers=5
--------------------------------------------------------------------------------
[50/167] Shape 16384-16-6144:
  -> Best Dense   :   39.08 TFLOPS | Config: BM=128, BN= 64, BK=128, warps= 4, buffers=3
  -> Best Runtime :   32.71 TFLOPS | Config: BM=128, BN= 64, BK=128, warps= 4, buffers=4
  -> Best Precomp :   63.48 TFLOPS | Config: BM=128, BN= 64, BK=128, warps= 4, buffers=6
--------------------------------------------------------------------------------
[51/167] Shape 24576-16-4096:
  -> Best Dense   :   38.64 TFLOPS | Config: BM= 64, BN= 64, BK=128, warps= 4, buffers=6
  -> Best Runtime :   28.11 TFLOPS | Config: BM= 64, BN= 64, BK=256, warps= 8, buffers=3
  -> Best Precomp :   59.90 TFLOPS | Config: BM=128, BN= 64, BK=128, warps= 4, buffers=5
--------------------------------------------------------------------------------
[52/167] Shape 32768-16-3072:
  -> Best Dense   :   38.84 TFLOPS | Config: BM=128, BN= 64, BK=128, warps= 8, buffers=3
  -> Best Runtime :   31.79 TFLOPS | Config: BM=128, BN= 64, BK=128, warps= 4, buffers=3
  -> Best Precomp :   62.92 TFLOPS | Config: BM=128, BN= 64, BK=128, warps= 4, buffers=5
--------------------------------------------------------------------------------
[53/167] Shape 49152-16-2048:
  -> Best Dense   :   38.81 TFLOPS | Config: BM=128, BN= 64, BK=128, warps= 4, buffers=3
  -> Best Runtime :   31.23 TFLOPS | Config: BM=128, BN= 64, BK=128, warps= 8, buffers=3
  -> Best Precomp :   63.08 TFLOPS | Config: BM=128, BN= 64, BK=128, warps= 4, buffers=5
--------------------------------------------------------------------------------
[54/167] Shape 1536-16-49152:
  -> Best Dense   :   18.70 TFLOPS | Config: BM= 64, BN= 64, BK=128, warps= 4, buffers=6
  -> Best Runtime :    5.96 TFLOPS | Config: BM= 64, BN= 64, BK=256, warps= 8, buffers=3
  -> Best Precomp :   24.74 TFLOPS | Config: BM= 64, BN= 64, BK=128, warps= 4, buffers=7
--------------------------------------------------------------------------------
[55/167] Shape 3072-16-24576:
  -> Best Dense   :   28.92 TFLOPS | Config: BM= 64, BN= 64, BK=128, warps= 4, buffers=6
  -> Best Runtime :   11.71 TFLOPS | Config: BM= 64, BN= 64, BK=256, warps= 8, buffers=3
  -> Best Precomp :   38.05 TFLOPS | Config: BM= 64, BN= 64, BK=128, warps= 4, buffers=7
--------------------------------------------------------------------------------
[56/167] Shape 6144-16-12288:
  -> Best Dense   :   34.90 TFLOPS | Config: BM= 64, BN= 64, BK=128, warps= 4, buffers=5
  -> Best Runtime :   21.84 TFLOPS | Config: BM= 64, BN= 64, BK=256, warps= 8, buffers=3
  -> Best Precomp :   50.26 TFLOPS | Config: BM=128, BN= 64, BK=128, warps= 4, buffers=6
--------------------------------------------------------------------------------
[57/167] Shape 12288-16-6144:
  -> Best Dense   :   35.85 TFLOPS | Config: BM=128, BN= 64, BK=128, warps= 4, buffers=3
  -> Best Runtime :   25.32 TFLOPS | Config: BM=128, BN= 64, BK=128, warps= 4, buffers=3
  -> Best Precomp :   56.46 TFLOPS | Config: BM=128, BN= 64, BK=128, warps= 4, buffers=5
--------------------------------------------------------------------------------
[58/167] Shape 24576-16-3072:
  -> Best Dense   :   36.02 TFLOPS | Config: BM= 64, BN= 64, BK=128, warps= 4, buffers=5
  -> Best Runtime :   27.29 TFLOPS | Config: BM= 64, BN= 64, BK=256, warps= 8, buffers=3
  -> Best Precomp :   55.15 TFLOPS | Config: BM=128, BN= 64, BK=128, warps= 4, buffers=5
--------------------------------------------------------------------------------
[59/167] Shape 49152-16-1536:
  -> Best Dense   :   36.08 TFLOPS | Config: BM=128, BN= 64, BK=128, warps= 4, buffers=4
  -> Best Runtime :   29.86 TFLOPS | Config: BM=128, BN= 64, BK=128, warps= 8, buffers=4
  -> Best Precomp :   56.82 TFLOPS | Config: BM=128, BN= 64, BK=128, warps= 4, buffers=6
--------------------------------------------------------------------------------
[60/167] Shape 2048-16-32768:
  -> Best Dense   :   22.22 TFLOPS | Config: BM= 64, BN= 64, BK=128, warps= 4, buffers=6
  -> Best Runtime :    7.91 TFLOPS | Config: BM= 64, BN= 64, BK=256, warps= 8, buffers=3
  -> Best Precomp :   28.80 TFLOPS | Config: BM= 64, BN= 64, BK=128, warps= 4, buffers=7
--------------------------------------------------------------------------------
[61/167] Shape 4096-16-16384:
  -> Best Dense   :   33.34 TFLOPS | Config: BM= 64, BN= 64, BK=128, warps= 4, buffers=6
  -> Best Runtime :   15.21 TFLOPS | Config: BM= 64, BN= 64, BK=256, warps= 8, buffers=3
  -> Best Precomp :   44.38 TFLOPS | Config: BM= 64, BN= 64, BK=128, warps= 4, buffers=7
--------------------------------------------------------------------------------
[62/167] Shape 8192-16-8192:
  -> Best Dense   :   35.27 TFLOPS | Config: BM= 64, BN= 64, BK=128, warps= 4, buffers=6
  -> Best Runtime :   27.27 TFLOPS | Config: BM= 64, BN= 64, BK=128, warps= 4, buffers=5
  -> Best Precomp :   53.33 TFLOPS | Config: BM=128, BN= 64, BK=128, warps= 4, buffers=6
--------------------------------------------------------------------------------
[63/167] Shape 16384-16-4096:
  -> Best Dense   :   35.62 TFLOPS | Config: BM=128, BN= 64, BK=128, warps= 8, buffers=4
  -> Best Runtime :   30.77 TFLOPS | Config: BM=128, BN= 64, BK=128, warps= 4, buffers=4
  -> Best Precomp :   56.15 TFLOPS | Config: BM=128, BN= 64, BK=128, warps= 4, buffers=6
--------------------------------------------------------------------------------
[64/167] Shape 32768-16-2048:
  -> Best Dense   :   35.33 TFLOPS | Config: BM=128, BN= 64, BK=128, warps= 8, buffers=3
  -> Best Runtime :   29.67 TFLOPS | Config: BM=128, BN= 64, BK=128, warps= 8, buffers=4
  -> Best Precomp :   55.93 TFLOPS | Config: BM=128, BN= 64, BK=128, warps= 4, buffers=5
--------------------------------------------------------------------------------
[65/167] Shape 1024-16-49152:
  -> Best Dense   :   14.11 TFLOPS | Config: BM= 64, BN= 64, BK=128, warps= 4, buffers=6
  -> Best Runtime :    4.10 TFLOPS | Config: BM= 64, BN= 64, BK=256, warps= 8, buffers=3
  -> Best Precomp :   16.61 TFLOPS | Config: BM= 64, BN= 64, BK=128, warps= 4, buffers=7
--------------------------------------------------------------------------------
[66/167] Shape 1536-16-32768:
  -> Best Dense   :   18.36 TFLOPS | Config: BM= 64, BN= 64, BK=128, warps= 4, buffers=6
  -> Best Runtime :    5.95 TFLOPS | Config: BM= 64, BN= 64, BK=256, warps= 8, buffers=3
  -> Best Precomp :   23.96 TFLOPS | Config: BM= 64, BN= 64, BK=128, warps= 4, buffers=7
--------------------------------------------------------------------------------
[67/167] Shape 2048-16-24576:
  -> Best Dense   :   21.68 TFLOPS | Config: BM= 64, BN= 64, BK=128, warps= 4, buffers=6
  -> Best Runtime :    7.89 TFLOPS | Config: BM= 64, BN= 64, BK=256, warps= 8, buffers=3
  -> Best Precomp :   28.26 TFLOPS | Config: BM= 64, BN= 64, BK=128, warps= 4, buffers=7
--------------------------------------------------------------------------------
[68/167] Shape 3072-16-16384:
  -> Best Dense   :   27.27 TFLOPS | Config: BM= 64, BN= 64, BK=128, warps= 4, buffers=6
  -> Best Runtime :   11.63 TFLOPS | Config: BM= 64, BN= 64, BK=256, warps= 8, buffers=3
  -> Best Precomp :   36.19 TFLOPS | Config: BM= 64, BN= 64, BK=128, warps= 4, buffers=7
--------------------------------------------------------------------------------
[69/167] Shape 4096-16-12288:
  -> Best Dense   :   30.91 TFLOPS | Config: BM= 64, BN= 64, BK=128, warps= 4, buffers=6
  -> Best Runtime :   14.96 TFLOPS | Config: BM= 64, BN= 64, BK=256, warps= 8, buffers=3
  -> Best Precomp :   40.85 TFLOPS | Config: BM= 64, BN= 64, BK=128, warps= 4, buffers=7
--------------------------------------------------------------------------------
[70/167] Shape 6144-16-8192:
  -> Best Dense   :   31.41 TFLOPS | Config: BM= 64, BN= 64, BK=128, warps= 4, buffers=5
  -> Best Runtime :   21.05 TFLOPS | Config: BM= 64, BN= 64, BK=256, warps= 8, buffers=3
  -> Best Precomp :   45.24 TFLOPS | Config: BM=128, BN= 64, BK=128, warps= 4, buffers=6
--------------------------------------------------------------------------------
[71/167] Shape 8192-16-6144:
  -> Best Dense   :   32.21 TFLOPS | Config: BM= 64, BN= 64, BK=128, warps= 4, buffers=5
  -> Best Runtime :   26.07 TFLOPS | Config: BM= 64, BN= 64, BK=128, warps= 4, buffers=5
  -> Best Precomp :   48.85 TFLOPS | Config: BM=128, BN= 64, BK=128, warps= 4, buffers=6
--------------------------------------------------------------------------------
[72/167] Shape 12288-16-4096:
  -> Best Dense   :   31.96 TFLOPS | Config: BM=128, BN= 64, BK=128, warps= 8, buffers=3
  -> Best Runtime :   24.01 TFLOPS | Config: BM=128, BN= 64, BK=128, warps= 4, buffers=3
  -> Best Precomp :   49.91 TFLOPS | Config: BM=128, BN= 64, BK=128, warps= 4, buffers=5
--------------------------------------------------------------------------------
[73/167] Shape 16384-16-3072:
  -> Best Dense   :   32.38 TFLOPS | Config: BM=128, BN= 64, BK=128, warps= 8, buffers=3
  -> Best Runtime :   28.70 TFLOPS | Config: BM=128, BN= 64, BK=128, warps= 4, buffers=4
  -> Best Precomp :   51.73 TFLOPS | Config: BM=128, BN= 64, BK=128, warps= 4, buffers=6
--------------------------------------------------------------------------------
[74/167] Shape 24576-16-2048:
  -> Best Dense   :   32.28 TFLOPS | Config: BM= 64, BN= 64, BK=128, warps= 4, buffers=5
  -> Best Runtime :   25.39 TFLOPS | Config: BM= 64, BN= 64, BK=256, warps= 8, buffers=3
  -> Best Precomp :   49.87 TFLOPS | Config: BM=128, BN= 64, BK=128, warps= 4, buffers=6
--------------------------------------------------------------------------------
[75/167] Shape 32768-16-1536:
  -> Best Dense   :   32.25 TFLOPS | Config: BM=128, BN= 64, BK=128, warps= 4, buffers=4
  -> Best Runtime :   28.14 TFLOPS | Config: BM=128, BN= 64, BK=128, warps= 8, buffers=4
  -> Best Precomp :   50.50 TFLOPS | Config: BM=128, BN= 64, BK=128, warps= 4, buffers=6
--------------------------------------------------------------------------------
[76/167] Shape 49152-16-1024:
  -> Best Dense   :   32.43 TFLOPS | Config: BM=128, BN= 64, BK=128, warps= 8, buffers=4
  -> Best Runtime :   28.18 TFLOPS | Config: BM=128, BN= 64, BK=128, warps= 8, buffers=4
  -> Best Precomp :   50.32 TFLOPS | Config: BM=128, BN= 64, BK=128, warps= 4, buffers=6
--------------------------------------------------------------------------------
[77/167] Shape 768-16-49152:
  -> Best Dense   :   10.61 TFLOPS | Config: BM= 64, BN= 64, BK=128, warps= 4, buffers=6
  -> Best Runtime :    3.05 TFLOPS | Config: BM= 64, BN= 64, BK=256, warps= 8, buffers=3
  -> Best Precomp :   12.49 TFLOPS | Config: BM= 64, BN= 64, BK=128, warps= 4, buffers=7
--------------------------------------------------------------------------------
[78/167] Shape 1536-16-24576:
  -> Best Dense   :   17.96 TFLOPS | Config: BM= 64, BN= 64, BK=128, warps= 4, buffers=6
  -> Best Runtime :    5.89 TFLOPS | Config: BM= 64, BN= 64, BK=256, warps= 8, buffers=3
  -> Best Precomp :   23.09 TFLOPS | Config: BM= 64, BN= 64, BK=128, warps= 4, buffers=7
--------------------------------------------------------------------------------
[79/167] Shape 3072-16-12288:
  -> Best Dense   :   25.68 TFLOPS | Config: BM= 64, BN= 64, BK=128, warps= 4, buffers=6
  -> Best Runtime :   11.46 TFLOPS | Config: BM= 64, BN= 64, BK=256, warps= 8, buffers=3
  -> Best Precomp :   33.74 TFLOPS | Config: BM= 64, BN= 64, BK=128, warps= 4, buffers=7
--------------------------------------------------------------------------------
[80/167] Shape 6144-16-6144:
  -> Best Dense   :   28.90 TFLOPS | Config: BM= 64, BN= 64, BK=128, warps= 4, buffers=5
  -> Best Runtime :   20.09 TFLOPS | Config: BM= 64, BN= 64, BK=256, warps= 8, buffers=3
  -> Best Precomp :   41.92 TFLOPS | Config: BM=128, BN= 64, BK=128, warps= 4, buffers=6
--------------------------------------------------------------------------------
[81/167] Shape 12288-16-3072:
  -> Best Dense   :   28.95 TFLOPS | Config: BM=128, BN= 64, BK=128, warps= 4, buffers=3
  -> Best Runtime :   22.55 TFLOPS | Config: BM=128, BN= 64, BK=128, warps= 4, buffers=3
  -> Best Precomp :   46.51 TFLOPS | Config: BM=128, BN= 64, BK=128, warps= 4, buffers=6
--------------------------------------------------------------------------------
[82/167] Shape 24576-16-1536:
  -> Best Dense   :   28.93 TFLOPS | Config: BM= 64, BN= 64, BK=128, warps= 4, buffers=6
  -> Best Runtime :   23.92 TFLOPS | Config: BM= 64, BN= 64, BK=128, warps= 4, buffers=4
  -> Best Precomp :   44.61 TFLOPS | Config: BM=128, BN= 64, BK=128, warps= 4, buffers=6
--------------------------------------------------------------------------------
[83/167] Shape 49152-16-768:
  -> Best Dense   :   29.36 TFLOPS | Config: BM=128, BN= 64, BK=128, warps= 4, buffers=4
  -> Best Runtime :   26.31 TFLOPS | Config: BM=128, BN= 64, BK=128, warps= 8, buffers=4
  -> Best Precomp :   46.11 TFLOPS | Config: BM=128, BN= 64, BK=128, warps= 4, buffers=6
--------------------------------------------------------------------------------
[84/167] Shape 1024-16-32768:
  -> Best Dense   :   13.80 TFLOPS | Config: BM= 64, BN= 64, BK=128, warps= 4, buffers=6
  -> Best Runtime :    4.09 TFLOPS | Config: BM= 64, BN= 64, BK=256, warps= 8, buffers=3
  -> Best Precomp :   16.06 TFLOPS | Config: BM= 64, BN= 64, BK=128, warps= 4, buffers=7
--------------------------------------------------------------------------------
[85/167] Shape 2048-16-16384:
  -> Best Dense   :   20.78 TFLOPS | Config: BM= 64, BN= 64, BK=128, warps= 4, buffers=6
  -> Best Runtime :    7.86 TFLOPS | Config: BM= 64, BN= 64, BK=256, warps= 8, buffers=3
  -> Best Precomp :   26.88 TFLOPS | Config: BM= 64, BN= 64, BK=128, warps= 4, buffers=7
--------------------------------------------------------------------------------
[86/167] Shape 4096-16-8192:
  -> Best Dense   :   26.97 TFLOPS | Config: BM= 64, BN= 64, BK=128, warps= 4, buffers=6
  -> Best Runtime :   14.56 TFLOPS | Config: BM= 64, BN= 64, BK=256, warps= 8, buffers=3
  -> Best Precomp :   36.87 TFLOPS | Config: BM= 64, BN= 64, BK=128, warps= 4, buffers=7
--------------------------------------------------------------------------------
[87/167] Shape 8192-16-4096:
  -> Best Dense   :   28.22 TFLOPS | Config: BM= 64, BN= 64, BK=128, warps= 4, buffers=6
  -> Best Runtime :   24.09 TFLOPS | Config: BM= 64, BN= 64, BK=128, warps= 4, buffers=5
  -> Best Precomp :   42.89 TFLOPS | Config: BM=128, BN= 64, BK=128, warps= 4, buffers=6
--------------------------------------------------------------------------------
[88/167] Shape 16384-16-2048:
  -> Best Dense   :   28.62 TFLOPS | Config: BM=128, BN= 64, BK=128, warps= 4, buffers=4
  -> Best Runtime :   25.74 TFLOPS | Config: BM=128, BN= 64, BK=128, warps= 4, buffers=4
  -> Best Precomp :   46.25 TFLOPS | Config: BM=128, BN= 64, BK=128, warps= 4, buffers=6
--------------------------------------------------------------------------------
[89/167] Shape 32768-16-1024:
  -> Best Dense   :   28.77 TFLOPS | Config: BM=128, BN= 64, BK=128, warps= 4, buffers=4
  -> Best Runtime :   25.79 TFLOPS | Config: BM=128, BN= 64, BK=128, warps= 8, buffers=4
  -> Best Precomp :   44.63 TFLOPS | Config: BM=128, BN= 64, BK=128, warps= 4, buffers=6
--------------------------------------------------------------------------------
[90/167] Shape 768-16-32768:
  -> Best Dense   :   10.34 TFLOPS | Config: BM= 64, BN= 64, BK=128, warps= 4, buffers=6
  -> Best Runtime :    3.04 TFLOPS | Config: BM= 64, BN= 64, BK=256, warps= 8, buffers=3
  -> Best Precomp :   12.11 TFLOPS | Config: BM= 64, BN= 64, BK=128, warps= 4, buffers=7
--------------------------------------------------------------------------------
[91/167] Shape 1024-16-24576:
  -> Best Dense   :   13.45 TFLOPS | Config: BM= 64, BN= 64, BK=128, warps= 4, buffers=6
  -> Best Runtime :    4.03 TFLOPS | Config: BM= 64, BN= 64, BK=256, warps= 8, buffers=3
  -> Best Precomp :   15.59 TFLOPS | Config: BM= 64, BN= 64, BK=128, warps= 4, buffers=6
--------------------------------------------------------------------------------
[92/167] Shape 1536-16-16384:
  -> Best Dense   :   17.25 TFLOPS | Config: BM= 64, BN= 64, BK=128, warps= 4, buffers=6
  -> Best Runtime :    5.85 TFLOPS | Config: BM= 64, BN= 64, BK=256, warps= 8, buffers=3
  -> Best Precomp :   21.58 TFLOPS | Config: BM= 64, BN= 64, BK=128, warps= 4, buffers=7
--------------------------------------------------------------------------------
[93/167] Shape 2048-16-12288:
  -> Best Dense   :   19.81 TFLOPS | Config: BM= 64, BN= 64, BK=128, warps= 4, buffers=6
  -> Best Runtime :    7.72 TFLOPS | Config: BM= 64, BN= 64, BK=256, warps= 8, buffers=3
  -> Best Precomp :   25.39 TFLOPS | Config: BM= 64, BN= 64, BK=128, warps= 4, buffers=7
--------------------------------------------------------------------------------
[94/167] Shape 3072-16-8192:
  -> Best Dense   :   23.08 TFLOPS | Config: BM= 64, BN= 64, BK=128, warps= 4, buffers=6
  -> Best Runtime :   11.17 TFLOPS | Config: BM= 64, BN= 64, BK=256, warps= 8, buffers=3
  -> Best Precomp :   31.03 TFLOPS | Config: BM= 64, BN= 64, BK=128, warps= 4, buffers=7
--------------------------------------------------------------------------------
[95/167] Shape 4096-16-6144:
  -> Best Dense   :   24.83 TFLOPS | Config: BM= 64, BN= 64, BK=128, warps= 4, buffers=6
  -> Best Runtime :   13.95 TFLOPS | Config: BM= 64, BN= 64, BK=256, warps= 8, buffers=3
  -> Best Precomp :   34.29 TFLOPS | Config: BM= 64, BN= 64, BK=128, warps= 4, buffers=7
--------------------------------------------------------------------------------
[96/167] Shape 6144-16-4096:
  -> Best Dense   :   25.60 TFLOPS | Config: BM= 64, BN= 64, BK=128, warps= 4, buffers=5
  -> Best Runtime :   18.71 TFLOPS | Config: BM= 64, BN= 64, BK=128, warps= 4, buffers=4
  -> Best Precomp :   37.65 TFLOPS | Config: BM=128, BN= 64, BK=128, warps= 4, buffers=6
--------------------------------------------------------------------------------
[97/167] Shape 8192-16-3072:
  -> Best Dense   :   25.94 TFLOPS | Config: BM= 64, BN= 64, BK=128, warps= 4, buffers=5
  -> Best Runtime :   22.29 TFLOPS | Config: BM= 64, BN= 64, BK=128, warps= 4, buffers=5
  -> Best Precomp :   39.93 TFLOPS | Config: BM=128, BN= 64, BK=128, warps= 4, buffers=6
--------------------------------------------------------------------------------
[98/167] Shape 12288-16-2048:
  -> Best Dense   :   25.82 TFLOPS | Config: BM=128, BN= 64, BK=128, warps= 4, buffers=4
  -> Best Runtime :   20.50 TFLOPS | Config: BM=128, BN= 64, BK=128, warps= 4, buffers=3
  -> Best Precomp :   40.97 TFLOPS | Config: BM=128, BN= 64, BK=128, warps= 4, buffers=6
--------------------------------------------------------------------------------
[99/167] Shape 16384-16-1536:
  -> Best Dense   :   26.12 TFLOPS | Config: BM=128, BN= 64, BK=128, warps= 4, buffers=4
  -> Best Runtime :   23.65 TFLOPS | Config: BM=128, BN= 64, BK=128, warps= 4, buffers=4
  -> Best Precomp :   41.33 TFLOPS | Config: BM=128, BN= 64, BK=128, warps= 4, buffers=6
--------------------------------------------------------------------------------
[100/167] Shape 24576-16-1024:
  -> Best Dense   :   26.13 TFLOPS | Config: BM= 64, BN= 64, BK=128, warps= 4, buffers=6
  -> Best Runtime :   21.56 TFLOPS | Config: BM= 64, BN= 64, BK=128, warps= 8, buffers=5
  -> Best Precomp :   39.14 TFLOPS | Config: BM=128, BN= 64, BK=128, warps= 4, buffers=6
--------------------------------------------------------------------------------
[101/167] Shape 32768-16-768:
  -> Best Dense   :   26.06 TFLOPS | Config: BM=128, BN= 64, BK=128, warps= 4, buffers=4
  -> Best Runtime :   23.44 TFLOPS | Config: BM=128, BN= 64, BK=128, warps= 8, buffers=4
  -> Best Precomp :   40.38 TFLOPS | Config: BM=128, BN= 64, BK=128, warps= 4, buffers=6
--------------------------------------------------------------------------------
[102/167] Shape 768-16-24576:
  -> Best Dense   :   10.04 TFLOPS | Config: BM= 64, BN= 64, BK=128, warps= 4, buffers=6
  -> Best Runtime :    3.02 TFLOPS | Config: BM= 64, BN= 64, BK=256, warps= 8, buffers=3
  -> Best Precomp :   11.79 TFLOPS | Config: BM= 64, BN= 64, BK=128, warps= 4, buffers=6
--------------------------------------------------------------------------------
[103/167] Shape 1536-16-12288:
  -> Best Dense   :   16.39 TFLOPS | Config: BM= 64, BN= 64, BK=128, warps= 4, buffers=6
  -> Best Runtime :    5.77 TFLOPS | Config: BM= 64, BN= 64, BK=256, warps= 8, buffers=3
  -> Best Precomp :   20.49 TFLOPS | Config: BM= 64, BN= 64, BK=128, warps= 4, buffers=7
--------------------------------------------------------------------------------
[104/167] Shape 3072-16-6144:
  -> Best Dense   :   21.48 TFLOPS | Config: BM= 64, BN= 64, BK=128, warps= 4, buffers=6
  -> Best Runtime :   10.70 TFLOPS | Config: BM= 64, BN= 64, BK=256, warps= 8, buffers=3
  -> Best Precomp :   28.85 TFLOPS | Config: BM= 64, BN= 64, BK=128, warps= 4, buffers=7
--------------------------------------------------------------------------------
[105/167] Shape 6144-16-3072:
  -> Best Dense   :   23.63 TFLOPS | Config: BM= 64, BN= 64, BK=128, warps= 4, buffers=5
  -> Best Runtime :   17.47 TFLOPS | Config: BM= 64, BN= 64, BK=128, warps= 4, buffers=4
  -> Best Precomp :   34.42 TFLOPS | Config: BM=128, BN= 64, BK=128, warps= 4, buffers=6
--------------------------------------------------------------------------------
[106/167] Shape 12288-16-1536:
  -> Best Dense   :   23.80 TFLOPS | Config: BM=128, BN= 64, BK=128, warps= 4, buffers=4
  -> Best Runtime :   18.64 TFLOPS | Config: BM=128, BN= 64, BK=128, warps= 8, buffers=4
  -> Best Precomp :   36.15 TFLOPS | Config: BM=128, BN= 64, BK=128, warps= 8, buffers=5
--------------------------------------------------------------------------------
[107/167] Shape 24576-16-768:
  -> Best Dense   :   23.64 TFLOPS | Config: BM= 64, BN= 64, BK=128, warps= 4, buffers=6
  -> Best Runtime :   19.84 TFLOPS | Config: BM= 64, BN= 64, BK=128, warps= 8, buffers=5
  -> Best Precomp :   35.24 TFLOPS | Config: BM=128, BN= 64, BK=128, warps= 4, buffers=5
--------------------------------------------------------------------------------
[108/167] Shape 1024-16-16384:
  -> Best Dense   :   12.75 TFLOPS | Config: BM= 64, BN= 64, BK=128, warps= 4, buffers=6
  -> Best Runtime :    3.95 TFLOPS | Config: BM= 64, BN= 64, BK=256, warps= 8, buffers=3
  -> Best Precomp :   14.79 TFLOPS | Config: BM= 64, BN= 64, BK=128, warps= 4, buffers=6
--------------------------------------------------------------------------------
[109/167] Shape 2048-16-8192:
  -> Best Dense   :   18.18 TFLOPS | Config: BM= 64, BN= 64, BK=128, warps= 4, buffers=6
  -> Best Runtime :    7.54 TFLOPS | Config: BM= 64, BN= 64, BK=256, warps= 8, buffers=3
  -> Best Precomp :   23.30 TFLOPS | Config: BM= 64, BN= 64, BK=128, warps= 4, buffers=7
--------------------------------------------------------------------------------
[110/167] Shape 4096-16-4096:
  -> Best Dense   :   22.24 TFLOPS | Config: BM= 64, BN= 64, BK=128, warps= 4, buffers=6
  -> Best Runtime :   13.09 TFLOPS | Config: BM= 64, BN= 64, BK=256, warps= 8, buffers=3
  -> Best Precomp :   30.07 TFLOPS | Config: BM= 64, BN= 64, BK=128, warps= 4, buffers=7
--------------------------------------------------------------------------------
[111/167] Shape 8192-16-2048:
  -> Best Dense   :   23.13 TFLOPS | Config: BM= 64, BN= 64, BK=128, warps= 4, buffers=6
  -> Best Runtime :   19.92 TFLOPS | Config: BM= 64, BN= 64, BK=128, warps= 4, buffers=5
  -> Best Precomp :   34.48 TFLOPS | Config: BM=128, BN= 64, BK=128, warps= 4, buffers=5
--------------------------------------------------------------------------------
[112/167] Shape 16384-16-1024:
  -> Best Dense   :   23.65 TFLOPS | Config: BM=128, BN= 64, BK=128, warps= 4, buffers=4
  -> Best Runtime :   20.81 TFLOPS | Config: BM=128, BN=128, BK= 64, warps= 8, buffers=5
  -> Best Precomp :   35.18 TFLOPS | Config: BM=128, BN= 64, BK=128, warps= 4, buffers=5
--------------------------------------------------------------------------------
[113/167] Shape 768-16-16384:
  -> Best Dense   :    9.56 TFLOPS | Config: BM= 64, BN= 64, BK=128, warps= 4, buffers=6
  -> Best Runtime :    2.99 TFLOPS | Config: BM= 64, BN= 64, BK=256, warps= 8, buffers=3
  -> Best Precomp :   11.17 TFLOPS | Config: BM= 64, BN= 64, BK=128, warps= 4, buffers=6
--------------------------------------------------------------------------------
[114/167] Shape 1024-16-12288:
  -> Best Dense   :   12.13 TFLOPS | Config: BM= 64, BN= 64, BK=128, warps= 4, buffers=6
  -> Best Runtime :    3.91 TFLOPS | Config: BM= 64, BN= 64, BK=256, warps= 8, buffers=3
  -> Best Precomp :   13.97 TFLOPS | Config: BM= 64, BN= 64, BK=128, warps= 4, buffers=6
--------------------------------------------------------------------------------
[115/167] Shape 1536-16-8192:
  -> Best Dense   :   15.08 TFLOPS | Config: BM= 64, BN= 64, BK=128, warps= 4, buffers=6
  -> Best Runtime :    5.61 TFLOPS | Config: BM= 64, BN= 64, BK=256, warps= 8, buffers=3
  -> Best Precomp :   18.37 TFLOPS | Config: BM= 64, BN= 64, BK=128, warps= 4, buffers=7
--------------------------------------------------------------------------------
[116/167] Shape 2048-16-6144:
  -> Best Dense   :   16.97 TFLOPS | Config: BM= 64, BN= 64, BK=128, warps= 4, buffers=6
  -> Best Runtime :    7.20 TFLOPS | Config: BM= 64, BN= 64, BK=256, warps= 8, buffers=3
  -> Best Precomp :   21.05 TFLOPS | Config: BM= 64, BN= 64, BK=128, warps= 4, buffers=6
--------------------------------------------------------------------------------
[117/167] Shape 3072-16-4096:
  -> Best Dense   :   19.27 TFLOPS | Config: BM= 64, BN= 64, BK=128, warps= 4, buffers=6
  -> Best Runtime :   10.10 TFLOPS | Config: BM= 64, BN= 64, BK=256, warps= 8, buffers=3
  -> Best Precomp :   24.82 TFLOPS | Config: BM= 64, BN= 64, BK=128, warps= 4, buffers=7
--------------------------------------------------------------------------------
[118/167] Shape 4096-16-3072:
  -> Best Dense   :   20.36 TFLOPS | Config: BM= 64, BN= 64, BK=128, warps= 4, buffers=6
  -> Best Runtime :   12.32 TFLOPS | Config: BM= 64, BN= 64, BK=256, warps= 8, buffers=3
  -> Best Precomp :   26.84 TFLOPS | Config: BM= 64, BN= 64, BK=128, warps= 4, buffers=7
--------------------------------------------------------------------------------
[119/167] Shape 6144-16-2048:
  -> Best Dense   :   20.61 TFLOPS | Config: BM= 64, BN= 64, BK=128, warps= 4, buffers=5
  -> Best Runtime :   15.65 TFLOPS | Config: BM= 64, BN= 64, BK=128, warps= 4, buffers=4
  -> Best Precomp :   29.23 TFLOPS | Config: BM=128, BN= 64, BK=128, warps= 4, buffers=6
--------------------------------------------------------------------------------
[120/167] Shape 8192-16-1536:
  -> Best Dense   :   20.98 TFLOPS | Config: BM= 64, BN= 64, BK=128, warps= 4, buffers=6
  -> Best Runtime :   17.92 TFLOPS | Config: BM= 64, BN= 64, BK=128, warps= 4, buffers=5
  -> Best Precomp :   30.29 TFLOPS | Config: BM=128, BN= 64, BK=128, warps= 4, buffers=6
--------------------------------------------------------------------------------
[121/167] Shape 12288-16-1024:
  -> Best Dense   :   20.93 TFLOPS | Config: BM=128, BN= 64, BK=128, warps= 4, buffers=4
  -> Best Runtime :   16.60 TFLOPS | Config: BM=128, BN= 64, BK=128, warps= 8, buffers=3
  -> Best Precomp :   29.86 TFLOPS | Config: BM=128, BN= 64, BK=128, warps= 4, buffers=5
--------------------------------------------------------------------------------
[122/167] Shape 16384-16-768:
  -> Best Dense   :   21.27 TFLOPS | Config: BM=128, BN= 64, BK=128, warps= 4, buffers=4
  -> Best Runtime :   18.72 TFLOPS | Config: BM=128, BN=128, BK= 64, warps= 8, buffers=5
  -> Best Precomp :   30.45 TFLOPS | Config: BM=128, BN= 64, BK=128, warps= 4, buffers=6
--------------------------------------------------------------------------------
[123/167] Shape 768-16-12288:
  -> Best Dense   :    9.21 TFLOPS | Config: BM= 64, BN= 64, BK=128, warps= 4, buffers=5
  -> Best Runtime :    2.94 TFLOPS | Config: BM= 64, BN= 64, BK=256, warps= 8, buffers=3
  -> Best Precomp :   10.58 TFLOPS | Config: BM= 64, BN= 64, BK=128, warps= 4, buffers=6
--------------------------------------------------------------------------------
[124/167] Shape 1536-16-6144:
  -> Best Dense   :   14.07 TFLOPS | Config: BM= 64, BN= 64, BK=128, warps= 4, buffers=6
  -> Best Runtime :    5.46 TFLOPS | Config: BM= 64, BN= 64, BK=256, warps= 8, buffers=3
  -> Best Precomp :   16.73 TFLOPS | Config: BM= 64, BN= 64, BK=128, warps= 4, buffers=6
--------------------------------------------------------------------------------
[125/167] Shape 3072-16-3072:
  -> Best Dense   :   17.71 TFLOPS | Config: BM= 64, BN= 64, BK=128, warps= 4, buffers=6
  -> Best Runtime :    9.46 TFLOPS | Config: BM= 64, BN= 64, BK=256, warps= 8, buffers=3
  -> Best Precomp :   21.73 TFLOPS | Config: BM= 64, BN= 64, BK=128, warps= 4, buffers=7
--------------------------------------------------------------------------------
[126/167] Shape 6144-16-1536:
  -> Best Dense   :   18.99 TFLOPS | Config: BM= 64, BN= 64, BK=128, warps= 4, buffers=5
  -> Best Runtime :   14.15 TFLOPS | Config: BM= 64, BN= 64, BK=128, warps= 4, buffers=4
  -> Best Precomp :   24.45 TFLOPS | Config: BM=128, BN= 64, BK=128, warps= 4, buffers=5
--------------------------------------------------------------------------------
[127/167] Shape 12288-16-768:
  -> Best Dense   :   18.96 TFLOPS | Config: BM=128, BN= 64, BK=128, warps= 4, buffers=3
  -> Best Runtime :   14.85 TFLOPS | Config: BM=128, BN= 64, BK=128, warps= 8, buffers=3
  -> Best Precomp :   25.76 TFLOPS | Config: BM=128, BN= 64, BK=128, warps= 4, buffers=4
--------------------------------------------------------------------------------
[128/167] Shape 1024-16-8192:
  -> Best Dense   :   11.29 TFLOPS | Config: BM= 64, BN= 64, BK=128, warps= 4, buffers=6
  -> Best Runtime :    3.83 TFLOPS | Config: BM= 64, BN= 64, BK=256, warps= 8, buffers=3
  -> Best Precomp :   12.69 TFLOPS | Config: BM= 64, BN= 64, BK=128, warps= 4, buffers=6
--------------------------------------------------------------------------------
[129/167] Shape 2048-16-4096:
  -> Best Dense   :   15.13 TFLOPS | Config: BM= 64, BN= 64, BK=128, warps= 4, buffers=6
  -> Best Runtime :    6.91 TFLOPS | Config: BM= 64, BN= 64, BK=256, warps= 8, buffers=3
  -> Best Precomp :   18.09 TFLOPS | Config: BM= 64, BN= 64, BK=128, warps= 4, buffers=7
--------------------------------------------------------------------------------
[130/167] Shape 4096-16-2048:
  -> Best Dense   :   17.62 TFLOPS | Config: BM= 64, BN= 64, BK=128, warps= 4, buffers=6
  -> Best Runtime :   10.88 TFLOPS | Config: BM= 64, BN= 64, BK=256, warps= 8, buffers=3
  -> Best Precomp :   21.68 TFLOPS | Config: BM=128, BN= 64, BK=128, warps= 4, buffers=6
--------------------------------------------------------------------------------
[131/167] Shape 8192-16-1024:
  -> Best Dense   :   18.20 TFLOPS | Config: BM= 64, BN= 64, BK=128, warps= 4, buffers=5
  -> Best Runtime :   15.04 TFLOPS | Config: BM= 64, BN= 64, BK=128, warps= 4, buffers=4
  -> Best Precomp :   23.94 TFLOPS | Config: BM=128, BN= 64, BK=128, warps= 4, buffers=5
--------------------------------------------------------------------------------
[132/167] Shape 768-16-8192:
  -> Best Dense   :    8.53 TFLOPS | Config: BM= 64, BN= 64, BK=128, warps= 4, buffers=5
  -> Best Runtime :    2.88 TFLOPS | Config: BM= 64, BN= 64, BK=256, warps= 8, buffers=3
  -> Best Precomp :    9.58 TFLOPS | Config: BM= 64, BN= 64, BK=128, warps= 4, buffers=6
--------------------------------------------------------------------------------
[133/167] Shape 1024-16-6144:
  -> Best Dense   :   10.45 TFLOPS | Config: BM= 64, BN= 64, BK=128, warps= 4, buffers=6
  -> Best Runtime :    3.71 TFLOPS | Config: BM= 64, BN= 64, BK=256, warps= 8, buffers=3
  -> Best Precomp :   11.53 TFLOPS | Config: BM= 64, BN= 64, BK=128, warps= 4, buffers=7
--------------------------------------------------------------------------------
[134/167] Shape 1536-16-4096:
  -> Best Dense   :   12.46 TFLOPS | Config: BM= 64, BN= 64, BK=128, warps= 4, buffers=6
  -> Best Runtime :    5.20 TFLOPS | Config: BM= 64, BN= 64, BK=256, warps= 8, buffers=3
  -> Best Precomp :   14.21 TFLOPS | Config: BM= 64, BN= 64, BK=128, warps= 4, buffers=7
--------------------------------------------------------------------------------
[135/167] Shape 2048-16-3072:
  -> Best Dense   :   13.44 TFLOPS | Config: BM= 64, BN= 64, BK=128, warps= 4, buffers=6
  -> Best Runtime :    6.49 TFLOPS | Config: BM= 64, BN= 64, BK=256, warps= 8, buffers=3
  -> Best Precomp :   15.65 TFLOPS | Config: BM= 64, BN= 64, BK=128, warps= 4, buffers=7
--------------------------------------------------------------------------------
[136/167] Shape 3072-16-2048:
  -> Best Dense   :   14.73 TFLOPS | Config: BM= 64, BN= 64, BK=128, warps= 4, buffers=5
  -> Best Runtime :    8.50 TFLOPS | Config: BM= 64, BN= 64, BK=256, warps= 8, buffers=3
  -> Best Precomp :   17.34 TFLOPS | Config: BM=128, BN= 64, BK=128, warps= 4, buffers=6
--------------------------------------------------------------------------------
[137/167] Shape 4096-16-1536:
  -> Best Dense   :   15.40 TFLOPS | Config: BM= 64, BN= 64, BK=128, warps= 4, buffers=5
  -> Best Runtime :    9.86 TFLOPS | Config: BM= 64, BN= 64, BK=128, warps= 4, buffers=3
  -> Best Precomp :   18.32 TFLOPS | Config: BM=128, BN= 64, BK=128, warps= 4, buffers=6
--------------------------------------------------------------------------------
[138/167] Shape 6144-16-1024:
  -> Best Dense   :   15.70 TFLOPS | Config: BM= 64, BN= 64, BK=128, warps= 4, buffers=5
  -> Best Runtime :   11.86 TFLOPS | Config: BM= 64, BN= 64, BK=128, warps= 4, buffers=3
  -> Best Precomp :   19.10 TFLOPS | Config: BM=128, BN= 64, BK=128, warps= 4, buffers=5
--------------------------------------------------------------------------------
[139/167] Shape 8192-16-768:
  -> Best Dense   :   15.71 TFLOPS | Config: BM=128, BN= 64, BK=128, warps= 4, buffers=4
  -> Best Runtime :   12.89 TFLOPS | Config: BM= 64, BN= 64, BK=128, warps= 4, buffers=4
  -> Best Precomp :   19.39 TFLOPS | Config: BM=128, BN= 64, BK=128, warps= 4, buffers=6
--------------------------------------------------------------------------------
[140/167] Shape 768-16-6144:
  -> Best Dense   :    7.93 TFLOPS | Config: BM= 64, BN= 64, BK=128, warps= 4, buffers=5
  -> Best Runtime :    2.81 TFLOPS | Config: BM= 64, BN= 64, BK=256, warps= 8, buffers=3
  -> Best Precomp :    8.74 TFLOPS | Config: BM= 64, BN= 64, BK=128, warps= 4, buffers=6
--------------------------------------------------------------------------------
[141/167] Shape 1536-16-3072:
  -> Best Dense   :   10.85 TFLOPS | Config: BM= 64, BN= 64, BK=128, warps= 4, buffers=5
  -> Best Runtime :    4.91 TFLOPS | Config: BM= 64, BN= 64, BK=256, warps= 8, buffers=3
  -> Best Precomp :   12.32 TFLOPS | Config: BM= 64, BN= 64, BK=128, warps= 4, buffers=6
--------------------------------------------------------------------------------
[142/167] Shape 3072-16-1536:
  -> Best Dense   :   12.60 TFLOPS | Config: BM= 64, BN= 64, BK=128, warps= 4, buffers=5
  -> Best Runtime :    7.61 TFLOPS | Config: BM= 64, BN= 64, BK=256, warps= 8, buffers=3
  -> Best Precomp :   14.59 TFLOPS | Config: BM=128, BN= 64, BK=128, warps= 4, buffers=5
--------------------------------------------------------------------------------
[143/167] Shape 6144-16-768:
  -> Best Dense   :   13.11 TFLOPS | Config: BM= 64, BN= 64, BK=128, warps= 4, buffers=4
  -> Best Runtime :   10.34 TFLOPS | Config: BM= 64, BN= 64, BK=128, warps= 4, buffers=3
  -> Best Precomp :   15.24 TFLOPS | Config: BM=128, BN= 64, BK=128, warps= 4, buffers=5
--------------------------------------------------------------------------------
[144/167] Shape 1024-16-4096:
  -> Best Dense   :    9.01 TFLOPS | Config: BM= 64, BN= 64, BK=128, warps= 4, buffers=6
  -> Best Runtime :    3.54 TFLOPS | Config: BM= 64, BN= 64, BK=256, warps= 8, buffers=3
  -> Best Precomp :    9.79 TFLOPS | Config: BM= 64, BN= 64, BK=128, warps= 4, buffers=6
--------------------------------------------------------------------------------
[145/167] Shape 2048-16-2048:
  -> Best Dense   :   11.05 TFLOPS | Config: BM= 64, BN= 64, BK=128, warps= 4, buffers=5
  -> Best Runtime :    5.85 TFLOPS | Config: BM= 64, BN= 64, BK=256, warps= 8, buffers=3
  -> Best Precomp :   12.29 TFLOPS | Config: BM=128, BN= 64, BK=128, warps= 4, buffers=6
--------------------------------------------------------------------------------
[146/167] Shape 4096-16-1024:
  -> Best Dense   :   12.35 TFLOPS | Config: BM= 64, BN= 64, BK=128, warps= 4, buffers=5
  -> Best Runtime :    8.43 TFLOPS | Config: BM= 64, BN= 64, BK=128, warps= 4, buffers=3
  -> Best Precomp :   13.98 TFLOPS | Config: BM=128, BN= 64, BK=128, warps= 4, buffers=5
--------------------------------------------------------------------------------
[147/167] Shape 768-16-4096:
  -> Best Dense   :    6.89 TFLOPS | Config: BM= 64, BN= 64, BK=128, warps= 4, buffers=6
  -> Best Runtime :    2.68 TFLOPS | Config: BM= 64, BN= 64, BK=256, warps= 8, buffers=3
  -> Best Precomp :    7.51 TFLOPS | Config: BM= 64, BN= 64, BK=128, warps= 4, buffers=6
--------------------------------------------------------------------------------
[148/167] Shape 1024-16-3072:
  -> Best Dense   :    7.86 TFLOPS | Config: BM= 64, BN= 64, BK=128, warps= 4, buffers=6
  -> Best Runtime :    3.35 TFLOPS | Config: BM= 64, BN= 64, BK=256, warps= 8, buffers=3
  -> Best Precomp :    8.59 TFLOPS | Config: BM= 64, BN= 64, BK=128, warps= 4, buffers=6
--------------------------------------------------------------------------------
[149/167] Shape 1536-16-2048:
  -> Best Dense   :    8.89 TFLOPS | Config: BM= 64, BN= 64, BK=128, warps= 4, buffers=5
  -> Best Runtime :    4.47 TFLOPS | Config: BM= 64, BN= 64, BK=256, warps= 8, buffers=3
  -> Best Precomp :    9.71 TFLOPS | Config: BM= 64, BN= 64, BK=128, warps= 4, buffers=6
--------------------------------------------------------------------------------
[150/167] Shape 2048-16-1536:
  -> Best Dense   :    9.32 TFLOPS | Config: BM= 64, BN= 64, BK=128, warps= 4, buffers=5
  -> Best Runtime :    5.32 TFLOPS | Config: BM= 64, BN= 64, BK=256, warps= 8, buffers=3
  -> Best Precomp :   10.37 TFLOPS | Config: BM=128, BN= 64, BK=128, warps= 4, buffers=5
--------------------------------------------------------------------------------
[151/167] Shape 3072-16-1024:
  -> Best Dense   :    9.74 TFLOPS | Config: BM= 64, BN= 64, BK=128, warps= 4, buffers=5
  -> Best Runtime :    6.37 TFLOPS | Config: BM= 64, BN= 64, BK=256, warps= 8, buffers=3
  -> Best Precomp :   11.15 TFLOPS | Config: BM=128, BN= 64, BK=128, warps= 4, buffers=5
--------------------------------------------------------------------------------
[152/167] Shape 4096-16-768:
  -> Best Dense   :    9.90 TFLOPS | Config: BM= 64, BN= 64, BK=128, warps= 4, buffers=4
  -> Best Runtime :    7.25 TFLOPS | Config: BM= 64, BN= 64, BK=128, warps= 4, buffers=3
  -> Best Precomp :   11.30 TFLOPS | Config: BM=128, BN= 64, BK=128, warps= 4, buffers=5
--------------------------------------------------------------------------------
[153/167] Shape 768-16-3072:
  -> Best Dense   :    6.07 TFLOPS | Config: BM= 64, BN= 64, BK=128, warps= 4, buffers=6
  -> Best Runtime :    2.53 TFLOPS | Config: BM= 64, BN= 64, BK=256, warps= 8, buffers=3
  -> Best Precomp :    6.55 TFLOPS | Config: BM= 64, BN= 64, BK=128, warps= 4, buffers=6
--------------------------------------------------------------------------------
[154/167] Shape 1536-16-1536:
  -> Best Dense   :    7.44 TFLOPS | Config: BM= 64, BN= 64, BK=128, warps= 4, buffers=6
  -> Best Runtime :    4.07 TFLOPS | Config: BM= 64, BN= 64, BK=256, warps= 8, buffers=3
  -> Best Precomp :    8.03 TFLOPS | Config: BM= 64, BN= 64, BK=128, warps= 4, buffers=6
--------------------------------------------------------------------------------
[155/167] Shape 3072-16-768:
  -> Best Dense   :    7.79 TFLOPS | Config: BM= 64, BN= 64, BK=128, warps= 4, buffers=4
  -> Best Runtime :    5.51 TFLOPS | Config: BM= 64, BN= 64, BK=128, warps= 4, buffers=3
  -> Best Precomp :    8.88 TFLOPS | Config: BM=128, BN= 64, BK=128, warps= 4, buffers=5
--------------------------------------------------------------------------------
[156/167] Shape 1024-16-2048:
  -> Best Dense   :    6.31 TFLOPS | Config: BM= 64, BN= 64, BK=128, warps= 4, buffers=6
  -> Best Runtime :    3.05 TFLOPS | Config: BM= 64, BN= 64, BK=256, warps= 8, buffers=3
  -> Best Precomp :    6.78 TFLOPS | Config: BM= 64, BN= 64, BK=128, warps= 4, buffers=6
--------------------------------------------------------------------------------
[157/167] Shape 2048-16-1024:
  -> Best Dense   :    7.09 TFLOPS | Config: BM= 64, BN= 64, BK=128, warps= 4, buffers=5
  -> Best Runtime :    4.49 TFLOPS | Config: BM= 64, BN= 64, BK=256, warps= 8, buffers=3
  -> Best Precomp :    7.90 TFLOPS | Config: BM=128, BN= 64, BK=128, warps= 4, buffers=5
--------------------------------------------------------------------------------
[158/167] Shape 768-16-2048:
  -> Best Dense   :    4.87 TFLOPS | Config: BM= 64, BN= 64, BK=128, warps= 4, buffers=5
  -> Best Runtime :    2.30 TFLOPS | Config: BM= 64, BN= 64, BK=256, warps= 8, buffers=3
  -> Best Precomp :    5.24 TFLOPS | Config: BM= 64, BN= 64, BK=128, warps= 4, buffers=6
--------------------------------------------------------------------------------
[159/167] Shape 1024-16-1536:
  -> Best Dense   :    5.32 TFLOPS | Config: BM= 64, BN= 64, BK=128, warps= 4, buffers=5
  -> Best Runtime :    2.79 TFLOPS | Config: BM= 64, BN= 64, BK=256, warps= 8, buffers=3
  -> Best Precomp :    5.67 TFLOPS | Config: BM= 64, BN= 64, BK=128, warps= 4, buffers=6
--------------------------------------------------------------------------------
[160/167] Shape 1536-16-1024:
  -> Best Dense   :    5.70 TFLOPS | Config: BM= 64, BN= 64, BK=128, warps= 4, buffers=5
  -> Best Runtime :    3.45 TFLOPS | Config: BM= 64, BN= 64, BK=256, warps= 8, buffers=3
  -> Best Precomp :    6.14 TFLOPS | Config: BM=128, BN= 64, BK=128, warps= 4, buffers=5
--------------------------------------------------------------------------------
[161/167] Shape 2048-16-768:
  -> Best Dense   :    5.76 TFLOPS | Config: BM= 64, BN= 64, BK=128, warps= 4, buffers=5
  -> Best Runtime :    3.89 TFLOPS | Config: BM= 64, BN= 64, BK=256, warps= 8, buffers=3
  -> Best Precomp :    6.45 TFLOPS | Config: BM=128, BN= 64, BK=128, warps= 4, buffers=5
--------------------------------------------------------------------------------
[162/167] Shape 768-16-1536:
  -> Best Dense   :    4.08 TFLOPS | Config: BM= 64, BN= 64, BK=128, warps= 4, buffers=5
  -> Best Runtime :    2.11 TFLOPS | Config: BM= 64, BN= 64, BK=256, warps= 8, buffers=3
  -> Best Precomp :    4.38 TFLOPS | Config: BM= 64, BN= 64, BK=128, warps= 4, buffers=5
--------------------------------------------------------------------------------
[163/167] Shape 1536-16-768:
  -> Best Dense   :    4.59 TFLOPS | Config: BM= 64, BN= 64, BK=128, warps= 4, buffers=5
  -> Best Runtime :    3.02 TFLOPS | Config: BM= 64, BN= 64, BK=128, warps= 4, buffers=3
  -> Best Precomp :    4.93 TFLOPS | Config: BM=128, BN= 64, BK=128, warps= 4, buffers=5
--------------------------------------------------------------------------------
[164/167] Shape 1024-16-1024:
  -> Best Dense   :    4.07 TFLOPS | Config: BM= 64, BN= 64, BK=128, warps= 4, buffers=5
  -> Best Runtime :    2.39 TFLOPS | Config: BM= 64, BN= 64, BK=256, warps= 8, buffers=3
  -> Best Precomp :    4.30 TFLOPS | Config: BM= 64, BN= 64, BK=128, warps= 4, buffers=5
--------------------------------------------------------------------------------
[165/167] Shape 768-16-1024:
  -> Best Dense   :    3.14 TFLOPS | Config: BM= 64, BN= 64, BK=128, warps= 4, buffers=5
  -> Best Runtime :    1.80 TFLOPS | Config: BM= 64, BN= 64, BK=256, warps= 8, buffers=3
  -> Best Precomp :    3.31 TFLOPS | Config: BM= 64, BN= 64, BK=128, warps= 4, buffers=5
--------------------------------------------------------------------------------
[166/167] Shape 1024-16-768:
  -> Best Dense   :    3.31 TFLOPS | Config: BM= 64, BN= 64, BK=128, warps= 4, buffers=5
  -> Best Runtime :    2.07 TFLOPS | Config: BM= 64, BN= 64, BK=256, warps= 8, buffers=3
  -> Best Precomp :    3.47 TFLOPS | Config: BM= 64, BN= 64, BK=128, warps= 4, buffers=5
--------------------------------------------------------------------------------
[167/167] Shape 768-16-768:
  -> Best Dense   :    2.53 TFLOPS | Config: BM= 64, BN= 64, BK=128, warps= 4, buffers=5
  -> Best Runtime :    1.58 TFLOPS | Config: BM= 64, BN= 64, BK=256, warps= 8, buffers=3
  -> Best Precomp :    2.65 TFLOPS | Config: BM= 64, BN= 64, BK=128, warps= 4, buffers=5
--------------------------------------------------------------------------------

================================================================================
🏆 GLOBAL WINNER: HIGHEST RUNTIME vs DENSE RATIO
================================================================================
Shape  : 32768-16-768
Ratio  : 0.944x speedup
Layout : BM=128, BN=128, BK= 64, warps= 8, buffers=5
================================================================================


scontrol show job 604068
JobId=604068 JobName=9.2_best_ratio
   UserId=notming(3159615) GroupId=notming(3159615) MCS_label=N/A
   Priority=1253293 Nice=0 Account=rrg-mmehride QOS=normal
   JobState=COMPLETING Reason=None Dependency=(null)
   Requeue=0 Restarts=0 BatchFlag=1 Reboot=0 ExitCode=0:0
   RunTime=01:27:22 TimeLimit=02:00:00 TimeMin=N/A
   SubmitTime=2026-06-17T13:19:11 EligibleTime=2026-06-17T13:19:11
   AccrueTime=2026-06-17T13:19:11
   StartTime=2026-06-17T13:20:59 EndTime=2026-06-17T14:48:21 Deadline=N/A
   SuspendTime=None SecsPreSuspend=0 LastSchedEval=2026-06-17T13:20:59 Scheduler=Main
   Partition=compute AllocNode:Sid=trig-login01:1736960
   ReqNodeList=(null) ExcNodeList=(null)
   NodeList=trig0050
   BatchHost=trig0050
   NumNodes=1 NumCPUs=24 NumTasks=1 CPUs/Task=1 ReqB:S:C:T=0:0:*:*
   ReqTRES=cpu=1,mem=192500M,node=1,billing=1,gres/gpu=1
   AllocTRES=cpu=24,mem=192500M,node=1,billing=1,gres/gpu=1
   Socks/Node=* NtasksPerN:B:S:C=0:0:*:* CoreSpec=*
   MinCPUsNode=1 MinMemoryNode=192500M MinTmpDiskNode=0
   Features=(null) DelayBoot=00:00:00
   OverSubscribe=OK Contiguous=0 Licenses=(null) LicensesAlloc=(null) Network=(null)
   Command=/scratch/notming/compression/9.2_sbatch_best_ratio.sh
   SubmitLine=SBATCH --comment /opt/slurm/bin/sbatch --export=NONE --get-user-env 9.2_sbatch_best_ratio.sh --export=NONE --get-user-env 9.2_sbatch_best_ratio.sh
   WorkDir=/scratch/notming/compression
   Comment=/opt/slurm/bin/sbatch --export=NONE --get-user-env 9.2_sbatch_best_ratio.sh
   StdErr=
   StdIn=/dev/null
   StdOut=/scratch/notming/compression/9.2_best_ratio_604068.out
   CpusPerTres=gpu:24
   TresPerNode=gres/gpu:1

sacct -j 604068
JobID           JobName    Account    Elapsed  MaxVMSize     MaxRSS  SystemCPU    UserCPU ExitCode 
------------ ---------- ---------- ---------- ---------- ---------- ---------- ---------- -------- 
604068       9.2_best_+ rrg-mmehr+   01:27:22                         00:00:00   00:00:00      0:0 
604068.batch      batch rrg-mmehr+   01:27:22                         00:00:00   00:00:00      0:0 
604068.exte+     extern rrg-mmehr+   01:27:22                         00:00:00   00:00:00      0:0 

