INFO:    Setting 'NVIDIA_VISIBLE_DEVICES=all' to emulate legacy GPU binding.
INFO:    Setting --writable-tmpfs (required by nvidia-container-cli)

Starting manual autotuning search...
--------------------------------------------------------------------------------
[1/167] Shape 49152-16-49152:
  -> Best Dense   :   49.64 TFLOPS | Config: BM=128, BN= 64, BK=128, warps= 8, buffers=3
  -> Best Runtime :   37.96 TFLOPS | Config: BM=128, BN= 64, BK=128, warps= 4, buffers=3
  -> Best Precomp :   92.79 TFLOPS | Config: BM=128, BN= 64, BK=128, warps= 8, buffers=5
--------------------------------------------------------------------------------
[2/167] Shape 24576-16-49152:
  -> Best Dense   :   48.39 TFLOPS | Config: BM= 64, BN= 64, BK=128, warps= 4, buffers=4
  -> Best Runtime :   31.62 TFLOPS | Config: BM= 64, BN= 64, BK=256, warps= 8, buffers=3
  -> Best Precomp :   77.91 TFLOPS | Config: BM=128, BN= 64, BK=128, warps= 4, buffers=6
--------------------------------------------------------------------------------
[3/167] Shape 49152-16-24576:
  -> Best Dense   :   48.93 TFLOPS | Config: BM=128, BN= 64, BK=128, warps= 8, buffers=3
  -> Best Runtime :   37.41 TFLOPS | Config: BM=128, BN= 64, BK=128, warps= 4, buffers=3
  -> Best Precomp :   89.88 TFLOPS | Config: BM=128, BN= 64, BK=128, warps= 4, buffers=5
--------------------------------------------------------------------------------
[4/167] Shape 32768-16-32768:
  -> Best Dense   :   49.17 TFLOPS | Config: BM=128, BN= 64, BK=128, warps= 4, buffers=3
  -> Best Runtime :   37.44 TFLOPS | Config: BM=128, BN= 64, BK=128, warps= 4, buffers=3
  -> Best Precomp :   90.30 TFLOPS | Config: BM=128, BN= 64, BK=128, warps= 4, buffers=4
--------------------------------------------------------------------------------
[5/167] Shape 16384-16-49152:
  -> Best Dense   :   48.20 TFLOPS | Config: BM=128, BN= 64, BK=128, warps= 4, buffers=3
  -> Best Runtime :   37.38 TFLOPS | Config: BM=128, BN= 64, BK=128, warps= 4, buffers=3
  -> Best Precomp :   88.95 TFLOPS | Config: BM=128, BN= 64, BK=128, warps= 4, buffers=5
--------------------------------------------------------------------------------
[6/167] Shape 24576-16-32768:
  -> Best Dense   :   47.93 TFLOPS | Config: BM= 64, BN= 64, BK= 64, warps= 4, buffers=7
  -> Best Runtime :   31.44 TFLOPS | Config: BM= 64, BN= 64, BK=256, warps= 8, buffers=3
  -> Best Precomp :   76.89 TFLOPS | Config: BM=128, BN= 64, BK=128, warps= 8, buffers=6
--------------------------------------------------------------------------------
[7/167] Shape 32768-16-24576:
  -> Best Dense   :   48.14 TFLOPS | Config: BM=128, BN= 64, BK=128, warps= 8, buffers=3
  -> Best Runtime :   37.17 TFLOPS | Config: BM=128, BN= 64, BK=128, warps= 4, buffers=3
  -> Best Precomp :   88.79 TFLOPS | Config: BM=128, BN= 64, BK=128, warps= 4, buffers=5
--------------------------------------------------------------------------------
[8/167] Shape 49152-16-16384:
  -> Best Dense   :   48.50 TFLOPS | Config: BM=128, BN= 64, BK=128, warps= 4, buffers=3
  -> Best Runtime :   37.03 TFLOPS | Config: BM=128, BN= 64, BK=128, warps= 4, buffers=3
  -> Best Precomp :   88.71 TFLOPS | Config: BM=128, BN= 64, BK=128, warps= 4, buffers=4
--------------------------------------------------------------------------------
[9/167] Shape 12288-16-49152:
  -> Best Dense   :   47.30 TFLOPS | Config: BM=128, BN= 64, BK=128, warps= 4, buffers=4
  -> Best Runtime :   28.03 TFLOPS | Config: BM=128, BN= 64, BK=128, warps= 4, buffers=3
  -> Best Precomp :   87.09 TFLOPS | Config: BM=128, BN= 64, BK=128, warps= 4, buffers=5
--------------------------------------------------------------------------------
[10/167] Shape 24576-16-24576:
  -> Best Dense   :   46.89 TFLOPS | Config: BM= 64, BN= 64, BK=128, warps= 4, buffers=4
  -> Best Runtime :   31.43 TFLOPS | Config: BM= 64, BN= 64, BK=256, warps= 8, buffers=3
  -> Best Precomp :   75.31 TFLOPS | Config: BM=128, BN= 64, BK=128, warps= 8, buffers=6
--------------------------------------------------------------------------------
[11/167] Shape 49152-16-12288:
  -> Best Dense   :   47.12 TFLOPS | Config: BM=128, BN= 64, BK=128, warps= 8, buffers=3
  -> Best Runtime :   36.70 TFLOPS | Config: BM=128, BN= 64, BK=128, warps= 4, buffers=3
  -> Best Precomp :   85.70 TFLOPS | Config: BM=128, BN= 64, BK=128, warps= 8, buffers=5
--------------------------------------------------------------------------------
[12/167] Shape 16384-16-32768:
  -> Best Dense   :   47.80 TFLOPS | Config: BM=128, BN= 64, BK=128, warps= 4, buffers=3
  -> Best Runtime :   36.95 TFLOPS | Config: BM=128, BN= 64, BK=128, warps= 4, buffers=3
  -> Best Precomp :   86.31 TFLOPS | Config: BM=128, BN= 64, BK=128, warps= 4, buffers=5
--------------------------------------------------------------------------------
[13/167] Shape 32768-16-16384:
  -> Best Dense   :   47.71 TFLOPS | Config: BM=128, BN= 64, BK=128, warps= 4, buffers=3
  -> Best Runtime :   36.74 TFLOPS | Config: BM=128, BN= 64, BK=128, warps= 4, buffers=3
  -> Best Precomp :   85.92 TFLOPS | Config: BM=128, BN= 64, BK=128, warps= 4, buffers=4
--------------------------------------------------------------------------------
[14/167] Shape 8192-16-49152:
  -> Best Dense   :   46.15 TFLOPS | Config: BM= 64, BN= 64, BK=128, warps= 4, buffers=6
  -> Best Runtime :   31.11 TFLOPS | Config: BM= 64, BN= 64, BK=256, warps= 8, buffers=3
  -> Best Precomp :   80.44 TFLOPS | Config: BM=128, BN= 64, BK=128, warps= 4, buffers=6
--------------------------------------------------------------------------------
[15/167] Shape 12288-16-32768:
  -> Best Dense   :   46.17 TFLOPS | Config: BM=128, BN= 64, BK=128, warps=16, buffers=4
  -> Best Runtime :   27.81 TFLOPS | Config: BM=128, BN= 64, BK=128, warps= 4, buffers=3
  -> Best Precomp :   83.86 TFLOPS | Config: BM=128, BN= 64, BK=128, warps= 8, buffers=5
--------------------------------------------------------------------------------
[16/167] Shape 16384-16-24576:
  -> Best Dense   :   46.54 TFLOPS | Config: BM=128, BN= 64, BK=128, warps= 8, buffers=3
  -> Best Runtime :   36.56 TFLOPS | Config: BM=128, BN= 64, BK=128, warps= 4, buffers=3
  -> Best Precomp :   83.58 TFLOPS | Config: BM=128, BN= 64, BK=128, warps= 4, buffers=5
--------------------------------------------------------------------------------
[17/167] Shape 24576-16-16384:
  -> Best Dense   :   46.32 TFLOPS | Config: BM= 64, BN= 64, BK=128, warps= 4, buffers=4
  -> Best Runtime :   31.05 TFLOPS | Config: BM= 64, BN= 64, BK=256, warps= 8, buffers=3
  -> Best Precomp :   73.69 TFLOPS | Config: BM=128, BN= 64, BK=128, warps= 8, buffers=5
--------------------------------------------------------------------------------
[18/167] Shape 32768-16-12288:
  -> Best Dense   :   46.60 TFLOPS | Config: BM=128, BN= 64, BK=128, warps= 8, buffers=3
  -> Best Runtime :   36.30 TFLOPS | Config: BM=128, BN= 64, BK=128, warps= 4, buffers=3
  -> Best Precomp :   83.14 TFLOPS | Config: BM=128, BN= 64, BK=128, warps= 4, buffers=5
--------------------------------------------------------------------------------
[19/167] Shape 49152-16-8192:
  -> Best Dense   :   46.66 TFLOPS | Config: BM=128, BN= 64, BK=128, warps= 8, buffers=3
  -> Best Runtime :   36.06 TFLOPS | Config: BM=128, BN= 64, BK=128, warps= 4, buffers=3
  -> Best Precomp :   83.18 TFLOPS | Config: BM=128, BN= 64, BK=128, warps= 4, buffers=4
--------------------------------------------------------------------------------
[20/167] Shape 6144-16-49152:
  -> Best Dense   :   44.29 TFLOPS | Config: BM= 64, BN= 64, BK=128, warps= 4, buffers=5
  -> Best Runtime :   23.28 TFLOPS | Config: BM= 64, BN= 64, BK=256, warps= 8, buffers=3
  -> Best Precomp :   66.41 TFLOPS | Config: BM=128, BN= 64, BK=128, warps= 4, buffers=6
--------------------------------------------------------------------------------
[21/167] Shape 12288-16-24576:
  -> Best Dense   :   44.55 TFLOPS | Config: BM=128, BN= 64, BK=128, warps=16, buffers=4
  -> Best Runtime :   27.57 TFLOPS | Config: BM=128, BN= 64, BK=128, warps= 4, buffers=3
  -> Best Precomp :   79.74 TFLOPS | Config: BM=128, BN= 64, BK=128, warps= 4, buffers=5
--------------------------------------------------------------------------------
[22/167] Shape 24576-16-12288:
  -> Best Dense   :   44.68 TFLOPS | Config: BM= 64, BN= 64, BK=128, warps= 4, buffers=5
  -> Best Runtime :   30.60 TFLOPS | Config: BM= 64, BN= 64, BK=256, warps= 8, buffers=3
  -> Best Precomp :   72.56 TFLOPS | Config: BM=128, BN= 64, BK=128, warps= 4, buffers=6
--------------------------------------------------------------------------------
[23/167] Shape 49152-16-6144:
  -> Best Dense   :   44.96 TFLOPS | Config: BM=128, BN= 64, BK=128, warps= 4, buffers=3
  -> Best Runtime :   35.41 TFLOPS | Config: BM=128, BN= 64, BK=128, warps= 4, buffers=3
  -> Best Precomp :   79.28 TFLOPS | Config: BM=128, BN= 64, BK=128, warps= 4, buffers=5
--------------------------------------------------------------------------------
[24/167] Shape 8192-16-32768:
  -> Best Dense   :   45.08 TFLOPS | Config: BM= 64, BN= 64, BK=128, warps= 4, buffers=4
  -> Best Runtime :   30.59 TFLOPS | Config: BM= 64, BN= 64, BK=256, warps= 8, buffers=3
  -> Best Precomp :   77.89 TFLOPS | Config: BM=128, BN= 64, BK=128, warps= 4, buffers=6
--------------------------------------------------------------------------------
[25/167] Shape 16384-16-16384:
  -> Best Dense   :   45.54 TFLOPS | Config: BM=128, BN= 64, BK=128, warps= 8, buffers=3
  -> Best Runtime :   35.75 TFLOPS | Config: BM=128, BN= 64, BK=128, warps= 4, buffers=3
  -> Best Precomp :   79.37 TFLOPS | Config: BM=128, BN= 64, BK=128, warps= 4, buffers=5
--------------------------------------------------------------------------------
[26/167] Shape 32768-16-8192:
  -> Best Dense   :   45.14 TFLOPS | Config: BM=128, BN= 64, BK=128, warps= 8, buffers=3
  -> Best Runtime :   35.34 TFLOPS | Config: BM=128, BN= 64, BK=128, warps= 4, buffers=3
  -> Best Precomp :   78.66 TFLOPS | Config: BM=128, BN= 64, BK=128, warps= 4, buffers=4
--------------------------------------------------------------------------------
[27/167] Shape 4096-16-49152:
  -> Best Dense   :   41.42 TFLOPS | Config: BM= 64, BN= 64, BK=128, warps= 4, buffers=6
  -> Best Runtime :   15.46 TFLOPS | Config: BM= 64, BN= 64, BK=256, warps= 8, buffers=3
  -> Best Precomp :   57.63 TFLOPS | Config: BM= 64, BN= 64, BK=128, warps= 4, buffers=7
--------------------------------------------------------------------------------
[28/167] Shape 6144-16-32768:
  -> Best Dense   :   43.48 TFLOPS | Config: BM= 64, BN= 64, BK=128, warps= 4, buffers=5
  -> Best Runtime :   22.96 TFLOPS | Config: BM= 64, BN= 64, BK=256, warps= 8, buffers=3
  -> Best Precomp :   63.43 TFLOPS | Config: BM=128, BN= 64, BK=128, warps= 4, buffers=6
--------------------------------------------------------------------------------
[29/167] Shape 8192-16-24576:
  -> Best Dense   :   42.74 TFLOPS | Config: BM= 64, BN= 64, BK=128, warps= 4, buffers=4
  -> Best Runtime :   30.09 TFLOPS | Config: BM= 64, BN= 64, BK=256, warps= 8, buffers=3
  -> Best Precomp :   72.91 TFLOPS | Config: BM=128, BN= 64, BK=128, warps= 4, buffers=6
--------------------------------------------------------------------------------
[30/167] Shape 12288-16-16384:
  -> Best Dense   :   43.23 TFLOPS | Config: BM=128, BN= 64, BK=128, warps= 8, buffers=3
  -> Best Runtime :   27.15 TFLOPS | Config: BM=128, BN= 64, BK=128, warps= 4, buffers=3
  -> Best Precomp :   75.37 TFLOPS | Config: BM=128, BN= 64, BK=128, warps= 4, buffers=5
--------------------------------------------------------------------------------
[31/167] Shape 16384-16-12288:
  -> Best Dense   :   43.47 TFLOPS | Config: BM=128, BN= 64, BK=128, warps= 8, buffers=3
  -> Best Runtime :   35.08 TFLOPS | Config: BM=128, BN= 64, BK=128, warps= 4, buffers=3
  -> Best Precomp :   75.24 TFLOPS | Config: BM=128, BN= 64, BK=128, warps= 8, buffers=5
--------------------------------------------------------------------------------
[32/167] Shape 24576-16-8192:
  -> Best Dense   :   43.26 TFLOPS | Config: BM= 64, BN= 64, BK=128, warps= 4, buffers=4
  -> Best Runtime :   30.08 TFLOPS | Config: BM= 64, BN= 64, BK=256, warps= 8, buffers=3
  -> Best Precomp :   68.72 TFLOPS | Config: BM=128, BN= 64, BK=128, warps= 4, buffers=5
--------------------------------------------------------------------------------
[33/167] Shape 32768-16-6144:
  -> Best Dense   :   43.39 TFLOPS | Config: BM=128, BN= 64, BK=128, warps= 8, buffers=3
  -> Best Runtime :   34.67 TFLOPS | Config: BM=128, BN= 64, BK=128, warps= 4, buffers=3
  -> Best Precomp :   74.58 TFLOPS | Config: BM=128, BN= 64, BK=128, warps= 4, buffers=5
--------------------------------------------------------------------------------
[34/167] Shape 49152-16-4096:
  -> Best Dense   :   43.65 TFLOPS | Config: BM=128, BN= 64, BK=128, warps= 8, buffers=4
  -> Best Runtime :   34.31 TFLOPS | Config: BM=128, BN= 64, BK=128, warps= 4, buffers=3
  -> Best Precomp :   74.33 TFLOPS | Config: BM=128, BN= 64, BK=128, warps= 4, buffers=6
--------------------------------------------------------------------------------
[35/167] Shape 3072-16-49152:
  -> Best Dense   :   34.79 TFLOPS | Config: BM= 64, BN= 64, BK=128, warps= 4, buffers=6
  -> Best Runtime :   11.73 TFLOPS | Config: BM= 64, BN= 64, BK=256, warps= 8, buffers=3
  -> Best Precomp :   45.38 TFLOPS | Config: BM= 64, BN= 64, BK=128, warps= 4, buffers=7
--------------------------------------------------------------------------------
[36/167] Shape 6144-16-24576:
  -> Best Dense   :   40.78 TFLOPS | Config: BM= 64, BN= 64, BK=128, warps= 4, buffers=5
  -> Best Runtime :   22.75 TFLOPS | Config: BM= 64, BN= 64, BK=256, warps= 8, buffers=3
  -> Best Precomp :   61.03 TFLOPS | Config: BM=128, BN= 64, BK=128, warps= 4, buffers=6
--------------------------------------------------------------------------------
[37/167] Shape 12288-16-12288:
  -> Best Dense   :   41.13 TFLOPS | Config: BM=128, BN= 64, BK=128, warps= 4, buffers=4
  -> Best Runtime :   26.65 TFLOPS | Config: BM=128, BN= 64, BK=128, warps= 4, buffers=3
  -> Best Precomp :   69.90 TFLOPS | Config: BM=128, BN= 64, BK=128, warps= 4, buffers=5
--------------------------------------------------------------------------------
[38/167] Shape 24576-16-6144:
  -> Best Dense   :   41.18 TFLOPS | Config: BM= 64, BN= 64, BK=128, warps= 4, buffers=6
  -> Best Runtime :   29.42 TFLOPS | Config: BM= 64, BN= 64, BK=256, warps= 8, buffers=3
  -> Best Precomp :   66.07 TFLOPS | Config: BM=128, BN= 64, BK=128, warps= 8, buffers=5
--------------------------------------------------------------------------------
[39/167] Shape 49152-16-3072:
  -> Best Dense   :   41.60 TFLOPS | Config: BM=128, BN= 64, BK=128, warps= 4, buffers=3
  -> Best Runtime :   33.06 TFLOPS | Config: BM=128, BN= 64, BK=128, warps= 4, buffers=3
  -> Best Precomp :   69.99 TFLOPS | Config: BM=128, BN= 64, BK=128, warps= 4, buffers=6
--------------------------------------------------------------------------------
[40/167] Shape 4096-16-32768:
  -> Best Dense   :   40.13 TFLOPS | Config: BM= 64, BN= 64, BK=128, warps= 4, buffers=6
  -> Best Runtime :   15.42 TFLOPS | Config: BM= 64, BN= 64, BK=256, warps= 8, buffers=3
  -> Best Precomp :   54.32 TFLOPS | Config: BM= 64, BN= 64, BK=128, warps= 4, buffers=7
--------------------------------------------------------------------------------
[41/167] Shape 8192-16-16384:
  -> Best Dense   :   40.82 TFLOPS | Config: BM= 64, BN= 64, BK=128, warps= 4, buffers=6
  -> Best Runtime :   29.16 TFLOPS | Config: BM= 64, BN= 64, BK=256, warps= 8, buffers=3
  -> Best Precomp :   67.19 TFLOPS | Config: BM=128, BN= 64, BK=128, warps= 4, buffers=6
--------------------------------------------------------------------------------
[42/167] Shape 16384-16-8192:
  -> Best Dense   :   41.43 TFLOPS | Config: BM=128, BN= 64, BK=128, warps= 8, buffers=4
  -> Best Runtime :   33.79 TFLOPS | Config: BM=128, BN= 64, BK=128, warps= 4, buffers=3
  -> Best Precomp :   68.46 TFLOPS | Config: BM=128, BN= 64, BK=128, warps= 4, buffers=5
--------------------------------------------------------------------------------
[43/167] Shape 32768-16-4096:
  -> Best Dense   :   41.23 TFLOPS | Config: BM=128, BN= 64, BK=128, warps= 8, buffers=3
  -> Best Runtime :   33.25 TFLOPS | Config: BM=128, BN= 64, BK=128, warps= 4, buffers=3
  -> Best Precomp :   68.17 TFLOPS | Config: BM=128, BN= 64, BK=128, warps= 4, buffers=6
--------------------------------------------------------------------------------
[44/167] Shape 2048-16-49152:
  -> Best Dense   :   26.15 TFLOPS | Config: BM= 64, BN= 64, BK=128, warps= 4, buffers=6
  -> Best Runtime :    7.93 TFLOPS | Config: BM= 64, BN= 64, BK=256, warps= 8, buffers=3
  -> Best Precomp :   32.23 TFLOPS | Config: BM= 64, BN= 64, BK=128, warps= 4, buffers=7
--------------------------------------------------------------------------------
[45/167] Shape 3072-16-32768:
  -> Best Dense   :   33.27 TFLOPS | Config: BM= 64, BN= 64, BK=128, warps= 4, buffers=6
  -> Best Runtime :   11.67 TFLOPS | Config: BM= 64, BN= 64, BK=256, warps= 8, buffers=3
  -> Best Precomp :   43.24 TFLOPS | Config: BM= 64, BN= 64, BK=128, warps= 4, buffers=7
--------------------------------------------------------------------------------
[46/167] Shape 4096-16-24576:
  -> Best Dense   :   37.18 TFLOPS | Config: BM= 64, BN= 64, BK=128, warps= 4, buffers=6
  -> Best Runtime :   15.28 TFLOPS | Config: BM= 64, BN= 64, BK=256, warps= 8, buffers=3
  -> Best Precomp :   50.83 TFLOPS | Config: BM= 64, BN= 64, BK=128, warps= 4, buffers=7
--------------------------------------------------------------------------------
[47/167] Shape 6144-16-16384:
  -> Best Dense   :   38.47 TFLOPS | Config: BM= 64, BN= 64, BK=128, warps= 4, buffers=5
  -> Best Runtime :   22.27 TFLOPS | Config: BM= 64, BN= 64, BK=256, warps= 8, buffers=3
  -> Best Precomp :   55.79 TFLOPS | Config: BM=128, BN= 64, BK=128, warps= 4, buffers=6
--------------------------------------------------------------------------------
[48/167] Shape 8192-16-12288:
  -> Best Dense   :   38.29 TFLOPS | Config: BM= 64, BN= 64, BK=128, warps= 4, buffers=5
  -> Best Runtime :   28.44 TFLOPS | Config: BM= 64, BN= 64, BK=128, warps= 4, buffers=5
  -> Best Precomp :   61.07 TFLOPS | Config: BM=128, BN= 64, BK=128, warps= 4, buffers=6
--------------------------------------------------------------------------------
[49/167] Shape 12288-16-8192:
  -> Best Dense   :   38.69 TFLOPS | Config: BM=128, BN= 64, BK=128, warps= 4, buffers=3
  -> Best Runtime :   25.90 TFLOPS | Config: BM=128, BN= 64, BK=128, warps= 4, buffers=3
  -> Best Precomp :   62.24 TFLOPS | Config: BM=128, BN= 64, BK=128, warps= 4, buffers=5
--------------------------------------------------------------------------------
[50/167] Shape 16384-16-6144:
  -> Best Dense   :   38.93 TFLOPS | Config: BM=128, BN= 64, BK=128, warps= 4, buffers=3
  -> Best Runtime :   32.59 TFLOPS | Config: BM=128, BN= 64, BK=128, warps= 4, buffers=4
  -> Best Precomp :   63.19 TFLOPS | Config: BM=128, BN= 64, BK=128, warps= 4, buffers=6
--------------------------------------------------------------------------------
[51/167] Shape 24576-16-4096:
  -> Best Dense   :   38.65 TFLOPS | Config: BM= 64, BN= 64, BK=128, warps= 4, buffers=6
  -> Best Runtime :   28.23 TFLOPS | Config: BM= 64, BN= 64, BK=256, warps= 8, buffers=3
  -> Best Precomp :   60.06 TFLOPS | Config: BM=128, BN= 64, BK=128, warps= 4, buffers=5
--------------------------------------------------------------------------------
[52/167] Shape 32768-16-3072:
  -> Best Dense   :   38.79 TFLOPS | Config: BM=128, BN= 64, BK=128, warps= 8, buffers=3
  -> Best Runtime :   31.80 TFLOPS | Config: BM=128, BN= 64, BK=128, warps= 4, buffers=3
  -> Best Precomp :   63.13 TFLOPS | Config: BM=128, BN= 64, BK=128, warps= 4, buffers=5
--------------------------------------------------------------------------------
[53/167] Shape 49152-16-2048:
  -> Best Dense   :   38.73 TFLOPS | Config: BM=128, BN= 64, BK=128, warps= 8, buffers=3
  -> Best Runtime :   31.18 TFLOPS | Config: BM=128, BN= 64, BK=128, warps= 4, buffers=3
  -> Best Precomp :   63.27 TFLOPS | Config: BM=128, BN= 64, BK=128, warps= 4, buffers=5
--------------------------------------------------------------------------------
[54/167] Shape 1536-16-49152:
  -> Best Dense   :   21.54 TFLOPS | Config: BM= 64, BN= 64, BK=128, warps= 4, buffers=6
  -> Best Runtime :    5.96 TFLOPS | Config: BM= 64, BN= 64, BK=256, warps= 8, buffers=3
  -> Best Precomp :   24.54 TFLOPS | Config: BM= 64, BN= 64, BK=128, warps= 4, buffers=7
--------------------------------------------------------------------------------
[55/167] Shape 3072-16-24576:
  -> Best Dense   :   31.47 TFLOPS | Config: BM= 64, BN= 64, BK=128, warps= 4, buffers=6
  -> Best Runtime :   11.64 TFLOPS | Config: BM= 64, BN= 64, BK=256, warps= 8, buffers=3
  -> Best Precomp :   41.08 TFLOPS | Config: BM= 64, BN= 64, BK=128, warps= 4, buffers=7
--------------------------------------------------------------------------------
[56/167] Shape 6144-16-12288:
  -> Best Dense   :   35.80 TFLOPS | Config: BM= 64, BN= 64, BK=128, warps= 4, buffers=5
  -> Best Runtime :   21.78 TFLOPS | Config: BM= 64, BN= 64, BK=256, warps= 8, buffers=3
  -> Best Precomp :   51.38 TFLOPS | Config: BM=128, BN= 64, BK=128, warps= 4, buffers=6
--------------------------------------------------------------------------------
[57/167] Shape 12288-16-6144:
  -> Best Dense   :   35.79 TFLOPS | Config: BM=128, BN= 64, BK=128, warps= 8, buffers=3
  -> Best Runtime :   25.07 TFLOPS | Config: BM=128, BN= 64, BK=128, warps= 4, buffers=3
  -> Best Precomp :   56.85 TFLOPS | Config: BM=128, BN= 64, BK=128, warps= 4, buffers=5
--------------------------------------------------------------------------------
[58/167] Shape 24576-16-3072:
  -> Best Dense   :   35.96 TFLOPS | Config: BM= 64, BN= 64, BK=128, warps= 4, buffers=6
  -> Best Runtime :   27.17 TFLOPS | Config: BM= 64, BN= 64, BK=256, warps= 8, buffers=3
  -> Best Precomp :   55.48 TFLOPS | Config: BM=128, BN= 64, BK=128, warps= 4, buffers=5
--------------------------------------------------------------------------------
[59/167] Shape 49152-16-1536:
  -> Best Dense   :   35.91 TFLOPS | Config: BM=128, BN= 64, BK=128, warps= 4, buffers=4
  -> Best Runtime :   29.77 TFLOPS | Config: BM=128, BN= 64, BK=128, warps= 8, buffers=4
  -> Best Precomp :   56.76 TFLOPS | Config: BM=128, BN= 64, BK=128, warps= 4, buffers=6
--------------------------------------------------------------------------------
[60/167] Shape 2048-16-32768:
  -> Best Dense   :   25.17 TFLOPS | Config: BM= 64, BN= 64, BK=128, warps= 4, buffers=6
  -> Best Runtime :    7.92 TFLOPS | Config: BM= 64, BN= 64, BK=256, warps= 8, buffers=3
  -> Best Precomp :   30.91 TFLOPS | Config: BM= 64, BN= 64, BK=128, warps= 4, buffers=7
--------------------------------------------------------------------------------
[61/167] Shape 4096-16-16384:
  -> Best Dense   :   34.22 TFLOPS | Config: BM= 64, BN= 64, BK=128, warps= 4, buffers=6
  -> Best Runtime :   15.07 TFLOPS | Config: BM= 64, BN= 64, BK=256, warps= 8, buffers=3
  -> Best Precomp :   45.60 TFLOPS | Config: BM= 64, BN= 64, BK=128, warps= 4, buffers=7
--------------------------------------------------------------------------------
[62/167] Shape 8192-16-8192:
  -> Best Dense   :   35.12 TFLOPS | Config: BM= 64, BN= 64, BK=128, warps= 4, buffers=5
  -> Best Runtime :   27.23 TFLOPS | Config: BM= 64, BN= 64, BK=128, warps= 4, buffers=5
  -> Best Precomp :   53.44 TFLOPS | Config: BM=128, BN= 64, BK=128, warps= 4, buffers=6
--------------------------------------------------------------------------------
[63/167] Shape 16384-16-4096:
  -> Best Dense   :   35.38 TFLOPS | Config: BM=128, BN= 64, BK=128, warps= 4, buffers=4
  -> Best Runtime :   30.57 TFLOPS | Config: BM=128, BN= 64, BK=128, warps= 4, buffers=4
  -> Best Precomp :   55.96 TFLOPS | Config: BM=128, BN= 64, BK=128, warps= 4, buffers=6
--------------------------------------------------------------------------------
[64/167] Shape 32768-16-2048:
  -> Best Dense   :   35.25 TFLOPS | Config: BM=128, BN= 64, BK=128, warps= 8, buffers=3
  -> Best Runtime :   29.61 TFLOPS | Config: BM=128, BN= 64, BK=128, warps= 8, buffers=4
  -> Best Precomp :   55.99 TFLOPS | Config: BM=128, BN= 64, BK=128, warps= 4, buffers=5
--------------------------------------------------------------------------------
[65/167] Shape 1024-16-49152:
  -> Best Dense   :   14.30 TFLOPS | Config: BM= 64, BN= 64, BK=128, warps= 4, buffers=6
  -> Best Runtime :    3.98 TFLOPS | Config: BM= 64, BN= 64, BK=256, warps= 8, buffers=3
  -> Best Precomp :   16.45 TFLOPS | Config: BM= 64, BN= 64, BK=128, warps= 4, buffers=7
--------------------------------------------------------------------------------
[66/167] Shape 1536-16-32768:
  -> Best Dense   :   20.65 TFLOPS | Config: BM= 64, BN= 64, BK=128, warps= 4, buffers=6
  -> Best Runtime :    5.96 TFLOPS | Config: BM= 64, BN= 64, BK=256, warps= 8, buffers=3
  -> Best Precomp :   23.72 TFLOPS | Config: BM= 64, BN= 64, BK=128, warps= 4, buffers=7
--------------------------------------------------------------------------------
[67/167] Shape 2048-16-24576:
  -> Best Dense   :   23.93 TFLOPS | Config: BM= 64, BN= 64, BK=128, warps= 4, buffers=6
  -> Best Runtime :    7.93 TFLOPS | Config: BM= 64, BN= 64, BK=256, warps= 8, buffers=3
  -> Best Precomp :   29.78 TFLOPS | Config: BM= 64, BN= 64, BK=128, warps= 4, buffers=7
--------------------------------------------------------------------------------
[68/167] Shape 3072-16-16384:
  -> Best Dense   :   28.82 TFLOPS | Config: BM= 64, BN= 64, BK=128, warps= 4, buffers=6
  -> Best Runtime :   11.45 TFLOPS | Config: BM= 64, BN= 64, BK=256, warps= 8, buffers=3
  -> Best Precomp :   37.32 TFLOPS | Config: BM= 64, BN= 64, BK=128, warps= 4, buffers=7
--------------------------------------------------------------------------------
[69/167] Shape 4096-16-12288:
  -> Best Dense   :   31.26 TFLOPS | Config: BM= 64, BN= 64, BK=128, warps= 4, buffers=6
  -> Best Runtime :   14.80 TFLOPS | Config: BM= 64, BN= 64, BK=256, warps= 8, buffers=3
  -> Best Precomp :   41.27 TFLOPS | Config: BM= 64, BN= 64, BK=128, warps= 4, buffers=7
--------------------------------------------------------------------------------
[70/167] Shape 6144-16-8192:
  -> Best Dense   :   31.73 TFLOPS | Config: BM= 64, BN= 64, BK=128, warps= 4, buffers=5
  -> Best Runtime :   20.89 TFLOPS | Config: BM= 64, BN= 64, BK=256, warps= 8, buffers=3
  -> Best Precomp :   45.49 TFLOPS | Config: BM= 64, BN= 64, BK=128, warps= 4, buffers=7
--------------------------------------------------------------------------------
[71/167] Shape 8192-16-6144:
  -> Best Dense   :   32.14 TFLOPS | Config: BM= 64, BN= 64, BK=128, warps= 4, buffers=5
  -> Best Runtime :   26.00 TFLOPS | Config: BM= 64, BN= 64, BK=128, warps= 4, buffers=5
  -> Best Precomp :   48.93 TFLOPS | Config: BM=128, BN= 64, BK=128, warps= 4, buffers=6
--------------------------------------------------------------------------------
[72/167] Shape 12288-16-4096:
  -> Best Dense   :   32.01 TFLOPS | Config: BM=128, BN= 64, BK=128, warps= 8, buffers=3
  -> Best Runtime :   23.72 TFLOPS | Config: BM=128, BN= 64, BK=128, warps= 4, buffers=3
  -> Best Precomp :   49.99 TFLOPS | Config: BM=128, BN= 64, BK=128, warps= 4, buffers=5
--------------------------------------------------------------------------------
[73/167] Shape 16384-16-3072:
  -> Best Dense   :   32.35 TFLOPS | Config: BM=128, BN= 64, BK=128, warps= 4, buffers=3
  -> Best Runtime :   28.68 TFLOPS | Config: BM=128, BN= 64, BK=128, warps= 4, buffers=4
  -> Best Precomp :   51.30 TFLOPS | Config: BM=128, BN= 64, BK=128, warps= 4, buffers=6
--------------------------------------------------------------------------------
[74/167] Shape 24576-16-2048:
  -> Best Dense   :   32.23 TFLOPS | Config: BM= 64, BN= 64, BK=128, warps= 4, buffers=6
  -> Best Runtime :   25.32 TFLOPS | Config: BM= 64, BN= 64, BK=256, warps= 8, buffers=3
  -> Best Precomp :   50.21 TFLOPS | Config: BM=128, BN= 64, BK=128, warps= 4, buffers=6
--------------------------------------------------------------------------------
[75/167] Shape 32768-16-1536:
  -> Best Dense   :   32.21 TFLOPS | Config: BM=128, BN= 64, BK=128, warps= 4, buffers=4
  -> Best Runtime :   27.97 TFLOPS | Config: BM=128, BN= 64, BK=128, warps= 8, buffers=4
  -> Best Precomp :   50.45 TFLOPS | Config: BM=128, BN= 64, BK=128, warps= 4, buffers=6
--------------------------------------------------------------------------------
[76/167] Shape 49152-16-1024:
  -> Best Dense   :   32.42 TFLOPS | Config: BM=128, BN= 64, BK=128, warps= 4, buffers=4
  -> Best Runtime :   28.07 TFLOPS | Config: BM=128, BN= 64, BK=128, warps= 8, buffers=4
  -> Best Precomp :   50.27 TFLOPS | Config: BM=128, BN= 64, BK=128, warps= 4, buffers=6
--------------------------------------------------------------------------------
[77/167] Shape 768-16-49152:
  -> Best Dense   :   10.78 TFLOPS | Config: BM= 64, BN= 64, BK=128, warps= 4, buffers=5
  -> Best Runtime :    2.99 TFLOPS | Config: BM= 64, BN= 64, BK=256, warps= 8, buffers=3
  -> Best Precomp :   12.39 TFLOPS | Config: BM= 64, BN= 64, BK=128, warps= 4, buffers=7
--------------------------------------------------------------------------------
[78/167] Shape 1536-16-24576:
  -> Best Dense   :   19.60 TFLOPS | Config: BM= 64, BN= 64, BK=128, warps= 4, buffers=6
  -> Best Runtime :    5.93 TFLOPS | Config: BM= 64, BN= 64, BK=256, warps= 8, buffers=3
  -> Best Precomp :   22.89 TFLOPS | Config: BM= 64, BN= 64, BK=128, warps= 4, buffers=7
--------------------------------------------------------------------------------
[79/167] Shape 3072-16-12288:
  -> Best Dense   :   26.37 TFLOPS | Config: BM= 64, BN= 64, BK=128, warps= 4, buffers=6
  -> Best Runtime :   11.24 TFLOPS | Config: BM= 64, BN= 64, BK=256, warps= 8, buffers=3
  -> Best Precomp :   34.29 TFLOPS | Config: BM= 64, BN= 64, BK=128, warps= 4, buffers=7
--------------------------------------------------------------------------------
[80/167] Shape 6144-16-6144:
  -> Best Dense   :   28.78 TFLOPS | Config: BM= 64, BN= 64, BK=128, warps= 4, buffers=5
  -> Best Runtime :   20.02 TFLOPS | Config: BM= 64, BN= 64, BK=256, warps= 8, buffers=3
  -> Best Precomp :   41.77 TFLOPS | Config: BM=128, BN= 64, BK=128, warps= 4, buffers=6
--------------------------------------------------------------------------------
[81/167] Shape 12288-16-3072:
  -> Best Dense   :   28.83 TFLOPS | Config: BM=128, BN= 64, BK=128, warps= 8, buffers=3
  -> Best Runtime :   22.29 TFLOPS | Config: BM=128, BN= 64, BK=128, warps= 4, buffers=3
  -> Best Precomp :   46.08 TFLOPS | Config: BM=128, BN= 64, BK=128, warps= 4, buffers=6
--------------------------------------------------------------------------------
[82/167] Shape 24576-16-1536:
  -> Best Dense   :   28.90 TFLOPS | Config: BM=128, BN= 64, BK=128, warps= 8, buffers=4
  -> Best Runtime :   23.85 TFLOPS | Config: BM= 64, BN= 64, BK=128, warps= 4, buffers=4
  -> Best Precomp :   44.81 TFLOPS | Config: BM=128, BN= 64, BK=128, warps= 4, buffers=6
--------------------------------------------------------------------------------
[83/167] Shape 49152-16-768:
  -> Best Dense   :   29.27 TFLOPS | Config: BM=128, BN= 64, BK=128, warps= 4, buffers=4
  -> Best Runtime :   26.15 TFLOPS | Config: BM=128, BN= 64, BK=128, warps= 8, buffers=4
  -> Best Precomp :   46.08 TFLOPS | Config: BM=128, BN= 64, BK=128, warps= 4, buffers=6
--------------------------------------------------------------------------------
[84/167] Shape 1024-16-32768:
  -> Best Dense   :   14.04 TFLOPS | Config: BM= 64, BN= 64, BK=128, warps= 4, buffers=6
  -> Best Runtime :    4.00 TFLOPS | Config: BM= 64, BN= 64, BK=256, warps= 8, buffers=3
  -> Best Precomp :   16.02 TFLOPS | Config: BM= 64, BN= 64, BK=128, warps= 4, buffers=7
--------------------------------------------------------------------------------
[85/167] Shape 2048-16-16384:
  -> Best Dense   :   22.02 TFLOPS | Config: BM= 64, BN= 64, BK=128, warps= 4, buffers=6
  -> Best Runtime :    7.93 TFLOPS | Config: BM= 64, BN= 64, BK=256, warps= 8, buffers=3
  -> Best Precomp :   27.65 TFLOPS | Config: BM= 64, BN= 64, BK=128, warps= 4, buffers=7
--------------------------------------------------------------------------------
[86/167] Shape 4096-16-8192:
  -> Best Dense   :   27.18 TFLOPS | Config: BM= 64, BN= 64, BK=128, warps= 4, buffers=6
  -> Best Runtime :   14.30 TFLOPS | Config: BM= 64, BN= 64, BK=256, warps= 8, buffers=3
  -> Best Precomp :   37.05 TFLOPS | Config: BM= 64, BN= 64, BK=128, warps= 4, buffers=7
--------------------------------------------------------------------------------
[87/167] Shape 8192-16-4096:
  -> Best Dense   :   28.15 TFLOPS | Config: BM= 64, BN= 64, BK=128, warps= 4, buffers=5
  -> Best Runtime :   24.02 TFLOPS | Config: BM= 64, BN= 64, BK=128, warps= 4, buffers=5
  -> Best Precomp :   43.23 TFLOPS | Config: BM=128, BN= 64, BK=128, warps= 4, buffers=6
--------------------------------------------------------------------------------
[88/167] Shape 16384-16-2048:
  -> Best Dense   :   28.39 TFLOPS | Config: BM=128, BN= 64, BK=128, warps= 4, buffers=4
  -> Best Runtime :   25.69 TFLOPS | Config: BM=128, BN= 64, BK=128, warps= 4, buffers=4
  -> Best Precomp :   45.70 TFLOPS | Config: BM=128, BN= 64, BK=128, warps= 4, buffers=6
--------------------------------------------------------------------------------
[89/167] Shape 32768-16-1024:
  -> Best Dense   :   28.69 TFLOPS | Config: BM=128, BN= 64, BK=128, warps= 4, buffers=4
  -> Best Runtime :   25.67 TFLOPS | Config: BM=128, BN= 64, BK=128, warps= 8, buffers=4
  -> Best Precomp :   44.56 TFLOPS | Config: BM=128, BN= 64, BK=128, warps= 4, buffers=6
--------------------------------------------------------------------------------
[90/167] Shape 768-16-32768:
  -> Best Dense   :   10.39 TFLOPS | Config: BM= 64, BN= 64, BK=128, warps= 4, buffers=6
  -> Best Runtime :    2.99 TFLOPS | Config: BM= 64, BN= 64, BK=256, warps= 8, buffers=3
  -> Best Precomp :   12.06 TFLOPS | Config: BM= 64, BN= 64, BK=128, warps= 4, buffers=6
--------------------------------------------------------------------------------
[91/167] Shape 1024-16-24576:
  -> Best Dense   :   13.55 TFLOPS | Config: BM= 64, BN= 64, BK=128, warps= 4, buffers=6
  -> Best Runtime :    3.97 TFLOPS | Config: BM= 64, BN= 64, BK=256, warps= 8, buffers=3
  -> Best Precomp :   15.52 TFLOPS | Config: BM= 64, BN= 64, BK=128, warps= 4, buffers=7
--------------------------------------------------------------------------------
[92/167] Shape 1536-16-16384:
  -> Best Dense   :   18.01 TFLOPS | Config: BM= 64, BN= 64, BK=128, warps= 4, buffers=6
  -> Best Runtime :    5.92 TFLOPS | Config: BM= 64, BN= 64, BK=256, warps= 8, buffers=3
  -> Best Precomp :   21.51 TFLOPS | Config: BM= 64, BN= 64, BK=128, warps= 4, buffers=7
--------------------------------------------------------------------------------
[93/167] Shape 2048-16-12288:
  -> Best Dense   :   20.23 TFLOPS | Config: BM= 64, BN= 64, BK=128, warps= 4, buffers=6
  -> Best Runtime :    7.78 TFLOPS | Config: BM= 64, BN= 64, BK=256, warps= 8, buffers=3
  -> Best Precomp :   26.00 TFLOPS | Config: BM= 64, BN= 64, BK=128, warps= 4, buffers=7
--------------------------------------------------------------------------------
[94/167] Shape 3072-16-8192:
  -> Best Dense   :   23.05 TFLOPS | Config: BM= 64, BN= 64, BK=128, warps= 4, buffers=6
  -> Best Runtime :   10.89 TFLOPS | Config: BM= 64, BN= 64, BK=256, warps= 8, buffers=3
  -> Best Precomp :   31.69 TFLOPS | Config: BM= 64, BN= 64, BK=128, warps= 4, buffers=7
--------------------------------------------------------------------------------
[95/167] Shape 4096-16-6144:
  -> Best Dense   :   24.92 TFLOPS | Config: BM= 64, BN= 64, BK=128, warps= 4, buffers=6
  -> Best Runtime :   13.80 TFLOPS | Config: BM= 64, BN= 64, BK=256, warps= 8, buffers=3
  -> Best Precomp :   34.57 TFLOPS | Config: BM= 64, BN= 64, BK=128, warps= 4, buffers=7
--------------------------------------------------------------------------------
[96/167] Shape 6144-16-4096:
  -> Best Dense   :   25.61 TFLOPS | Config: BM= 64, BN= 64, BK=128, warps= 4, buffers=5
  -> Best Runtime :   18.67 TFLOPS | Config: BM= 64, BN= 64, BK=128, warps= 4, buffers=4
  -> Best Precomp :   37.45 TFLOPS | Config: BM=128, BN= 64, BK=128, warps= 4, buffers=6
--------------------------------------------------------------------------------
[97/167] Shape 8192-16-3072:
  -> Best Dense   :   25.86 TFLOPS | Config: BM= 64, BN= 64, BK=128, warps= 4, buffers=6
  -> Best Runtime :   22.13 TFLOPS | Config: BM= 64, BN= 64, BK=128, warps= 4, buffers=5
  -> Best Precomp :   39.85 TFLOPS | Config: BM=128, BN= 64, BK=128, warps= 4, buffers=6
--------------------------------------------------------------------------------
[98/167] Shape 12288-16-2048:
  -> Best Dense   :   25.60 TFLOPS | Config: BM=128, BN= 64, BK=128, warps= 4, buffers=4
  -> Best Runtime :   20.21 TFLOPS | Config: BM=128, BN= 64, BK=128, warps= 4, buffers=3
  -> Best Precomp :   40.79 TFLOPS | Config: BM=128, BN= 64, BK=128, warps= 4, buffers=6
--------------------------------------------------------------------------------
[99/167] Shape 16384-16-1536:
  -> Best Dense   :   25.84 TFLOPS | Config: BM=128, BN= 64, BK=128, warps= 4, buffers=4
  -> Best Runtime :   23.57 TFLOPS | Config: BM=128, BN=128, BK= 64, warps= 8, buffers=5
  -> Best Precomp :   41.07 TFLOPS | Config: BM=128, BN= 64, BK=128, warps= 4, buffers=6
--------------------------------------------------------------------------------
[100/167] Shape 24576-16-1024:
  -> Best Dense   :   26.12 TFLOPS | Config: BM= 64, BN= 64, BK=128, warps= 4, buffers=6
  -> Best Runtime :   21.41 TFLOPS | Config: BM= 64, BN= 64, BK=128, warps= 4, buffers=4
  -> Best Precomp :   39.16 TFLOPS | Config: BM=128, BN= 64, BK=128, warps= 4, buffers=6
--------------------------------------------------------------------------------
[101/167] Shape 32768-16-768:
  -> Best Dense   :   25.98 TFLOPS | Config: BM=128, BN= 64, BK=128, warps= 4, buffers=4
  -> Best Runtime :   23.30 TFLOPS | Config: BM=128, BN= 64, BK=128, warps= 8, buffers=4
  -> Best Precomp :   40.44 TFLOPS | Config: BM=128, BN= 64, BK=128, warps= 4, buffers=6
--------------------------------------------------------------------------------
[102/167] Shape 768-16-24576:
  -> Best Dense   :   10.03 TFLOPS | Config: BM= 64, BN= 64, BK=128, warps= 4, buffers=6
  -> Best Runtime :    2.98 TFLOPS | Config: BM= 64, BN= 64, BK=256, warps= 8, buffers=3
  -> Best Precomp :   11.72 TFLOPS | Config: BM= 64, BN= 64, BK=128, warps= 4, buffers=7
--------------------------------------------------------------------------------
[103/167] Shape 1536-16-12288:
  -> Best Dense   :   16.92 TFLOPS | Config: BM= 64, BN= 64, BK=128, warps= 4, buffers=6
  -> Best Runtime :    5.80 TFLOPS | Config: BM= 64, BN= 64, BK=256, warps= 8, buffers=3
  -> Best Precomp :   20.37 TFLOPS | Config: BM= 64, BN= 64, BK=128, warps= 4, buffers=7
--------------------------------------------------------------------------------
[104/167] Shape 3072-16-6144:
  -> Best Dense   :   21.39 TFLOPS | Config: BM= 64, BN= 64, BK=128, warps= 4, buffers=6
  -> Best Runtime :   10.53 TFLOPS | Config: BM= 64, BN= 64, BK=256, warps= 8, buffers=3
  -> Best Precomp :   29.38 TFLOPS | Config: BM= 64, BN= 64, BK=128, warps= 4, buffers=7
--------------------------------------------------------------------------------
[105/167] Shape 6144-16-3072:
  -> Best Dense   :   23.53 TFLOPS | Config: BM= 64, BN= 64, BK=128, warps= 4, buffers=5
  -> Best Runtime :   17.43 TFLOPS | Config: BM= 64, BN= 64, BK=128, warps= 4, buffers=4
  -> Best Precomp :   34.28 TFLOPS | Config: BM=128, BN= 64, BK=128, warps= 4, buffers=6
--------------------------------------------------------------------------------
[106/167] Shape 12288-16-1536:
  -> Best Dense   :   23.73 TFLOPS | Config: BM=128, BN= 64, BK=128, warps= 4, buffers=4
  -> Best Runtime :   18.49 TFLOPS | Config: BM=128, BN= 64, BK=128, warps= 8, buffers=3
  -> Best Precomp :   36.72 TFLOPS | Config: BM=128, BN= 64, BK=128, warps= 4, buffers=5
--------------------------------------------------------------------------------
[107/167] Shape 24576-16-768:
  -> Best Dense   :   23.59 TFLOPS | Config: BM=128, BN= 64, BK=128, warps= 4, buffers=4
  -> Best Runtime :   19.72 TFLOPS | Config: BM= 64, BN= 64, BK=128, warps= 8, buffers=5
  -> Best Precomp :   35.22 TFLOPS | Config: BM=128, BN= 64, BK=128, warps= 4, buffers=6
--------------------------------------------------------------------------------
[108/167] Shape 1024-16-16384:
  -> Best Dense   :   12.73 TFLOPS | Config: BM= 64, BN= 64, BK=128, warps= 4, buffers=6
  -> Best Runtime :    3.90 TFLOPS | Config: BM= 64, BN= 64, BK=256, warps= 8, buffers=3
  -> Best Precomp :   14.67 TFLOPS | Config: BM= 64, BN= 64, BK=128, warps= 4, buffers=6
--------------------------------------------------------------------------------
[109/167] Shape 2048-16-8192:
  -> Best Dense   :   18.50 TFLOPS | Config: BM= 64, BN= 64, BK=128, warps= 4, buffers=6
  -> Best Runtime :    7.59 TFLOPS | Config: BM= 64, BN= 64, BK=256, warps= 8, buffers=3
  -> Best Precomp :   23.75 TFLOPS | Config: BM= 64, BN= 64, BK=128, warps= 4, buffers=7
--------------------------------------------------------------------------------
[110/167] Shape 4096-16-4096:
  -> Best Dense   :   22.34 TFLOPS | Config: BM= 64, BN= 64, BK=128, warps= 4, buffers=6
  -> Best Runtime :   12.89 TFLOPS | Config: BM= 64, BN= 64, BK=256, warps= 8, buffers=3
  -> Best Precomp :   30.40 TFLOPS | Config: BM= 64, BN= 64, BK=128, warps= 4, buffers=7
--------------------------------------------------------------------------------
[111/167] Shape 8192-16-2048:
  -> Best Dense   :   23.03 TFLOPS | Config: BM= 64, BN= 64, BK=128, warps= 4, buffers=5
  -> Best Runtime :   19.51 TFLOPS | Config: BM= 64, BN= 64, BK=128, warps= 4, buffers=5
  -> Best Precomp :   34.42 TFLOPS | Config: BM=128, BN= 64, BK=128, warps= 4, buffers=6
--------------------------------------------------------------------------------
[112/167] Shape 16384-16-1024:
  -> Best Dense   :   23.49 TFLOPS | Config: BM=128, BN= 64, BK=128, warps= 4, buffers=4
  -> Best Runtime :   20.79 TFLOPS | Config: BM=128, BN=128, BK= 64, warps= 8, buffers=5
  -> Best Precomp :   34.92 TFLOPS | Config: BM=128, BN= 64, BK=128, warps= 4, buffers=5
--------------------------------------------------------------------------------
[113/167] Shape 768-16-16384:
  -> Best Dense   :    9.60 TFLOPS | Config: BM= 64, BN= 64, BK=128, warps= 4, buffers=5
  -> Best Runtime :    2.95 TFLOPS | Config: BM= 64, BN= 64, BK=256, warps= 8, buffers=3
  -> Best Precomp :   11.09 TFLOPS | Config: BM= 64, BN= 64, BK=128, warps= 4, buffers=6
--------------------------------------------------------------------------------
[114/167] Shape 1024-16-12288:
  -> Best Dense   :   12.18 TFLOPS | Config: BM= 64, BN= 64, BK=128, warps= 4, buffers=6
  -> Best Runtime :    3.86 TFLOPS | Config: BM= 64, BN= 64, BK=256, warps= 8, buffers=3
  -> Best Precomp :   13.87 TFLOPS | Config: BM= 64, BN= 64, BK=128, warps= 4, buffers=6
--------------------------------------------------------------------------------
[115/167] Shape 1536-16-8192:
  -> Best Dense   :   15.55 TFLOPS | Config: BM= 64, BN= 64, BK=128, warps= 4, buffers=6
  -> Best Runtime :    5.66 TFLOPS | Config: BM= 64, BN= 64, BK=256, warps= 8, buffers=3
  -> Best Precomp :   18.31 TFLOPS | Config: BM= 64, BN= 64, BK=128, warps= 4, buffers=7
--------------------------------------------------------------------------------
[116/167] Shape 2048-16-6144:
  -> Best Dense   :   17.26 TFLOPS | Config: BM= 64, BN= 64, BK=128, warps= 4, buffers=6
  -> Best Runtime :    7.20 TFLOPS | Config: BM= 64, BN= 64, BK=256, warps= 8, buffers=3
  -> Best Precomp :   21.45 TFLOPS | Config: BM= 64, BN= 64, BK=128, warps= 4, buffers=7
--------------------------------------------------------------------------------
[117/167] Shape 3072-16-4096:
  -> Best Dense   :   19.22 TFLOPS | Config: BM= 64, BN= 64, BK=128, warps= 4, buffers=6
  -> Best Runtime :    9.95 TFLOPS | Config: BM= 64, BN= 64, BK=256, warps= 8, buffers=3
  -> Best Precomp :   25.39 TFLOPS | Config: BM= 64, BN= 64, BK=128, warps= 4, buffers=7
--------------------------------------------------------------------------------
[118/167] Shape 4096-16-3072:
  -> Best Dense   :   20.40 TFLOPS | Config: BM= 64, BN= 64, BK=128, warps= 4, buffers=6
  -> Best Runtime :   12.15 TFLOPS | Config: BM= 64, BN= 64, BK=256, warps= 8, buffers=3
  -> Best Precomp :   27.14 TFLOPS | Config: BM=128, BN= 64, BK=128, warps= 4, buffers=6
--------------------------------------------------------------------------------
[119/167] Shape 6144-16-2048:
  -> Best Dense   :   20.57 TFLOPS | Config: BM= 64, BN= 64, BK=128, warps= 4, buffers=5
  -> Best Runtime :   15.54 TFLOPS | Config: BM= 64, BN= 64, BK=128, warps= 4, buffers=4
  -> Best Precomp :   29.11 TFLOPS | Config: BM=128, BN= 64, BK=128, warps= 4, buffers=6
--------------------------------------------------------------------------------
[120/167] Shape 8192-16-1536:
  -> Best Dense   :   20.81 TFLOPS | Config: BM=128, BN= 64, BK=128, warps= 4, buffers=4
  -> Best Runtime :   17.53 TFLOPS | Config: BM= 64, BN= 64, BK=128, warps= 4, buffers=4
  -> Best Precomp :   30.25 TFLOPS | Config: BM=128, BN= 64, BK=128, warps= 4, buffers=6
--------------------------------------------------------------------------------
[121/167] Shape 12288-16-1024:
  -> Best Dense   :   21.00 TFLOPS | Config: BM=128, BN= 64, BK=128, warps= 4, buffers=4
  -> Best Runtime :   16.56 TFLOPS | Config: BM=128, BN= 64, BK=128, warps= 8, buffers=3
  -> Best Precomp :   30.02 TFLOPS | Config: BM=128, BN= 64, BK=128, warps= 4, buffers=5
--------------------------------------------------------------------------------
[122/167] Shape 16384-16-768:
  -> Best Dense   :   21.11 TFLOPS | Config: BM=128, BN= 64, BK=128, warps= 4, buffers=4
  -> Best Runtime :   18.70 TFLOPS | Config: BM=128, BN=128, BK= 64, warps= 8, buffers=5
  -> Best Precomp :   29.80 TFLOPS | Config: BM=128, BN= 64, BK=128, warps= 4, buffers=5
--------------------------------------------------------------------------------
[123/167] Shape 768-16-12288:
  -> Best Dense   :    9.21 TFLOPS | Config: BM= 64, BN= 64, BK=128, warps= 4, buffers=5
  -> Best Runtime :    2.91 TFLOPS | Config: BM= 64, BN= 64, BK=256, warps= 8, buffers=3
  -> Best Precomp :   10.50 TFLOPS | Config: BM= 64, BN= 64, BK=128, warps= 4, buffers=6
--------------------------------------------------------------------------------
[124/167] Shape 1536-16-6144:
  -> Best Dense   :   14.58 TFLOPS | Config: BM= 64, BN= 64, BK=128, warps= 4, buffers=6
  -> Best Runtime :    5.53 TFLOPS | Config: BM= 64, BN= 64, BK=256, warps= 8, buffers=3
  -> Best Precomp :   16.66 TFLOPS | Config: BM= 64, BN= 64, BK=128, warps= 4, buffers=6
--------------------------------------------------------------------------------
[125/167] Shape 3072-16-3072:
  -> Best Dense   :   17.64 TFLOPS | Config: BM= 64, BN= 64, BK=128, warps= 4, buffers=6
  -> Best Runtime :    9.41 TFLOPS | Config: BM= 64, BN= 64, BK=256, warps= 8, buffers=3
  -> Best Precomp :   21.87 TFLOPS | Config: BM= 64, BN= 64, BK=128, warps= 4, buffers=7
--------------------------------------------------------------------------------
[126/167] Shape 6144-16-1536:
  -> Best Dense   :   18.86 TFLOPS | Config: BM= 64, BN= 64, BK=128, warps= 4, buffers=5
  -> Best Runtime :   14.00 TFLOPS | Config: BM= 64, BN= 64, BK=128, warps= 4, buffers=3
  -> Best Precomp :   24.56 TFLOPS | Config: BM=128, BN= 64, BK=128, warps= 4, buffers=5
--------------------------------------------------------------------------------
[127/167] Shape 12288-16-768:
  -> Best Dense   :   18.79 TFLOPS | Config: BM=128, BN= 64, BK=128, warps= 8, buffers=3
  -> Best Runtime :   14.66 TFLOPS | Config: BM=128, BN= 64, BK=128, warps= 8, buffers=3
  -> Best Precomp :   25.70 TFLOPS | Config: BM=128, BN= 64, BK=128, warps= 4, buffers=4
--------------------------------------------------------------------------------
[128/167] Shape 1024-16-8192:
  -> Best Dense   :   11.25 TFLOPS | Config: BM= 64, BN= 64, BK=128, warps= 4, buffers=6
  -> Best Runtime :    3.78 TFLOPS | Config: BM= 64, BN= 64, BK=256, warps= 8, buffers=3
  -> Best Precomp :   12.54 TFLOPS | Config: BM= 64, BN= 64, BK=128, warps= 4, buffers=7
--------------------------------------------------------------------------------
[129/167] Shape 2048-16-4096:
  -> Best Dense   :   15.50 TFLOPS | Config: BM= 64, BN= 64, BK=128, warps= 4, buffers=6
  -> Best Runtime :    6.95 TFLOPS | Config: BM= 64, BN= 64, BK=256, warps= 8, buffers=3
  -> Best Precomp :   18.19 TFLOPS | Config: BM= 64, BN= 64, BK=128, warps= 4, buffers=7
--------------------------------------------------------------------------------
[130/167] Shape 4096-16-2048:
  -> Best Dense   :   17.56 TFLOPS | Config: BM= 64, BN= 64, BK=128, warps= 4, buffers=6
  -> Best Runtime :   10.83 TFLOPS | Config: BM= 64, BN= 64, BK=256, warps= 8, buffers=3
  -> Best Precomp :   21.67 TFLOPS | Config: BM=128, BN= 64, BK=128, warps= 4, buffers=5
--------------------------------------------------------------------------------
[131/167] Shape 8192-16-1024:
  -> Best Dense   :   18.10 TFLOPS | Config: BM= 64, BN= 64, BK=128, warps= 4, buffers=6
  -> Best Runtime :   14.74 TFLOPS | Config: BM= 64, BN= 64, BK=128, warps= 4, buffers=4
  -> Best Precomp :   23.89 TFLOPS | Config: BM=128, BN= 64, BK=128, warps= 4, buffers=5
--------------------------------------------------------------------------------
[132/167] Shape 768-16-8192:
  -> Best Dense   :    8.55 TFLOPS | Config: BM= 64, BN= 64, BK=128, warps= 4, buffers=5
  -> Best Runtime :    2.84 TFLOPS | Config: BM= 64, BN= 64, BK=256, warps= 8, buffers=3
  -> Best Precomp :    9.51 TFLOPS | Config: BM= 64, BN= 64, BK=128, warps= 4, buffers=6
--------------------------------------------------------------------------------
[133/167] Shape 1024-16-6144:
  -> Best Dense   :   10.40 TFLOPS | Config: BM= 64, BN= 64, BK=128, warps= 4, buffers=6
  -> Best Runtime :    3.66 TFLOPS | Config: BM= 64, BN= 64, BK=256, warps= 8, buffers=3
  -> Best Precomp :   11.42 TFLOPS | Config: BM= 64, BN= 64, BK=128, warps= 4, buffers=6
--------------------------------------------------------------------------------
[134/167] Shape 1536-16-4096:
  -> Best Dense   :   12.49 TFLOPS | Config: BM= 64, BN= 64, BK=128, warps= 4, buffers=6
  -> Best Runtime :    5.25 TFLOPS | Config: BM= 64, BN= 64, BK=256, warps= 8, buffers=3
  -> Best Precomp :   14.10 TFLOPS | Config: BM= 64, BN= 64, BK=128, warps= 4, buffers=6
--------------------------------------------------------------------------------
[135/167] Shape 2048-16-3072:
  -> Best Dense   :   13.87 TFLOPS | Config: BM= 64, BN= 64, BK=128, warps= 4, buffers=6
  -> Best Runtime :    6.52 TFLOPS | Config: BM= 64, BN= 64, BK=256, warps= 8, buffers=3
  -> Best Precomp :   15.58 TFLOPS | Config: BM= 64, BN= 64, BK=128, warps= 4, buffers=6
--------------------------------------------------------------------------------
[136/167] Shape 3072-16-2048:
  -> Best Dense   :   14.75 TFLOPS | Config: BM= 64, BN= 64, BK=128, warps= 4, buffers=6
  -> Best Runtime :    8.38 TFLOPS | Config: BM= 64, BN= 64, BK=256, warps= 8, buffers=3
  -> Best Precomp :   17.26 TFLOPS | Config: BM= 64, BN= 64, BK=128, warps= 4, buffers=6
--------------------------------------------------------------------------------
[137/167] Shape 4096-16-1536:
  -> Best Dense   :   15.43 TFLOPS | Config: BM= 64, BN= 64, BK=128, warps= 4, buffers=5
  -> Best Runtime :    9.69 TFLOPS | Config: BM= 64, BN= 64, BK=256, warps= 8, buffers=3
  -> Best Precomp :   18.25 TFLOPS | Config: BM=128, BN= 64, BK=128, warps= 4, buffers=6
--------------------------------------------------------------------------------
[138/167] Shape 6144-16-1024:
  -> Best Dense   :   15.71 TFLOPS | Config: BM= 64, BN= 64, BK=128, warps= 4, buffers=5
  -> Best Runtime :   11.88 TFLOPS | Config: BM= 64, BN= 64, BK=128, warps= 4, buffers=3
  -> Best Precomp :   19.02 TFLOPS | Config: BM=128, BN= 64, BK=128, warps= 4, buffers=5
--------------------------------------------------------------------------------
[139/167] Shape 8192-16-768:
  -> Best Dense   :   15.82 TFLOPS | Config: BM=128, BN= 64, BK=128, warps= 4, buffers=4
  -> Best Runtime :   12.64 TFLOPS | Config: BM= 64, BN= 64, BK= 64, warps= 4, buffers=4
  -> Best Precomp :   19.31 TFLOPS | Config: BM=128, BN= 64, BK=128, warps= 4, buffers=6
--------------------------------------------------------------------------------
[140/167] Shape 768-16-6144:
  -> Best Dense   :    7.90 TFLOPS | Config: BM= 64, BN= 64, BK=128, warps= 4, buffers=5
  -> Best Runtime :    2.77 TFLOPS | Config: BM= 64, BN= 64, BK=256, warps= 8, buffers=3
  -> Best Precomp :    8.67 TFLOPS | Config: BM= 64, BN= 64, BK=128, warps= 4, buffers=6
--------------------------------------------------------------------------------
[141/167] Shape 1536-16-3072:
  -> Best Dense   :   11.11 TFLOPS | Config: BM= 64, BN= 64, BK=128, warps= 4, buffers=6
  -> Best Runtime :    4.96 TFLOPS | Config: BM= 64, BN= 64, BK=256, warps= 8, buffers=3
  -> Best Precomp :   12.22 TFLOPS | Config: BM= 64, BN= 64, BK=128, warps= 4, buffers=6
--------------------------------------------------------------------------------
[142/167] Shape 3072-16-1536:
  -> Best Dense   :   12.59 TFLOPS | Config: BM= 64, BN= 64, BK=128, warps= 4, buffers=6
  -> Best Runtime :    7.56 TFLOPS | Config: BM= 64, BN= 64, BK=256, warps= 8, buffers=3
  -> Best Precomp :   14.43 TFLOPS | Config: BM=128, BN= 64, BK=128, warps= 4, buffers=5
--------------------------------------------------------------------------------
[143/167] Shape 6144-16-768:
  -> Best Dense   :   13.06 TFLOPS | Config: BM= 64, BN= 64, BK=128, warps= 4, buffers=4
  -> Best Runtime :   10.22 TFLOPS | Config: BM= 64, BN= 64, BK=128, warps= 4, buffers=3
  -> Best Precomp :   15.14 TFLOPS | Config: BM=128, BN= 64, BK=128, warps= 4, buffers=4
--------------------------------------------------------------------------------
[144/167] Shape 1024-16-4096:
  -> Best Dense   :    9.06 TFLOPS | Config: BM= 64, BN= 64, BK=128, warps= 4, buffers=6
  -> Best Runtime :    3.49 TFLOPS | Config: BM= 64, BN= 64, BK=256, warps= 8, buffers=3
  -> Best Precomp :    9.71 TFLOPS | Config: BM= 64, BN= 64, BK=128, warps= 4, buffers=6
--------------------------------------------------------------------------------
[145/167] Shape 2048-16-2048:
  -> Best Dense   :   11.19 TFLOPS | Config: BM= 64, BN= 64, BK=128, warps= 4, buffers=6
  -> Best Runtime :    5.88 TFLOPS | Config: BM= 64, BN= 64, BK=256, warps= 8, buffers=3
  -> Best Precomp :   12.32 TFLOPS | Config: BM= 64, BN= 64, BK=128, warps= 4, buffers=6
--------------------------------------------------------------------------------
[146/167] Shape 4096-16-1024:
  -> Best Dense   :   12.27 TFLOPS | Config: BM= 64, BN= 64, BK=128, warps= 4, buffers=5
  -> Best Runtime :    8.16 TFLOPS | Config: BM= 64, BN= 64, BK=128, warps= 8, buffers=4
  -> Best Precomp :   13.85 TFLOPS | Config: BM=128, BN= 64, BK=128, warps= 4, buffers=5
--------------------------------------------------------------------------------
[147/167] Shape 768-16-4096:
  -> Best Dense   :    6.84 TFLOPS | Config: BM= 64, BN= 64, BK=128, warps= 4, buffers=5
  -> Best Runtime :    2.64 TFLOPS | Config: BM= 64, BN= 64, BK=256, warps= 8, buffers=3
  -> Best Precomp :    7.43 TFLOPS | Config: BM= 64, BN= 64, BK=128, warps= 4, buffers=6
--------------------------------------------------------------------------------
[148/167] Shape 1024-16-3072:
  -> Best Dense   :    7.85 TFLOPS | Config: BM= 64, BN= 64, BK=128, warps= 4, buffers=6
  -> Best Runtime :    3.30 TFLOPS | Config: BM= 64, BN= 64, BK=256, warps= 8, buffers=3
  -> Best Precomp :    8.48 TFLOPS | Config: BM= 64, BN= 64, BK=128, warps= 4, buffers=6
--------------------------------------------------------------------------------
[149/167] Shape 1536-16-2048:
  -> Best Dense   :    8.91 TFLOPS | Config: BM= 64, BN= 64, BK=128, warps= 4, buffers=6
  -> Best Runtime :    4.49 TFLOPS | Config: BM= 64, BN= 64, BK=256, warps= 8, buffers=3
  -> Best Precomp :    9.68 TFLOPS | Config: BM= 64, BN= 64, BK=128, warps= 4, buffers=6
--------------------------------------------------------------------------------
[150/167] Shape 2048-16-1536:
  -> Best Dense   :    9.29 TFLOPS | Config: BM= 64, BN= 64, BK=128, warps= 4, buffers=5
  -> Best Runtime :    5.34 TFLOPS | Config: BM= 64, BN= 64, BK=256, warps= 8, buffers=3
  -> Best Precomp :   10.29 TFLOPS | Config: BM=128, BN= 64, BK=128, warps= 4, buffers=5
--------------------------------------------------------------------------------
[151/167] Shape 3072-16-1024:
  -> Best Dense   :    9.70 TFLOPS | Config: BM= 64, BN= 64, BK=128, warps= 4, buffers=5
  -> Best Runtime :    6.40 TFLOPS | Config: BM= 64, BN= 64, BK=256, warps= 8, buffers=3
  -> Best Precomp :   11.03 TFLOPS | Config: BM=128, BN= 64, BK=128, warps= 4, buffers=5
--------------------------------------------------------------------------------
[152/167] Shape 4096-16-768:
  -> Best Dense   :    9.85 TFLOPS | Config: BM= 64, BN= 64, BK=128, warps= 4, buffers=4
  -> Best Runtime :    7.14 TFLOPS | Config: BM= 64, BN= 64, BK=128, warps= 8, buffers=4
  -> Best Precomp :   11.29 TFLOPS | Config: BM=128, BN= 64, BK=128, warps= 4, buffers=5
--------------------------------------------------------------------------------
[153/167] Shape 768-16-3072:
  -> Best Dense   :    5.99 TFLOPS | Config: BM= 64, BN= 64, BK=128, warps= 4, buffers=6
  -> Best Runtime :    2.49 TFLOPS | Config: BM= 64, BN= 64, BK=256, warps= 8, buffers=3
  -> Best Precomp :    6.46 TFLOPS | Config: BM= 64, BN= 64, BK=128, warps= 4, buffers=6
--------------------------------------------------------------------------------
[154/167] Shape 1536-16-1536:
  -> Best Dense   :    7.33 TFLOPS | Config: BM= 64, BN= 64, BK=128, warps= 4, buffers=6
  -> Best Runtime :    4.07 TFLOPS | Config: BM= 64, BN= 64, BK=256, warps= 8, buffers=3
  -> Best Precomp :    7.96 TFLOPS | Config: BM= 64, BN= 64, BK=128, warps= 4, buffers=6
--------------------------------------------------------------------------------
[155/167] Shape 3072-16-768:
  -> Best Dense   :    7.76 TFLOPS | Config: BM= 64, BN= 64, BK=128, warps= 4, buffers=4
  -> Best Runtime :    5.47 TFLOPS | Config: BM= 64, BN= 64, BK=128, warps= 8, buffers=4
  -> Best Precomp :    8.82 TFLOPS | Config: BM=128, BN= 64, BK=128, warps= 4, buffers=5
--------------------------------------------------------------------------------
[156/167] Shape 1024-16-2048:
  -> Best Dense   :    6.30 TFLOPS | Config: BM= 64, BN= 64, BK=128, warps= 4, buffers=6
  -> Best Runtime :    3.02 TFLOPS | Config: BM= 64, BN= 64, BK=256, warps= 8, buffers=3
  -> Best Precomp :    6.69 TFLOPS | Config: BM= 64, BN= 64, BK=128, warps= 4, buffers=6
--------------------------------------------------------------------------------
[157/167] Shape 2048-16-1024:
  -> Best Dense   :    7.02 TFLOPS | Config: BM= 64, BN= 64, BK=128, warps= 4, buffers=5
  -> Best Runtime :    4.50 TFLOPS | Config: BM= 64, BN= 64, BK=256, warps= 8, buffers=3
  -> Best Precomp :    7.85 TFLOPS | Config: BM=128, BN= 64, BK=128, warps= 4, buffers=5
--------------------------------------------------------------------------------
[158/167] Shape 768-16-2048:
  -> Best Dense   :    4.86 TFLOPS | Config: BM= 64, BN= 64, BK=128, warps= 4, buffers=6
  -> Best Runtime :    2.29 TFLOPS | Config: BM= 64, BN= 64, BK=256, warps= 8, buffers=3
  -> Best Precomp :    5.18 TFLOPS | Config: BM= 64, BN= 64, BK=128, warps= 4, buffers=6
--------------------------------------------------------------------------------
[159/167] Shape 1024-16-1536:
  -> Best Dense   :    5.27 TFLOPS | Config: BM= 64, BN= 64, BK=128, warps= 4, buffers=6
  -> Best Runtime :    2.77 TFLOPS | Config: BM= 64, BN= 64, BK=256, warps= 8, buffers=3
  -> Best Precomp :    5.61 TFLOPS | Config: BM= 64, BN= 64, BK=128, warps= 4, buffers=5
--------------------------------------------------------------------------------
[160/167] Shape 1536-16-1024:
  -> Best Dense   :    5.59 TFLOPS | Config: BM= 64, BN= 64, BK=128, warps= 4, buffers=5
  -> Best Runtime :    3.47 TFLOPS | Config: BM= 64, BN= 64, BK=256, warps= 8, buffers=3
  -> Best Precomp :    6.07 TFLOPS | Config: BM=128, BN= 64, BK=128, warps= 4, buffers=5
--------------------------------------------------------------------------------
[161/167] Shape 2048-16-768:
  -> Best Dense   :    5.72 TFLOPS | Config: BM= 64, BN= 64, BK=128, warps= 4, buffers=5
  -> Best Runtime :    3.88 TFLOPS | Config: BM= 64, BN= 64, BK=256, warps= 8, buffers=3
  -> Best Precomp :    6.39 TFLOPS | Config: BM=128, BN= 64, BK=128, warps= 4, buffers=5
--------------------------------------------------------------------------------
[162/167] Shape 768-16-1536:
  -> Best Dense   :    4.04 TFLOPS | Config: BM= 64, BN= 64, BK=128, warps= 4, buffers=5
  -> Best Runtime :    2.09 TFLOPS | Config: BM= 64, BN= 64, BK=256, warps= 8, buffers=3
  -> Best Precomp :    4.30 TFLOPS | Config: BM= 64, BN= 64, BK=128, warps= 4, buffers=5
--------------------------------------------------------------------------------
[163/167] Shape 1536-16-768:
  -> Best Dense   :    4.52 TFLOPS | Config: BM= 64, BN= 64, BK=128, warps= 4, buffers=5
  -> Best Runtime :    3.01 TFLOPS | Config: BM= 64, BN= 64, BK=256, warps= 8, buffers=3
  -> Best Precomp :    4.87 TFLOPS | Config: BM=128, BN= 64, BK=128, warps= 4, buffers=5
--------------------------------------------------------------------------------
[164/167] Shape 1024-16-1024:
  -> Best Dense   :    4.01 TFLOPS | Config: BM= 64, BN= 64, BK=128, warps= 4, buffers=5
  -> Best Runtime :    2.37 TFLOPS | Config: BM= 64, BN= 64, BK=256, warps= 8, buffers=3
  -> Best Precomp :    4.24 TFLOPS | Config: BM= 64, BN= 64, BK=128, warps= 4, buffers=5
--------------------------------------------------------------------------------
[165/167] Shape 768-16-1024:
  -> Best Dense   :    3.08 TFLOPS | Config: BM= 64, BN= 64, BK=128, warps= 4, buffers=5
  -> Best Runtime :    1.79 TFLOPS | Config: BM= 64, BN= 64, BK=256, warps= 8, buffers=3
  -> Best Precomp :    3.24 TFLOPS | Config: BM= 64, BN= 64, BK=128, warps= 4, buffers=5
--------------------------------------------------------------------------------
[166/167] Shape 1024-16-768:
  -> Best Dense   :    3.25 TFLOPS | Config: BM= 64, BN= 64, BK=128, warps= 4, buffers=5
  -> Best Runtime :    2.06 TFLOPS | Config: BM= 64, BN= 64, BK=256, warps= 8, buffers=3
  -> Best Precomp :    3.40 TFLOPS | Config: BM= 64, BN= 64, BK=128, warps= 4, buffers=5
--------------------------------------------------------------------------------
[167/167] Shape 768-16-768:
  -> Best Dense   :    2.49 TFLOPS | Config: BM= 64, BN= 64, BK=128, warps= 4, buffers=5
  -> Best Runtime :    1.58 TFLOPS | Config: BM= 64, BN= 64, BK=256, warps= 8, buffers=3
  -> Best Precomp :    2.60 TFLOPS | Config: BM= 64, BN= 64, BK=128, warps= 4, buffers=5
--------------------------------------------------------------------------------

================================================================================
🏆 GLOBAL WINNER: HIGHEST RUNTIME vs DENSE RATIO
================================================================================
Shape  : 16384-16-1536
Ratio  : 0.912x speedup
Layout : BM=128, BN=128, BK= 64, warps= 8, buffers=5
================================================================================


scontrol show job 604069
JobId=604069 JobName=9.3_best_shape
   UserId=notming(3159615) GroupId=notming(3159615) MCS_label=N/A
   Priority=1253293 Nice=0 Account=rrg-mmehride QOS=normal
   JobState=COMPLETING Reason=None Dependency=(null)
   Requeue=0 Restarts=0 BatchFlag=1 Reboot=0 ExitCode=0:0
   RunTime=01:27:27 TimeLimit=02:00:00 TimeMin=N/A
   SubmitTime=2026-06-17T13:19:13 EligibleTime=2026-06-17T13:19:13
   AccrueTime=2026-06-17T13:19:13
   StartTime=2026-06-17T13:21:01 EndTime=2026-06-17T14:48:28 Deadline=N/A
   SuspendTime=None SecsPreSuspend=0 LastSchedEval=2026-06-17T13:21:01 Scheduler=Main
   Partition=compute AllocNode:Sid=trig-login01:1736960
   ReqNodeList=(null) ExcNodeList=(null)
   NodeList=trig0029
   BatchHost=trig0029
   NumNodes=1 NumCPUs=24 NumTasks=1 CPUs/Task=1 ReqB:S:C:T=0:0:*:*
   ReqTRES=cpu=1,mem=192500M,node=1,billing=1,gres/gpu=1
   AllocTRES=cpu=24,mem=192500M,node=1,billing=1,gres/gpu=1
   Socks/Node=* NtasksPerN:B:S:C=0:0:*:* CoreSpec=*
   MinCPUsNode=1 MinMemoryNode=192500M MinTmpDiskNode=0
   Features=(null) DelayBoot=00:00:00
   OverSubscribe=OK Contiguous=0 Licenses=(null) LicensesAlloc=(null) Network=(null)
   Command=/scratch/notming/compression/9.3_sbatch_best_shape.sh
   SubmitLine=SBATCH --comment /opt/slurm/bin/sbatch --export=NONE --get-user-env 9.3_sbatch_best_shape.sh --export=NONE --get-user-env 9.3_sbatch_best_shape.sh
   WorkDir=/scratch/notming/compression
   Comment=/opt/slurm/bin/sbatch --export=NONE --get-user-env 9.3_sbatch_best_shape.sh
   StdErr=
   StdIn=/dev/null
   StdOut=/scratch/notming/compression/9.3_best_shape_604069.out
   CpusPerTres=gpu:24
   TresPerNode=gres/gpu:1

sacct -j 604069
JobID           JobName    Account    Elapsed  MaxVMSize     MaxRSS  SystemCPU    UserCPU ExitCode 
------------ ---------- ---------- ---------- ---------- ---------- ---------- ---------- -------- 
604069       9.3_best_+ rrg-mmehr+   01:27:27                         00:00:00   00:00:00      0:0 
604069.batch      batch rrg-mmehr+   01:27:27                         00:00:00   00:00:00      0:0 
604069.exte+     extern rrg-mmehr+   01:27:27                         00:00:00   00:00:00      0:0 


kernel messages produced during job executions:
[Jun17 14:47] mlx5_core 0000:03:00.0: mlx5_fw_tracer_handle_traces:808:(pid 3056149): FWTracer: Events were lost
[  +0.099996] mlx5_core 0000:03:00.0: mlx5_fw_tracer_handle_traces:808:(pid 3056149): FWTracer: Events were lost
[  +0.099993] mlx5_core 0000:03:00.0: mlx5_fw_tracer_handle_traces:808:(pid 3056149): FWTracer: Events were lost
[ +13.999611] mlx5_core 0000:03:00.0: mlx5_fw_tracer_handle_traces:808:(pid 3088902): FWTracer: Events were lost
[  +0.249991] mlx5_core 0000:03:00.0: mlx5_fw_tracer_handle_traces:808:(pid 3088902): FWTracer: Events were lost

