
scontrol show job 612809
JobId=612809 JobName=debugjob-1-notming
   UserId=notming(3159615) GroupId=notming(3159615) MCS_label=N/A
   Priority=10928224 Nice=0 Account=def-mmehride QOS=normal
   JobState=COMPLETING Reason=TimeLimit Dependency=(null)
   Requeue=0 Restarts=0 BatchFlag=0 Reboot=0 ExitCode=0:0
   RunTime=02:00:03 TimeLimit=02:00:00 TimeMin=N/A
   SubmitTime=2026-06-20T00:27:28 EligibleTime=2026-06-20T00:27:28
   AccrueTime=Unknown
   StartTime=2026-06-20T00:27:28 EndTime=2026-06-20T02:27:31 Deadline=N/A
   SuspendTime=None SecsPreSuspend=0 LastSchedEval=2026-06-20T00:27:28 Scheduler=Main
   Partition=debug AllocNode:Sid=trig-login01:3415273
   ReqNodeList=(null) ExcNodeList=(null)
   NodeList=trig0001
   BatchHost=trig0001
   NumNodes=1 NumCPUs=24 NumTasks=24 CPUs/Task=1 ReqB:S:C:T=0:0:*:*
   ReqTRES=cpu=24,mem=192500M,node=1,billing=1,gres/gpu=1
   AllocTRES=cpu=24,mem=192500M,node=1,billing=1,gres/gpu=1
   Socks/Node=* NtasksPerN:B:S:C=0:0:*:* CoreSpec=*
   MinCPUsNode=1 MinMemoryNode=192500M MinTmpDiskNode=0
   Features=(null) DelayBoot=00:00:00
   OverSubscribe=OK Contiguous=0 Licenses=(null) LicensesAlloc=(null) Network=(null)
   Command=/bin/sh
   SubmitLine=SALLOC --comment /opt/slurm/bin/salloc --time=2:0:0 --job-name=debugjob-1-notming --nodes=1 --ntasks=24 --account=def-mmehride -p debug --gpus-per-node=1 --time=2:0:0 --job-name=debugjob-1-notming --nodes=1 --ntasks=24 --account=def-mmehride -p debug --gpus-per-node=1
   WorkDir=/scratch/notming/compression
   Comment=/opt/slurm/bin/salloc --time=2:0:0 --job-name=debugjob-1-notming --nodes=1 --ntasks=24 --account=def-mmehride -p debug --gpus-per-node=1
   CpusPerTres=gpu:24
   TresPerNode=gres/gpu:1

sacct -j 612809
JobID           JobName    Account    Elapsed  MaxVMSize     MaxRSS  SystemCPU    UserCPU ExitCode 
------------ ---------- ---------- ---------- ---------- ---------- ---------- ---------- -------- 
612809       debugjob-+ def-mmehr+   02:00:03                         00:00:00   00:00:00      0:0 
612809.inte+ interacti+ def-mmehr+   02:00:03                         00:00:00   00:00:00      0:0 
612809.exte+     extern def-mmehr+   02:00:03                         00:00:00   00:00:00      0:0 

