INFO:    Setting 'NVIDIA_VISIBLE_DEVICES=all' to emulate legacy GPU binding.
INFO:    Setting --writable-tmpfs (required by nvidia-container-cli)
start 49152-8192-49152 (1/169)
/usr/local/lib/python3.12/dist-packages/torchao/sparsity/training/autograd.py:37: UserWarning: The PyTorch API of SparseSemiStructuredTensor is in prototype stage and will change in the near future. Please open a Github issue for features requests and see our documentation on the torch.sparse module for further information about the project.
  out = cls(
Dense WS TFLOPS: 685.81
Sparse WS TFLOPS: 1064.14
Your Runtime (11.1) TFLOPS: 992.53
TorchAO E2E TFLOPS: 592.69
start 32768-8192-49152 (2/169)
Dense WS TFLOPS: 660.15
Sparse WS TFLOPS: 1063.85
Your Runtime (11.1) TFLOPS: 993.05
TorchAO E2E TFLOPS: 608.06
start 49152-8192-32768 (3/169)
Dense WS TFLOPS: 660.28
Sparse WS TFLOPS: 1047.89
Your Runtime (11.1) TFLOPS: 982.99
TorchAO E2E TFLOPS: 649.35
start 24576-8192-49152 (4/169)
Dense WS TFLOPS: 662.42
Sparse WS TFLOPS: 1067.59
Your Runtime (11.1) TFLOPS: 994.16
TorchAO E2E TFLOPS: 658.40
start 49152-8192-24576 (5/169)
Dense WS TFLOPS: 659.53
Sparse WS TFLOPS: 1060.77
Your Runtime (11.1) TFLOPS: 991.59
TorchAO E2E TFLOPS: 653.43
start 32768-8192-32768 (6/169)
Dense WS TFLOPS: 656.10
Sparse WS TFLOPS: 1058.01
Your Runtime (11.1) TFLOPS: 992.97
TorchAO E2E TFLOPS: 650.97
start 16384-8192-49152 (7/169)
Dense WS TFLOPS: 660.78
Sparse WS TFLOPS: 1046.29
Your Runtime (11.1) TFLOPS: 979.54
TorchAO E2E TFLOPS: 648.16
start 24576-8192-32768 (8/169)
Dense WS TFLOPS: 661.86
Sparse WS TFLOPS: 1060.86
Your Runtime (11.1) TFLOPS: 993.65
TorchAO E2E TFLOPS: 675.59
start 32768-8192-24576 (9/169)
Dense WS TFLOPS: 657.01
Sparse WS TFLOPS: 1054.89
Your Runtime (11.1) TFLOPS: 990.96
TorchAO E2E TFLOPS: 655.80
start 49152-8192-16384 (10/169)
Dense WS TFLOPS: 658.01
Sparse WS TFLOPS: 1053.41
Your Runtime (11.1) TFLOPS: 990.13
TorchAO E2E TFLOPS: 662.92
start 12288-8192-49152 (11/169)
Dense WS TFLOPS: 655.88
Sparse WS TFLOPS: 1052.41
Your Runtime (11.1) TFLOPS: 987.24
TorchAO E2E TFLOPS: 646.69
start 24576-8192-24576 (12/169)
Dense WS TFLOPS: 660.50
Sparse WS TFLOPS: 1060.77
Your Runtime (11.1) TFLOPS: 994.56
TorchAO E2E TFLOPS: 688.72
start 49152-8192-12288 (13/169)
Dense WS TFLOPS: 651.98
Sparse WS TFLOPS: 1042.94
Your Runtime (11.1) TFLOPS: 981.67
TorchAO E2E TFLOPS: 669.12
start 16384-8192-32768 (14/169)
Dense WS TFLOPS: 656.37
Sparse WS TFLOPS: 1050.78
Your Runtime (11.1) TFLOPS: 986.19
TorchAO E2E TFLOPS: 661.87
start 32768-8192-16384 (15/169)
Dense WS TFLOPS: 658.19
Sparse WS TFLOPS: 1045.97
Your Runtime (11.1) TFLOPS: 981.74
TorchAO E2E TFLOPS: 661.17
start 8192-8192-49152 (16/169)
Dense WS TFLOPS: 659.83
Sparse WS TFLOPS: 1056.79
Your Runtime (11.1) TFLOPS: 987.95
TorchAO E2E TFLOPS: 693.64
start 12288-8192-32768 (17/169)
Dense WS TFLOPS: 656.22
Sparse WS TFLOPS: 1051.40
Your Runtime (11.1) TFLOPS: 985.88
TorchAO E2E TFLOPS: 654.58
start 16384-8192-24576 (18/169)
Dense WS TFLOPS: 649.40
Sparse WS TFLOPS: 1035.86
Your Runtime (11.1) TFLOPS: 978.60
TorchAO E2E TFLOPS: 666.01
start 24576-8192-16384 (19/169)
Dense WS TFLOPS: 662.18
Sparse WS TFLOPS: 1056.18
Your Runtime (11.1) TFLOPS: 988.38
TorchAO E2E TFLOPS: 700.04
start 32768-8192-12288 (20/169)
Dense WS TFLOPS: 655.55
Sparse WS TFLOPS: 1035.16
Your Runtime (11.1) TFLOPS: 965.87
TorchAO E2E TFLOPS: 670.42
start 49152-8192-8192 (21/169)
Dense WS TFLOPS: 655.71
Sparse WS TFLOPS: 1035.21
Your Runtime (11.1) TFLOPS: 968.68
TorchAO E2E TFLOPS: 679.41
start 6144-8192-49152 (22/169)
Dense WS TFLOPS: 657.61
Sparse WS TFLOPS: 1052.82
Your Runtime (11.1) TFLOPS: 987.58
TorchAO E2E TFLOPS: 581.72
start 12288-8192-24576 (23/169)
Dense WS TFLOPS: 645.75
Sparse WS TFLOPS: 1046.56
Your Runtime (11.1) TFLOPS: 982.20
TorchAO E2E TFLOPS: 661.34
start 24576-8192-12288 (24/169)
Dense WS TFLOPS: 659.12
Sparse WS TFLOPS: 1048.27
Your Runtime (11.1) TFLOPS: 982.04
TorchAO E2E TFLOPS: 724.46
start 49152-8192-6144 (25/169)
Dense WS TFLOPS: 649.49
Sparse WS TFLOPS: 1024.40
Your Runtime (11.1) TFLOPS: 961.14
TorchAO E2E TFLOPS: 693.13
start 8192-8192-32768 (26/169)
Dense WS TFLOPS: 657.60
Sparse WS TFLOPS: 1050.18
Your Runtime (11.1) TFLOPS: 985.69
TorchAO E2E TFLOPS: 702.85
start 16384-8192-16384 (27/169)
Dense WS TFLOPS: 652.38
Sparse WS TFLOPS: 1041.13
Your Runtime (11.1) TFLOPS: 977.95
TorchAO E2E TFLOPS: 654.25
start 32768-8192-8192 (28/169)
Dense WS TFLOPS: 651.36
Sparse WS TFLOPS: 1031.56
Your Runtime (11.1) TFLOPS: 969.05
TorchAO E2E TFLOPS: 677.48
start 4096-8192-49152 (29/169)
Dense WS TFLOPS: 659.48
Sparse WS TFLOPS: 1053.38
Your Runtime (11.1) TFLOPS: 986.64
TorchAO E2E TFLOPS: 609.20
start 6144-8192-32768 (30/169)
Dense WS TFLOPS: 657.43
Sparse WS TFLOPS: 1051.08
Your Runtime (11.1) TFLOPS: 985.04
TorchAO E2E TFLOPS: 633.47
start 8192-8192-24576 (31/169)
Dense WS TFLOPS: 657.80
Sparse WS TFLOPS: 1048.39
Your Runtime (11.1) TFLOPS: 981.45
TorchAO E2E TFLOPS: 722.34
start 12288-8192-16384 (32/169)
Dense WS TFLOPS: 654.36
Sparse WS TFLOPS: 1039.77
Your Runtime (11.1) TFLOPS: 973.75
TorchAO E2E TFLOPS: 649.48
start 16384-8192-12288 (33/169)
Dense WS TFLOPS: 647.16
Sparse WS TFLOPS: 1006.31
Your Runtime (11.1) TFLOPS: 965.18
TorchAO E2E TFLOPS: 661.12
start 24576-8192-8192 (34/169)
Dense WS TFLOPS: 651.11
Sparse WS TFLOPS: 1029.67
Your Runtime (11.1) TFLOPS: 972.88
TorchAO E2E TFLOPS: 740.07
start 32768-8192-6144 (35/169)
Dense WS TFLOPS: 647.95
Sparse WS TFLOPS: 1017.11
Your Runtime (11.1) TFLOPS: 952.26
TorchAO E2E TFLOPS: 689.12
start 49152-8192-4096 (36/169)
Dense WS TFLOPS: 646.31
Sparse WS TFLOPS: 1000.52
Your Runtime (11.1) TFLOPS: 938.84
TorchAO E2E TFLOPS: 701.16
start 3072-8192-49152 (37/169)
Dense WS TFLOPS: 659.96
Sparse WS TFLOPS: 1057.86
Your Runtime (11.1) TFLOPS: 985.60
TorchAO E2E TFLOPS: 720.18
start 6144-8192-24576 (38/169)
Dense WS TFLOPS: 656.43
Sparse WS TFLOPS: 1047.78
Your Runtime (11.1) TFLOPS: 980.19
TorchAO E2E TFLOPS: 621.64
start 12288-8192-12288 (39/169)
Dense WS TFLOPS: 650.94
Sparse WS TFLOPS: 1031.03
Your Runtime (11.1) TFLOPS: 966.87
TorchAO E2E TFLOPS: 661.32
start 24576-8192-6144 (40/169)
Dense WS TFLOPS: 650.43
Sparse WS TFLOPS: 1022.59
Your Runtime (11.1) TFLOPS: 956.01
TorchAO E2E TFLOPS: 771.25
start 49152-8192-3072 (41/169)
Dense WS TFLOPS: 636.32
Sparse WS TFLOPS: 985.92
Your Runtime (11.1) TFLOPS: 922.94
TorchAO E2E TFLOPS: 696.35
start 4096-8192-32768 (42/169)
Dense WS TFLOPS: 661.86
Sparse WS TFLOPS: 1056.62
Your Runtime (11.1) TFLOPS: 983.52
TorchAO E2E TFLOPS: 628.81
start 8192-8192-16384 (43/169)
Dense WS TFLOPS: 654.82
Sparse WS TFLOPS: 1045.01
Your Runtime (11.1) TFLOPS: 970.53
TorchAO E2E TFLOPS: 704.42
start 16384-8192-8192 (44/169)
Dense WS TFLOPS: 649.69
Sparse WS TFLOPS: 1001.64
Your Runtime (11.1) TFLOPS: 955.25
TorchAO E2E TFLOPS: 666.08
start 32768-8192-4096 (45/169)
Dense WS TFLOPS: 645.20
Sparse WS TFLOPS: 998.56
Your Runtime (11.1) TFLOPS: 942.85
TorchAO E2E TFLOPS: 696.63
start 2048-8192-49152 (46/169)
Dense WS TFLOPS: 663.33
Sparse WS TFLOPS: 1057.19
Your Runtime (11.1) TFLOPS: 974.74
TorchAO E2E TFLOPS: 694.85
start 3072-8192-32768 (47/169)
Dense WS TFLOPS: 660.42
Sparse WS TFLOPS: 1052.61
Your Runtime (11.1) TFLOPS: 966.98
TorchAO E2E TFLOPS: 736.99
start 4096-8192-24576 (48/169)
Dense WS TFLOPS: 659.85
Sparse WS TFLOPS: 1050.40
Your Runtime (11.1) TFLOPS: 971.80
TorchAO E2E TFLOPS: 637.71
start 6144-8192-16384 (49/169)
Dense WS TFLOPS: 655.85
Sparse WS TFLOPS: 1042.72
Your Runtime (11.1) TFLOPS: 965.16
TorchAO E2E TFLOPS: 644.19
start 8192-8192-12288 (50/169)
Dense WS TFLOPS: 653.38
Sparse WS TFLOPS: 1032.22
Your Runtime (11.1) TFLOPS: 959.84
TorchAO E2E TFLOPS: 733.43
start 12288-8192-8192 (51/169)
Dense WS TFLOPS: 647.55
Sparse WS TFLOPS: 1000.93
Your Runtime (11.1) TFLOPS: 951.35
TorchAO E2E TFLOPS: 672.91
start 16384-8192-6144 (52/169)
Dense WS TFLOPS: 630.46
Sparse WS TFLOPS: 991.09
Your Runtime (11.1) TFLOPS: 941.64
TorchAO E2E TFLOPS: 677.92
start 24576-8192-4096 (53/169)
Dense WS TFLOPS: 643.95
Sparse WS TFLOPS: 1012.32
Your Runtime (11.1) TFLOPS: 934.04
TorchAO E2E TFLOPS: 768.14
start 32768-8192-3072 (54/169)
Dense WS TFLOPS: 637.36
Sparse WS TFLOPS: 976.45
Your Runtime (11.1) TFLOPS: 920.91
TorchAO E2E TFLOPS: 688.12
start 49152-8192-2048 (55/169)
Dense WS TFLOPS: 634.43
Sparse WS TFLOPS: 955.69
Your Runtime (11.1) TFLOPS: 887.91
TorchAO E2E TFLOPS: 710.46
start 1536-8192-49152 (56/169)
Dense WS TFLOPS: 656.19
Sparse WS TFLOPS: 1039.47
Your Runtime (11.1) TFLOPS: 944.70
TorchAO E2E TFLOPS: 657.98
start 3072-8192-24576 (57/169)
Dense WS TFLOPS: 657.86
Sparse WS TFLOPS: 1045.89
Your Runtime (11.1) TFLOPS: 953.01
TorchAO E2E TFLOPS: 756.73
start 6144-8192-12288 (58/169)
Dense WS TFLOPS: 647.96
Sparse WS TFLOPS: 1027.08
Your Runtime (11.1) TFLOPS: 945.62
TorchAO E2E TFLOPS: 638.65
start 12288-8192-6144 (59/169)
Dense WS TFLOPS: 609.58
Sparse WS TFLOPS: 989.62
Your Runtime (11.1) TFLOPS: 925.81
TorchAO E2E TFLOPS: 683.73
start 24576-8192-3072 (60/169)
Dense WS TFLOPS: 635.62
Sparse WS TFLOPS: 978.42
Your Runtime (11.1) TFLOPS: 915.08
TorchAO E2E TFLOPS: 748.32
start 49152-8192-1536 (61/169)
Dense WS TFLOPS: 616.33
Sparse WS TFLOPS: 916.83
Your Runtime (11.1) TFLOPS: 859.19
TorchAO E2E TFLOPS: 685.17
start 2048-8192-32768 (62/169)
Dense WS TFLOPS: 658.81
Sparse WS TFLOPS: 1050.08
Your Runtime (11.1) TFLOPS: 947.60
TorchAO E2E TFLOPS: 692.46
start 4096-8192-16384 (63/169)
Dense WS TFLOPS: 654.72
Sparse WS TFLOPS: 1042.15
Your Runtime (11.1) TFLOPS: 947.78
TorchAO E2E TFLOPS: 639.00
start 8192-8192-8192 (64/169)
Dense WS TFLOPS: 645.56
Sparse WS TFLOPS: 1015.48
Your Runtime (11.1) TFLOPS: 933.96
TorchAO E2E TFLOPS: 763.04
start 16384-8192-4096 (65/169)
Dense WS TFLOPS: 610.01
Sparse WS TFLOPS: 966.53
Your Runtime (11.1) TFLOPS: 906.44
TorchAO E2E TFLOPS: 695.18
start 32768-8192-2048 (66/169)
Dense WS TFLOPS: 626.52
Sparse WS TFLOPS: 942.06
Your Runtime (11.1) TFLOPS: 877.60
TorchAO E2E TFLOPS: 721.49
start 1024-8192-49152 (67/169)
Dense WS TFLOPS: 668.31
Sparse WS TFLOPS: 1063.71
Your Runtime (11.1) TFLOPS: 953.15
TorchAO E2E TFLOPS: 593.41
start 1536-8192-32768 (68/169)
Dense WS TFLOPS: 662.44
Sparse WS TFLOPS: 1046.66
Your Runtime (11.1) TFLOPS: 947.32
TorchAO E2E TFLOPS: 660.31
start 2048-8192-24576 (69/169)
Dense WS TFLOPS: 663.15
Sparse WS TFLOPS: 1051.93
Your Runtime (11.1) TFLOPS: 954.10
TorchAO E2E TFLOPS: 687.11
start 3072-8192-16384 (70/169)
Dense WS TFLOPS: 656.42
Sparse WS TFLOPS: 1043.70
Your Runtime (11.1) TFLOPS: 939.00
TorchAO E2E TFLOPS: 756.07
start 4096-8192-12288 (71/169)
Dense WS TFLOPS: 653.97
Sparse WS TFLOPS: 1035.30
Your Runtime (11.1) TFLOPS: 943.46
TorchAO E2E TFLOPS: 638.13
start 6144-8192-8192 (72/169)
Dense WS TFLOPS: 650.14
Sparse WS TFLOPS: 1029.04
Your Runtime (11.1) TFLOPS: 931.38
TorchAO E2E TFLOPS: 644.98
start 8192-8192-6144 (73/169)
Dense WS TFLOPS: 639.93
Sparse WS TFLOPS: 1010.22
Your Runtime (11.1) TFLOPS: 920.93
TorchAO E2E TFLOPS: 756.43
start 12288-8192-4096 (74/169)
Dense WS TFLOPS: 621.16
Sparse WS TFLOPS: 971.80
Your Runtime (11.1) TFLOPS: 903.29
TorchAO E2E TFLOPS: 698.03
start 16384-8192-3072 (75/169)
Dense WS TFLOPS: 615.38
Sparse WS TFLOPS: 954.30
Your Runtime (11.1) TFLOPS: 888.39
TorchAO E2E TFLOPS: 689.92
start 24576-8192-2048 (76/169)
Dense WS TFLOPS: 627.29
Sparse WS TFLOPS: 956.15
Your Runtime (11.1) TFLOPS: 873.31
TorchAO E2E TFLOPS: 724.76
start 32768-8192-1536 (77/169)
Dense WS TFLOPS: 619.28
Sparse WS TFLOPS: 923.44
Your Runtime (11.1) TFLOPS: 832.21
TorchAO E2E TFLOPS: 690.83
start 49152-8192-1024 (78/169)
Dense WS TFLOPS: 599.52
Sparse WS TFLOPS: 882.30
Your Runtime (11.1) TFLOPS: 804.81
TorchAO E2E TFLOPS: 634.02
start 768-8192-49152 (79/169)
Dense WS TFLOPS: 635.85
Sparse WS TFLOPS: 919.19
Your Runtime (11.1) TFLOPS: 793.84
TorchAO E2E TFLOPS: 494.31
start 1536-8192-24576 (80/169)
Dense WS TFLOPS: 659.49
Sparse WS TFLOPS: 1040.91
Your Runtime (11.1) TFLOPS: 940.63
TorchAO E2E TFLOPS: 634.19
start 3072-8192-12288 (81/169)
Dense WS TFLOPS: 653.49
Sparse WS TFLOPS: 1038.02
Your Runtime (11.1) TFLOPS: 932.16
TorchAO E2E TFLOPS: 751.76
start 6144-8192-6144 (82/169)
Dense WS TFLOPS: 637.78
Sparse WS TFLOPS: 1006.87
Your Runtime (11.1) TFLOPS: 918.02
TorchAO E2E TFLOPS: 633.54
start 12288-8192-3072 (83/169)
Dense WS TFLOPS: 609.41
Sparse WS TFLOPS: 939.97
Your Runtime (11.1) TFLOPS: 860.48
TorchAO E2E TFLOPS: 676.15
start 24576-8192-1536 (84/169)
Dense WS TFLOPS: 610.30
Sparse WS TFLOPS: 914.17
Your Runtime (11.1) TFLOPS: 841.44
TorchAO E2E TFLOPS: 676.20
start 49152-8192-768 (85/169)
Dense WS TFLOPS: 576.05
Sparse WS TFLOPS: 816.56
Your Runtime (11.1) TFLOPS: 759.48
TorchAO E2E TFLOPS: 579.19
start 1024-8192-32768 (86/169)
Dense WS TFLOPS: 658.85
Sparse WS TFLOPS: 1053.92
Your Runtime (11.1) TFLOPS: 948.24
TorchAO E2E TFLOPS: 580.47
start 2048-8192-16384 (87/169)
Dense WS TFLOPS: 654.91
Sparse WS TFLOPS: 1039.95
Your Runtime (11.1) TFLOPS: 940.23
TorchAO E2E TFLOPS: 716.74
start 4096-8192-8192 (88/169)
Dense WS TFLOPS: 645.17
Sparse WS TFLOPS: 1027.29
Your Runtime (11.1) TFLOPS: 919.56
TorchAO E2E TFLOPS: 643.52
start 8192-8192-4096 (89/169)
Dense WS TFLOPS: 614.28
Sparse WS TFLOPS: 980.48
Your Runtime (11.1) TFLOPS: 897.74
TorchAO E2E TFLOPS: 743.00
start 16384-8192-2048 (90/169)
Dense WS TFLOPS: 613.50
Sparse WS TFLOPS: 921.72
Your Runtime (11.1) TFLOPS: 857.97
TorchAO E2E TFLOPS: 706.43
start 32768-8192-1024 (91/169)
Dense WS TFLOPS: 591.42
Sparse WS TFLOPS: 861.80
Your Runtime (11.1) TFLOPS: 799.95
TorchAO E2E TFLOPS: 651.82
start 768-8192-32768 (92/169)
Dense WS TFLOPS: 628.90
Sparse WS TFLOPS: 928.25
Your Runtime (11.1) TFLOPS: 790.33
TorchAO E2E TFLOPS: 533.93
start 1024-8192-24576 (93/169)
Dense WS TFLOPS: 661.82
Sparse WS TFLOPS: 1066.38
Your Runtime (11.1) TFLOPS: 943.99
TorchAO E2E TFLOPS: 582.89
start 1536-8192-16384 (94/169)
Dense WS TFLOPS: 656.89
Sparse WS TFLOPS: 1003.33
Your Runtime (11.1) TFLOPS: 894.85
TorchAO E2E TFLOPS: 659.94
start 2048-8192-12288 (95/169)
Dense WS TFLOPS: 657.19
Sparse WS TFLOPS: 1047.56
Your Runtime (11.1) TFLOPS: 930.26
TorchAO E2E TFLOPS: 694.36
start 3072-8192-8192 (96/169)
Dense WS TFLOPS: 645.86
Sparse WS TFLOPS: 1029.77
Your Runtime (11.1) TFLOPS: 920.18
TorchAO E2E TFLOPS: 753.69
start 4096-8192-6144 (97/169)
Dense WS TFLOPS: 644.34
Sparse WS TFLOPS: 1024.34
Your Runtime (11.1) TFLOPS: 907.21
TorchAO E2E TFLOPS: 620.29
start 6144-8192-4096 (98/169)
Dense WS TFLOPS: 634.31
Sparse WS TFLOPS: 992.47
Your Runtime (11.1) TFLOPS: 895.77
TorchAO E2E TFLOPS: 639.36
start 8192-8192-3072 (99/169)
Dense WS TFLOPS: 614.22
Sparse WS TFLOPS: 970.15
Your Runtime (11.1) TFLOPS: 878.83
TorchAO E2E TFLOPS: 720.15
start 12288-8192-2048 (100/169)
Dense WS TFLOPS: 600.01
Sparse WS TFLOPS: 940.39
Your Runtime (11.1) TFLOPS: 852.72
TorchAO E2E TFLOPS: 681.39
start 16384-8192-1536 (101/169)
Dense WS TFLOPS: 614.02
Sparse WS TFLOPS: 916.88
Your Runtime (11.1) TFLOPS: 818.29
TorchAO E2E TFLOPS: 671.55
start 24576-8192-1024 (102/169)
Dense WS TFLOPS: 586.63
Sparse WS TFLOPS: 874.83
Your Runtime (11.1) TFLOPS: 796.62
TorchAO E2E TFLOPS: 631.12
start 32768-8192-768 (103/169)
Dense WS TFLOPS: 576.66
Sparse WS TFLOPS: 824.43
Your Runtime (11.1) TFLOPS: 756.55
TorchAO E2E TFLOPS: 593.24
start 768-8192-24576 (104/169)
Dense WS TFLOPS: 637.81
Sparse WS TFLOPS: 923.20
Your Runtime (11.1) TFLOPS: 777.51
TorchAO E2E TFLOPS: 504.43
start 1536-8192-12288 (105/169)
Dense WS TFLOPS: 656.55
Sparse WS TFLOPS: 1034.77
Your Runtime (11.1) TFLOPS: 922.66
TorchAO E2E TFLOPS: 641.67
start 3072-8192-6144 (106/169)
Dense WS TFLOPS: 648.01
Sparse WS TFLOPS: 1012.56
Your Runtime (11.1) TFLOPS: 905.07
TorchAO E2E TFLOPS: 724.32
start 6144-8192-3072 (107/169)
Dense WS TFLOPS: 629.51
Sparse WS TFLOPS: 971.87
Your Runtime (11.1) TFLOPS: 874.98
TorchAO E2E TFLOPS: 622.41
start 12288-8192-1536 (108/169)
Dense WS TFLOPS: 586.80
Sparse WS TFLOPS: 911.09
Your Runtime (11.1) TFLOPS: 823.39
TorchAO E2E TFLOPS: 644.59
start 24576-8192-768 (109/169)
Dense WS TFLOPS: 575.46
Sparse WS TFLOPS: 821.42
Your Runtime (11.1) TFLOPS: 756.03
TorchAO E2E TFLOPS: 563.92
start 1024-8192-16384 (110/169)
Dense WS TFLOPS: 659.88
Sparse WS TFLOPS: 1048.36
Your Runtime (11.1) TFLOPS: 932.72
TorchAO E2E TFLOPS: 593.25
start 2048-8192-8192 (111/169)
Dense WS TFLOPS: 651.91
Sparse WS TFLOPS: 1025.00
Your Runtime (11.1) TFLOPS: 914.33
TorchAO E2E TFLOPS: 685.27
start 4096-8192-4096 (112/169)
Dense WS TFLOPS: 637.81
Sparse WS TFLOPS: 979.22
Your Runtime (11.1) TFLOPS: 892.88
TorchAO E2E TFLOPS: 615.88
start 8192-8192-2048 (113/169)
Dense WS TFLOPS: 610.59
Sparse WS TFLOPS: 933.80
Your Runtime (11.1) TFLOPS: 852.55
TorchAO E2E TFLOPS: 668.42
start 16384-8192-1024 (114/169)
Dense WS TFLOPS: 597.18
Sparse WS TFLOPS: 865.37
Your Runtime (11.1) TFLOPS: 785.95
TorchAO E2E TFLOPS: 621.67
start 768-8192-16384 (115/169)
Dense WS TFLOPS: 631.55
Sparse WS TFLOPS: 917.96
Your Runtime (11.1) TFLOPS: 771.16
TorchAO E2E TFLOPS: 512.75
start 1024-8192-12288 (116/169)
Dense WS TFLOPS: 653.22
Sparse WS TFLOPS: 1032.76
Your Runtime (11.1) TFLOPS: 927.75
TorchAO E2E TFLOPS: 573.57
start 1536-8192-8192 (117/169)
Dense WS TFLOPS: 644.76
Sparse WS TFLOPS: 1008.17
Your Runtime (11.1) TFLOPS: 906.37
TorchAO E2E TFLOPS: 619.36
start 2048-8192-6144 (118/169)
Dense WS TFLOPS: 639.06
Sparse WS TFLOPS: 1014.89
Your Runtime (11.1) TFLOPS: 904.31
TorchAO E2E TFLOPS: 648.75
start 3072-8192-4096 (119/169)
Dense WS TFLOPS: 632.98
Sparse WS TFLOPS: 977.37
Your Runtime (11.1) TFLOPS: 885.63
TorchAO E2E TFLOPS: 680.70
start 4096-8192-3072 (120/169)
Dense WS TFLOPS: 622.93
Sparse WS TFLOPS: 959.67
Your Runtime (11.1) TFLOPS: 864.04
TorchAO E2E TFLOPS: 595.61
start 6144-8192-2048 (121/169)
Dense WS TFLOPS: 611.95
Sparse WS TFLOPS: 932.39
Your Runtime (11.1) TFLOPS: 852.63
TorchAO E2E TFLOPS: 600.07
start 8192-8192-1536 (122/169)
Dense WS TFLOPS: 601.21
Sparse WS TFLOPS: 896.60
Your Runtime (11.1) TFLOPS: 816.60
TorchAO E2E TFLOPS: 108.93
start 12288-8192-1024 (123/169)
Dense WS TFLOPS: 573.69
Sparse WS TFLOPS: 851.27
Your Runtime (11.1) TFLOPS: 788.88
TorchAO E2E TFLOPS: 589.60
start 16384-8192-768 (124/169)
Dense WS TFLOPS: 563.07
Sparse WS TFLOPS: 795.24
Your Runtime (11.1) TFLOPS: 722.57
TorchAO E2E TFLOPS: 561.06
start 768-8192-12288 (125/169)
Dense WS TFLOPS: 624.85
Sparse WS TFLOPS: 957.80
Your Runtime (11.1) TFLOPS: 764.31
TorchAO E2E TFLOPS: 485.13
start 1536-8192-6144 (126/169)
Dense WS TFLOPS: 653.22
Sparse WS TFLOPS: 1044.19
Your Runtime (11.1) TFLOPS: 881.95
TorchAO E2E TFLOPS: 585.03
start 3072-8192-3072 (127/169)
Dense WS TFLOPS: 624.09
Sparse WS TFLOPS: 989.62
Your Runtime (11.1) TFLOPS: 856.50
TorchAO E2E TFLOPS: 641.20
start 6144-8192-1536 (128/169)
Dense WS TFLOPS: 600.91
Sparse WS TFLOPS: 922.87
Your Runtime (11.1) TFLOPS: 788.05
TorchAO E2E TFLOPS: 562.70
start 12288-8192-768 (129/169)
Dense WS TFLOPS: 553.42
Sparse WS TFLOPS: 792.06
Your Runtime (11.1) TFLOPS: 708.80
TorchAO E2E TFLOPS: 549.93
start 1024-8192-8192 (130/169)
Dense WS TFLOPS: 663.77
Sparse WS TFLOPS: 1076.12
Your Runtime (11.1) TFLOPS: 930.82
TorchAO E2E TFLOPS: 545.74
start 2048-8192-4096 (131/169)
Dense WS TFLOPS: 653.21
Sparse WS TFLOPS: 1024.04
Your Runtime (11.1) TFLOPS: 891.56
TorchAO E2E TFLOPS: 620.37
start 4096-8192-2048 (132/169)
Dense WS TFLOPS: 622.93
Sparse WS TFLOPS: 968.42
Your Runtime (11.1) TFLOPS: 836.86
TorchAO E2E TFLOPS: 564.03
start 8192-8192-1024 (133/169)
Dense WS TFLOPS: 582.67
Sparse WS TFLOPS: 870.21
Your Runtime (11.1) TFLOPS: 771.42
TorchAO E2E TFLOPS: 571.96
start 768-8192-8192 (134/169)
Dense WS TFLOPS: 630.16
Sparse WS TFLOPS: 953.45
Your Runtime (11.1) TFLOPS: 764.36
TorchAO E2E TFLOPS: 437.04
start 1024-8192-6144 (135/169)
Dense WS TFLOPS: 672.11
Sparse WS TFLOPS: 1057.36
Your Runtime (11.1) TFLOPS: 913.04
TorchAO E2E TFLOPS: 504.30
start 1536-8192-4096 (136/169)
Dense WS TFLOPS: 650.78
Sparse WS TFLOPS: 1001.35
Your Runtime (11.1) TFLOPS: 879.80
TorchAO E2E TFLOPS: 532.70
start 2048-8192-3072 (137/169)
Dense WS TFLOPS: 644.21
Sparse WS TFLOPS: 992.15
Your Runtime (11.1) TFLOPS: 865.23
TorchAO E2E TFLOPS: 563.67
start 3072-8192-2048 (138/169)
Dense WS TFLOPS: 616.61
Sparse WS TFLOPS: 957.89
Your Runtime (11.1) TFLOPS: 867.10
TorchAO E2E TFLOPS: 574.50
start 4096-8192-1536 (139/169)
Dense WS TFLOPS: 621.04
Sparse WS TFLOPS: 916.43
Your Runtime (11.1) TFLOPS: 813.70
TorchAO E2E TFLOPS: 515.46
start 6144-8192-1024 (140/169)
Dense WS TFLOPS: 603.80
Sparse WS TFLOPS: 876.08
Your Runtime (11.1) TFLOPS: 770.73
TorchAO E2E TFLOPS: 506.89
start 8192-8192-768 (141/169)
Dense WS TFLOPS: 576.28
Sparse WS TFLOPS: 821.34
Your Runtime (11.1) TFLOPS: 733.27
TorchAO E2E TFLOPS: 516.46
start 768-8192-6144 (142/169)
Dense WS TFLOPS: 637.39
Sparse WS TFLOPS: 924.06
Your Runtime (11.1) TFLOPS: 731.20
TorchAO E2E TFLOPS: 396.99
start 1536-8192-3072 (143/169)
Dense WS TFLOPS: 645.01
Sparse WS TFLOPS: 964.12
Your Runtime (11.1) TFLOPS: 836.04
TorchAO E2E TFLOPS: 485.45
start 3072-8192-1536 (144/169)
Dense WS TFLOPS: 615.32
Sparse WS TFLOPS: 920.36
Your Runtime (11.1) TFLOPS: 793.35
TorchAO E2E TFLOPS: 529.16
start 6144-8192-768 (145/169)
Dense WS TFLOPS: 575.49
Sparse WS TFLOPS: 808.59
Your Runtime (11.1) TFLOPS: 723.00
TorchAO E2E TFLOPS: 457.57
start 1024-8192-4096 (146/169)
Dense WS TFLOPS: 646.51
Sparse WS TFLOPS: 1017.21
Your Runtime (11.1) TFLOPS: 885.32
TorchAO E2E TFLOPS: 461.22
start 2048-8192-2048 (147/169)
Dense WS TFLOPS: 629.66
Sparse WS TFLOPS: 942.94
Your Runtime (11.1) TFLOPS: 853.57
TorchAO E2E TFLOPS: 502.52
start 4096-8192-1024 (148/169)
Dense WS TFLOPS: 593.48
Sparse WS TFLOPS: 857.11
Your Runtime (11.1) TFLOPS: 763.34
TorchAO E2E TFLOPS: 458.52
start 768-8192-4096 (149/169)
Dense WS TFLOPS: 622.25
Sparse WS TFLOPS: 900.54
Your Runtime (11.1) TFLOPS: 738.35
TorchAO E2E TFLOPS: 348.44
start 1024-8192-3072 (150/169)
Dense WS TFLOPS: 643.51
Sparse WS TFLOPS: 981.26
Your Runtime (11.1) TFLOPS: 864.11
TorchAO E2E TFLOPS: 420.47
start 1536-8192-2048 (151/169)
Dense WS TFLOPS: 625.54
Sparse WS TFLOPS: 939.94
Your Runtime (11.1) TFLOPS: 828.97
TorchAO E2E TFLOPS: 435.72
start 2048-8192-1536 (152/169)
Dense WS TFLOPS: 603.20
Sparse WS TFLOPS: 892.97
Your Runtime (11.1) TFLOPS: 786.16
TorchAO E2E TFLOPS: 448.14
start 3072-8192-1024 (153/169)
Dense WS TFLOPS: 589.18
Sparse WS TFLOPS: 854.82
Your Runtime (11.1) TFLOPS: 742.48
TorchAO E2E TFLOPS: 458.80
start 4096-8192-768 (154/169)
Dense WS TFLOPS: 566.01
Sparse WS TFLOPS: 802.50
Your Runtime (11.1) TFLOPS: 719.45
TorchAO E2E TFLOPS: 412.60
start 768-8192-3072 (155/169)
Dense WS TFLOPS: 612.18
Sparse WS TFLOPS: 876.95
Your Runtime (11.1) TFLOPS: 710.19
TorchAO E2E TFLOPS: 297.48
start 1536-8192-1536 (156/169)
Dense WS TFLOPS: 603.32
Sparse WS TFLOPS: 896.86
Your Runtime (11.1) TFLOPS: 783.41
TorchAO E2E TFLOPS: 374.69
start 3072-8192-768 (157/169)
Dense WS TFLOPS: 562.60
Sparse WS TFLOPS: 789.19
Your Runtime (11.1) TFLOPS: 685.07
TorchAO E2E TFLOPS: 382.82
start 1024-8192-2048 (158/169)
Dense WS TFLOPS: 614.07
Sparse WS TFLOPS: 926.05
Your Runtime (11.1) TFLOPS: 834.13
TorchAO E2E TFLOPS: 351.22
start 2048-8192-1024 (159/169)
Dense WS TFLOPS: 579.16
Sparse WS TFLOPS: 840.68
Your Runtime (11.1) TFLOPS: 769.94
TorchAO E2E TFLOPS: 365.40
start 768-8192-2048 (160/169)
Dense WS TFLOPS: 589.15
Sparse WS TFLOPS: 818.61
Your Runtime (11.1) TFLOPS: 676.97
TorchAO E2E TFLOPS: 243.61
start 1024-8192-1536 (161/169)
Dense WS TFLOPS: 596.99
Sparse WS TFLOPS: 868.97
Your Runtime (11.1) TFLOPS: 752.35
TorchAO E2E TFLOPS: 294.42
start 1536-8192-1024 (162/169)
Dense WS TFLOPS: 581.34
Sparse WS TFLOPS: 818.69
Your Runtime (11.1) TFLOPS: 745.78
TorchAO E2E TFLOPS: 299.67
start 2048-8192-768 (163/169)
Dense WS TFLOPS: 552.54
Sparse WS TFLOPS: 777.99
Your Runtime (11.1) TFLOPS: 701.70
TorchAO E2E TFLOPS: 305.54
start 768-8192-1536 (164/169)
Dense WS TFLOPS: 569.92
Sparse WS TFLOPS: 806.66
Your Runtime (11.1) TFLOPS: 646.64
TorchAO E2E TFLOPS: 207.28
start 1536-8192-768 (165/169)
Dense WS TFLOPS: 557.16
Sparse WS TFLOPS: 779.94
Your Runtime (11.1) TFLOPS: 678.89
TorchAO E2E TFLOPS: 248.22
start 1024-8192-1024 (166/169)
Dense WS TFLOPS: 576.04
Sparse WS TFLOPS: 850.00
Your Runtime (11.1) TFLOPS: 722.96
TorchAO E2E TFLOPS: 234.44
start 768-8192-1024 (167/169)
Dense WS TFLOPS: 575.53
Sparse WS TFLOPS: 803.05
Your Runtime (11.1) TFLOPS: 631.32
TorchAO E2E TFLOPS: 155.30
start 1024-8192-768 (168/169)
Dense WS TFLOPS: 553.95
Sparse WS TFLOPS: 780.69
Your Runtime (11.1) TFLOPS: 672.58
TorchAO E2E TFLOPS: 189.56
start 768-8192-768 (169/169)
Dense WS TFLOPS: 562.44
Sparse WS TFLOPS: 746.83
Your Runtime (11.1) TFLOPS: 560.51
TorchAO E2E TFLOPS: 123.29

[INFO] Benchmark charts saved to 'Benchmark/v11.1/v11.1_Benchmark_8192.png'

scontrol show job 750942
JobId=750942 JobName=11.1_N=8192
   UserId=notming(3159615) GroupId=notming(3159615) MCS_label=N/A
   Priority=1312359 Nice=0 Account=rrg-mmehride QOS=normal
   JobState=COMPLETING Reason=None Dependency=(null)
   Requeue=0 Restarts=0 BatchFlag=1 Reboot=0 ExitCode=0:0
   RunTime=04:47:06 TimeLimit=06:00:00 TimeMin=N/A
   SubmitTime=2026-08-11T19:37:54 EligibleTime=2026-08-11T19:37:54
   AccrueTime=2026-08-11T19:37:54
   StartTime=2026-08-11T19:38:20 EndTime=2026-08-12T00:25:26 Deadline=N/A
   SuspendTime=None SecsPreSuspend=0 LastSchedEval=2026-08-11T19:38:20 Scheduler=Backfill
   Partition=compute AllocNode:Sid=trig-login01:656219
   ReqNodeList=(null) ExcNodeList=(null)
   NodeList=trig0013
   BatchHost=trig0013
   NumNodes=1 NumCPUs=24 NumTasks=1 CPUs/Task=1 ReqB:S:C:T=0:0:*:*
   ReqTRES=cpu=1,mem=187.50G,node=1,billing=1,gres/gpu=1
   AllocTRES=cpu=24,mem=187.50G,node=1,billing=1,gres/gpu=1
   Socks/Node=* NtasksPerN:B:S:C=0:0:*:* CoreSpec=*
   MinCPUsNode=1 MinMemoryNode=187.50G MinTmpDiskNode=0
   Features=(null) DelayBoot=00:00:00
   OverSubscribe=OK Contiguous=0 Licenses=(null) LicensesAlloc=(null) Network=(null)
   Command=/scratch/notming/compression/sbatch_sh/trillium/11.1_benchmark.sh
   SubmitLine=SBATCH --comment /opt/slurm/bin/sbatch --export=NONE --get-user-env sbatch_sh/trillium/11.1_benchmark.sh --export=NONE --get-user-env sbatch_sh/trillium/11.1_benchmark.sh
   WorkDir=/scratch/notming/compression
   Comment=/opt/slurm/bin/sbatch --export=NONE --get-user-env sbatch_sh/trillium/11.1_benchmark.sh
   StdErr=
   StdIn=/dev/null
   StdOut=/scratch/notming/compression/11.1_N=8192_750942.out
   CpusPerTres=gpu:24
   TresPerNode=gres/gpu:1

sacct -j 750942
JobID           JobName    Account    Elapsed  MaxVMSize     MaxRSS  SystemCPU    UserCPU ExitCode 
------------ ---------- ---------- ---------- ---------- ---------- ---------- ---------- -------- 
750942       11.1_N=81+ rrg-mmehr+   04:47:06                        01:48.882   04:45:06      0:0 
750942.batch      batch rrg-mmehr+   04:47:06          0  18946516K  01:48.882   04:45:06      0:0 
750942.exte+     extern rrg-mmehr+   04:47:06                         00:00:00   00:00:00      0:0 

