
scontrol show job 539587
JobId=539587 JobName=debugjob-1-notming
   UserId=notming(3159615) GroupId=notming(3159615) MCS_label=N/A
   Priority=11079988 Nice=0 Account=def-mmehride QOS=normal
   JobState=COMPLETING Reason=None Dependency=(null)
   Requeue=0 Restarts=0 BatchFlag=0 Reboot=0 ExitCode=0:0
   RunTime=01:40:22 TimeLimit=02:00:00 TimeMin=N/A
   SubmitTime=2026-05-24T01:11:45 EligibleTime=2026-05-24T01:11:45
   AccrueTime=Unknown
   StartTime=2026-05-24T01:11:45 EndTime=2026-05-24T02:52:07 Deadline=N/A
   SuspendTime=None SecsPreSuspend=0 LastSchedEval=2026-05-24T01:11:45 Scheduler=Main
   Partition=debug AllocNode:Sid=trig-login01:3166621
   ReqNodeList=(null) ExcNodeList=(null)
   NodeList=trig0001
   BatchHost=trig0001
   NumNodes=1 NumCPUs=24 NumTasks=24 CPUs/Task=1 ReqB:S:C:T=0:0:*:*
   ReqTRES=cpu=24,mem=192500M,node=1,billing=1,gres/gpu=1
   AllocTRES=cpu=24,mem=192500M,node=1,billing=1,gres/gpu=1
   Socks/Node=* NtasksPerN:B:S:C=0:0:*:* CoreSpec=*
   MinCPUsNode=1 MinMemoryNode=192500M MinTmpDiskNode=0
   Features=(null) DelayBoot=00:00:00
   OverSubscribe=OK Contiguous=0 Licenses=(null) LicensesAlloc=(null) Network=(null)
   Command=/bin/sh
   SubmitLine=SALLOC --comment /opt/slurm/bin/salloc --time=2:0:0 --job-name=debugjob-1-notming --nodes=1 --ntasks=24 --account=def-mmehride -p debug --gpus-per-node=1 --time=2:0:0 --job-name=debugjob-1-notming --nodes=1 --ntasks=24 --account=def-mmehride -p debug --gpus-per-node=1
   WorkDir=/scratch/notming/gluon_practice/A_intro
   Comment=/opt/slurm/bin/salloc --time=2:0:0 --job-name=debugjob-1-notming --nodes=1 --ntasks=24 --account=def-mmehride -p debug --gpus-per-node=1
   CpusPerTres=gpu:24
   TresPerNode=gres/gpu:1

sacct -j 539587
JobID           JobName    Account    Elapsed  MaxVMSize     MaxRSS  SystemCPU    UserCPU ExitCode 
------------ ---------- ---------- ---------- ---------- ---------- ---------- ---------- -------- 
539587       debugjob-+ def-mmehr+   01:40:22                         00:00:00   00:00:00      0:0 
539587.inte+ interacti+ def-mmehr+   01:40:22                         00:00:00   00:00:00      0:0 
539587.exte+     extern def-mmehr+   01:40:22                         00:00:00   00:00:00      0:0 

