/usr/bin/rm: cannot remove '/usr/local/cuda/compat/lib': Read-only file system
rm: cannot remove '/usr/local/cuda/compat/lib': Read-only file system
start 49152-32-49152
finish 49152-32-49152, (1/167)
start 24576-32-49152
finish 24576-32-49152, (2/167)
start 49152-32-24576
finish 49152-32-24576, (3/167)
start 32768-32-32768
finish 32768-32-32768, (4/167)
start 16384-32-49152
finish 16384-32-49152, (5/167)
start 24576-32-32768
finish 24576-32-32768, (6/167)
start 32768-32-24576
finish 32768-32-24576, (7/167)
start 49152-32-16384
finish 49152-32-16384, (8/167)
start 12288-32-49152
finish 12288-32-49152, (9/167)
start 24576-32-24576
finish 24576-32-24576, (10/167)
start 49152-32-12288
finish 49152-32-12288, (11/167)
start 16384-32-32768
finish 16384-32-32768, (12/167)
start 32768-32-16384
finish 32768-32-16384, (13/167)
start 8192-32-49152
finish 8192-32-49152, (14/167)
start 12288-32-32768
finish 12288-32-32768, (15/167)
start 16384-32-24576
finish 16384-32-24576, (16/167)
start 24576-32-16384
finish 24576-32-16384, (17/167)
start 32768-32-12288
finish 32768-32-12288, (18/167)
start 49152-32-8192
finish 49152-32-8192, (19/167)
start 6144-32-49152
finish 6144-32-49152, (20/167)
start 12288-32-24576
finish 12288-32-24576, (21/167)
start 24576-32-12288
finish 24576-32-12288, (22/167)
start 49152-32-6144
finish 49152-32-6144, (23/167)
start 8192-32-32768
finish 8192-32-32768, (24/167)
start 16384-32-16384
finish 16384-32-16384, (25/167)
start 32768-32-8192
finish 32768-32-8192, (26/167)
start 4096-32-49152
finish 4096-32-49152, (27/167)
start 6144-32-32768
finish 6144-32-32768, (28/167)
start 8192-32-24576
finish 8192-32-24576, (29/167)
start 12288-32-16384
finish 12288-32-16384, (30/167)
start 16384-32-12288
finish 16384-32-12288, (31/167)
start 24576-32-8192
finish 24576-32-8192, (32/167)
start 32768-32-6144
finish 32768-32-6144, (33/167)
start 49152-32-4096
finish 49152-32-4096, (34/167)
start 3072-32-49152
finish 3072-32-49152, (35/167)
start 6144-32-24576
finish 6144-32-24576, (36/167)
start 12288-32-12288
finish 12288-32-12288, (37/167)
start 24576-32-6144
finish 24576-32-6144, (38/167)
start 49152-32-3072
finish 49152-32-3072, (39/167)
start 4096-32-32768
finish 4096-32-32768, (40/167)
start 8192-32-16384
finish 8192-32-16384, (41/167)
start 16384-32-8192
finish 16384-32-8192, (42/167)
start 32768-32-4096
finish 32768-32-4096, (43/167)
start 2048-32-49152
finish 2048-32-49152, (44/167)
start 3072-32-32768
finish 3072-32-32768, (45/167)
start 4096-32-24576
finish 4096-32-24576, (46/167)
start 6144-32-16384
finish 6144-32-16384, (47/167)
start 8192-32-12288
finish 8192-32-12288, (48/167)
start 12288-32-8192
finish 12288-32-8192, (49/167)
start 16384-32-6144
finish 16384-32-6144, (50/167)
start 24576-32-4096
finish 24576-32-4096, (51/167)
start 32768-32-3072
finish 32768-32-3072, (52/167)
start 49152-32-2048
finish 49152-32-2048, (53/167)
start 1536-32-49152
finish 1536-32-49152, (54/167)
start 3072-32-24576
finish 3072-32-24576, (55/167)
start 6144-32-12288
finish 6144-32-12288, (56/167)
start 12288-32-6144
finish 12288-32-6144, (57/167)
start 24576-32-3072
finish 24576-32-3072, (58/167)
start 49152-32-1536
finish 49152-32-1536, (59/167)
start 2048-32-32768
finish 2048-32-32768, (60/167)
start 4096-32-16384
finish 4096-32-16384, (61/167)
start 8192-32-8192
finish 8192-32-8192, (62/167)
start 16384-32-4096
finish 16384-32-4096, (63/167)
start 32768-32-2048
finish 32768-32-2048, (64/167)
start 1024-32-49152
finish 1024-32-49152, (65/167)
start 1536-32-32768
finish 1536-32-32768, (66/167)
start 2048-32-24576
finish 2048-32-24576, (67/167)
start 3072-32-16384
finish 3072-32-16384, (68/167)
start 4096-32-12288
finish 4096-32-12288, (69/167)
start 6144-32-8192
finish 6144-32-8192, (70/167)
start 8192-32-6144
finish 8192-32-6144, (71/167)
start 12288-32-4096
finish 12288-32-4096, (72/167)
start 16384-32-3072
finish 16384-32-3072, (73/167)
start 24576-32-2048
finish 24576-32-2048, (74/167)
start 32768-32-1536
finish 32768-32-1536, (75/167)
start 49152-32-1024
finish 49152-32-1024, (76/167)
start 768-32-49152
finish 768-32-49152, (77/167)
start 1536-32-24576
finish 1536-32-24576, (78/167)
start 3072-32-12288
finish 3072-32-12288, (79/167)
start 6144-32-6144
finish 6144-32-6144, (80/167)
start 12288-32-3072
finish 12288-32-3072, (81/167)
start 24576-32-1536
finish 24576-32-1536, (82/167)
start 49152-32-768
finish 49152-32-768, (83/167)
start 1024-32-32768
finish 1024-32-32768, (84/167)
start 2048-32-16384
finish 2048-32-16384, (85/167)
start 4096-32-8192
finish 4096-32-8192, (86/167)
start 8192-32-4096
finish 8192-32-4096, (87/167)
start 16384-32-2048
finish 16384-32-2048, (88/167)
start 32768-32-1024
finish 32768-32-1024, (89/167)
start 768-32-32768
finish 768-32-32768, (90/167)
start 1024-32-24576
finish 1024-32-24576, (91/167)
start 1536-32-16384
finish 1536-32-16384, (92/167)
start 2048-32-12288
finish 2048-32-12288, (93/167)
start 3072-32-8192
finish 3072-32-8192, (94/167)
start 4096-32-6144
finish 4096-32-6144, (95/167)
start 6144-32-4096
finish 6144-32-4096, (96/167)
start 8192-32-3072
finish 8192-32-3072, (97/167)
start 12288-32-2048
finish 12288-32-2048, (98/167)
start 16384-32-1536
finish 16384-32-1536, (99/167)
start 24576-32-1024
finish 24576-32-1024, (100/167)
start 32768-32-768
finish 32768-32-768, (101/167)
start 768-32-24576
finish 768-32-24576, (102/167)
start 1536-32-12288
finish 1536-32-12288, (103/167)
start 3072-32-6144
finish 3072-32-6144, (104/167)
start 6144-32-3072
finish 6144-32-3072, (105/167)
start 12288-32-1536
finish 12288-32-1536, (106/167)
start 24576-32-768
finish 24576-32-768, (107/167)
start 1024-32-16384
finish 1024-32-16384, (108/167)
start 2048-32-8192
finish 2048-32-8192, (109/167)
start 4096-32-4096
finish 4096-32-4096, (110/167)
start 8192-32-2048
finish 8192-32-2048, (111/167)
start 16384-32-1024
finish 16384-32-1024, (112/167)
start 768-32-16384
finish 768-32-16384, (113/167)
start 1024-32-12288
finish 1024-32-12288, (114/167)
start 1536-32-8192
finish 1536-32-8192, (115/167)
start 2048-32-6144
finish 2048-32-6144, (116/167)
start 3072-32-4096
finish 3072-32-4096, (117/167)
start 4096-32-3072
finish 4096-32-3072, (118/167)
start 6144-32-2048
finish 6144-32-2048, (119/167)
start 8192-32-1536
finish 8192-32-1536, (120/167)
start 12288-32-1024
finish 12288-32-1024, (121/167)
start 16384-32-768
finish 16384-32-768, (122/167)
start 768-32-12288
finish 768-32-12288, (123/167)
start 1536-32-6144
finish 1536-32-6144, (124/167)
start 3072-32-3072
finish 3072-32-3072, (125/167)
start 6144-32-1536
finish 6144-32-1536, (126/167)
start 12288-32-768
finish 12288-32-768, (127/167)
start 1024-32-8192
finish 1024-32-8192, (128/167)
start 2048-32-4096
finish 2048-32-4096, (129/167)
start 4096-32-2048
finish 4096-32-2048, (130/167)
start 8192-32-1024
finish 8192-32-1024, (131/167)
start 768-32-8192
finish 768-32-8192, (132/167)
start 1024-32-6144
finish 1024-32-6144, (133/167)
start 1536-32-4096
finish 1536-32-4096, (134/167)
start 2048-32-3072
finish 2048-32-3072, (135/167)
start 3072-32-2048
finish 3072-32-2048, (136/167)
start 4096-32-1536
finish 4096-32-1536, (137/167)
start 6144-32-1024
finish 6144-32-1024, (138/167)
start 8192-32-768
finish 8192-32-768, (139/167)
start 768-32-6144
finish 768-32-6144, (140/167)
start 1536-32-3072
finish 1536-32-3072, (141/167)
start 3072-32-1536
finish 3072-32-1536, (142/167)
start 6144-32-768
finish 6144-32-768, (143/167)
start 1024-32-4096
finish 1024-32-4096, (144/167)
start 2048-32-2048
finish 2048-32-2048, (145/167)
start 4096-32-1024
finish 4096-32-1024, (146/167)
start 768-32-4096
finish 768-32-4096, (147/167)
start 1024-32-3072
finish 1024-32-3072, (148/167)
start 1536-32-2048
finish 1536-32-2048, (149/167)
start 2048-32-1536
finish 2048-32-1536, (150/167)
start 3072-32-1024
finish 3072-32-1024, (151/167)
start 4096-32-768
finish 4096-32-768, (152/167)
start 768-32-3072
finish 768-32-3072, (153/167)
start 1536-32-1536
finish 1536-32-1536, (154/167)
start 3072-32-768
finish 3072-32-768, (155/167)
start 1024-32-2048
finish 1024-32-2048, (156/167)
start 2048-32-1024
finish 2048-32-1024, (157/167)
start 768-32-2048
finish 768-32-2048, (158/167)
start 1024-32-1536
finish 1024-32-1536, (159/167)
start 1536-32-1024
finish 1536-32-1024, (160/167)
start 2048-32-768
finish 2048-32-768, (161/167)
start 768-32-1536
finish 768-32-1536, (162/167)
start 1536-32-768
finish 1536-32-768, (163/167)
start 1024-32-1024
finish 1024-32-1024, (164/167)
start 768-32-1024
finish 768-32-1024, (165/167)
start 1024-32-768
finish 1024-32-768, (166/167)
start 768-32-768
finish 768-32-768, (167/167)
0.6548403168203587

[INFO] Optimization charts successfully compiled and saved to 'Benchmark/v7.2_32.png'
