Fri Jul 17 22:32:27 2026       
+-----------------------------------------------------------------------------------------+
| NVIDIA-SMI 580.159.04             Driver Version: 580.159.04     CUDA Version: 13.2     |
+-----------------------------------------+------------------------+----------------------+
| GPU  Name                 Persistence-M | Bus-Id          Disp.A | Volatile Uncorr. ECC |
| Fan  Temp   Perf          Pwr:Usage/Cap |           Memory-Usage | GPU-Util  Compute M. |
|                                         |                        |               MIG M. |
|=========================================+========================+======================|
|   0  NVIDIA H100 80GB HBM3          Off |   00000000:4E:00.0 Off |                    0 |
| N/A   43C    P0             74W /  700W |       0MiB /  81559MiB |      0%      Default |
|                                         |                        |             Disabled |
+-----------------------------------------+------------------------+----------------------+

+-----------------------------------------------------------------------------------------+
| Processes:                                                                              |
|  GPU   GI   CI              PID   Type   Process name                        GPU Memory |
|        ID   ID                                                               Usage      |
|=========================================================================================|
|  No running processes found                                                             |
+-----------------------------------------------------------------------------------------+
/usr/bin/rm: cannot remove '/usr/local/cuda/compat/lib': Read-only file system
rm: cannot remove '/usr/local/cuda/compat/lib': Read-only file system
CUDA Available: True
Device Count: 1
/usr/bin/rm: cannot remove '/usr/local/cuda/compat/lib': Read-only file system
rm: cannot remove '/usr/local/cuda/compat/lib': Read-only file system
start 49152-16-49152
finish 49152-16-49152, (1/169) -> Dense: 50.24286191232477, Precomp: 87.00002661121994, Runtime: 49.24564374651981
  Dense   best config: {'BLOCK_M': 128, 'BLOCK_N': 64, 'BLOCK_K': 128, 'num_buffers': 3, 'STEALB': False}, num_warps=4
  Sparse  best config: {'BLOCK_M': 128, 'BLOCK_N': 64, 'BLOCK_K': 256, 'num_buffers': 3, 'STEALB': False}, num_warps=8
  Runtime best config: {'BLOCK_M': 64, 'BLOCK_N': 64, 'BLOCK_K': 128, 'num_buffers': 5, 'STEALB': False}, num_warps=4
start 32768-16-49152
finish 32768-16-49152, (2/169) -> Dense: 49.87426713268392, Precomp: 86.49706882090173, Runtime: 49.149080684366794
  Dense   best config: {'BLOCK_M': 128, 'BLOCK_N': 64, 'BLOCK_K': 64, 'num_buffers': 5, 'STEALB': False}, num_warps=8
  Sparse  best config: {'BLOCK_M': 128, 'BLOCK_N': 64, 'BLOCK_K': 256, 'num_buffers': 3, 'STEALB': False}, num_warps=8
  Runtime best config: {'BLOCK_M': 128, 'BLOCK_N': 64, 'BLOCK_K': 128, 'num_buffers': 4, 'STEALB': False}, num_warps=8
start 49152-16-32768
finish 49152-16-32768, (3/169) -> Dense: 50.27822792831462, Precomp: 86.55311990367952, Runtime: 49.46114029085111
  Dense   best config: {'BLOCK_M': 128, 'BLOCK_N': 64, 'BLOCK_K': 128, 'num_buffers': 3, 'STEALB': False}, num_warps=4
  Sparse  best config: {'BLOCK_M': 128, 'BLOCK_N': 64, 'BLOCK_K': 256, 'num_buffers': 3, 'STEALB': False}, num_warps=8
  Runtime best config: {'BLOCK_M': 128, 'BLOCK_N': 64, 'BLOCK_K': 128, 'num_buffers': 3, 'STEALB': True}, num_warps=8
start 24576-16-49152
finish 24576-16-49152, (4/169) -> Dense: 49.66633995431892, Precomp: 82.3663592538006, Runtime: 48.911984438511794
  Dense   best config: {'BLOCK_M': 128, 'BLOCK_N': 64, 'BLOCK_K': 128, 'num_buffers': 4, 'STEALB': True}, num_warps=4
  Sparse  best config: {'BLOCK_M': 256, 'BLOCK_N': 64, 'BLOCK_K': 64, 'num_buffers': 5, 'STEALB': False}, num_warps=4
  Runtime best config: {'BLOCK_M': 128, 'BLOCK_N': 64, 'BLOCK_K': 128, 'num_buffers': 4, 'STEALB': False}, num_warps=8
start 49152-16-24576
finish 49152-16-24576, (5/169) -> Dense: 49.63922985879445, Precomp: 85.50183695313046, Runtime: 48.6887387128479
  Dense   best config: {'BLOCK_M': 128, 'BLOCK_N': 64, 'BLOCK_K': 128, 'num_buffers': 3, 'STEALB': False}, num_warps=4
  Sparse  best config: {'BLOCK_M': 128, 'BLOCK_N': 64, 'BLOCK_K': 256, 'num_buffers': 3, 'STEALB': False}, num_warps=8
  Runtime best config: {'BLOCK_M': 128, 'BLOCK_N': 64, 'BLOCK_K': 128, 'num_buffers': 4, 'STEALB': False}, num_warps=8
start 32768-16-32768
finish 32768-16-32768, (6/169) -> Dense: 49.770928868826424, Precomp: 86.10259002294816, Runtime: 49.18974372624937
  Dense   best config: {'BLOCK_M': 128, 'BLOCK_N': 64, 'BLOCK_K': 128, 'num_buffers': 3, 'STEALB': False}, num_warps=4
  Sparse  best config: {'BLOCK_M': 128, 'BLOCK_N': 64, 'BLOCK_K': 256, 'num_buffers': 3, 'STEALB': False}, num_warps=4
  Runtime best config: {'BLOCK_M': 128, 'BLOCK_N': 64, 'BLOCK_K': 128, 'num_buffers': 3, 'STEALB': True}, num_warps=8
start 16384-16-49152
finish 16384-16-49152, (7/169) -> Dense: 50.00875744884403, Precomp: 86.38573252840116, Runtime: 48.959613688937836
  Dense   best config: {'BLOCK_M': 128, 'BLOCK_N': 64, 'BLOCK_K': 128, 'num_buffers': 4, 'STEALB': True}, num_warps=4
  Sparse  best config: {'BLOCK_M': 128, 'BLOCK_N': 64, 'BLOCK_K': 256, 'num_buffers': 3, 'STEALB': False}, num_warps=4
  Runtime best config: {'BLOCK_M': 128, 'BLOCK_N': 64, 'BLOCK_K': 128, 'num_buffers': 4, 'STEALB': False}, num_warps=8
start 24576-16-32768
finish 24576-16-32768, (8/169) -> Dense: 49.46372107919418, Precomp: 83.33510987998658, Runtime: 48.6017854947013
  Dense   best config: {'BLOCK_M': 128, 'BLOCK_N': 64, 'BLOCK_K': 64, 'num_buffers': 5, 'STEALB': False}, num_warps=4
  Sparse  best config: {'BLOCK_M': 256, 'BLOCK_N': 64, 'BLOCK_K': 64, 'num_buffers': 5, 'STEALB': False}, num_warps=4
  Runtime best config: {'BLOCK_M': 128, 'BLOCK_N': 64, 'BLOCK_K': 128, 'num_buffers': 4, 'STEALB': True}, num_warps=4
start 32768-16-24576
finish 32768-16-24576, (9/169) -> Dense: 49.44488599552894, Precomp: 85.1612322915085, Runtime: 48.20191906316603
  Dense   best config: {'BLOCK_M': 128, 'BLOCK_N': 64, 'BLOCK_K': 64, 'num_buffers': 5, 'STEALB': False}, num_warps=8
  Sparse  best config: {'BLOCK_M': 128, 'BLOCK_N': 64, 'BLOCK_K': 256, 'num_buffers': 3, 'STEALB': False}, num_warps=8
  Runtime best config: {'BLOCK_M': 64, 'BLOCK_N': 64, 'BLOCK_K': 128, 'num_buffers': 5, 'STEALB': False}, num_warps=4
start 49152-16-16384
finish 49152-16-16384, (10/169) -> Dense: 49.71297377692997, Precomp: 85.46716489549404, Runtime: 48.743169881300645
  Dense   best config: {'BLOCK_M': 128, 'BLOCK_N': 64, 'BLOCK_K': 128, 'num_buffers': 3, 'STEALB': False}, num_warps=4
  Sparse  best config: {'BLOCK_M': 128, 'BLOCK_N': 64, 'BLOCK_K': 256, 'num_buffers': 3, 'STEALB': False}, num_warps=4
  Runtime best config: {'BLOCK_M': 128, 'BLOCK_N': 64, 'BLOCK_K': 128, 'num_buffers': 3, 'STEALB': False}, num_warps=8
start 12288-16-49152
finish 12288-16-49152, (11/169) -> Dense: 48.614342416746396, Precomp: 82.255422410883, Runtime: 48.45230885415569
  Dense   best config: {'BLOCK_M': 128, 'BLOCK_N': 64, 'BLOCK_K': 64, 'num_buffers': 5, 'STEALB': False}, num_warps=4
  Sparse  best config: {'BLOCK_M': 128, 'BLOCK_N': 64, 'BLOCK_K': 256, 'num_buffers': 3, 'STEALB': False}, num_warps=4
  Runtime best config: {'BLOCK_M': 128, 'BLOCK_N': 64, 'BLOCK_K': 128, 'num_buffers': 4, 'STEALB': False}, num_warps=8
start 24576-16-24576
finish 24576-16-24576, (12/169) -> Dense: 48.77527034928721, Precomp: 82.27397724437374, Runtime: 48.17633097120228
  Dense   best config: {'BLOCK_M': 128, 'BLOCK_N': 64, 'BLOCK_K': 128, 'num_buffers': 4, 'STEALB': True}, num_warps=4
  Sparse  best config: {'BLOCK_M': 256, 'BLOCK_N': 64, 'BLOCK_K': 64, 'num_buffers': 5, 'STEALB': False}, num_warps=4
  Runtime best config: {'BLOCK_M': 128, 'BLOCK_N': 64, 'BLOCK_K': 128, 'num_buffers': 4, 'STEALB': False}, num_warps=8
start 49152-16-12288
finish 49152-16-12288, (13/169) -> Dense: 48.292880879318886, Precomp: 82.8721304327483, Runtime: 48.0922523386236
  Dense   best config: {'BLOCK_M': 128, 'BLOCK_N': 64, 'BLOCK_K': 128, 'num_buffers': 4, 'STEALB': False}, num_warps=4
  Sparse  best config: {'BLOCK_M': 128, 'BLOCK_N': 64, 'BLOCK_K': 256, 'num_buffers': 3, 'STEALB': False}, num_warps=4
  Runtime best config: {'BLOCK_M': 128, 'BLOCK_N': 64, 'BLOCK_K': 128, 'num_buffers': 4, 'STEALB': False}, num_warps=8
start 16384-16-32768
finish 16384-16-32768, (14/169) -> Dense: 49.82548790728909, Precomp: 85.56599253621988, Runtime: 48.6048001095378
  Dense   best config: {'BLOCK_M': 128, 'BLOCK_N': 64, 'BLOCK_K': 128, 'num_buffers': 4, 'STEALB': False}, num_warps=4
  Sparse  best config: {'BLOCK_M': 128, 'BLOCK_N': 64, 'BLOCK_K': 256, 'num_buffers': 3, 'STEALB': False}, num_warps=4
  Runtime best config: {'BLOCK_M': 128, 'BLOCK_N': 64, 'BLOCK_K': 64, 'num_buffers': 5, 'STEALB': False}, num_warps=4
start 32768-16-16384
finish 32768-16-16384, (15/169) -> Dense: 49.33763631364732, Precomp: 83.70996860176068, Runtime: 48.44796605630625
  Dense   best config: {'BLOCK_M': 128, 'BLOCK_N': 64, 'BLOCK_K': 128, 'num_buffers': 3, 'STEALB': False}, num_warps=4
  Sparse  best config: {'BLOCK_M': 128, 'BLOCK_N': 64, 'BLOCK_K': 128, 'num_buffers': 4, 'STEALB': True}, num_warps=4
  Runtime best config: {'BLOCK_M': 128, 'BLOCK_N': 64, 'BLOCK_K': 128, 'num_buffers': 3, 'STEALB': True}, num_warps=8
start 8192-16-49152
finish 8192-16-49152, (16/169) -> Dense: 48.49069182030946, Precomp: 78.24987988721706, Runtime: 47.33876058539505
  Dense   best config: {'BLOCK_M': 64, 'BLOCK_N': 64, 'BLOCK_K': 128, 'num_buffers': 6, 'STEALB': False}, num_warps=4
  Sparse  best config: {'BLOCK_M': 128, 'BLOCK_N': 64, 'BLOCK_K': 128, 'num_buffers': 6, 'STEALB': True}, num_warps=4
  Runtime best config: {'BLOCK_M': 64, 'BLOCK_N': 64, 'BLOCK_K': 128, 'num_buffers': 5, 'STEALB': False}, num_warps=4
start 12288-16-32768
finish 12288-16-32768, (17/169) -> Dense: 49.109835513538016, Precomp: 81.79598498918837, Runtime: 48.16973055628167
  Dense   best config: {'BLOCK_M': 128, 'BLOCK_N': 64, 'BLOCK_K': 64, 'num_buffers': 5, 'STEALB': False}, num_warps=4
  Sparse  best config: {'BLOCK_M': 128, 'BLOCK_N': 64, 'BLOCK_K': 256, 'num_buffers': 3, 'STEALB': False}, num_warps=4
  Runtime best config: {'BLOCK_M': 128, 'BLOCK_N': 64, 'BLOCK_K': 128, 'num_buffers': 4, 'STEALB': False}, num_warps=8
start 16384-16-24576
finish 16384-16-24576, (18/169) -> Dense: 49.33060821632465, Precomp: 84.20619228310434, Runtime: 47.94621271886349
  Dense   best config: {'BLOCK_M': 128, 'BLOCK_N': 64, 'BLOCK_K': 128, 'num_buffers': 4, 'STEALB': True}, num_warps=4
  Sparse  best config: {'BLOCK_M': 128, 'BLOCK_N': 64, 'BLOCK_K': 128, 'num_buffers': 5, 'STEALB': False}, num_warps=4
  Runtime best config: {'BLOCK_M': 128, 'BLOCK_N': 64, 'BLOCK_K': 128, 'num_buffers': 4, 'STEALB': False}, num_warps=8
start 24576-16-16384
finish 24576-16-16384, (19/169) -> Dense: 48.91298412164081, Precomp: 81.38584276669933, Runtime: 47.662349454664835
  Dense   best config: {'BLOCK_M': 128, 'BLOCK_N': 64, 'BLOCK_K': 64, 'num_buffers': 5, 'STEALB': False}, num_warps=4
  Sparse  best config: {'BLOCK_M': 256, 'BLOCK_N': 64, 'BLOCK_K': 64, 'num_buffers': 5, 'STEALB': False}, num_warps=4
  Runtime best config: {'BLOCK_M': 128, 'BLOCK_N': 64, 'BLOCK_K': 128, 'num_buffers': 4, 'STEALB': False}, num_warps=4
start 32768-16-12288
finish 32768-16-12288, (20/169) -> Dense: 48.84638005079447, Precomp: 83.03256072028576, Runtime: 47.771693842213715
  Dense   best config: {'BLOCK_M': 128, 'BLOCK_N': 64, 'BLOCK_K': 64, 'num_buffers': 5, 'STEALB': False}, num_warps=4
  Sparse  best config: {'BLOCK_M': 256, 'BLOCK_N': 64, 'BLOCK_K': 128, 'num_buffers': 3, 'STEALB': False}, num_warps=4
  Runtime best config: {'BLOCK_M': 128, 'BLOCK_N': 64, 'BLOCK_K': 128, 'num_buffers': 3, 'STEALB': False}, num_warps=8
start 49152-16-8192
finish 49152-16-8192, (21/169) -> Dense: 48.90251580512042, Precomp: 82.97992698514057, Runtime: 47.62513882922256
  Dense   best config: {'BLOCK_M': 128, 'BLOCK_N': 64, 'BLOCK_K': 128, 'num_buffers': 4, 'STEALB': True}, num_warps=4
  Sparse  best config: {'BLOCK_M': 128, 'BLOCK_N': 64, 'BLOCK_K': 256, 'num_buffers': 3, 'STEALB': False}, num_warps=4
  Runtime best config: {'BLOCK_M': 128, 'BLOCK_N': 64, 'BLOCK_K': 128, 'num_buffers': 3, 'STEALB': False}, num_warps=8
start 6144-16-49152
finish 6144-16-49152, (22/169) -> Dense: 45.47855332073724, Precomp: 60.40514580892418, Runtime: 44.398394784088275
  Dense   best config: {'BLOCK_M': 64, 'BLOCK_N': 64, 'BLOCK_K': 128, 'num_buffers': 5, 'STEALB': True}, num_warps=4
  Sparse  best config: {'BLOCK_M': 128, 'BLOCK_N': 64, 'BLOCK_K': 128, 'num_buffers': 5, 'STEALB': False}, num_warps=4
  Runtime best config: {'BLOCK_M': 64, 'BLOCK_N': 64, 'BLOCK_K': 128, 'num_buffers': 5, 'STEALB': False}, num_warps=4
start 12288-16-24576
finish 12288-16-24576, (23/169) -> Dense: 48.13826538794896, Precomp: 80.04536744555256, Runtime: 46.55688633790013
  Dense   best config: {'BLOCK_M': 128, 'BLOCK_N': 64, 'BLOCK_K': 64, 'num_buffers': 5, 'STEALB': False}, num_warps=4
  Sparse  best config: {'BLOCK_M': 128, 'BLOCK_N': 64, 'BLOCK_K': 128, 'num_buffers': 5, 'STEALB': False}, num_warps=8
  Runtime best config: {'BLOCK_M': 128, 'BLOCK_N': 64, 'BLOCK_K': 128, 'num_buffers': 4, 'STEALB': False}, num_warps=8
start 24576-16-12288
finish 24576-16-12288, (24/169) -> Dense: 48.22203374573882, Precomp: 79.7374787351361, Runtime: 47.57213513402475
  Dense   best config: {'BLOCK_M': 128, 'BLOCK_N': 64, 'BLOCK_K': 64, 'num_buffers': 5, 'STEALB': False}, num_warps=4
  Sparse  best config: {'BLOCK_M': 256, 'BLOCK_N': 64, 'BLOCK_K': 64, 'num_buffers': 5, 'STEALB': False}, num_warps=4
  Runtime best config: {'BLOCK_M': 128, 'BLOCK_N': 64, 'BLOCK_K': 128, 'num_buffers': 4, 'STEALB': False}, num_warps=8
start 49152-16-6144
finish 49152-16-6144, (25/169) -> Dense: 48.43267703635903, Precomp: 81.0306778041446, Runtime: 46.68817684512101
  Dense   best config: {'BLOCK_M': 128, 'BLOCK_N': 64, 'BLOCK_K': 128, 'num_buffers': 4, 'STEALB': True}, num_warps=4
  Sparse  best config: {'BLOCK_M': 128, 'BLOCK_N': 64, 'BLOCK_K': 128, 'num_buffers': 6, 'STEALB': False}, num_warps=4
  Runtime best config: {'BLOCK_M': 128, 'BLOCK_N': 64, 'BLOCK_K': 128, 'num_buffers': 4, 'STEALB': False}, num_warps=8
start 8192-16-32768
finish 8192-16-32768, (26/169) -> Dense: 48.81223940441161, Precomp: 77.47837875345688, Runtime: 46.81875171643165
  Dense   best config: {'BLOCK_M': 64, 'BLOCK_N': 64, 'BLOCK_K': 128, 'num_buffers': 6, 'STEALB': False}, num_warps=4
  Sparse  best config: {'BLOCK_M': 128, 'BLOCK_N': 64, 'BLOCK_K': 128, 'num_buffers': 6, 'STEALB': False}, num_warps=8
  Runtime best config: {'BLOCK_M': 64, 'BLOCK_N': 64, 'BLOCK_K': 128, 'num_buffers': 5, 'STEALB': False}, num_warps=4
start 16384-16-16384
finish 16384-16-16384, (27/169) -> Dense: 48.83709384932759, Precomp: 83.22144326668737, Runtime: 47.47071978138765
  Dense   best config: {'BLOCK_M': 128, 'BLOCK_N': 64, 'BLOCK_K': 64, 'num_buffers': 5, 'STEALB': False}, num_warps=4
  Sparse  best config: {'BLOCK_M': 128, 'BLOCK_N': 64, 'BLOCK_K': 128, 'num_buffers': 5, 'STEALB': False}, num_warps=4
  Runtime best config: {'BLOCK_M': 128, 'BLOCK_N': 64, 'BLOCK_K': 128, 'num_buffers': 4, 'STEALB': False}, num_warps=8
start 32768-16-8192
finish 32768-16-8192, (28/169) -> Dense: 48.397570513467954, Precomp: 81.05814058220527, Runtime: 47.57354348481493
  Dense   best config: {'BLOCK_M': 128, 'BLOCK_N': 64, 'BLOCK_K': 128, 'num_buffers': 4, 'STEALB': False}, num_warps=4
  Sparse  best config: {'BLOCK_M': 128, 'BLOCK_N': 64, 'BLOCK_K': 128, 'num_buffers': 6, 'STEALB': True}, num_warps=8
  Runtime best config: {'BLOCK_M': 128, 'BLOCK_N': 64, 'BLOCK_K': 128, 'num_buffers': 3, 'STEALB': False}, num_warps=8
start 4096-16-49152
finish 4096-16-49152, (29/169) -> Dense: 42.007717874218734, Precomp: 53.58528972057313, Runtime: 33.21947776078778
  Dense   best config: {'BLOCK_M': 64, 'BLOCK_N': 64, 'BLOCK_K': 128, 'num_buffers': 6, 'STEALB': False}, num_warps=4
  Sparse  best config: {'BLOCK_M': 64, 'BLOCK_N': 64, 'BLOCK_K': 128, 'num_buffers': 6, 'STEALB': False}, num_warps=4
  Runtime best config: {'BLOCK_M': 64, 'BLOCK_N': 64, 'BLOCK_K': 256, 'num_buffers': 3, 'STEALB': True}, num_warps=4
start 6144-16-32768
finish 6144-16-32768, (30/169) -> Dense: 45.196227018410426, Precomp: 60.09869800372189, Runtime: 44.35475721221166
  Dense   best config: {'BLOCK_M': 64, 'BLOCK_N': 64, 'BLOCK_K': 128, 'num_buffers': 5, 'STEALB': False}, num_warps=4
  Sparse  best config: {'BLOCK_M': 128, 'BLOCK_N': 64, 'BLOCK_K': 128, 'num_buffers': 5, 'STEALB': True}, num_warps=4
  Runtime best config: {'BLOCK_M': 64, 'BLOCK_N': 64, 'BLOCK_K': 128, 'num_buffers': 5, 'STEALB': False}, num_warps=4
start 8192-16-24576
finish 8192-16-24576, (31/169) -> Dense: 47.83928581055854, Precomp: 75.90438134106792, Runtime: 45.89552588167934
  Dense   best config: {'BLOCK_M': 64, 'BLOCK_N': 64, 'BLOCK_K': 128, 'num_buffers': 6, 'STEALB': False}, num_warps=4
  Sparse  best config: {'BLOCK_M': 128, 'BLOCK_N': 64, 'BLOCK_K': 128, 'num_buffers': 6, 'STEALB': False}, num_warps=4
  Runtime best config: {'BLOCK_M': 64, 'BLOCK_N': 64, 'BLOCK_K': 128, 'num_buffers': 5, 'STEALB': True}, num_warps=4
start 12288-16-16384
finish 12288-16-16384, (32/169) -> Dense: 47.8572302481333, Precomp: 78.89726177041989, Runtime: 46.659984803643134
  Dense   best config: {'BLOCK_M': 128, 'BLOCK_N': 64, 'BLOCK_K': 64, 'num_buffers': 5, 'STEALB': False}, num_warps=4
  Sparse  best config: {'BLOCK_M': 128, 'BLOCK_N': 64, 'BLOCK_K': 256, 'num_buffers': 3, 'STEALB': False}, num_warps=4
  Runtime best config: {'BLOCK_M': 128, 'BLOCK_N': 64, 'BLOCK_K': 128, 'num_buffers': 4, 'STEALB': True}, num_warps=8
start 16384-16-12288
finish 16384-16-12288, (33/169) -> Dense: 48.380746862996126, Precomp: 81.35889957050021, Runtime: 46.87583629559852
  Dense   best config: {'BLOCK_M': 128, 'BLOCK_N': 64, 'BLOCK_K': 128, 'num_buffers': 4, 'STEALB': True}, num_warps=4
  Sparse  best config: {'BLOCK_M': 128, 'BLOCK_N': 64, 'BLOCK_K': 128, 'num_buffers': 5, 'STEALB': False}, num_warps=4
  Runtime best config: {'BLOCK_M': 128, 'BLOCK_N': 64, 'BLOCK_K': 128, 'num_buffers': 4, 'STEALB': False}, num_warps=8
start 24576-16-8192
finish 24576-16-8192, (34/169) -> Dense: 46.62175496283148, Precomp: 77.86759859873091, Runtime: 45.18997628402305
  Dense   best config: {'BLOCK_M': 64, 'BLOCK_N': 64, 'BLOCK_K': 128, 'num_buffers': 4, 'STEALB': True}, num_warps=4
  Sparse  best config: {'BLOCK_M': 256, 'BLOCK_N': 64, 'BLOCK_K': 64, 'num_buffers': 5, 'STEALB': False}, num_warps=4
  Runtime best config: {'BLOCK_M': 64, 'BLOCK_N': 64, 'BLOCK_K': 128, 'num_buffers': 4, 'STEALB': False}, num_warps=4
start 32768-16-6144
finish 32768-16-6144, (35/169) -> Dense: 47.81355180488934, Precomp: 79.48195559520232, Runtime: 46.57149460697925
  Dense   best config: {'BLOCK_M': 128, 'BLOCK_N': 64, 'BLOCK_K': 128, 'num_buffers': 4, 'STEALB': True}, num_warps=4
  Sparse  best config: {'BLOCK_M': 256, 'BLOCK_N': 64, 'BLOCK_K': 128, 'num_buffers': 3, 'STEALB': False}, num_warps=4
  Runtime best config: {'BLOCK_M': 128, 'BLOCK_N': 64, 'BLOCK_K': 128, 'num_buffers': 3, 'STEALB': False}, num_warps=4
start 49152-16-4096
finish 49152-16-4096, (36/169) -> Dense: 47.73983669908024, Precomp: 78.79720060018218, Runtime: 46.60307477303376
  Dense   best config: {'BLOCK_M': 128, 'BLOCK_N': 64, 'BLOCK_K': 128, 'num_buffers': 4, 'STEALB': True}, num_warps=4
  Sparse  best config: {'BLOCK_M': 128, 'BLOCK_N': 64, 'BLOCK_K': 128, 'num_buffers': 5, 'STEALB': False}, num_warps=4
  Runtime best config: {'BLOCK_M': 128, 'BLOCK_N': 64, 'BLOCK_K': 128, 'num_buffers': 3, 'STEALB': True}, num_warps=4
start 3072-16-49152
finish 3072-16-49152, (37/169) -> Dense: 32.19446230773876, Precomp: 40.70361726913487, Runtime: 25.18708598544169
  Dense   best config: {'BLOCK_M': 64, 'BLOCK_N': 64, 'BLOCK_K': 64, 'num_buffers': 7, 'STEALB': False}, num_warps=4
  Sparse  best config: {'BLOCK_M': 64, 'BLOCK_N': 64, 'BLOCK_K': 128, 'num_buffers': 5, 'STEALB': False}, num_warps=4
  Runtime best config: {'BLOCK_M': 64, 'BLOCK_N': 64, 'BLOCK_K': 256, 'num_buffers': 3, 'STEALB': True}, num_warps=4
start 6144-16-24576
finish 6144-16-24576, (38/169) -> Dense: 43.95889951650969, Precomp: 59.32031545524588, Runtime: 43.39687698060535
  Dense   best config: {'BLOCK_M': 64, 'BLOCK_N': 64, 'BLOCK_K': 128, 'num_buffers': 5, 'STEALB': False}, num_warps=4
  Sparse  best config: {'BLOCK_M': 128, 'BLOCK_N': 64, 'BLOCK_K': 128, 'num_buffers': 5, 'STEALB': False}, num_warps=4
  Runtime best config: {'BLOCK_M': 64, 'BLOCK_N': 64, 'BLOCK_K': 128, 'num_buffers': 5, 'STEALB': False}, num_warps=4
start 12288-16-12288
finish 12288-16-12288, (39/169) -> Dense: 46.57158015068585, Precomp: 75.65732610880583, Runtime: 45.21625420379511
  Dense   best config: {'BLOCK_M': 128, 'BLOCK_N': 64, 'BLOCK_K': 64, 'num_buffers': 5, 'STEALB': False}, num_warps=4
  Sparse  best config: {'BLOCK_M': 128, 'BLOCK_N': 64, 'BLOCK_K': 256, 'num_buffers': 3, 'STEALB': False}, num_warps=4
  Runtime best config: {'BLOCK_M': 128, 'BLOCK_N': 64, 'BLOCK_K': 128, 'num_buffers': 4, 'STEALB': False}, num_warps=8
start 24576-16-6144
finish 24576-16-6144, (40/169) -> Dense: 46.52790627847086, Precomp: 77.14200565382434, Runtime: 45.7391789767758
  Dense   best config: {'BLOCK_M': 128, 'BLOCK_N': 64, 'BLOCK_K': 128, 'num_buffers': 4, 'STEALB': False}, num_warps=4
  Sparse  best config: {'BLOCK_M': 256, 'BLOCK_N': 64, 'BLOCK_K': 128, 'num_buffers': 3, 'STEALB': False}, num_warps=4
  Runtime best config: {'BLOCK_M': 128, 'BLOCK_N': 64, 'BLOCK_K': 128, 'num_buffers': 4, 'STEALB': False}, num_warps=8
start 49152-16-3072
finish 49152-16-3072, (41/169) -> Dense: 46.92020900909208, Precomp: 77.5557742671159, Runtime: 45.12597364961018
  Dense   best config: {'BLOCK_M': 128, 'BLOCK_N': 64, 'BLOCK_K': 128, 'num_buffers': 4, 'STEALB': True}, num_warps=4
  Sparse  best config: {'BLOCK_M': 128, 'BLOCK_N': 64, 'BLOCK_K': 128, 'num_buffers': 6, 'STEALB': True}, num_warps=4
  Runtime best config: {'BLOCK_M': 128, 'BLOCK_N': 64, 'BLOCK_K': 128, 'num_buffers': 3, 'STEALB': False}, num_warps=8
start 4096-16-32768
finish 4096-16-32768, (42/169) -> Dense: 41.378300015421374, Precomp: 53.10754531177038, Runtime: 32.712849079344885
  Dense   best config: {'BLOCK_M': 64, 'BLOCK_N': 64, 'BLOCK_K': 128, 'num_buffers': 5, 'STEALB': False}, num_warps=4
  Sparse  best config: {'BLOCK_M': 64, 'BLOCK_N': 64, 'BLOCK_K': 128, 'num_buffers': 6, 'STEALB': True}, num_warps=4
  Runtime best config: {'BLOCK_M': 64, 'BLOCK_N': 64, 'BLOCK_K': 256, 'num_buffers': 3, 'STEALB': True}, num_warps=4
start 8192-16-16384
finish 8192-16-16384, (43/169) -> Dense: 47.09862722460788, Precomp: 73.56935225969221, Runtime: 45.01766006385274
  Dense   best config: {'BLOCK_M': 64, 'BLOCK_N': 64, 'BLOCK_K': 128, 'num_buffers': 6, 'STEALB': False}, num_warps=4
  Sparse  best config: {'BLOCK_M': 128, 'BLOCK_N': 64, 'BLOCK_K': 128, 'num_buffers': 6, 'STEALB': True}, num_warps=4
  Runtime best config: {'BLOCK_M': 64, 'BLOCK_N': 64, 'BLOCK_K': 128, 'num_buffers': 5, 'STEALB': False}, num_warps=4
start 16384-16-8192
finish 16384-16-8192, (44/169) -> Dense: 47.68898812657475, Precomp: 78.8270295819453, Runtime: 46.10248464366688
  Dense   best config: {'BLOCK_M': 128, 'BLOCK_N': 64, 'BLOCK_K': 128, 'num_buffers': 4, 'STEALB': True}, num_warps=4
  Sparse  best config: {'BLOCK_M': 128, 'BLOCK_N': 64, 'BLOCK_K': 128, 'num_buffers': 5, 'STEALB': False}, num_warps=4
  Runtime best config: {'BLOCK_M': 128, 'BLOCK_N': 64, 'BLOCK_K': 64, 'num_buffers': 5, 'STEALB': False}, num_warps=4
start 32768-16-4096
finish 32768-16-4096, (45/169) -> Dense: 46.869049984667356, Precomp: 78.35906440705838, Runtime: 45.532162170946144
  Dense   best config: {'BLOCK_M': 128, 'BLOCK_N': 64, 'BLOCK_K': 128, 'num_buffers': 4, 'STEALB': True}, num_warps=4
  Sparse  best config: {'BLOCK_M': 256, 'BLOCK_N': 64, 'BLOCK_K': 128, 'num_buffers': 3, 'STEALB': False}, num_warps=4
  Runtime best config: {'BLOCK_M': 128, 'BLOCK_N': 64, 'BLOCK_K': 128, 'num_buffers': 3, 'STEALB': False}, num_warps=8
start 2048-16-49152
finish 2048-16-49152, (46/169) -> Dense: 23.871391357138965, Precomp: 30.427664043985814, Runtime: 16.852296064345765
  Dense   best config: {'BLOCK_M': 64, 'BLOCK_N': 64, 'BLOCK_K': 64, 'num_buffers': 7, 'STEALB': True}, num_warps=4
  Sparse  best config: {'BLOCK_M': 64, 'BLOCK_N': 64, 'BLOCK_K': 128, 'num_buffers': 6, 'STEALB': True}, num_warps=8
  Runtime best config: {'BLOCK_M': 64, 'BLOCK_N': 64, 'BLOCK_K': 128, 'num_buffers': 4, 'STEALB': False}, num_warps=4
start 3072-16-32768
finish 3072-16-32768, (47/169) -> Dense: 31.780498159452623, Precomp: 40.654903335848076, Runtime: 24.999459353321672
  Dense   best config: {'BLOCK_M': 64, 'BLOCK_N': 64, 'BLOCK_K': 64, 'num_buffers': 7, 'STEALB': False}, num_warps=4
  Sparse  best config: {'BLOCK_M': 64, 'BLOCK_N': 64, 'BLOCK_K': 128, 'num_buffers': 7, 'STEALB': True}, num_warps=8
  Runtime best config: {'BLOCK_M': 64, 'BLOCK_N': 64, 'BLOCK_K': 256, 'num_buffers': 3, 'STEALB': True}, num_warps=4
start 4096-16-24576
finish 4096-16-24576, (48/169) -> Dense: 41.054747945631846, Precomp: 52.53507689404914, Runtime: 32.24706147576933
  Dense   best config: {'BLOCK_M': 64, 'BLOCK_N': 64, 'BLOCK_K': 128, 'num_buffers': 6, 'STEALB': False}, num_warps=4
  Sparse  best config: {'BLOCK_M': 64, 'BLOCK_N': 64, 'BLOCK_K': 128, 'num_buffers': 6, 'STEALB': True}, num_warps=4
  Runtime best config: {'BLOCK_M': 64, 'BLOCK_N': 64, 'BLOCK_K': 256, 'num_buffers': 3, 'STEALB': True}, num_warps=4
start 6144-16-16384
finish 6144-16-16384, (49/169) -> Dense: 43.490798229779294, Precomp: 58.73413627293564, Runtime: 42.71795581994716
  Dense   best config: {'BLOCK_M': 64, 'BLOCK_N': 64, 'BLOCK_K': 128, 'num_buffers': 4, 'STEALB': False}, num_warps=4
  Sparse  best config: {'BLOCK_M': 128, 'BLOCK_N': 64, 'BLOCK_K': 128, 'num_buffers': 5, 'STEALB': False}, num_warps=4
  Runtime best config: {'BLOCK_M': 64, 'BLOCK_N': 64, 'BLOCK_K': 128, 'num_buffers': 5, 'STEALB': False}, num_warps=4
start 8192-16-12288
finish 8192-16-12288, (50/169) -> Dense: 45.81779518190546, Precomp: 71.93924112541265, Runtime: 43.42593601043397
  Dense   best config: {'BLOCK_M': 64, 'BLOCK_N': 64, 'BLOCK_K': 128, 'num_buffers': 6, 'STEALB': False}, num_warps=4
  Sparse  best config: {'BLOCK_M': 128, 'BLOCK_N': 64, 'BLOCK_K': 128, 'num_buffers': 6, 'STEALB': False}, num_warps=4
  Runtime best config: {'BLOCK_M': 64, 'BLOCK_N': 64, 'BLOCK_K': 128, 'num_buffers': 5, 'STEALB': False}, num_warps=4
start 12288-16-8192
finish 12288-16-8192, (51/169) -> Dense: 46.07267448965988, Precomp: 73.01491865224897, Runtime: 44.477627421333985
  Dense   best config: {'BLOCK_M': 128, 'BLOCK_N': 64, 'BLOCK_K': 64, 'num_buffers': 5, 'STEALB': False}, num_warps=4
  Sparse  best config: {'BLOCK_M': 128, 'BLOCK_N': 64, 'BLOCK_K': 128, 'num_buffers': 4, 'STEALB': True}, num_warps=4
  Runtime best config: {'BLOCK_M': 128, 'BLOCK_N': 64, 'BLOCK_K': 128, 'num_buffers': 4, 'STEALB': False}, num_warps=8
start 16384-16-6144
finish 16384-16-6144, (52/169) -> Dense: 46.334244227908194, Precomp: 75.00280223851638, Runtime: 44.660265495770815
  Dense   best config: {'BLOCK_M': 128, 'BLOCK_N': 64, 'BLOCK_K': 128, 'num_buffers': 4, 'STEALB': True}, num_warps=4
  Sparse  best config: {'BLOCK_M': 128, 'BLOCK_N': 64, 'BLOCK_K': 128, 'num_buffers': 5, 'STEALB': False}, num_warps=4
  Runtime best config: {'BLOCK_M': 128, 'BLOCK_N': 64, 'BLOCK_K': 64, 'num_buffers': 5, 'STEALB': False}, num_warps=4
start 24576-16-4096
finish 24576-16-4096, (53/169) -> Dense: 45.502385683681815, Precomp: 74.97550506854004, Runtime: 44.207934030246825
  Dense   best config: {'BLOCK_M': 128, 'BLOCK_N': 64, 'BLOCK_K': 128, 'num_buffers': 4, 'STEALB': False}, num_warps=4
  Sparse  best config: {'BLOCK_M': 256, 'BLOCK_N': 64, 'BLOCK_K': 128, 'num_buffers': 3, 'STEALB': False}, num_warps=4
  Runtime best config: {'BLOCK_M': 128, 'BLOCK_N': 64, 'BLOCK_K': 128, 'num_buffers': 4, 'STEALB': True}, num_warps=8
start 32768-16-3072
finish 32768-16-3072, (54/169) -> Dense: 45.87800979089214, Precomp: 75.1910730893628, Runtime: 44.05255836648758
  Dense   best config: {'BLOCK_M': 128, 'BLOCK_N': 64, 'BLOCK_K': 128, 'num_buffers': 4, 'STEALB': True}, num_warps=4
  Sparse  best config: {'BLOCK_M': 256, 'BLOCK_N': 64, 'BLOCK_K': 128, 'num_buffers': 3, 'STEALB': False}, num_warps=4
  Runtime best config: {'BLOCK_M': 128, 'BLOCK_N': 64, 'BLOCK_K': 128, 'num_buffers': 3, 'STEALB': False}, num_warps=4
start 49152-16-2048
finish 49152-16-2048, (55/169) -> Dense: 45.51983514645723, Precomp: 74.2031540448743, Runtime: 43.59497654444597
  Dense   best config: {'BLOCK_M': 128, 'BLOCK_N': 64, 'BLOCK_K': 128, 'num_buffers': 4, 'STEALB': True}, num_warps=4
  Sparse  best config: {'BLOCK_M': 128, 'BLOCK_N': 64, 'BLOCK_K': 128, 'num_buffers': 6, 'STEALB': False}, num_warps=4
  Runtime best config: {'BLOCK_M': 128, 'BLOCK_N': 64, 'BLOCK_K': 128, 'num_buffers': 3, 'STEALB': False}, num_warps=4
start 1536-16-49152
finish 1536-16-49152, (56/169) -> Dense: 19.6472776381423, Precomp: 25.099233673565525, Runtime: 12.70258267539475
  Dense   best config: {'BLOCK_M': 64, 'BLOCK_N': 64, 'BLOCK_K': 128, 'num_buffers': 6, 'STEALB': True}, num_warps=8
  Sparse  best config: {'BLOCK_M': 64, 'BLOCK_N': 64, 'BLOCK_K': 128, 'num_buffers': 6, 'STEALB': False}, num_warps=8
  Runtime best config: {'BLOCK_M': 64, 'BLOCK_N': 64, 'BLOCK_K': 128, 'num_buffers': 4, 'STEALB': False}, num_warps=4
start 3072-16-24576
finish 3072-16-24576, (57/169) -> Dense: 31.511183421340125, Precomp: 40.17478126394428, Runtime: 24.662548536171652
  Dense   best config: {'BLOCK_M': 64, 'BLOCK_N': 64, 'BLOCK_K': 128, 'num_buffers': 6, 'STEALB': False}, num_warps=4
  Sparse  best config: {'BLOCK_M': 64, 'BLOCK_N': 64, 'BLOCK_K': 128, 'num_buffers': 5, 'STEALB': False}, num_warps=8
  Runtime best config: {'BLOCK_M': 64, 'BLOCK_N': 64, 'BLOCK_K': 256, 'num_buffers': 3, 'STEALB': True}, num_warps=4
start 6144-16-12288
finish 6144-16-12288, (58/169) -> Dense: 42.6723908161213, Precomp: 57.27001487016547, Runtime: 41.10249246121606
  Dense   best config: {'BLOCK_M': 64, 'BLOCK_N': 64, 'BLOCK_K': 128, 'num_buffers': 5, 'STEALB': False}, num_warps=4
  Sparse  best config: {'BLOCK_M': 128, 'BLOCK_N': 64, 'BLOCK_K': 128, 'num_buffers': 5, 'STEALB': True}, num_warps=4
  Runtime best config: {'BLOCK_M': 64, 'BLOCK_N': 64, 'BLOCK_K': 128, 'num_buffers': 5, 'STEALB': False}, num_warps=4
start 12288-16-6144
finish 12288-16-6144, (59/169) -> Dense: 44.44637759756083, Precomp: 69.37751975805382, Runtime: 42.41884765064996
  Dense   best config: {'BLOCK_M': 128, 'BLOCK_N': 64, 'BLOCK_K': 64, 'num_buffers': 5, 'STEALB': False}, num_warps=4
  Sparse  best config: {'BLOCK_M': 128, 'BLOCK_N': 64, 'BLOCK_K': 128, 'num_buffers': 4, 'STEALB': True}, num_warps=4
  Runtime best config: {'BLOCK_M': 128, 'BLOCK_N': 64, 'BLOCK_K': 128, 'num_buffers': 4, 'STEALB': False}, num_warps=8
start 24576-16-3072
finish 24576-16-3072, (60/169) -> Dense: 44.70989032326994, Precomp: 71.69261488549047, Runtime: 42.90641918719846
  Dense   best config: {'BLOCK_M': 128, 'BLOCK_N': 64, 'BLOCK_K': 128, 'num_buffers': 4, 'STEALB': False}, num_warps=4
  Sparse  best config: {'BLOCK_M': 128, 'BLOCK_N': 64, 'BLOCK_K': 128, 'num_buffers': 6, 'STEALB': False}, num_warps=4
  Runtime best config: {'BLOCK_M': 128, 'BLOCK_N': 64, 'BLOCK_K': 128, 'num_buffers': 4, 'STEALB': False}, num_warps=8
start 49152-16-1536
finish 49152-16-1536, (61/169) -> Dense: 44.5264079803134, Precomp: 70.06500335543828, Runtime: 42.22080648659313
  Dense   best config: {'BLOCK_M': 128, 'BLOCK_N': 64, 'BLOCK_K': 128, 'num_buffers': 4, 'STEALB': True}, num_warps=4
  Sparse  best config: {'BLOCK_M': 128, 'BLOCK_N': 64, 'BLOCK_K': 128, 'num_buffers': 6, 'STEALB': False}, num_warps=4
  Runtime best config: {'BLOCK_M': 128, 'BLOCK_N': 64, 'BLOCK_K': 128, 'num_buffers': 3, 'STEALB': False}, num_warps=8
start 2048-16-32768
finish 2048-16-32768, (62/169) -> Dense: 23.536069898951432, Precomp: 30.026818331759696, Runtime: 16.63181045181874
  Dense   best config: {'BLOCK_M': 64, 'BLOCK_N': 64, 'BLOCK_K': 64, 'num_buffers': 7, 'STEALB': False}, num_warps=4
  Sparse  best config: {'BLOCK_M': 64, 'BLOCK_N': 64, 'BLOCK_K': 128, 'num_buffers': 5, 'STEALB': True}, num_warps=8
  Runtime best config: {'BLOCK_M': 64, 'BLOCK_N': 64, 'BLOCK_K': 128, 'num_buffers': 4, 'STEALB': False}, num_warps=4
start 4096-16-16384
finish 4096-16-16384, (63/169) -> Dense: 40.4692673746726, Precomp: 51.436151444394866, Runtime: 31.555853017538688
  Dense   best config: {'BLOCK_M': 64, 'BLOCK_N': 64, 'BLOCK_K': 128, 'num_buffers': 5, 'STEALB': False}, num_warps=4
  Sparse  best config: {'BLOCK_M': 64, 'BLOCK_N': 64, 'BLOCK_K': 128, 'num_buffers': 6, 'STEALB': False}, num_warps=4
  Runtime best config: {'BLOCK_M': 64, 'BLOCK_N': 64, 'BLOCK_K': 128, 'num_buffers': 5, 'STEALB': False}, num_warps=4
start 8192-16-8192
finish 8192-16-8192, (64/169) -> Dense: 44.590794752116665, Precomp: 67.05147074883634, Runtime: 42.176155216017825
  Dense   best config: {'BLOCK_M': 64, 'BLOCK_N': 64, 'BLOCK_K': 128, 'num_buffers': 6, 'STEALB': False}, num_warps=4
  Sparse  best config: {'BLOCK_M': 128, 'BLOCK_N': 64, 'BLOCK_K': 128, 'num_buffers': 5, 'STEALB': False}, num_warps=4
  Runtime best config: {'BLOCK_M': 64, 'BLOCK_N': 64, 'BLOCK_K': 128, 'num_buffers': 5, 'STEALB': False}, num_warps=4
start 16384-16-4096
finish 16384-16-4096, (65/169) -> Dense: 45.1366518106116, Precomp: 72.32283739318457, Runtime: 43.146258208038255
  Dense   best config: {'BLOCK_M': 128, 'BLOCK_N': 64, 'BLOCK_K': 128, 'num_buffers': 4, 'STEALB': True}, num_warps=4
  Sparse  best config: {'BLOCK_M': 128, 'BLOCK_N': 64, 'BLOCK_K': 128, 'num_buffers': 5, 'STEALB': False}, num_warps=4
  Runtime best config: {'BLOCK_M': 128, 'BLOCK_N': 64, 'BLOCK_K': 128, 'num_buffers': 4, 'STEALB': False}, num_warps=8
start 32768-16-2048
finish 32768-16-2048, (66/169) -> Dense: 44.65793558399677, Precomp: 71.44039033174859, Runtime: 42.86489955475763
  Dense   best config: {'BLOCK_M': 256, 'BLOCK_N': 64, 'BLOCK_K': 64, 'num_buffers': 4, 'STEALB': False}, num_warps=4
  Sparse  best config: {'BLOCK_M': 256, 'BLOCK_N': 64, 'BLOCK_K': 64, 'num_buffers': 6, 'STEALB': False}, num_warps=4
  Runtime best config: {'BLOCK_M': 256, 'BLOCK_N': 64, 'BLOCK_K': 64, 'num_buffers': 3, 'STEALB': False}, num_warps=8
start 1024-16-49152
finish 1024-16-49152, (67/169) -> Dense: 14.50214589904765, Precomp: 18.75176483525569, Runtime: 8.817774714075698
  Dense   best config: {'BLOCK_M': 64, 'BLOCK_N': 64, 'BLOCK_K': 128, 'num_buffers': 6, 'STEALB': False}, num_warps=8
  Sparse  best config: {'BLOCK_M': 64, 'BLOCK_N': 64, 'BLOCK_K': 128, 'num_buffers': 6, 'STEALB': True}, num_warps=4
  Runtime best config: {'BLOCK_M': 64, 'BLOCK_N': 64, 'BLOCK_K': 256, 'num_buffers': 3, 'STEALB': True}, num_warps=4
start 1536-16-32768
finish 1536-16-32768, (68/169) -> Dense: 19.560898460166836, Precomp: 24.646713763585055, Runtime: 12.595375978079069
  Dense   best config: {'BLOCK_M': 64, 'BLOCK_N': 64, 'BLOCK_K': 128, 'num_buffers': 6, 'STEALB': True}, num_warps=8
  Sparse  best config: {'BLOCK_M': 64, 'BLOCK_N': 64, 'BLOCK_K': 128, 'num_buffers': 6, 'STEALB': False}, num_warps=8
  Runtime best config: {'BLOCK_M': 64, 'BLOCK_N': 64, 'BLOCK_K': 128, 'num_buffers': 4, 'STEALB': False}, num_warps=4
start 2048-16-24576
finish 2048-16-24576, (69/169) -> Dense: 23.37622862385945, Precomp: 29.618251153901394, Runtime: 16.544659322312523
  Dense   best config: {'BLOCK_M': 64, 'BLOCK_N': 64, 'BLOCK_K': 64, 'num_buffers': 7, 'STEALB': False}, num_warps=4
  Sparse  best config: {'BLOCK_M': 64, 'BLOCK_N': 64, 'BLOCK_K': 128, 'num_buffers': 5, 'STEALB': False}, num_warps=4
  Runtime best config: {'BLOCK_M': 64, 'BLOCK_N': 64, 'BLOCK_K': 128, 'num_buffers': 4, 'STEALB': False}, num_warps=4
start 3072-16-16384
finish 3072-16-16384, (70/169) -> Dense: 30.970390309209485, Precomp: 39.50772133129968, Runtime: 23.99974512728008
  Dense   best config: {'BLOCK_M': 64, 'BLOCK_N': 64, 'BLOCK_K': 128, 'num_buffers': 6, 'STEALB': False}, num_warps=4
  Sparse  best config: {'BLOCK_M': 64, 'BLOCK_N': 64, 'BLOCK_K': 128, 'num_buffers': 5, 'STEALB': True}, num_warps=4
  Runtime best config: {'BLOCK_M': 64, 'BLOCK_N': 64, 'BLOCK_K': 256, 'num_buffers': 3, 'STEALB': True}, num_warps=4
start 4096-16-12288
finish 4096-16-12288, (71/169) -> Dense: 38.60077662610861, Precomp: 50.04584008255528, Runtime: 30.845264517777334
  Dense   best config: {'BLOCK_M': 64, 'BLOCK_N': 64, 'BLOCK_K': 128, 'num_buffers': 5, 'STEALB': False}, num_warps=4
  Sparse  best config: {'BLOCK_M': 64, 'BLOCK_N': 64, 'BLOCK_K': 128, 'num_buffers': 6, 'STEALB': False}, num_warps=4
  Runtime best config: {'BLOCK_M': 64, 'BLOCK_N': 64, 'BLOCK_K': 128, 'num_buffers': 5, 'STEALB': False}, num_warps=4
start 6144-16-8192
finish 6144-16-8192, (72/169) -> Dense: 40.821081429551114, Precomp: 55.453739323989176, Runtime: 39.29152368884953
  Dense   best config: {'BLOCK_M': 64, 'BLOCK_N': 64, 'BLOCK_K': 128, 'num_buffers': 5, 'STEALB': False}, num_warps=4
  Sparse  best config: {'BLOCK_M': 128, 'BLOCK_N': 64, 'BLOCK_K': 128, 'num_buffers': 5, 'STEALB': True}, num_warps=4
  Runtime best config: {'BLOCK_M': 64, 'BLOCK_N': 64, 'BLOCK_K': 128, 'num_buffers': 5, 'STEALB': False}, num_warps=4
start 8192-16-6144
finish 8192-16-6144, (73/169) -> Dense: 42.70197050136478, Precomp: 64.17576205830828, Runtime: 40.13699083868395
  Dense   best config: {'BLOCK_M': 64, 'BLOCK_N': 64, 'BLOCK_K': 128, 'num_buffers': 6, 'STEALB': False}, num_warps=4
  Sparse  best config: {'BLOCK_M': 128, 'BLOCK_N': 64, 'BLOCK_K': 128, 'num_buffers': 6, 'STEALB': True}, num_warps=4
  Runtime best config: {'BLOCK_M': 64, 'BLOCK_N': 64, 'BLOCK_K': 128, 'num_buffers': 5, 'STEALB': False}, num_warps=4
start 12288-16-4096
finish 12288-16-4096, (74/169) -> Dense: 42.868173325364474, Precomp: 65.78900321836002, Runtime: 40.28138402022009
  Dense   best config: {'BLOCK_M': 128, 'BLOCK_N': 64, 'BLOCK_K': 64, 'num_buffers': 5, 'STEALB': False}, num_warps=4
  Sparse  best config: {'BLOCK_M': 128, 'BLOCK_N': 64, 'BLOCK_K': 128, 'num_buffers': 5, 'STEALB': False}, num_warps=4
  Runtime best config: {'BLOCK_M': 128, 'BLOCK_N': 64, 'BLOCK_K': 128, 'num_buffers': 4, 'STEALB': False}, num_warps=8
start 16384-16-3072
finish 16384-16-3072, (75/169) -> Dense: 43.50413229680013, Precomp: 67.96262898012807, Runtime: 41.73431752708089
  Dense   best config: {'BLOCK_M': 128, 'BLOCK_N': 64, 'BLOCK_K': 128, 'num_buffers': 4, 'STEALB': False}, num_warps=4
  Sparse  best config: {'BLOCK_M': 128, 'BLOCK_N': 64, 'BLOCK_K': 128, 'num_buffers': 5, 'STEALB': False}, num_warps=4
  Runtime best config: {'BLOCK_M': 128, 'BLOCK_N': 64, 'BLOCK_K': 128, 'num_buffers': 4, 'STEALB': False}, num_warps=8
start 24576-16-2048
finish 24576-16-2048, (76/169) -> Dense: 43.00016712139595, Precomp: 68.05923410153962, Runtime: 40.646869881152824
  Dense   best config: {'BLOCK_M': 128, 'BLOCK_N': 64, 'BLOCK_K': 128, 'num_buffers': 4, 'STEALB': False}, num_warps=4
  Sparse  best config: {'BLOCK_M': 256, 'BLOCK_N': 64, 'BLOCK_K': 128, 'num_buffers': 3, 'STEALB': False}, num_warps=4
  Runtime best config: {'BLOCK_M': 128, 'BLOCK_N': 64, 'BLOCK_K': 64, 'num_buffers': 7, 'STEALB': False}, num_warps=4
start 32768-16-1536
finish 32768-16-1536, (77/169) -> Dense: 43.30171254690782, Precomp: 67.03727422899792, Runtime: 41.68360966449499
  Dense   best config: {'BLOCK_M': 256, 'BLOCK_N': 64, 'BLOCK_K': 64, 'num_buffers': 4, 'STEALB': False}, num_warps=4
  Sparse  best config: {'BLOCK_M': 256, 'BLOCK_N': 64, 'BLOCK_K': 64, 'num_buffers': 7, 'STEALB': False}, num_warps=4
  Runtime best config: {'BLOCK_M': 256, 'BLOCK_N': 64, 'BLOCK_K': 64, 'num_buffers': 4, 'STEALB': False}, num_warps=8
start 49152-16-1024
finish 49152-16-1024, (78/169) -> Dense: 43.05293852814697, Precomp: 66.88999950076432, Runtime: 41.267177084848896
  Dense   best config: {'BLOCK_M': 128, 'BLOCK_N': 64, 'BLOCK_K': 128, 'num_buffers': 4, 'STEALB': True}, num_warps=4
  Sparse  best config: {'BLOCK_M': 128, 'BLOCK_N': 64, 'BLOCK_K': 128, 'num_buffers': 5, 'STEALB': True}, num_warps=4
  Runtime best config: {'BLOCK_M': 128, 'BLOCK_N': 64, 'BLOCK_K': 128, 'num_buffers': 4, 'STEALB': False}, num_warps=8
start 768-16-49152
finish 768-16-49152, (79/169) -> Dense: 10.894716555661905, Precomp: 14.296731502043874, Runtime: 6.603197956589069
  Dense   best config: {'BLOCK_M': 64, 'BLOCK_N': 64, 'BLOCK_K': 128, 'num_buffers': 5, 'STEALB': False}, num_warps=4
  Sparse  best config: {'BLOCK_M': 64, 'BLOCK_N': 64, 'BLOCK_K': 128, 'num_buffers': 5, 'STEALB': True}, num_warps=4
  Runtime best config: {'BLOCK_M': 64, 'BLOCK_N': 64, 'BLOCK_K': 256, 'num_buffers': 3, 'STEALB': True}, num_warps=4
start 1536-16-24576
finish 1536-16-24576, (80/169) -> Dense: 19.525113128615924, Precomp: 24.28583222389217, Runtime: 12.504426274323988
  Dense   best config: {'BLOCK_M': 64, 'BLOCK_N': 64, 'BLOCK_K': 128, 'num_buffers': 6, 'STEALB': True}, num_warps=8
  Sparse  best config: {'BLOCK_M': 64, 'BLOCK_N': 64, 'BLOCK_K': 128, 'num_buffers': 6, 'STEALB': False}, num_warps=8
  Runtime best config: {'BLOCK_M': 64, 'BLOCK_N': 64, 'BLOCK_K': 128, 'num_buffers': 4, 'STEALB': False}, num_warps=4
start 3072-16-12288
finish 3072-16-12288, (81/169) -> Dense: 30.8113481877786, Precomp: 38.62206029657863, Runtime: 23.56374627704024
  Dense   best config: {'BLOCK_M': 64, 'BLOCK_N': 64, 'BLOCK_K': 128, 'num_buffers': 5, 'STEALB': False}, num_warps=4
  Sparse  best config: {'BLOCK_M': 64, 'BLOCK_N': 64, 'BLOCK_K': 128, 'num_buffers': 5, 'STEALB': False}, num_warps=4
  Runtime best config: {'BLOCK_M': 64, 'BLOCK_N': 64, 'BLOCK_K': 128, 'num_buffers': 5, 'STEALB': False}, num_warps=4
start 6144-16-6144
finish 6144-16-6144, (82/169) -> Dense: 38.95353411927409, Precomp: 53.564668766548984, Runtime: 36.76899423674686
  Dense   best config: {'BLOCK_M': 64, 'BLOCK_N': 64, 'BLOCK_K': 128, 'num_buffers': 5, 'STEALB': False}, num_warps=4
  Sparse  best config: {'BLOCK_M': 128, 'BLOCK_N': 64, 'BLOCK_K': 128, 'num_buffers': 5, 'STEALB': False}, num_warps=4
  Runtime best config: {'BLOCK_M': 64, 'BLOCK_N': 64, 'BLOCK_K': 128, 'num_buffers': 5, 'STEALB': False}, num_warps=4
start 12288-16-3072
finish 12288-16-3072, (83/169) -> Dense: 41.047779718743264, Precomp: 67.0187637637778, Runtime: 37.546915368533945
  Dense   best config: {'BLOCK_M': 128, 'BLOCK_N': 64, 'BLOCK_K': 64, 'num_buffers': 6, 'STEALB': False}, num_warps=4
  Sparse  best config: {'BLOCK_M': 128, 'BLOCK_N': 64, 'BLOCK_K': 128, 'num_buffers': 4, 'STEALB': True}, num_warps=4
  Runtime best config: {'BLOCK_M': 128, 'BLOCK_N': 64, 'BLOCK_K': 64, 'num_buffers': 5, 'STEALB': False}, num_warps=4
start 24576-16-1536
finish 24576-16-1536, (84/169) -> Dense: 41.088033851551494, Precomp: 76.73118102762533, Runtime: 39.296869313048866
  Dense   best config: {'BLOCK_M': 256, 'BLOCK_N': 64, 'BLOCK_K': 64, 'num_buffers': 4, 'STEALB': False}, num_warps=4
  Sparse  best config: {'BLOCK_M': 256, 'BLOCK_N': 64, 'BLOCK_K': 128, 'num_buffers': 3, 'STEALB': False}, num_warps=4
  Runtime best config: {'BLOCK_M': 256, 'BLOCK_N': 64, 'BLOCK_K': 64, 'num_buffers': 4, 'STEALB': False}, num_warps=8
start 49152-16-768
finish 49152-16-768, (85/169) -> Dense: 41.04358898553138, Precomp: 67.8478838430456, Runtime: 39.12093069247022
  Dense   best config: {'BLOCK_M': 128, 'BLOCK_N': 64, 'BLOCK_K': 128, 'num_buffers': 4, 'STEALB': False}, num_warps=4
  Sparse  best config: {'BLOCK_M': 128, 'BLOCK_N': 64, 'BLOCK_K': 128, 'num_buffers': 6, 'STEALB': True}, num_warps=8
  Runtime best config: {'BLOCK_M': 128, 'BLOCK_N': 64, 'BLOCK_K': 128, 'num_buffers': 4, 'STEALB': False}, num_warps=8
start 1024-16-32768
finish 1024-16-32768, (86/169) -> Dense: 14.330141497540255, Precomp: 18.631029009186868, Runtime: 8.7432731885129
  Dense   best config: {'BLOCK_M': 64, 'BLOCK_N': 64, 'BLOCK_K': 128, 'num_buffers': 5, 'STEALB': False}, num_warps=4
  Sparse  best config: {'BLOCK_M': 64, 'BLOCK_N': 64, 'BLOCK_K': 128, 'num_buffers': 6, 'STEALB': True}, num_warps=4
  Runtime best config: {'BLOCK_M': 64, 'BLOCK_N': 64, 'BLOCK_K': 256, 'num_buffers': 3, 'STEALB': True}, num_warps=4
start 2048-16-16384
finish 2048-16-16384, (87/169) -> Dense: 22.866297117215975, Precomp: 29.055933115802755, Runtime: 16.266225966857032
  Dense   best config: {'BLOCK_M': 64, 'BLOCK_N': 64, 'BLOCK_K': 128, 'num_buffers': 6, 'STEALB': False}, num_warps=4
  Sparse  best config: {'BLOCK_M': 64, 'BLOCK_N': 64, 'BLOCK_K': 128, 'num_buffers': 6, 'STEALB': True}, num_warps=8
  Runtime best config: {'BLOCK_M': 64, 'BLOCK_N': 64, 'BLOCK_K': 128, 'num_buffers': 4, 'STEALB': False}, num_warps=4
start 4096-16-8192
finish 4096-16-8192, (88/169) -> Dense: 36.726119443667585, Precomp: 48.268996720149275, Runtime: 29.294038086555968
  Dense   best config: {'BLOCK_M': 64, 'BLOCK_N': 64, 'BLOCK_K': 128, 'num_buffers': 5, 'STEALB': False}, num_warps=4
  Sparse  best config: {'BLOCK_M': 64, 'BLOCK_N': 64, 'BLOCK_K': 128, 'num_buffers': 5, 'STEALB': True}, num_warps=4
  Runtime best config: {'BLOCK_M': 64, 'BLOCK_N': 64, 'BLOCK_K': 128, 'num_buffers': 5, 'STEALB': False}, num_warps=4
start 8192-16-4096
finish 8192-16-4096, (89/169) -> Dense: 40.299443275003185, Precomp: 65.41696885238349, Runtime: 37.59933010220124
  Dense   best config: {'BLOCK_M': 128, 'BLOCK_N': 64, 'BLOCK_K': 128, 'num_buffers': 4, 'STEALB': False}, num_warps=4
  Sparse  best config: {'BLOCK_M': 128, 'BLOCK_N': 64, 'BLOCK_K': 128, 'num_buffers': 5, 'STEALB': False}, num_warps=4
  Runtime best config: {'BLOCK_M': 64, 'BLOCK_N': 64, 'BLOCK_K': 128, 'num_buffers': 6, 'STEALB': False}, num_warps=4
start 16384-16-2048
finish 16384-16-2048, (90/169) -> Dense: 41.363096192235055, Precomp: 77.0069598949532, Runtime: 39.115245014321616
  Dense   best config: {'BLOCK_M': 128, 'BLOCK_N': 64, 'BLOCK_K': 128, 'num_buffers': 4, 'STEALB': True}, num_warps=4
  Sparse  best config: {'BLOCK_M': 256, 'BLOCK_N': 64, 'BLOCK_K': 64, 'num_buffers': 5, 'STEALB': False}, num_warps=4
  Runtime best config: {'BLOCK_M': 128, 'BLOCK_N': 64, 'BLOCK_K': 128, 'num_buffers': 4, 'STEALB': False}, num_warps=8
start 32768-16-1024
finish 32768-16-1024, (91/169) -> Dense: 40.956877835182425, Precomp: 86.49369547520308, Runtime: 39.876167762617584
  Dense   best config: {'BLOCK_M': 128, 'BLOCK_N': 64, 'BLOCK_K': 128, 'num_buffers': 4, 'STEALB': False}, num_warps=4
  Sparse  best config: {'BLOCK_M': 256, 'BLOCK_N': 64, 'BLOCK_K': 64, 'num_buffers': 5, 'STEALB': False}, num_warps=4
  Runtime best config: {'BLOCK_M': 256, 'BLOCK_N': 64, 'BLOCK_K': 64, 'num_buffers': 3, 'STEALB': False}, num_warps=4
start 768-16-32768
finish 768-16-32768, (92/169) -> Dense: 10.77904509875193, Precomp: 14.428393885727726, Runtime: 6.54138067470205
  Dense   best config: {'BLOCK_M': 64, 'BLOCK_N': 64, 'BLOCK_K': 128, 'num_buffers': 5, 'STEALB': False}, num_warps=4
  Sparse  best config: {'BLOCK_M': 64, 'BLOCK_N': 64, 'BLOCK_K': 128, 'num_buffers': 6, 'STEALB': True}, num_warps=4
  Runtime best config: {'BLOCK_M': 64, 'BLOCK_N': 64, 'BLOCK_K': 256, 'num_buffers': 3, 'STEALB': True}, num_warps=4
start 1024-16-24576
finish 1024-16-24576, (93/169) -> Dense: 14.209458858075392, Precomp: 18.80738336645939, Runtime: 8.665070110746258
  Dense   best config: {'BLOCK_M': 64, 'BLOCK_N': 64, 'BLOCK_K': 128, 'num_buffers': 5, 'STEALB': False}, num_warps=4
  Sparse  best config: {'BLOCK_M': 64, 'BLOCK_N': 64, 'BLOCK_K': 128, 'num_buffers': 5, 'STEALB': True}, num_warps=4
  Runtime best config: {'BLOCK_M': 64, 'BLOCK_N': 64, 'BLOCK_K': 256, 'num_buffers': 3, 'STEALB': True}, num_warps=4
start 1536-16-16384
finish 1536-16-16384, (94/169) -> Dense: 19.08626385757178, Precomp: 24.09545392624478, Runtime: 12.29591022053627
  Dense   best config: {'BLOCK_M': 64, 'BLOCK_N': 64, 'BLOCK_K': 128, 'num_buffers': 6, 'STEALB': True}, num_warps=8
  Sparse  best config: {'BLOCK_M': 64, 'BLOCK_N': 64, 'BLOCK_K': 128, 'num_buffers': 7, 'STEALB': True}, num_warps=4
  Runtime best config: {'BLOCK_M': 64, 'BLOCK_N': 64, 'BLOCK_K': 128, 'num_buffers': 4, 'STEALB': False}, num_warps=4
start 2048-16-12288
finish 2048-16-12288, (95/169) -> Dense: 22.53277746914643, Precomp: 29.160452161772643, Runtime: 15.875067949620416
  Dense   best config: {'BLOCK_M': 64, 'BLOCK_N': 64, 'BLOCK_K': 128, 'num_buffers': 6, 'STEALB': False}, num_warps=4
  Sparse  best config: {'BLOCK_M': 64, 'BLOCK_N': 64, 'BLOCK_K': 128, 'num_buffers': 5, 'STEALB': False}, num_warps=8
  Runtime best config: {'BLOCK_M': 64, 'BLOCK_N': 64, 'BLOCK_K': 128, 'num_buffers': 4, 'STEALB': False}, num_warps=4
start 3072-16-8192
finish 3072-16-8192, (96/169) -> Dense: 29.293796043574854, Precomp: 38.49662112028666, Runtime: 22.610266577921273
  Dense   best config: {'BLOCK_M': 64, 'BLOCK_N': 64, 'BLOCK_K': 128, 'num_buffers': 5, 'STEALB': False}, num_warps=4
  Sparse  best config: {'BLOCK_M': 64, 'BLOCK_N': 64, 'BLOCK_K': 128, 'num_buffers': 6, 'STEALB': True}, num_warps=8
  Runtime best config: {'BLOCK_M': 64, 'BLOCK_N': 64, 'BLOCK_K': 128, 'num_buffers': 5, 'STEALB': False}, num_warps=4
start 4096-16-6144
finish 4096-16-6144, (97/169) -> Dense: 35.675554531047716, Precomp: 47.69733086812248, Runtime: 28.59609810771107
  Dense   best config: {'BLOCK_M': 64, 'BLOCK_N': 64, 'BLOCK_K': 128, 'num_buffers': 5, 'STEALB': False}, num_warps=4
  Sparse  best config: {'BLOCK_M': 64, 'BLOCK_N': 64, 'BLOCK_K': 128, 'num_buffers': 6, 'STEALB': True}, num_warps=8
  Runtime best config: {'BLOCK_M': 64, 'BLOCK_N': 64, 'BLOCK_K': 128, 'num_buffers': 5, 'STEALB': False}, num_warps=4
start 6144-16-4096
finish 6144-16-4096, (98/169) -> Dense: 35.98820708776783, Precomp: 51.8293882933118, Runtime: 33.52609223775618
  Dense   best config: {'BLOCK_M': 64, 'BLOCK_N': 64, 'BLOCK_K': 128, 'num_buffers': 4, 'STEALB': False}, num_warps=4
  Sparse  best config: {'BLOCK_M': 128, 'BLOCK_N': 64, 'BLOCK_K': 128, 'num_buffers': 4, 'STEALB': True}, num_warps=4
  Runtime best config: {'BLOCK_M': 64, 'BLOCK_N': 64, 'BLOCK_K': 128, 'num_buffers': 5, 'STEALB': False}, num_warps=4
start 8192-16-3072
finish 8192-16-3072, (99/169) -> Dense: 37.74240796066697, Precomp: 63.01678961293185, Runtime: 34.97014278941363
  Dense   best config: {'BLOCK_M': 64, 'BLOCK_N': 64, 'BLOCK_K': 128, 'num_buffers': 6, 'STEALB': False}, num_warps=4
  Sparse  best config: {'BLOCK_M': 128, 'BLOCK_N': 64, 'BLOCK_K': 128, 'num_buffers': 5, 'STEALB': False}, num_warps=4
  Runtime best config: {'BLOCK_M': 64, 'BLOCK_N': 64, 'BLOCK_K': 128, 'num_buffers': 5, 'STEALB': False}, num_warps=4
start 12288-16-2048
finish 12288-16-2048, (100/169) -> Dense: 38.00681930844038, Precomp: 65.6888282145139, Runtime: 34.811689739198954
  Dense   best config: {'BLOCK_M': 128, 'BLOCK_N': 64, 'BLOCK_K': 64, 'num_buffers': 5, 'STEALB': False}, num_warps=4
  Sparse  best config: {'BLOCK_M': 128, 'BLOCK_N': 64, 'BLOCK_K': 128, 'num_buffers': 5, 'STEALB': False}, num_warps=4
  Runtime best config: {'BLOCK_M': 128, 'BLOCK_N': 64, 'BLOCK_K': 64, 'num_buffers': 5, 'STEALB': False}, num_warps=4
start 16384-16-1536
finish 16384-16-1536, (101/169) -> Dense: 38.94800585234615, Precomp: 71.419244311458, Runtime: 36.86678864798571
  Dense   best config: {'BLOCK_M': 128, 'BLOCK_N': 64, 'BLOCK_K': 128, 'num_buffers': 4, 'STEALB': True}, num_warps=4
  Sparse  best config: {'BLOCK_M': 256, 'BLOCK_N': 64, 'BLOCK_K': 64, 'num_buffers': 5, 'STEALB': False}, num_warps=4
  Runtime best config: {'BLOCK_M': 128, 'BLOCK_N': 64, 'BLOCK_K': 64, 'num_buffers': 6, 'STEALB': False}, num_warps=4
start 24576-16-1024
finish 24576-16-1024, (102/169) -> Dense: 38.1128322017015, Precomp: 75.54643617065508, Runtime: 35.71967679372864
  Dense   best config: {'BLOCK_M': 128, 'BLOCK_N': 64, 'BLOCK_K': 64, 'num_buffers': 6, 'STEALB': False}, num_warps=4
  Sparse  best config: {'BLOCK_M': 256, 'BLOCK_N': 64, 'BLOCK_K': 64, 'num_buffers': 5, 'STEALB': False}, num_warps=4
  Runtime best config: {'BLOCK_M': 128, 'BLOCK_N': 64, 'BLOCK_K': 128, 'num_buffers': 4, 'STEALB': False}, num_warps=8
start 32768-16-768
finish 32768-16-768, (103/169) -> Dense: 38.71681538106234, Precomp: 78.35970071389684, Runtime: 36.707577762576854
  Dense   best config: {'BLOCK_M': 128, 'BLOCK_N': 64, 'BLOCK_K': 128, 'num_buffers': 4, 'STEALB': False}, num_warps=4
  Sparse  best config: {'BLOCK_M': 256, 'BLOCK_N': 64, 'BLOCK_K': 64, 'num_buffers': 5, 'STEALB': False}, num_warps=4
  Runtime best config: {'BLOCK_M': 256, 'BLOCK_N': 64, 'BLOCK_K': 64, 'num_buffers': 3, 'STEALB': False}, num_warps=8
start 768-16-24576
finish 768-16-24576, (104/169) -> Dense: 10.760101136245611, Precomp: 14.502716302748333, Runtime: 6.614755350784514
  Dense   best config: {'BLOCK_M': 64, 'BLOCK_N': 64, 'BLOCK_K': 128, 'num_buffers': 5, 'STEALB': True}, num_warps=4
  Sparse  best config: {'BLOCK_M': 64, 'BLOCK_N': 64, 'BLOCK_K': 128, 'num_buffers': 5, 'STEALB': True}, num_warps=4
  Runtime best config: {'BLOCK_M': 64, 'BLOCK_N': 64, 'BLOCK_K': 256, 'num_buffers': 3, 'STEALB': True}, num_warps=4
start 1536-16-12288
finish 1536-16-12288, (105/169) -> Dense: 18.611261340635593, Precomp: 23.21361268393122, Runtime: 12.665363158814213
  Dense   best config: {'BLOCK_M': 64, 'BLOCK_N': 64, 'BLOCK_K': 128, 'num_buffers': 6, 'STEALB': True}, num_warps=8
  Sparse  best config: {'BLOCK_M': 64, 'BLOCK_N': 64, 'BLOCK_K': 128, 'num_buffers': 5, 'STEALB': True}, num_warps=4
  Runtime best config: {'BLOCK_M': 64, 'BLOCK_N': 64, 'BLOCK_K': 256, 'num_buffers': 3, 'STEALB': True}, num_warps=4
start 3072-16-6144
finish 3072-16-6144, (106/169) -> Dense: 29.105679536738158, Precomp: 36.17146095605573, Runtime: 22.374019076018552
  Dense   best config: {'BLOCK_M': 64, 'BLOCK_N': 64, 'BLOCK_K': 128, 'num_buffers': 4, 'STEALB': False}, num_warps=4
  Sparse  best config: {'BLOCK_M': 64, 'BLOCK_N': 64, 'BLOCK_K': 128, 'num_buffers': 6, 'STEALB': False}, num_warps=4
  Runtime best config: {'BLOCK_M': 64, 'BLOCK_N': 64, 'BLOCK_K': 128, 'num_buffers': 4, 'STEALB': False}, num_warps=4
start 6144-16-3072
finish 6144-16-3072, (107/169) -> Dense: 37.899534741510266, Precomp: 48.73123449026941, Runtime: 36.12510982534852
  Dense   best config: {'BLOCK_M': 64, 'BLOCK_N': 64, 'BLOCK_K': 128, 'num_buffers': 5, 'STEALB': False}, num_warps=4
  Sparse  best config: {'BLOCK_M': 128, 'BLOCK_N': 64, 'BLOCK_K': 128, 'num_buffers': 4, 'STEALB': True}, num_warps=4
  Runtime best config: {'BLOCK_M': 64, 'BLOCK_N': 64, 'BLOCK_K': 128, 'num_buffers': 5, 'STEALB': False}, num_warps=4
start 12288-16-1536
finish 12288-16-1536, (108/169) -> Dense: 47.06368110582819, Precomp: 60.338439854176464, Runtime: 41.02656804408892
  Dense   best config: {'BLOCK_M': 128, 'BLOCK_N': 64, 'BLOCK_K': 64, 'num_buffers': 5, 'STEALB': False}, num_warps=4
  Sparse  best config: {'BLOCK_M': 128, 'BLOCK_N': 64, 'BLOCK_K': 128, 'num_buffers': 5, 'STEALB': False}, num_warps=4
  Runtime best config: {'BLOCK_M': 128, 'BLOCK_N': 64, 'BLOCK_K': 128, 'num_buffers': 4, 'STEALB': False}, num_warps=8
start 24576-16-768
finish 24576-16-768, (109/169) -> Dense: 52.37275126959441, Precomp: 68.74717776631776, Runtime: 42.63368722795432
  Dense   best config: {'BLOCK_M': 256, 'BLOCK_N': 64, 'BLOCK_K': 64, 'num_buffers': 4, 'STEALB': False}, num_warps=4
  Sparse  best config: {'BLOCK_M': 256, 'BLOCK_N': 64, 'BLOCK_K': 64, 'num_buffers': 5, 'STEALB': False}, num_warps=4
  Runtime best config: {'BLOCK_M': 256, 'BLOCK_N': 64, 'BLOCK_K': 64, 'num_buffers': 4, 'STEALB': False}, num_warps=8
start 1024-16-16384
finish 1024-16-16384, (110/169) -> Dense: 13.845860824091252, Precomp: 18.57020708950009, Runtime: 8.711981300726276
  Dense   best config: {'BLOCK_M': 64, 'BLOCK_N': 64, 'BLOCK_K': 128, 'num_buffers': 6, 'STEALB': False}, num_warps=4
  Sparse  best config: {'BLOCK_M': 64, 'BLOCK_N': 64, 'BLOCK_K': 128, 'num_buffers': 5, 'STEALB': True}, num_warps=4
  Runtime best config: {'BLOCK_M': 64, 'BLOCK_N': 64, 'BLOCK_K': 256, 'num_buffers': 3, 'STEALB': True}, num_warps=4
start 2048-16-8192
finish 2048-16-8192, (111/169) -> Dense: 22.169315691169015, Precomp: 28.487434227573083, Runtime: 15.989847435325165
  Dense   best config: {'BLOCK_M': 64, 'BLOCK_N': 64, 'BLOCK_K': 64, 'num_buffers': 6, 'STEALB': True}, num_warps=4
  Sparse  best config: {'BLOCK_M': 64, 'BLOCK_N': 64, 'BLOCK_K': 128, 'num_buffers': 5, 'STEALB': False}, num_warps=8
  Runtime best config: {'BLOCK_M': 64, 'BLOCK_N': 64, 'BLOCK_K': 256, 'num_buffers': 3, 'STEALB': True}, num_warps=4
start 4096-16-4096
finish 4096-16-4096, (112/169) -> Dense: 35.42278731668113, Precomp: 44.202140315108764, Runtime: 29.09829476254421
  Dense   best config: {'BLOCK_M': 64, 'BLOCK_N': 64, 'BLOCK_K': 128, 'num_buffers': 5, 'STEALB': False}, num_warps=4
  Sparse  best config: {'BLOCK_M': 64, 'BLOCK_N': 64, 'BLOCK_K': 128, 'num_buffers': 5, 'STEALB': False}, num_warps=4
  Runtime best config: {'BLOCK_M': 64, 'BLOCK_N': 64, 'BLOCK_K': 256, 'num_buffers': 3, 'STEALB': True}, num_warps=4
start 8192-16-2048
finish 8192-16-2048, (113/169) -> Dense: 43.759594360603266, Precomp: 56.03859772982454, Runtime: 38.2886369634216
  Dense   best config: {'BLOCK_M': 128, 'BLOCK_N': 64, 'BLOCK_K': 128, 'num_buffers': 4, 'STEALB': False}, num_warps=4
  Sparse  best config: {'BLOCK_M': 128, 'BLOCK_N': 64, 'BLOCK_K': 128, 'num_buffers': 4, 'STEALB': True}, num_warps=4
  Runtime best config: {'BLOCK_M': 64, 'BLOCK_N': 64, 'BLOCK_K': 128, 'num_buffers': 5, 'STEALB': True}, num_warps=4
start 16384-16-1024
finish 16384-16-1024, (114/169) -> Dense: 49.32436341587185, Precomp: 62.88608927951261, Runtime: 43.41030902380274
  Dense   best config: {'BLOCK_M': 128, 'BLOCK_N': 64, 'BLOCK_K': 64, 'num_buffers': 5, 'STEALB': False}, num_warps=4
  Sparse  best config: {'BLOCK_M': 256, 'BLOCK_N': 64, 'BLOCK_K': 128, 'num_buffers': 3, 'STEALB': False}, num_warps=4
  Runtime best config: {'BLOCK_M': 128, 'BLOCK_N': 64, 'BLOCK_K': 64, 'num_buffers': 5, 'STEALB': False}, num_warps=4
start 768-16-16384
finish 768-16-16384, (115/169) -> Dense: 10.353031566208989, Precomp: 14.303842552964708, Runtime: 6.538517298059596
  Dense   best config: {'BLOCK_M': 64, 'BLOCK_N': 64, 'BLOCK_K': 128, 'num_buffers': 6, 'STEALB': True}, num_warps=4
  Sparse  best config: {'BLOCK_M': 64, 'BLOCK_N': 64, 'BLOCK_K': 128, 'num_buffers': 6, 'STEALB': True}, num_warps=4
  Runtime best config: {'BLOCK_M': 64, 'BLOCK_N': 64, 'BLOCK_K': 256, 'num_buffers': 3, 'STEALB': True}, num_warps=4
start 1024-16-12288
finish 1024-16-12288, (116/169) -> Dense: 13.74513219984195, Precomp: 18.119102131158805, Runtime: 8.57277985445666
  Dense   best config: {'BLOCK_M': 64, 'BLOCK_N': 64, 'BLOCK_K': 128, 'num_buffers': 6, 'STEALB': True}, num_warps=4
  Sparse  best config: {'BLOCK_M': 64, 'BLOCK_N': 64, 'BLOCK_K': 128, 'num_buffers': 5, 'STEALB': True}, num_warps=4
  Runtime best config: {'BLOCK_M': 64, 'BLOCK_N': 64, 'BLOCK_K': 256, 'num_buffers': 3, 'STEALB': True}, num_warps=4
start 1536-16-8192
finish 1536-16-8192, (117/169) -> Dense: 18.60092197720458, Precomp: 22.717913771135485, Runtime: 12.525738929369293
  Dense   best config: {'BLOCK_M': 64, 'BLOCK_N': 64, 'BLOCK_K': 64, 'num_buffers': 6, 'STEALB': False}, num_warps=4
  Sparse  best config: {'BLOCK_M': 64, 'BLOCK_N': 64, 'BLOCK_K': 128, 'num_buffers': 5, 'STEALB': True}, num_warps=4
  Runtime best config: {'BLOCK_M': 64, 'BLOCK_N': 64, 'BLOCK_K': 256, 'num_buffers': 3, 'STEALB': True}, num_warps=4
start 2048-16-6144
finish 2048-16-6144, (118/169) -> Dense: 21.484011637234357, Precomp: 26.55153353538544, Runtime: 16.175816573066225
  Dense   best config: {'BLOCK_M': 64, 'BLOCK_N': 64, 'BLOCK_K': 64, 'num_buffers': 6, 'STEALB': True}, num_warps=4
  Sparse  best config: {'BLOCK_M': 64, 'BLOCK_N': 64, 'BLOCK_K': 128, 'num_buffers': 5, 'STEALB': False}, num_warps=4
  Runtime best config: {'BLOCK_M': 64, 'BLOCK_N': 64, 'BLOCK_K': 256, 'num_buffers': 3, 'STEALB': True}, num_warps=4
start 3072-16-4096
finish 3072-16-4096, (119/169) -> Dense: 28.308019846261395, Precomp: 34.36568435137978, Runtime: 22.364266429761866
  Dense   best config: {'BLOCK_M': 64, 'BLOCK_N': 64, 'BLOCK_K': 128, 'num_buffers': 6, 'STEALB': False}, num_warps=4
  Sparse  best config: {'BLOCK_M': 64, 'BLOCK_N': 64, 'BLOCK_K': 128, 'num_buffers': 5, 'STEALB': False}, num_warps=4
  Runtime best config: {'BLOCK_M': 64, 'BLOCK_N': 64, 'BLOCK_K': 256, 'num_buffers': 3, 'STEALB': True}, num_warps=4
start 4096-16-3072
finish 4096-16-3072, (120/169) -> Dense: 34.41228975148488, Precomp: 40.804933198947715, Runtime: 26.984391525228055
  Dense   best config: {'BLOCK_M': 64, 'BLOCK_N': 64, 'BLOCK_K': 128, 'num_buffers': 5, 'STEALB': False}, num_warps=4
  Sparse  best config: {'BLOCK_M': 64, 'BLOCK_N': 64, 'BLOCK_K': 128, 'num_buffers': 5, 'STEALB': False}, num_warps=4
  Runtime best config: {'BLOCK_M': 64, 'BLOCK_N': 64, 'BLOCK_K': 256, 'num_buffers': 3, 'STEALB': True}, num_warps=4
start 6144-16-2048
finish 6144-16-2048, (121/169) -> Dense: 35.64147881240436, Precomp: 43.74404229555752, Runtime: 32.556512472319646
  Dense   best config: {'BLOCK_M': 64, 'BLOCK_N': 64, 'BLOCK_K': 128, 'num_buffers': 5, 'STEALB': False}, num_warps=4
  Sparse  best config: {'BLOCK_M': 128, 'BLOCK_N': 64, 'BLOCK_K': 128, 'num_buffers': 4, 'STEALB': True}, num_warps=4
  Runtime best config: {'BLOCK_M': 64, 'BLOCK_N': 64, 'BLOCK_K': 128, 'num_buffers': 5, 'STEALB': False}, num_warps=4
start 8192-16-1536
finish 8192-16-1536, (122/169) -> Dense: 41.23373081870567, Precomp: 50.71093841785105, Runtime: 34.86026604521749
  Dense   best config: {'BLOCK_M': 128, 'BLOCK_N': 64, 'BLOCK_K': 64, 'num_buffers': 6, 'STEALB': False}, num_warps=4
  Sparse  best config: {'BLOCK_M': 128, 'BLOCK_N': 64, 'BLOCK_K': 128, 'num_buffers': 4, 'STEALB': True}, num_warps=4
  Runtime best config: {'BLOCK_M': 64, 'BLOCK_N': 64, 'BLOCK_K': 128, 'num_buffers': 5, 'STEALB': False}, num_warps=4
start 12288-16-1024
finish 12288-16-1024, (123/169) -> Dense: 42.71416596607694, Precomp: 53.26625143355778, Runtime: 36.63431751330254
  Dense   best config: {'BLOCK_M': 128, 'BLOCK_N': 64, 'BLOCK_K': 64, 'num_buffers': 6, 'STEALB': False}, num_warps=4
  Sparse  best config: {'BLOCK_M': 128, 'BLOCK_N': 64, 'BLOCK_K': 128, 'num_buffers': 5, 'STEALB': False}, num_warps=4
  Runtime best config: {'BLOCK_M': 128, 'BLOCK_N': 64, 'BLOCK_K': 128, 'num_buffers': 4, 'STEALB': False}, num_warps=8
start 16384-16-768
finish 16384-16-768, (124/169) -> Dense: 45.134931525685104, Precomp: 56.96443902505637, Runtime: 39.27949483052197
  Dense   best config: {'BLOCK_M': 256, 'BLOCK_N': 64, 'BLOCK_K': 64, 'num_buffers': 4, 'STEALB': False}, num_warps=4
  Sparse  best config: {'BLOCK_M': 256, 'BLOCK_N': 64, 'BLOCK_K': 64, 'num_buffers': 5, 'STEALB': False}, num_warps=4
  Runtime best config: {'BLOCK_M': 128, 'BLOCK_N': 64, 'BLOCK_K': 64, 'num_buffers': 5, 'STEALB': False}, num_warps=4
start 768-16-12288
finish 768-16-12288, (125/169) -> Dense: 10.321012504883555, Precomp: 13.877979487045126, Runtime: 6.48555308265522
  Dense   best config: {'BLOCK_M': 64, 'BLOCK_N': 64, 'BLOCK_K': 128, 'num_buffers': 6, 'STEALB': True}, num_warps=4
  Sparse  best config: {'BLOCK_M': 64, 'BLOCK_N': 64, 'BLOCK_K': 128, 'num_buffers': 6, 'STEALB': True}, num_warps=4
  Runtime best config: {'BLOCK_M': 64, 'BLOCK_N': 64, 'BLOCK_K': 256, 'num_buffers': 3, 'STEALB': True}, num_warps=4
start 1536-16-6144
finish 1536-16-6144, (126/169) -> Dense: 17.99977931555893, Precomp: 21.950598628504764, Runtime: 12.167174670623933
  Dense   best config: {'BLOCK_M': 64, 'BLOCK_N': 64, 'BLOCK_K': 64, 'num_buffers': 6, 'STEALB': False}, num_warps=4
  Sparse  best config: {'BLOCK_M': 64, 'BLOCK_N': 64, 'BLOCK_K': 128, 'num_buffers': 5, 'STEALB': True}, num_warps=4
  Runtime best config: {'BLOCK_M': 64, 'BLOCK_N': 64, 'BLOCK_K': 256, 'num_buffers': 3, 'STEALB': True}, num_warps=4
start 3072-16-3072
finish 3072-16-3072, (127/169) -> Dense: 26.74503452348986, Precomp: 32.022948884193376, Runtime: 20.920280148349935
  Dense   best config: {'BLOCK_M': 64, 'BLOCK_N': 64, 'BLOCK_K': 128, 'num_buffers': 5, 'STEALB': False}, num_warps=4
  Sparse  best config: {'BLOCK_M': 64, 'BLOCK_N': 64, 'BLOCK_K': 128, 'num_buffers': 5, 'STEALB': False}, num_warps=4
  Runtime best config: {'BLOCK_M': 64, 'BLOCK_N': 64, 'BLOCK_K': 256, 'num_buffers': 3, 'STEALB': True}, num_warps=4
start 6144-16-1536
finish 6144-16-1536, (128/169) -> Dense: 32.84484086966384, Precomp: 40.038947536406596, Runtime: 29.432740903048398
  Dense   best config: {'BLOCK_M': 64, 'BLOCK_N': 64, 'BLOCK_K': 128, 'num_buffers': 5, 'STEALB': False}, num_warps=4
  Sparse  best config: {'BLOCK_M': 128, 'BLOCK_N': 64, 'BLOCK_K': 128, 'num_buffers': 4, 'STEALB': True}, num_warps=4
  Runtime best config: {'BLOCK_M': 64, 'BLOCK_N': 64, 'BLOCK_K': 128, 'num_buffers': 5, 'STEALB': False}, num_warps=4
start 12288-16-768
finish 12288-16-768, (129/169) -> Dense: 36.004186577397775, Precomp: 43.72631075102743, Runtime: 31.785287210702812
  Dense   best config: {'BLOCK_M': 128, 'BLOCK_N': 64, 'BLOCK_K': 64, 'num_buffers': 6, 'STEALB': False}, num_warps=4
  Sparse  best config: {'BLOCK_M': 256, 'BLOCK_N': 64, 'BLOCK_K': 64, 'num_buffers': 5, 'STEALB': False}, num_warps=4
  Runtime best config: {'BLOCK_M': 128, 'BLOCK_N': 64, 'BLOCK_K': 64, 'num_buffers': 5, 'STEALB': False}, num_warps=4
start 1024-16-8192
finish 1024-16-8192, (130/169) -> Dense: 13.320317825324143, Precomp: 17.275735939298922, Runtime: 8.386271759897715
  Dense   best config: {'BLOCK_M': 64, 'BLOCK_N': 64, 'BLOCK_K': 128, 'num_buffers': 6, 'STEALB': True}, num_warps=4
  Sparse  best config: {'BLOCK_M': 64, 'BLOCK_N': 64, 'BLOCK_K': 128, 'num_buffers': 5, 'STEALB': False}, num_warps=4
  Runtime best config: {'BLOCK_M': 64, 'BLOCK_N': 64, 'BLOCK_K': 256, 'num_buffers': 3, 'STEALB': True}, num_warps=4
start 2048-16-4096
finish 2048-16-4096, (131/169) -> Dense: 20.456282097900555, Precomp: 24.990992941026974, Runtime: 15.1783298923954
  Dense   best config: {'BLOCK_M': 64, 'BLOCK_N': 64, 'BLOCK_K': 128, 'num_buffers': 5, 'STEALB': False}, num_warps=4
  Sparse  best config: {'BLOCK_M': 64, 'BLOCK_N': 64, 'BLOCK_K': 128, 'num_buffers': 5, 'STEALB': False}, num_warps=8
  Runtime best config: {'BLOCK_M': 64, 'BLOCK_N': 64, 'BLOCK_K': 256, 'num_buffers': 3, 'STEALB': True}, num_warps=4
start 4096-16-2048
finish 4096-16-2048, (132/169) -> Dense: 30.611851574216164, Precomp: 35.634487380007144, Runtime: 24.761436164086344
  Dense   best config: {'BLOCK_M': 64, 'BLOCK_N': 64, 'BLOCK_K': 128, 'num_buffers': 5, 'STEALB': False}, num_warps=4
  Sparse  best config: {'BLOCK_M': 64, 'BLOCK_N': 64, 'BLOCK_K': 128, 'num_buffers': 5, 'STEALB': False}, num_warps=4
  Runtime best config: {'BLOCK_M': 64, 'BLOCK_N': 64, 'BLOCK_K': 128, 'num_buffers': 4, 'STEALB': False}, num_warps=4
start 8192-16-1024
finish 8192-16-1024, (133/169) -> Dense: 35.882200713843936, Precomp: 43.11893523883182, Runtime: 29.27748805297052
  Dense   best config: {'BLOCK_M': 128, 'BLOCK_N': 64, 'BLOCK_K': 128, 'num_buffers': 4, 'STEALB': False}, num_warps=4
  Sparse  best config: {'BLOCK_M': 128, 'BLOCK_N': 64, 'BLOCK_K': 128, 'num_buffers': 5, 'STEALB': False}, num_warps=4
  Runtime best config: {'BLOCK_M': 64, 'BLOCK_N': 64, 'BLOCK_K': 128, 'num_buffers': 5, 'STEALB': True}, num_warps=4
start 768-16-8192
finish 768-16-8192, (134/169) -> Dense: 10.115872198171816, Precomp: 13.2728237579069, Runtime: 6.325823173872002
  Dense   best config: {'BLOCK_M': 64, 'BLOCK_N': 64, 'BLOCK_K': 128, 'num_buffers': 6, 'STEALB': True}, num_warps=4
  Sparse  best config: {'BLOCK_M': 64, 'BLOCK_N': 64, 'BLOCK_K': 128, 'num_buffers': 6, 'STEALB': False}, num_warps=4
  Runtime best config: {'BLOCK_M': 64, 'BLOCK_N': 64, 'BLOCK_K': 256, 'num_buffers': 3, 'STEALB': True}, num_warps=4
start 1024-16-6144
finish 1024-16-6144, (135/169) -> Dense: 13.08537744246626, Precomp: 16.713606654386922, Runtime: 8.169981223725816
  Dense   best config: {'BLOCK_M': 64, 'BLOCK_N': 64, 'BLOCK_K': 128, 'num_buffers': 6, 'STEALB': True}, num_warps=4
  Sparse  best config: {'BLOCK_M': 64, 'BLOCK_N': 64, 'BLOCK_K': 128, 'num_buffers': 6, 'STEALB': False}, num_warps=4
  Runtime best config: {'BLOCK_M': 64, 'BLOCK_N': 64, 'BLOCK_K': 256, 'num_buffers': 3, 'STEALB': True}, num_warps=4
start 1536-16-4096
finish 1536-16-4096, (136/169) -> Dense: 16.912128369064607, Precomp: 20.494634892757755, Runtime: 11.560115940338855
  Dense   best config: {'BLOCK_M': 64, 'BLOCK_N': 64, 'BLOCK_K': 128, 'num_buffers': 4, 'STEALB': False}, num_warps=4
  Sparse  best config: {'BLOCK_M': 64, 'BLOCK_N': 64, 'BLOCK_K': 128, 'num_buffers': 5, 'STEALB': True}, num_warps=4
  Runtime best config: {'BLOCK_M': 64, 'BLOCK_N': 64, 'BLOCK_K': 256, 'num_buffers': 3, 'STEALB': True}, num_warps=4
start 2048-16-3072
finish 2048-16-3072, (137/169) -> Dense: 19.4527476908435, Precomp: 23.54567162989969, Runtime: 14.185535534667098
  Dense   best config: {'BLOCK_M': 64, 'BLOCK_N': 64, 'BLOCK_K': 128, 'num_buffers': 5, 'STEALB': False}, num_warps=4
  Sparse  best config: {'BLOCK_M': 64, 'BLOCK_N': 64, 'BLOCK_K': 256, 'num_buffers': 4, 'STEALB': False}, num_warps=4
  Runtime best config: {'BLOCK_M': 64, 'BLOCK_N': 64, 'BLOCK_K': 256, 'num_buffers': 3, 'STEALB': True}, num_warps=4
start 3072-16-2048
finish 3072-16-2048, (138/169) -> Dense: 24.068927739642334, Precomp: 27.982355218657613, Runtime: 18.9224502030087
  Dense   best config: {'BLOCK_M': 64, 'BLOCK_N': 64, 'BLOCK_K': 128, 'num_buffers': 4, 'STEALB': False}, num_warps=4
  Sparse  best config: {'BLOCK_M': 64, 'BLOCK_N': 64, 'BLOCK_K': 128, 'num_buffers': 5, 'STEALB': False}, num_warps=4
  Runtime best config: {'BLOCK_M': 64, 'BLOCK_N': 64, 'BLOCK_K': 128, 'num_buffers': 4, 'STEALB': False}, num_warps=4
start 4096-16-1536
finish 4096-16-1536, (139/169) -> Dense: 26.662046488264945, Precomp: 30.177207132872265, Runtime: 21.729324755936634
  Dense   best config: {'BLOCK_M': 64, 'BLOCK_N': 64, 'BLOCK_K': 128, 'num_buffers': 6, 'STEALB': False}, num_warps=4
  Sparse  best config: {'BLOCK_M': 64, 'BLOCK_N': 64, 'BLOCK_K': 128, 'num_buffers': 7, 'STEALB': False}, num_warps=4
  Runtime best config: {'BLOCK_M': 64, 'BLOCK_N': 64, 'BLOCK_K': 128, 'num_buffers': 5, 'STEALB': False}, num_warps=4
start 6144-16-1024
finish 6144-16-1024, (140/169) -> Dense: 28.93109540437578, Precomp: 33.845018898162415, Runtime: 24.514677293174095
  Dense   best config: {'BLOCK_M': 64, 'BLOCK_N': 64, 'BLOCK_K': 128, 'num_buffers': 5, 'STEALB': False}, num_warps=4
  Sparse  best config: {'BLOCK_M': 128, 'BLOCK_N': 64, 'BLOCK_K': 128, 'num_buffers': 4, 'STEALB': True}, num_warps=4
  Runtime best config: {'BLOCK_M': 64, 'BLOCK_N': 64, 'BLOCK_K': 128, 'num_buffers': 5, 'STEALB': False}, num_warps=4
start 8192-16-768
finish 8192-16-768, (141/169) -> Dense: 32.89014647619875, Precomp: 38.20997554893318, Runtime: 24.859833406329642
  Dense   best config: {'BLOCK_M': 128, 'BLOCK_N': 64, 'BLOCK_K': 128, 'num_buffers': 4, 'STEALB': False}, num_warps=4
  Sparse  best config: {'BLOCK_M': 128, 'BLOCK_N': 64, 'BLOCK_K': 128, 'num_buffers': 4, 'STEALB': True}, num_warps=4
  Runtime best config: {'BLOCK_M': 64, 'BLOCK_N': 64, 'BLOCK_K': 128, 'num_buffers': 5, 'STEALB': True}, num_warps=4
start 768-16-6144
finish 768-16-6144, (142/169) -> Dense: 9.805938446413407, Precomp: 12.544001614296498, Runtime: 6.173093482271057
  Dense   best config: {'BLOCK_M': 64, 'BLOCK_N': 64, 'BLOCK_K': 128, 'num_buffers': 6, 'STEALB': True}, num_warps=4
  Sparse  best config: {'BLOCK_M': 64, 'BLOCK_N': 64, 'BLOCK_K': 128, 'num_buffers': 6, 'STEALB': False}, num_warps=4
  Runtime best config: {'BLOCK_M': 64, 'BLOCK_N': 64, 'BLOCK_K': 256, 'num_buffers': 3, 'STEALB': True}, num_warps=4
start 1536-16-3072
finish 1536-16-3072, (143/169) -> Dense: 15.781741742985528, Precomp: 19.009693172659496, Runtime: 10.912979096406737
  Dense   best config: {'BLOCK_M': 64, 'BLOCK_N': 64, 'BLOCK_K': 128, 'num_buffers': 4, 'STEALB': False}, num_warps=4
  Sparse  best config: {'BLOCK_M': 64, 'BLOCK_N': 64, 'BLOCK_K': 128, 'num_buffers': 5, 'STEALB': True}, num_warps=4
  Runtime best config: {'BLOCK_M': 64, 'BLOCK_N': 64, 'BLOCK_K': 256, 'num_buffers': 3, 'STEALB': True}, num_warps=4
start 3072-16-1536
finish 3072-16-1536, (144/169) -> Dense: 21.918179879212726, Precomp: 25.720475940447944, Runtime: 17.412304138501174
  Dense   best config: {'BLOCK_M': 64, 'BLOCK_N': 64, 'BLOCK_K': 128, 'num_buffers': 4, 'STEALB': False}, num_warps=4
  Sparse  best config: {'BLOCK_M': 64, 'BLOCK_N': 64, 'BLOCK_K': 128, 'num_buffers': 6, 'STEALB': False}, num_warps=4
  Runtime best config: {'BLOCK_M': 64, 'BLOCK_N': 64, 'BLOCK_K': 128, 'num_buffers': 4, 'STEALB': False}, num_warps=4
start 6144-16-768
finish 6144-16-768, (145/169) -> Dense: 25.619559599786648, Precomp: 30.682138742587618, Runtime: 21.66395957031378
  Dense   best config: {'BLOCK_M': 128, 'BLOCK_N': 64, 'BLOCK_K': 128, 'num_buffers': 4, 'STEALB': False}, num_warps=4
  Sparse  best config: {'BLOCK_M': 128, 'BLOCK_N': 64, 'BLOCK_K': 128, 'num_buffers': 4, 'STEALB': True}, num_warps=4
  Runtime best config: {'BLOCK_M': 64, 'BLOCK_N': 64, 'BLOCK_K': 128, 'num_buffers': 4, 'STEALB': False}, num_warps=4
start 1024-16-4096
finish 1024-16-4096, (146/169) -> Dense: 12.192060499748072, Precomp: 15.175836766641718, Runtime: 7.751131039413031
  Dense   best config: {'BLOCK_M': 64, 'BLOCK_N': 64, 'BLOCK_K': 128, 'num_buffers': 6, 'STEALB': True}, num_warps=4
  Sparse  best config: {'BLOCK_M': 64, 'BLOCK_N': 64, 'BLOCK_K': 128, 'num_buffers': 5, 'STEALB': False}, num_warps=4
  Runtime best config: {'BLOCK_M': 64, 'BLOCK_N': 64, 'BLOCK_K': 256, 'num_buffers': 3, 'STEALB': True}, num_warps=4
start 2048-16-2048
finish 2048-16-2048, (147/169) -> Dense: 17.680770429551938, Precomp: 20.26806238437141, Runtime: 12.924211137682926
  Dense   best config: {'BLOCK_M': 64, 'BLOCK_N': 64, 'BLOCK_K': 128, 'num_buffers': 5, 'STEALB': False}, num_warps=4
  Sparse  best config: {'BLOCK_M': 64, 'BLOCK_N': 64, 'BLOCK_K': 128, 'num_buffers': 5, 'STEALB': False}, num_warps=4
  Runtime best config: {'BLOCK_M': 64, 'BLOCK_N': 64, 'BLOCK_K': 128, 'num_buffers': 4, 'STEALB': False}, num_warps=4
start 4096-16-1024
finish 4096-16-1024, (148/169) -> Dense: 24.211838533649196, Precomp: 26.702521475460976, Runtime: 19.038275423531868
  Dense   best config: {'BLOCK_M': 64, 'BLOCK_N': 64, 'BLOCK_K': 128, 'num_buffers': 5, 'STEALB': False}, num_warps=4
  Sparse  best config: {'BLOCK_M': 64, 'BLOCK_N': 64, 'BLOCK_K': 128, 'num_buffers': 5, 'STEALB': False}, num_warps=4
  Runtime best config: {'BLOCK_M': 64, 'BLOCK_N': 64, 'BLOCK_K': 128, 'num_buffers': 4, 'STEALB': False}, num_warps=4
start 768-16-4096
finish 768-16-4096, (149/169) -> Dense: 9.339365808715074, Precomp: 11.492873985239882, Runtime: 5.868931601342975
  Dense   best config: {'BLOCK_M': 64, 'BLOCK_N': 64, 'BLOCK_K': 128, 'num_buffers': 4, 'STEALB': False}, num_warps=4
  Sparse  best config: {'BLOCK_M': 64, 'BLOCK_N': 64, 'BLOCK_K': 128, 'num_buffers': 5, 'STEALB': False}, num_warps=4
  Runtime best config: {'BLOCK_M': 64, 'BLOCK_N': 64, 'BLOCK_K': 256, 'num_buffers': 3, 'STEALB': True}, num_warps=4
start 1024-16-3072
finish 1024-16-3072, (150/169) -> Dense: 11.422549785259497, Precomp: 13.9399320061903, Runtime: 7.368075473818026
  Dense   best config: {'BLOCK_M': 64, 'BLOCK_N': 64, 'BLOCK_K': 128, 'num_buffers': 4, 'STEALB': False}, num_warps=4
  Sparse  best config: {'BLOCK_M': 64, 'BLOCK_N': 64, 'BLOCK_K': 128, 'num_buffers': 5, 'STEALB': False}, num_warps=4
  Runtime best config: {'BLOCK_M': 64, 'BLOCK_N': 64, 'BLOCK_K': 256, 'num_buffers': 3, 'STEALB': True}, num_warps=4
start 1536-16-2048
finish 1536-16-2048, (151/169) -> Dense: 14.27125701324311, Precomp: 16.747822868428955, Runtime: 9.859971148983918
  Dense   best config: {'BLOCK_M': 64, 'BLOCK_N': 64, 'BLOCK_K': 128, 'num_buffers': 4, 'STEALB': False}, num_warps=4
  Sparse  best config: {'BLOCK_M': 64, 'BLOCK_N': 64, 'BLOCK_K': 128, 'num_buffers': 5, 'STEALB': False}, num_warps=4
  Runtime best config: {'BLOCK_M': 64, 'BLOCK_N': 64, 'BLOCK_K': 128, 'num_buffers': 4, 'STEALB': False}, num_warps=4
start 2048-16-1536
finish 2048-16-1536, (152/169) -> Dense: 15.919008482313133, Precomp: 17.954773193336155, Runtime: 12.02604106656717
  Dense   best config: {'BLOCK_M': 64, 'BLOCK_N': 64, 'BLOCK_K': 128, 'num_buffers': 5, 'STEALB': False}, num_warps=4
  Sparse  best config: {'BLOCK_M': 64, 'BLOCK_N': 64, 'BLOCK_K': 128, 'num_buffers': 4, 'STEALB': False}, num_warps=4
  Runtime best config: {'BLOCK_M': 64, 'BLOCK_N': 64, 'BLOCK_K': 128, 'num_buffers': 4, 'STEALB': False}, num_warps=4
start 3072-16-1024
finish 3072-16-1024, (153/169) -> Dense: 19.100463896358207, Precomp: 21.15342802717381, Runtime: 14.88772505415819
  Dense   best config: {'BLOCK_M': 64, 'BLOCK_N': 64, 'BLOCK_K': 128, 'num_buffers': 5, 'STEALB': False}, num_warps=4
  Sparse  best config: {'BLOCK_M': 64, 'BLOCK_N': 64, 'BLOCK_K': 128, 'num_buffers': 5, 'STEALB': False}, num_warps=4
  Runtime best config: {'BLOCK_M': 64, 'BLOCK_N': 64, 'BLOCK_K': 128, 'num_buffers': 4, 'STEALB': False}, num_warps=4
start 4096-16-768
finish 4096-16-768, (154/169) -> Dense: 20.691945507475456, Precomp: 21.817433359745753, Runtime: 16.876996883855
  Dense   best config: {'BLOCK_M': 64, 'BLOCK_N': 64, 'BLOCK_K': 128, 'num_buffers': 4, 'STEALB': False}, num_warps=4
  Sparse  best config: {'BLOCK_M': 128, 'BLOCK_N': 64, 'BLOCK_K': 128, 'num_buffers': 4, 'STEALB': True}, num_warps=4
  Runtime best config: {'BLOCK_M': 64, 'BLOCK_N': 64, 'BLOCK_K': 128, 'num_buffers': 4, 'STEALB': False}, num_warps=4
start 768-16-3072
finish 768-16-3072, (155/169) -> Dense: 8.827158007392267, Precomp: 10.613085252453374, Runtime: 5.548054086655713
  Dense   best config: {'BLOCK_M': 64, 'BLOCK_N': 64, 'BLOCK_K': 128, 'num_buffers': 4, 'STEALB': False}, num_warps=4
  Sparse  best config: {'BLOCK_M': 64, 'BLOCK_N': 64, 'BLOCK_K': 128, 'num_buffers': 6, 'STEALB': False}, num_warps=4
  Runtime best config: {'BLOCK_M': 64, 'BLOCK_N': 64, 'BLOCK_K': 256, 'num_buffers': 3, 'STEALB': False}, num_warps=4
start 1536-16-1536
finish 1536-16-1536, (156/169) -> Dense: 12.892362398084254, Precomp: 14.65794185673114, Runtime: 9.103351693989747
  Dense   best config: {'BLOCK_M': 64, 'BLOCK_N': 64, 'BLOCK_K': 128, 'num_buffers': 4, 'STEALB': False}, num_warps=4
  Sparse  best config: {'BLOCK_M': 64, 'BLOCK_N': 64, 'BLOCK_K': 128, 'num_buffers': 4, 'STEALB': False}, num_warps=4
  Runtime best config: {'BLOCK_M': 64, 'BLOCK_N': 64, 'BLOCK_K': 128, 'num_buffers': 4, 'STEALB': False}, num_warps=4
start 3072-16-768
finish 3072-16-768, (157/169) -> Dense: 16.851251941547524, Precomp: 17.934859019462813, Runtime: 13.081193325763296
  Dense   best config: {'BLOCK_M': 64, 'BLOCK_N': 64, 'BLOCK_K': 128, 'num_buffers': 4, 'STEALB': False}, num_warps=4
  Sparse  best config: {'BLOCK_M': 64, 'BLOCK_N': 64, 'BLOCK_K': 128, 'num_buffers': 4, 'STEALB': False}, num_warps=4
  Runtime best config: {'BLOCK_M': 64, 'BLOCK_N': 64, 'BLOCK_K': 128, 'num_buffers': 4, 'STEALB': False}, num_warps=4
start 1024-16-2048
finish 1024-16-2048, (158/169) -> Dense: 10.313007713221673, Precomp: 12.016477876033807, Runtime: 6.724527462954641
  Dense   best config: {'BLOCK_M': 64, 'BLOCK_N': 64, 'BLOCK_K': 128, 'num_buffers': 4, 'STEALB': False}, num_warps=4
  Sparse  best config: {'BLOCK_M': 64, 'BLOCK_N': 64, 'BLOCK_K': 128, 'num_buffers': 5, 'STEALB': False}, num_warps=4
  Runtime best config: {'BLOCK_M': 64, 'BLOCK_N': 64, 'BLOCK_K': 128, 'num_buffers': 4, 'STEALB': False}, num_warps=4
start 2048-16-1024
finish 2048-16-1024, (159/169) -> Dense: 13.999346514688122, Precomp: 15.618972223358659, Runtime: 10.307117139608504
  Dense   best config: {'BLOCK_M': 64, 'BLOCK_N': 64, 'BLOCK_K': 128, 'num_buffers': 5, 'STEALB': False}, num_warps=4
  Sparse  best config: {'BLOCK_M': 64, 'BLOCK_N': 64, 'BLOCK_K': 128, 'num_buffers': 5, 'STEALB': False}, num_warps=4
  Runtime best config: {'BLOCK_M': 64, 'BLOCK_N': 64, 'BLOCK_K': 128, 'num_buffers': 4, 'STEALB': False}, num_warps=4
start 768-16-2048
finish 768-16-2048, (160/169) -> Dense: 7.887895162073062, Precomp: 9.153210815824558, Runtime: 5.067704675057098
  Dense   best config: {'BLOCK_M': 64, 'BLOCK_N': 64, 'BLOCK_K': 128, 'num_buffers': 4, 'STEALB': False}, num_warps=4
  Sparse  best config: {'BLOCK_M': 64, 'BLOCK_N': 64, 'BLOCK_K': 128, 'num_buffers': 5, 'STEALB': False}, num_warps=4
  Runtime best config: {'BLOCK_M': 64, 'BLOCK_N': 64, 'BLOCK_K': 128, 'num_buffers': 4, 'STEALB': False}, num_warps=4
start 1024-16-1536
finish 1024-16-1536, (161/169) -> Dense: 9.296532145641853, Precomp: 10.625224110439158, Runtime: 6.222480866496086
  Dense   best config: {'BLOCK_M': 64, 'BLOCK_N': 64, 'BLOCK_K': 128, 'num_buffers': 5, 'STEALB': False}, num_warps=4
  Sparse  best config: {'BLOCK_M': 64, 'BLOCK_N': 64, 'BLOCK_K': 256, 'num_buffers': 4, 'STEALB': False}, num_warps=4
  Runtime best config: {'BLOCK_M': 64, 'BLOCK_N': 64, 'BLOCK_K': 128, 'num_buffers': 4, 'STEALB': False}, num_warps=4
start 1536-16-1024
finish 1536-16-1024, (162/169) -> Dense: 11.037678078007904, Precomp: 12.165754702830865, Runtime: 7.972150305486613
  Dense   best config: {'BLOCK_M': 64, 'BLOCK_N': 64, 'BLOCK_K': 128, 'num_buffers': 5, 'STEALB': False}, num_warps=4
  Sparse  best config: {'BLOCK_M': 64, 'BLOCK_N': 64, 'BLOCK_K': 128, 'num_buffers': 4, 'STEALB': False}, num_warps=4
  Runtime best config: {'BLOCK_M': 64, 'BLOCK_N': 64, 'BLOCK_K': 128, 'num_buffers': 4, 'STEALB': False}, num_warps=4
start 2048-16-768
finish 2048-16-768, (163/169) -> Dense: 12.302212891013642, Precomp: 13.285031185326156, Runtime: 9.160427310344993
  Dense   best config: {'BLOCK_M': 64, 'BLOCK_N': 64, 'BLOCK_K': 128, 'num_buffers': 4, 'STEALB': False}, num_warps=4
  Sparse  best config: {'BLOCK_M': 64, 'BLOCK_N': 64, 'BLOCK_K': 128, 'num_buffers': 4, 'STEALB': False}, num_warps=4
  Runtime best config: {'BLOCK_M': 64, 'BLOCK_N': 64, 'BLOCK_K': 128, 'num_buffers': 4, 'STEALB': False}, num_warps=4
start 768-16-1536
finish 768-16-1536, (164/169) -> Dense: 7.174840546348107, Precomp: 8.167423867037707, Runtime: 4.725385029129872
  Dense   best config: {'BLOCK_M': 64, 'BLOCK_N': 64, 'BLOCK_K': 128, 'num_buffers': 4, 'STEALB': False}, num_warps=4
  Sparse  best config: {'BLOCK_M': 64, 'BLOCK_N': 64, 'BLOCK_K': 128, 'num_buffers': 4, 'STEALB': False}, num_warps=4
  Runtime best config: {'BLOCK_M': 64, 'BLOCK_N': 64, 'BLOCK_K': 128, 'num_buffers': 4, 'STEALB': False}, num_warps=4
start 1536-16-768
finish 1536-16-768, (165/169) -> Dense: 9.767796335448873, Precomp: 10.352257079110059, Runtime: 7.076700475049353
  Dense   best config: {'BLOCK_M': 64, 'BLOCK_N': 64, 'BLOCK_K': 128, 'num_buffers': 4, 'STEALB': False}, num_warps=4
  Sparse  best config: {'BLOCK_M': 64, 'BLOCK_N': 64, 'BLOCK_K': 128, 'num_buffers': 4, 'STEALB': False}, num_warps=4
  Runtime best config: {'BLOCK_M': 64, 'BLOCK_N': 64, 'BLOCK_K': 128, 'num_buffers': 4, 'STEALB': False}, num_warps=4
start 1024-16-1024
finish 1024-16-1024, (166/169) -> Dense: 7.730409255387631, Precomp: 8.631033014187118, Runtime: 5.498975560347889
  Dense   best config: {'BLOCK_M': 64, 'BLOCK_N': 64, 'BLOCK_K': 128, 'num_buffers': 4, 'STEALB': False}, num_warps=4
  Sparse  best config: {'BLOCK_M': 64, 'BLOCK_N': 64, 'BLOCK_K': 128, 'num_buffers': 4, 'STEALB': False}, num_warps=4
  Runtime best config: {'BLOCK_M': 64, 'BLOCK_N': 64, 'BLOCK_K': 128, 'num_buffers': 4, 'STEALB': False}, num_warps=4
start 768-16-1024
finish 768-16-1024, (167/169) -> Dense: 5.931898975088589, Precomp: 6.586126373286419, Runtime: 4.1543959814437805
  Dense   best config: {'BLOCK_M': 64, 'BLOCK_N': 64, 'BLOCK_K': 128, 'num_buffers': 4, 'STEALB': False}, num_warps=4
  Sparse  best config: {'BLOCK_M': 64, 'BLOCK_N': 64, 'BLOCK_K': 128, 'num_buffers': 4, 'STEALB': False}, num_warps=4
  Runtime best config: {'BLOCK_M': 64, 'BLOCK_N': 64, 'BLOCK_K': 128, 'num_buffers': 4, 'STEALB': False}, num_warps=4
start 1024-16-768
finish 1024-16-768, (168/169) -> Dense: 6.892604580878457, Precomp: 7.227531984292403, Runtime: 4.902963874128169
  Dense   best config: {'BLOCK_M': 64, 'BLOCK_N': 64, 'BLOCK_K': 128, 'num_buffers': 4, 'STEALB': False}, num_warps=4
  Sparse  best config: {'BLOCK_M': 64, 'BLOCK_N': 64, 'BLOCK_K': 128, 'num_buffers': 4, 'STEALB': False}, num_warps=4
  Runtime best config: {'BLOCK_M': 64, 'BLOCK_N': 64, 'BLOCK_K': 128, 'num_buffers': 4, 'STEALB': False}, num_warps=4
start 768-16-768
finish 768-16-768, (169/169) -> Dense: 5.219355724266452, Precomp: 5.555260887444735, Runtime: 3.7008353880511002
  Dense   best config: {'BLOCK_M': 64, 'BLOCK_N': 64, 'BLOCK_K': 128, 'num_buffers': 4, 'STEALB': False}, num_warps=4
  Sparse  best config: {'BLOCK_M': 64, 'BLOCK_N': 64, 'BLOCK_K': 128, 'num_buffers': 4, 'STEALB': False}, num_warps=4
  Runtime best config: {'BLOCK_M': 64, 'BLOCK_N': 64, 'BLOCK_K': 128, 'num_buffers': 4, 'STEALB': False}, num_warps=4
0.8386754693975048

[INFO] Optimization charts successfully compiled and saved to 'Benchmark/v7.5.1_16.png'
