Tue Jul 14 00:25:47 2026       
+-----------------------------------------------------------------------------------------+
| NVIDIA-SMI 580.159.04             Driver Version: 580.159.04     CUDA Version: 13.2     |
+-----------------------------------------+------------------------+----------------------+
| GPU  Name                 Persistence-M | Bus-Id          Disp.A | Volatile Uncorr. ECC |
| Fan  Temp   Perf          Pwr:Usage/Cap |           Memory-Usage | GPU-Util  Compute M. |
|                                         |                        |               MIG M. |
|=========================================+========================+======================|
|   0  NVIDIA H100 80GB HBM3          Off |   00000000:5F:00.0 Off |                    0 |
| N/A   34C    P0             70W /  700W |       0MiB /  81559MiB |      0%      Default |
|                                         |                        |             Disabled |
+-----------------------------------------+------------------------+----------------------+

+-----------------------------------------------------------------------------------------+
| Processes:                                                                              |
|  GPU   GI   CI              PID   Type   Process name                        GPU Memory |
|        ID   ID                                                               Usage      |
|=========================================================================================|
|  No running processes found                                                             |
+-----------------------------------------------------------------------------------------+
/usr/bin/rm: cannot remove '/usr/local/cuda/compat/lib': Read-only file system
rm: cannot remove '/usr/local/cuda/compat/lib': Read-only file system
CUDA Available: True
Device Count: 1
/usr/bin/rm: cannot remove '/usr/local/cuda/compat/lib': Read-only file system
rm: cannot remove '/usr/local/cuda/compat/lib': Read-only file system
start 49152-16-49152
finish 49152-16-49152, (1/169) -> Max Dense: 49.58, Max Precomp: 91.80, Max Runtime: 49.07
dense config: BLOCK_SIZE_M: 128, BLOCK_SIZE_N: 64, BLOCK_SIZE_K: 128, num_buffers: 3, num_warps: 4, num_ctas: 1, num_stages: 3, maxnreg: None
precomp config: BLOCK_SIZE_M: 128, BLOCK_SIZE_N: 64, BLOCK_SIZE_K: 128, num_buffers: 4, num_warps: 4, num_ctas: 1, num_stages: 3, maxnreg: None
runtime config: BLOCK_SIZE_M: 64, BLOCK_SIZE_N: 64, BLOCK_SIZE_K: 128, num_buffers: 5, num_warps: 4, num_ctas: 1, num_stages: 3, maxnreg: None
start 32768-16-49152
finish 32768-16-49152, (2/169) -> Max Dense: 49.25, Max Precomp: 90.46, Max Runtime: 48.49
dense config: BLOCK_SIZE_M: 128, BLOCK_SIZE_N: 64, BLOCK_SIZE_K: 64, num_buffers: 5, num_warps: 4, num_ctas: 1, num_stages: 3, maxnreg: None
precomp config: BLOCK_SIZE_M: 128, BLOCK_SIZE_N: 64, BLOCK_SIZE_K: 128, num_buffers: 4, num_warps: 4, num_ctas: 1, num_stages: 3, maxnreg: None
runtime config: BLOCK_SIZE_M: 64, BLOCK_SIZE_N: 64, BLOCK_SIZE_K: 128, num_buffers: 5, num_warps: 4, num_ctas: 1, num_stages: 3, maxnreg: None
start 49152-16-32768
finish 49152-16-32768, (3/169) -> Max Dense: 49.65, Max Precomp: 91.91, Max Runtime: 48.92
dense config: BLOCK_SIZE_M: 128, BLOCK_SIZE_N: 64, BLOCK_SIZE_K: 128, num_buffers: 3, num_warps: 4, num_ctas: 1, num_stages: 3, maxnreg: None
precomp config: BLOCK_SIZE_M: 128, BLOCK_SIZE_N: 64, BLOCK_SIZE_K: 128, num_buffers: 4, num_warps: 4, num_ctas: 1, num_stages: 3, maxnreg: None
runtime config: BLOCK_SIZE_M: 128, BLOCK_SIZE_N: 64, BLOCK_SIZE_K: 128, num_buffers: 3, num_warps: 8, num_ctas: 1, num_stages: 3, maxnreg: None
start 24576-16-49152
finish 24576-16-49152, (4/169) -> Max Dense: 48.34, Max Precomp: 78.53, Max Runtime: 48.35
dense config: BLOCK_SIZE_M: 64, BLOCK_SIZE_N: 64, BLOCK_SIZE_K: 128, num_buffers: 4, num_warps: 4, num_ctas: 1, num_stages: 3, maxnreg: None
precomp config: BLOCK_SIZE_M: 128, BLOCK_SIZE_N: 64, BLOCK_SIZE_K: 64, num_buffers: 7, num_warps: 4, num_ctas: 1, num_stages: 3, maxnreg: None
runtime config: BLOCK_SIZE_M: 64, BLOCK_SIZE_N: 64, BLOCK_SIZE_K: 128, num_buffers: 5, num_warps: 4, num_ctas: 1, num_stages: 3, maxnreg: None
start 49152-16-24576
finish 49152-16-24576, (5/169) -> Max Dense: 48.78, Max Precomp: 88.71, Max Runtime: 48.12
dense config: BLOCK_SIZE_M: 128, BLOCK_SIZE_N: 64, BLOCK_SIZE_K: 64, num_buffers: 5, num_warps: 4, num_ctas: 1, num_stages: 3, maxnreg: None
precomp config: BLOCK_SIZE_M: 128, BLOCK_SIZE_N: 64, BLOCK_SIZE_K: 128, num_buffers: 4, num_warps: 4, num_ctas: 1, num_stages: 3, maxnreg: None
runtime config: BLOCK_SIZE_M: 64, BLOCK_SIZE_N: 64, BLOCK_SIZE_K: 128, num_buffers: 5, num_warps: 4, num_ctas: 1, num_stages: 3, maxnreg: None
start 32768-16-32768
finish 32768-16-32768, (6/169) -> Max Dense: 48.87, Max Precomp: 90.19, Max Runtime: 48.34
dense config: BLOCK_SIZE_M: 128, BLOCK_SIZE_N: 64, BLOCK_SIZE_K: 128, num_buffers: 3, num_warps: 4, num_ctas: 1, num_stages: 3, maxnreg: None
precomp config: BLOCK_SIZE_M: 128, BLOCK_SIZE_N: 64, BLOCK_SIZE_K: 128, num_buffers: 4, num_warps: 4, num_ctas: 1, num_stages: 3, maxnreg: None
runtime config: BLOCK_SIZE_M: 64, BLOCK_SIZE_N: 64, BLOCK_SIZE_K: 256, num_buffers: 3, num_warps: 4, num_ctas: 1, num_stages: 3, maxnreg: None
start 16384-16-49152
finish 16384-16-49152, (7/169) -> Max Dense: 48.61, Max Precomp: 88.27, Max Runtime: 47.86
dense config: BLOCK_SIZE_M: 128, BLOCK_SIZE_N: 64, BLOCK_SIZE_K: 128, num_buffers: 4, num_warps: 4, num_ctas: 1, num_stages: 3, maxnreg: None
precomp config: BLOCK_SIZE_M: 128, BLOCK_SIZE_N: 64, BLOCK_SIZE_K: 128, num_buffers: 4, num_warps: 4, num_ctas: 1, num_stages: 3, maxnreg: None
runtime config: BLOCK_SIZE_M: 128, BLOCK_SIZE_N: 64, BLOCK_SIZE_K: 128, num_buffers: 4, num_warps: 8, num_ctas: 1, num_stages: 3, maxnreg: None
start 24576-16-32768
finish 24576-16-32768, (8/169) -> Max Dense: 47.89, Max Precomp: 77.88, Max Runtime: 47.53
dense config: BLOCK_SIZE_M: 64, BLOCK_SIZE_N: 64, BLOCK_SIZE_K: 128, num_buffers: 4, num_warps: 4, num_ctas: 1, num_stages: 3, maxnreg: None
precomp config: BLOCK_SIZE_M: 128, BLOCK_SIZE_N: 64, BLOCK_SIZE_K: 64, num_buffers: 7, num_warps: 4, num_ctas: 1, num_stages: 3, maxnreg: None
runtime config: BLOCK_SIZE_M: 64, BLOCK_SIZE_N: 64, BLOCK_SIZE_K: 256, num_buffers: 3, num_warps: 4, num_ctas: 1, num_stages: 3, maxnreg: None
start 32768-16-24576
finish 32768-16-24576, (9/169) -> Max Dense: 48.07, Max Precomp: 87.68, Max Runtime: 47.31
dense config: BLOCK_SIZE_M: 128, BLOCK_SIZE_N: 64, BLOCK_SIZE_K: 64, num_buffers: 5, num_warps: 4, num_ctas: 1, num_stages: 3, maxnreg: None
precomp config: BLOCK_SIZE_M: 128, BLOCK_SIZE_N: 64, BLOCK_SIZE_K: 128, num_buffers: 4, num_warps: 4, num_ctas: 1, num_stages: 3, maxnreg: None
runtime config: BLOCK_SIZE_M: 64, BLOCK_SIZE_N: 64, BLOCK_SIZE_K: 128, num_buffers: 5, num_warps: 4, num_ctas: 1, num_stages: 3, maxnreg: None
start 49152-16-16384
finish 49152-16-16384, (10/169) -> Max Dense: 48.52, Max Precomp: 88.33, Max Runtime: 48.24
dense config: BLOCK_SIZE_M: 128, BLOCK_SIZE_N: 64, BLOCK_SIZE_K: 128, num_buffers: 3, num_warps: 8, num_ctas: 1, num_stages: 3, maxnreg: None
precomp config: BLOCK_SIZE_M: 128, BLOCK_SIZE_N: 64, BLOCK_SIZE_K: 128, num_buffers: 4, num_warps: 4, num_ctas: 1, num_stages: 3, maxnreg: None
runtime config: BLOCK_SIZE_M: 128, BLOCK_SIZE_N: 64, BLOCK_SIZE_K: 128, num_buffers: 3, num_warps: 8, num_ctas: 1, num_stages: 3, maxnreg: None
start 12288-16-49152
finish 12288-16-49152, (11/169) -> Max Dense: 47.16, Max Precomp: 80.18, Max Runtime: 46.70
dense config: BLOCK_SIZE_M: 128, BLOCK_SIZE_N: 64, BLOCK_SIZE_K: 128, num_buffers: 4, num_warps: 16, num_ctas: 1, num_stages: 3, maxnreg: None
precomp config: BLOCK_SIZE_M: 128, BLOCK_SIZE_N: 64, BLOCK_SIZE_K: 128, num_buffers: 4, num_warps: 4, num_ctas: 1, num_stages: 3, maxnreg: None
runtime config: BLOCK_SIZE_M: 128, BLOCK_SIZE_N: 64, BLOCK_SIZE_K: 128, num_buffers: 4, num_warps: 8, num_ctas: 1, num_stages: 3, maxnreg: None
start 24576-16-24576
finish 24576-16-24576, (12/169) -> Max Dense: 46.89, Max Precomp: 76.26, Max Runtime: 46.77
dense config: BLOCK_SIZE_M: 64, BLOCK_SIZE_N: 64, BLOCK_SIZE_K: 128, num_buffers: 4, num_warps: 4, num_ctas: 1, num_stages: 3, maxnreg: None
precomp config: BLOCK_SIZE_M: 128, BLOCK_SIZE_N: 64, BLOCK_SIZE_K: 64, num_buffers: 7, num_warps: 4, num_ctas: 1, num_stages: 3, maxnreg: None
runtime config: BLOCK_SIZE_M: 64, BLOCK_SIZE_N: 64, BLOCK_SIZE_K: 128, num_buffers: 5, num_warps: 4, num_ctas: 1, num_stages: 3, maxnreg: None
start 49152-16-12288
finish 49152-16-12288, (13/169) -> Max Dense: 47.18, Max Precomp: 84.78, Max Runtime: 46.48
dense config: BLOCK_SIZE_M: 128, BLOCK_SIZE_N: 64, BLOCK_SIZE_K: 128, num_buffers: 4, num_warps: 8, num_ctas: 1, num_stages: 3, maxnreg: None
precomp config: BLOCK_SIZE_M: 128, BLOCK_SIZE_N: 64, BLOCK_SIZE_K: 128, num_buffers: 4, num_warps: 4, num_ctas: 1, num_stages: 3, maxnreg: None
runtime config: BLOCK_SIZE_M: 64, BLOCK_SIZE_N: 64, BLOCK_SIZE_K: 128, num_buffers: 5, num_warps: 4, num_ctas: 1, num_stages: 3, maxnreg: None
start 16384-16-32768
finish 16384-16-32768, (14/169) -> Max Dense: 48.06, Max Precomp: 86.59, Max Runtime: 47.12
dense config: BLOCK_SIZE_M: 128, BLOCK_SIZE_N: 64, BLOCK_SIZE_K: 128, num_buffers: 4, num_warps: 8, num_ctas: 1, num_stages: 3, maxnreg: None
precomp config: BLOCK_SIZE_M: 128, BLOCK_SIZE_N: 64, BLOCK_SIZE_K: 128, num_buffers: 4, num_warps: 4, num_ctas: 1, num_stages: 3, maxnreg: None
runtime config: BLOCK_SIZE_M: 128, BLOCK_SIZE_N: 64, BLOCK_SIZE_K: 128, num_buffers: 3, num_warps: 8, num_ctas: 1, num_stages: 3, maxnreg: None
start 32768-16-16384
finish 32768-16-16384, (15/169) -> Max Dense: 47.84, Max Precomp: 85.71, Max Runtime: 46.89
dense config: BLOCK_SIZE_M: 128, BLOCK_SIZE_N: 64, BLOCK_SIZE_K: 128, num_buffers: 3, num_warps: 4, num_ctas: 1, num_stages: 3, maxnreg: None
precomp config: BLOCK_SIZE_M: 128, BLOCK_SIZE_N: 64, BLOCK_SIZE_K: 128, num_buffers: 4, num_warps: 4, num_ctas: 1, num_stages: 3, maxnreg: None
runtime config: BLOCK_SIZE_M: 128, BLOCK_SIZE_N: 64, BLOCK_SIZE_K: 128, num_buffers: 3, num_warps: 8, num_ctas: 1, num_stages: 3, maxnreg: None
start 8192-16-49152
finish 8192-16-49152, (16/169) -> Max Dense: 46.69, Max Precomp: 68.66, Max Runtime: 45.64
dense config: BLOCK_SIZE_M: 64, BLOCK_SIZE_N: 64, BLOCK_SIZE_K: 128, num_buffers: 6, num_warps: 4, num_ctas: 1, num_stages: 3, maxnreg: None
precomp config: BLOCK_SIZE_M: 64, BLOCK_SIZE_N: 64, BLOCK_SIZE_K: 128, num_buffers: 6, num_warps: 4, num_ctas: 1, num_stages: 3, maxnreg: None
runtime config: BLOCK_SIZE_M: 64, BLOCK_SIZE_N: 64, BLOCK_SIZE_K: 128, num_buffers: 5, num_warps: 4, num_ctas: 1, num_stages: 3, maxnreg: None
start 12288-16-32768
finish 12288-16-32768, (17/169) -> Max Dense: 46.62, Max Precomp: 78.20, Max Runtime: 46.18
dense config: BLOCK_SIZE_M: 128, BLOCK_SIZE_N: 64, BLOCK_SIZE_K: 64, num_buffers: 5, num_warps: 4, num_ctas: 1, num_stages: 3, maxnreg: None
precomp config: BLOCK_SIZE_M: 128, BLOCK_SIZE_N: 64, BLOCK_SIZE_K: 128, num_buffers: 4, num_warps: 4, num_ctas: 1, num_stages: 3, maxnreg: None
runtime config: BLOCK_SIZE_M: 128, BLOCK_SIZE_N: 64, BLOCK_SIZE_K: 128, num_buffers: 4, num_warps: 8, num_ctas: 1, num_stages: 3, maxnreg: None
start 16384-16-24576
finish 16384-16-24576, (18/169) -> Max Dense: 46.78, Max Precomp: 82.41, Max Runtime: 45.80
dense config: BLOCK_SIZE_M: 128, BLOCK_SIZE_N: 64, BLOCK_SIZE_K: 64, num_buffers: 5, num_warps: 4, num_ctas: 1, num_stages: 3, maxnreg: None
precomp config: BLOCK_SIZE_M: 128, BLOCK_SIZE_N: 64, BLOCK_SIZE_K: 128, num_buffers: 4, num_warps: 4, num_ctas: 1, num_stages: 3, maxnreg: None
runtime config: BLOCK_SIZE_M: 128, BLOCK_SIZE_N: 64, BLOCK_SIZE_K: 128, num_buffers: 4, num_warps: 8, num_ctas: 1, num_stages: 3, maxnreg: None
start 24576-16-16384
finish 24576-16-16384, (19/169) -> Max Dense: 46.26, Max Precomp: 73.22, Max Runtime: 45.50
dense config: BLOCK_SIZE_M: 64, BLOCK_SIZE_N: 64, BLOCK_SIZE_K: 128, num_buffers: 4, num_warps: 4, num_ctas: 1, num_stages: 3, maxnreg: None
precomp config: BLOCK_SIZE_M: 128, BLOCK_SIZE_N: 64, BLOCK_SIZE_K: 64, num_buffers: 7, num_warps: 4, num_ctas: 1, num_stages: 3, maxnreg: None
runtime config: BLOCK_SIZE_M: 64, BLOCK_SIZE_N: 64, BLOCK_SIZE_K: 128, num_buffers: 5, num_warps: 4, num_ctas: 1, num_stages: 3, maxnreg: None
start 32768-16-12288
finish 32768-16-12288, (20/169) -> Max Dense: 46.65, Max Precomp: 82.27, Max Runtime: 45.64
dense config: BLOCK_SIZE_M: 128, BLOCK_SIZE_N: 64, BLOCK_SIZE_K: 128, num_buffers: 3, num_warps: 4, num_ctas: 1, num_stages: 3, maxnreg: None
precomp config: BLOCK_SIZE_M: 128, BLOCK_SIZE_N: 64, BLOCK_SIZE_K: 128, num_buffers: 4, num_warps: 4, num_ctas: 1, num_stages: 3, maxnreg: None
runtime config: BLOCK_SIZE_M: 128, BLOCK_SIZE_N: 64, BLOCK_SIZE_K: 128, num_buffers: 3, num_warps: 8, num_ctas: 1, num_stages: 3, maxnreg: None
start 49152-16-8192
finish 49152-16-8192, (21/169) -> Max Dense: 46.59, Max Precomp: 82.44, Max Runtime: 45.55
dense config: BLOCK_SIZE_M: 128, BLOCK_SIZE_N: 64, BLOCK_SIZE_K: 128, num_buffers: 3, num_warps: 8, num_ctas: 1, num_stages: 3, maxnreg: None
precomp config: BLOCK_SIZE_M: 128, BLOCK_SIZE_N: 64, BLOCK_SIZE_K: 128, num_buffers: 4, num_warps: 4, num_ctas: 1, num_stages: 3, maxnreg: None
runtime config: BLOCK_SIZE_M: 128, BLOCK_SIZE_N: 64, BLOCK_SIZE_K: 128, num_buffers: 3, num_warps: 8, num_ctas: 1, num_stages: 3, maxnreg: None
start 6144-16-49152
finish 6144-16-49152, (22/169) -> Max Dense: 43.52, Max Precomp: 57.96, Max Runtime: 43.17
dense config: BLOCK_SIZE_M: 64, BLOCK_SIZE_N: 64, BLOCK_SIZE_K: 128, num_buffers: 5, num_warps: 4, num_ctas: 1, num_stages: 3, maxnreg: None
precomp config: BLOCK_SIZE_M: 64, BLOCK_SIZE_N: 64, BLOCK_SIZE_K: 128, num_buffers: 6, num_warps: 4, num_ctas: 1, num_stages: 3, maxnreg: None
runtime config: BLOCK_SIZE_M: 64, BLOCK_SIZE_N: 64, BLOCK_SIZE_K: 128, num_buffers: 6, num_warps: 4, num_ctas: 1, num_stages: 3, maxnreg: None
start 12288-16-24576
finish 12288-16-24576, (23/169) -> Max Dense: 44.65, Max Precomp: 74.86, Max Runtime: 43.94
dense config: BLOCK_SIZE_M: 128, BLOCK_SIZE_N: 64, BLOCK_SIZE_K: 128, num_buffers: 4, num_warps: 4, num_ctas: 1, num_stages: 3, maxnreg: None
precomp config: BLOCK_SIZE_M: 128, BLOCK_SIZE_N: 64, BLOCK_SIZE_K: 128, num_buffers: 4, num_warps: 4, num_ctas: 1, num_stages: 3, maxnreg: None
runtime config: BLOCK_SIZE_M: 128, BLOCK_SIZE_N: 64, BLOCK_SIZE_K: 128, num_buffers: 4, num_warps: 8, num_ctas: 1, num_stages: 3, maxnreg: None
start 24576-16-12288
finish 24576-16-12288, (24/169) -> Max Dense: 44.52, Max Precomp: 70.34, Max Runtime: 44.27
dense config: BLOCK_SIZE_M: 64, BLOCK_SIZE_N: 64, BLOCK_SIZE_K: 128, num_buffers: 5, num_warps: 4, num_ctas: 1, num_stages: 3, maxnreg: None
precomp config: BLOCK_SIZE_M: 128, BLOCK_SIZE_N: 64, BLOCK_SIZE_K: 64, num_buffers: 7, num_warps: 4, num_ctas: 1, num_stages: 3, maxnreg: None
runtime config: BLOCK_SIZE_M: 64, BLOCK_SIZE_N: 64, BLOCK_SIZE_K: 128, num_buffers: 5, num_warps: 4, num_ctas: 1, num_stages: 3, maxnreg: None
start 49152-16-6144
finish 49152-16-6144, (25/169) -> Max Dense: 44.89, Max Precomp: 78.58, Max Runtime: 44.52
dense config: BLOCK_SIZE_M: 128, BLOCK_SIZE_N: 64, BLOCK_SIZE_K: 128, num_buffers: 4, num_warps: 8, num_ctas: 1, num_stages: 3, maxnreg: None
precomp config: BLOCK_SIZE_M: 128, BLOCK_SIZE_N: 64, BLOCK_SIZE_K: 128, num_buffers: 4, num_warps: 4, num_ctas: 1, num_stages: 3, maxnreg: None
runtime config: BLOCK_SIZE_M: 128, BLOCK_SIZE_N: 64, BLOCK_SIZE_K: 128, num_buffers: 3, num_warps: 8, num_ctas: 1, num_stages: 3, maxnreg: None
start 8192-16-32768
finish 8192-16-32768, (26/169) -> Max Dense: 45.36, Max Precomp: 66.51, Max Runtime: 44.31
dense config: BLOCK_SIZE_M: 64, BLOCK_SIZE_N: 64, BLOCK_SIZE_K: 128, num_buffers: 6, num_warps: 4, num_ctas: 1, num_stages: 3, maxnreg: None
precomp config: BLOCK_SIZE_M: 64, BLOCK_SIZE_N: 64, BLOCK_SIZE_K: 128, num_buffers: 6, num_warps: 4, num_ctas: 1, num_stages: 3, maxnreg: None
runtime config: BLOCK_SIZE_M: 64, BLOCK_SIZE_N: 64, BLOCK_SIZE_K: 128, num_buffers: 5, num_warps: 4, num_ctas: 1, num_stages: 3, maxnreg: None
start 16384-16-16384
finish 16384-16-16384, (27/169) -> Max Dense: 45.47, Max Precomp: 79.61, Max Runtime: 44.21
dense config: BLOCK_SIZE_M: 128, BLOCK_SIZE_N: 64, BLOCK_SIZE_K: 64, num_buffers: 5, num_warps: 4, num_ctas: 1, num_stages: 3, maxnreg: None
precomp config: BLOCK_SIZE_M: 128, BLOCK_SIZE_N: 64, BLOCK_SIZE_K: 128, num_buffers: 4, num_warps: 4, num_ctas: 1, num_stages: 3, maxnreg: None
runtime config: BLOCK_SIZE_M: 128, BLOCK_SIZE_N: 64, BLOCK_SIZE_K: 64, num_buffers: 5, num_warps: 4, num_ctas: 1, num_stages: 3, maxnreg: None
start 32768-16-8192
finish 32768-16-8192, (28/169) -> Max Dense: 44.88, Max Precomp: 77.99, Max Runtime: 43.82
dense config: BLOCK_SIZE_M: 128, BLOCK_SIZE_N: 64, BLOCK_SIZE_K: 128, num_buffers: 4, num_warps: 4, num_ctas: 1, num_stages: 3, maxnreg: None
precomp config: BLOCK_SIZE_M: 128, BLOCK_SIZE_N: 64, BLOCK_SIZE_K: 128, num_buffers: 4, num_warps: 4, num_ctas: 1, num_stages: 3, maxnreg: None
runtime config: BLOCK_SIZE_M: 64, BLOCK_SIZE_N: 64, BLOCK_SIZE_K: 256, num_buffers: 3, num_warps: 4, num_ctas: 1, num_stages: 3, maxnreg: None
start 4096-16-49152
finish 4096-16-49152, (29/169) -> Max Dense: 39.13, Max Precomp: 50.28, Max Runtime: 31.30
dense config: BLOCK_SIZE_M: 64, BLOCK_SIZE_N: 64, BLOCK_SIZE_K: 128, num_buffers: 6, num_warps: 4, num_ctas: 1, num_stages: 3, maxnreg: None
precomp config: BLOCK_SIZE_M: 64, BLOCK_SIZE_N: 64, BLOCK_SIZE_K: 128, num_buffers: 6, num_warps: 4, num_ctas: 1, num_stages: 3, maxnreg: None
runtime config: BLOCK_SIZE_M: 64, BLOCK_SIZE_N: 64, BLOCK_SIZE_K: 128, num_buffers: 5, num_warps: 4, num_ctas: 1, num_stages: 3, maxnreg: None
start 6144-16-32768
finish 6144-16-32768, (30/169) -> Max Dense: 41.88, Max Precomp: 55.74, Max Runtime: 41.84
dense config: BLOCK_SIZE_M: 64, BLOCK_SIZE_N: 64, BLOCK_SIZE_K: 128, num_buffers: 5, num_warps: 4, num_ctas: 1, num_stages: 3, maxnreg: None
precomp config: BLOCK_SIZE_M: 64, BLOCK_SIZE_N: 64, BLOCK_SIZE_K: 128, num_buffers: 6, num_warps: 4, num_ctas: 1, num_stages: 3, maxnreg: None
runtime config: BLOCK_SIZE_M: 64, BLOCK_SIZE_N: 64, BLOCK_SIZE_K: 128, num_buffers: 5, num_warps: 4, num_ctas: 1, num_stages: 3, maxnreg: None
start 8192-16-24576
finish 8192-16-24576, (31/169) -> Max Dense: 43.67, Max Precomp: 63.87, Max Runtime: 42.54
dense config: BLOCK_SIZE_M: 64, BLOCK_SIZE_N: 64, BLOCK_SIZE_K: 128, num_buffers: 6, num_warps: 4, num_ctas: 1, num_stages: 3, maxnreg: None
precomp config: BLOCK_SIZE_M: 64, BLOCK_SIZE_N: 64, BLOCK_SIZE_K: 128, num_buffers: 6, num_warps: 4, num_ctas: 1, num_stages: 3, maxnreg: None
runtime config: BLOCK_SIZE_M: 64, BLOCK_SIZE_N: 64, BLOCK_SIZE_K: 128, num_buffers: 5, num_warps: 4, num_ctas: 1, num_stages: 3, maxnreg: None
start 12288-16-16384
finish 12288-16-16384, (32/169) -> Max Dense: 43.47, Max Precomp: 70.98, Max Runtime: 42.70
dense config: BLOCK_SIZE_M: 128, BLOCK_SIZE_N: 64, BLOCK_SIZE_K: 64, num_buffers: 5, num_warps: 4, num_ctas: 1, num_stages: 3, maxnreg: None
precomp config: BLOCK_SIZE_M: 128, BLOCK_SIZE_N: 64, BLOCK_SIZE_K: 128, num_buffers: 4, num_warps: 4, num_ctas: 1, num_stages: 3, maxnreg: None
runtime config: BLOCK_SIZE_M: 128, BLOCK_SIZE_N: 64, BLOCK_SIZE_K: 128, num_buffers: 4, num_warps: 8, num_ctas: 1, num_stages: 3, maxnreg: None
start 16384-16-12288
finish 16384-16-12288, (33/169) -> Max Dense: 43.82, Max Precomp: 74.36, Max Runtime: 42.73
dense config: BLOCK_SIZE_M: 128, BLOCK_SIZE_N: 64, BLOCK_SIZE_K: 128, num_buffers: 4, num_warps: 8, num_ctas: 1, num_stages: 3, maxnreg: None
precomp config: BLOCK_SIZE_M: 128, BLOCK_SIZE_N: 64, BLOCK_SIZE_K: 128, num_buffers: 4, num_warps: 4, num_ctas: 1, num_stages: 3, maxnreg: None
runtime config: BLOCK_SIZE_M: 128, BLOCK_SIZE_N: 64, BLOCK_SIZE_K: 128, num_buffers: 4, num_warps: 8, num_ctas: 1, num_stages: 3, maxnreg: None
start 24576-16-8192
finish 24576-16-8192, (34/169) -> Max Dense: 43.09, Max Precomp: 67.68, Max Runtime: 42.35
dense config: BLOCK_SIZE_M: 64, BLOCK_SIZE_N: 64, BLOCK_SIZE_K: 128, num_buffers: 4, num_warps: 4, num_ctas: 1, num_stages: 3, maxnreg: None
precomp config: BLOCK_SIZE_M: 128, BLOCK_SIZE_N: 64, BLOCK_SIZE_K: 128, num_buffers: 4, num_warps: 4, num_ctas: 1, num_stages: 3, maxnreg: None
runtime config: BLOCK_SIZE_M: 64, BLOCK_SIZE_N: 64, BLOCK_SIZE_K: 256, num_buffers: 3, num_warps: 4, num_ctas: 1, num_stages: 3, maxnreg: None
start 32768-16-6144
finish 32768-16-6144, (35/169) -> Max Dense: 43.48, Max Precomp: 73.69, Max Runtime: 42.55
dense config: BLOCK_SIZE_M: 128, BLOCK_SIZE_N: 64, BLOCK_SIZE_K: 128, num_buffers: 3, num_warps: 4, num_ctas: 1, num_stages: 3, maxnreg: None
precomp config: BLOCK_SIZE_M: 128, BLOCK_SIZE_N: 64, BLOCK_SIZE_K: 128, num_buffers: 4, num_warps: 4, num_ctas: 1, num_stages: 3, maxnreg: None
runtime config: BLOCK_SIZE_M: 128, BLOCK_SIZE_N: 64, BLOCK_SIZE_K: 128, num_buffers: 3, num_warps: 8, num_ctas: 1, num_stages: 3, maxnreg: None
start 49152-16-4096
finish 49152-16-4096, (36/169) -> Max Dense: 43.53, Max Precomp: 73.41, Max Runtime: 42.75
dense config: BLOCK_SIZE_M: 128, BLOCK_SIZE_N: 64, BLOCK_SIZE_K: 128, num_buffers: 4, num_warps: 4, num_ctas: 1, num_stages: 3, maxnreg: None
precomp config: BLOCK_SIZE_M: 128, BLOCK_SIZE_N: 64, BLOCK_SIZE_K: 128, num_buffers: 4, num_warps: 4, num_ctas: 1, num_stages: 3, maxnreg: None
runtime config: BLOCK_SIZE_M: 128, BLOCK_SIZE_N: 64, BLOCK_SIZE_K: 128, num_buffers: 3, num_warps: 8, num_ctas: 1, num_stages: 3, maxnreg: None
start 3072-16-49152
finish 3072-16-49152, (37/169) -> Max Dense: 30.22, Max Precomp: 38.94, Max Runtime: 23.97
dense config: BLOCK_SIZE_M: 64, BLOCK_SIZE_N: 64, BLOCK_SIZE_K: 128, num_buffers: 6, num_warps: 4, num_ctas: 1, num_stages: 3, maxnreg: None
precomp config: BLOCK_SIZE_M: 64, BLOCK_SIZE_N: 64, BLOCK_SIZE_K: 128, num_buffers: 6, num_warps: 4, num_ctas: 1, num_stages: 3, maxnreg: None
runtime config: BLOCK_SIZE_M: 64, BLOCK_SIZE_N: 64, BLOCK_SIZE_K: 128, num_buffers: 5, num_warps: 4, num_ctas: 1, num_stages: 3, maxnreg: None
start 6144-16-24576
finish 6144-16-24576, (38/169) -> Max Dense: 40.29, Max Precomp: 54.32, Max Runtime: 39.41
dense config: BLOCK_SIZE_M: 64, BLOCK_SIZE_N: 64, BLOCK_SIZE_K: 128, num_buffers: 5, num_warps: 4, num_ctas: 1, num_stages: 3, maxnreg: None
precomp config: BLOCK_SIZE_M: 64, BLOCK_SIZE_N: 64, BLOCK_SIZE_K: 128, num_buffers: 6, num_warps: 4, num_ctas: 1, num_stages: 3, maxnreg: None
runtime config: BLOCK_SIZE_M: 64, BLOCK_SIZE_N: 64, BLOCK_SIZE_K: 128, num_buffers: 5, num_warps: 4, num_ctas: 1, num_stages: 3, maxnreg: None
start 12288-16-12288
finish 12288-16-12288, (39/169) -> Max Dense: 41.33, Max Precomp: 66.69, Max Runtime: 40.27
dense config: BLOCK_SIZE_M: 128, BLOCK_SIZE_N: 64, BLOCK_SIZE_K: 64, num_buffers: 5, num_warps: 4, num_ctas: 1, num_stages: 3, maxnreg: None
precomp config: BLOCK_SIZE_M: 128, BLOCK_SIZE_N: 64, BLOCK_SIZE_K: 128, num_buffers: 4, num_warps: 4, num_ctas: 1, num_stages: 3, maxnreg: None
runtime config: BLOCK_SIZE_M: 128, BLOCK_SIZE_N: 64, BLOCK_SIZE_K: 128, num_buffers: 4, num_warps: 8, num_ctas: 1, num_stages: 3, maxnreg: None
start 24576-16-6144
finish 24576-16-6144, (40/169) -> Max Dense: 41.20, Max Precomp: 63.49, Max Runtime: 40.53
dense config: BLOCK_SIZE_M: 64, BLOCK_SIZE_N: 64, BLOCK_SIZE_K: 128, num_buffers: 4, num_warps: 4, num_ctas: 1, num_stages: 3, maxnreg: None
precomp config: BLOCK_SIZE_M: 128, BLOCK_SIZE_N: 64, BLOCK_SIZE_K: 128, num_buffers: 4, num_warps: 4, num_ctas: 1, num_stages: 3, maxnreg: None
runtime config: BLOCK_SIZE_M: 64, BLOCK_SIZE_N: 64, BLOCK_SIZE_K: 128, num_buffers: 5, num_warps: 4, num_ctas: 1, num_stages: 3, maxnreg: None
start 49152-16-3072
finish 49152-16-3072, (41/169) -> Max Dense: 41.41, Max Precomp: 68.52, Max Runtime: 40.55
dense config: BLOCK_SIZE_M: 128, BLOCK_SIZE_N: 64, BLOCK_SIZE_K: 64, num_buffers: 5, num_warps: 4, num_ctas: 1, num_stages: 3, maxnreg: None
precomp config: BLOCK_SIZE_M: 128, BLOCK_SIZE_N: 64, BLOCK_SIZE_K: 128, num_buffers: 4, num_warps: 4, num_ctas: 1, num_stages: 3, maxnreg: None
runtime config: BLOCK_SIZE_M: 128, BLOCK_SIZE_N: 64, BLOCK_SIZE_K: 128, num_buffers: 3, num_warps: 4, num_ctas: 1, num_stages: 3, maxnreg: None
start 4096-16-32768
finish 4096-16-32768, (42/169) -> Max Dense: 37.45, Max Precomp: 48.29, Max Runtime: 30.41
dense config: BLOCK_SIZE_M: 64, BLOCK_SIZE_N: 64, BLOCK_SIZE_K: 128, num_buffers: 6, num_warps: 4, num_ctas: 1, num_stages: 3, maxnreg: None
precomp config: BLOCK_SIZE_M: 64, BLOCK_SIZE_N: 64, BLOCK_SIZE_K: 128, num_buffers: 6, num_warps: 4, num_ctas: 1, num_stages: 3, maxnreg: None
runtime config: BLOCK_SIZE_M: 64, BLOCK_SIZE_N: 64, BLOCK_SIZE_K: 128, num_buffers: 5, num_warps: 4, num_ctas: 1, num_stages: 3, maxnreg: None
start 8192-16-16384
finish 8192-16-16384, (43/169) -> Max Dense: 41.19, Max Precomp: 59.92, Max Runtime: 40.26
dense config: BLOCK_SIZE_M: 64, BLOCK_SIZE_N: 64, BLOCK_SIZE_K: 128, num_buffers: 6, num_warps: 4, num_ctas: 1, num_stages: 3, maxnreg: None
precomp config: BLOCK_SIZE_M: 64, BLOCK_SIZE_N: 64, BLOCK_SIZE_K: 128, num_buffers: 6, num_warps: 4, num_ctas: 1, num_stages: 3, maxnreg: None
runtime config: BLOCK_SIZE_M: 64, BLOCK_SIZE_N: 64, BLOCK_SIZE_K: 128, num_buffers: 5, num_warps: 4, num_ctas: 1, num_stages: 3, maxnreg: None
start 16384-16-8192
finish 16384-16-8192, (44/169) -> Max Dense: 41.36, Max Precomp: 67.32, Max Runtime: 40.77
dense config: BLOCK_SIZE_M: 128, BLOCK_SIZE_N: 64, BLOCK_SIZE_K: 128, num_buffers: 4, num_warps: 4, num_ctas: 1, num_stages: 3, maxnreg: None
precomp config: BLOCK_SIZE_M: 128, BLOCK_SIZE_N: 64, BLOCK_SIZE_K: 128, num_buffers: 4, num_warps: 4, num_ctas: 1, num_stages: 3, maxnreg: None
runtime config: BLOCK_SIZE_M: 128, BLOCK_SIZE_N: 64, BLOCK_SIZE_K: 128, num_buffers: 3, num_warps: 8, num_ctas: 1, num_stages: 3, maxnreg: None
start 32768-16-4096
finish 32768-16-4096, (45/169) -> Max Dense: 41.01, Max Precomp: 67.18, Max Runtime: 40.18
dense config: BLOCK_SIZE_M: 128, BLOCK_SIZE_N: 64, BLOCK_SIZE_K: 128, num_buffers: 3, num_warps: 4, num_ctas: 1, num_stages: 3, maxnreg: None
precomp config: BLOCK_SIZE_M: 128, BLOCK_SIZE_N: 64, BLOCK_SIZE_K: 128, num_buffers: 4, num_warps: 4, num_ctas: 1, num_stages: 3, maxnreg: None
runtime config: BLOCK_SIZE_M: 128, BLOCK_SIZE_N: 64, BLOCK_SIZE_K: 128, num_buffers: 3, num_warps: 8, num_ctas: 1, num_stages: 3, maxnreg: None
start 2048-16-49152
finish 2048-16-49152, (46/169) -> Max Dense: 22.41, Max Precomp: 28.69, Max Runtime: 16.15
dense config: BLOCK_SIZE_M: 64, BLOCK_SIZE_N: 64, BLOCK_SIZE_K: 128, num_buffers: 6, num_warps: 4, num_ctas: 1, num_stages: 3, maxnreg: None
precomp config: BLOCK_SIZE_M: 64, BLOCK_SIZE_N: 64, BLOCK_SIZE_K: 128, num_buffers: 6, num_warps: 4, num_ctas: 1, num_stages: 3, maxnreg: None
runtime config: BLOCK_SIZE_M: 64, BLOCK_SIZE_N: 64, BLOCK_SIZE_K: 128, num_buffers: 5, num_warps: 4, num_ctas: 1, num_stages: 3, maxnreg: None
start 3072-16-32768
finish 3072-16-32768, (47/169) -> Max Dense: 29.57, Max Precomp: 37.82, Max Runtime: 23.27
dense config: BLOCK_SIZE_M: 64, BLOCK_SIZE_N: 64, BLOCK_SIZE_K: 128, num_buffers: 6, num_warps: 4, num_ctas: 1, num_stages: 3, maxnreg: None
precomp config: BLOCK_SIZE_M: 64, BLOCK_SIZE_N: 64, BLOCK_SIZE_K: 128, num_buffers: 6, num_warps: 4, num_ctas: 1, num_stages: 3, maxnreg: None
runtime config: BLOCK_SIZE_M: 64, BLOCK_SIZE_N: 64, BLOCK_SIZE_K: 128, num_buffers: 5, num_warps: 4, num_ctas: 1, num_stages: 3, maxnreg: None
start 4096-16-24576
finish 4096-16-24576, (48/169) -> Max Dense: 35.78, Max Precomp: 45.61, Max Runtime: 29.45
dense config: BLOCK_SIZE_M: 64, BLOCK_SIZE_N: 64, BLOCK_SIZE_K: 128, num_buffers: 6, num_warps: 4, num_ctas: 1, num_stages: 3, maxnreg: None
precomp config: BLOCK_SIZE_M: 64, BLOCK_SIZE_N: 64, BLOCK_SIZE_K: 128, num_buffers: 6, num_warps: 4, num_ctas: 1, num_stages: 3, maxnreg: None
runtime config: BLOCK_SIZE_M: 64, BLOCK_SIZE_N: 64, BLOCK_SIZE_K: 128, num_buffers: 5, num_warps: 4, num_ctas: 1, num_stages: 3, maxnreg: None
start 6144-16-16384
finish 6144-16-16384, (49/169) -> Max Dense: 37.36, Max Precomp: 51.17, Max Runtime: 37.04
dense config: BLOCK_SIZE_M: 64, BLOCK_SIZE_N: 64, BLOCK_SIZE_K: 128, num_buffers: 5, num_warps: 4, num_ctas: 1, num_stages: 3, maxnreg: None
precomp config: BLOCK_SIZE_M: 64, BLOCK_SIZE_N: 64, BLOCK_SIZE_K: 128, num_buffers: 6, num_warps: 4, num_ctas: 1, num_stages: 3, maxnreg: None
runtime config: BLOCK_SIZE_M: 64, BLOCK_SIZE_N: 64, BLOCK_SIZE_K: 128, num_buffers: 5, num_warps: 4, num_ctas: 1, num_stages: 3, maxnreg: None
start 8192-16-12288
finish 8192-16-12288, (50/169) -> Max Dense: 38.62, Max Precomp: 56.27, Max Runtime: 37.39
dense config: BLOCK_SIZE_M: 64, BLOCK_SIZE_N: 64, BLOCK_SIZE_K: 128, num_buffers: 5, num_warps: 4, num_ctas: 1, num_stages: 3, maxnreg: None
precomp config: BLOCK_SIZE_M: 64, BLOCK_SIZE_N: 64, BLOCK_SIZE_K: 128, num_buffers: 6, num_warps: 4, num_ctas: 1, num_stages: 3, maxnreg: None
runtime config: BLOCK_SIZE_M: 64, BLOCK_SIZE_N: 64, BLOCK_SIZE_K: 128, num_buffers: 5, num_warps: 4, num_ctas: 1, num_stages: 3, maxnreg: None
start 12288-16-8192
finish 12288-16-8192, (51/169) -> Max Dense: 38.67, Max Precomp: 60.60, Max Runtime: 37.61
dense config: BLOCK_SIZE_M: 128, BLOCK_SIZE_N: 64, BLOCK_SIZE_K: 64, num_buffers: 5, num_warps: 4, num_ctas: 1, num_stages: 3, maxnreg: None
precomp config: BLOCK_SIZE_M: 128, BLOCK_SIZE_N: 64, BLOCK_SIZE_K: 128, num_buffers: 4, num_warps: 4, num_ctas: 1, num_stages: 3, maxnreg: None
runtime config: BLOCK_SIZE_M: 128, BLOCK_SIZE_N: 64, BLOCK_SIZE_K: 128, num_buffers: 4, num_warps: 8, num_ctas: 1, num_stages: 3, maxnreg: None
start 16384-16-6144
finish 16384-16-6144, (52/169) -> Max Dense: 38.87, Max Precomp: 61.71, Max Runtime: 38.10
dense config: BLOCK_SIZE_M: 128, BLOCK_SIZE_N: 64, BLOCK_SIZE_K: 64, num_buffers: 5, num_warps: 4, num_ctas: 1, num_stages: 3, maxnreg: None
precomp config: BLOCK_SIZE_M: 128, BLOCK_SIZE_N: 64, BLOCK_SIZE_K: 128, num_buffers: 4, num_warps: 4, num_ctas: 1, num_stages: 3, maxnreg: None
runtime config: BLOCK_SIZE_M: 128, BLOCK_SIZE_N: 64, BLOCK_SIZE_K: 128, num_buffers: 3, num_warps: 4, num_ctas: 1, num_stages: 3, maxnreg: None
start 24576-16-4096
finish 24576-16-4096, (53/169) -> Max Dense: 38.31, Max Precomp: 58.71, Max Runtime: 37.47
dense config: BLOCK_SIZE_M: 64, BLOCK_SIZE_N: 64, BLOCK_SIZE_K: 128, num_buffers: 5, num_warps: 4, num_ctas: 1, num_stages: 3, maxnreg: None
precomp config: BLOCK_SIZE_M: 128, BLOCK_SIZE_N: 64, BLOCK_SIZE_K: 128, num_buffers: 4, num_warps: 4, num_ctas: 1, num_stages: 3, maxnreg: None
runtime config: BLOCK_SIZE_M: 64, BLOCK_SIZE_N: 64, BLOCK_SIZE_K: 128, num_buffers: 6, num_warps: 4, num_ctas: 1, num_stages: 3, maxnreg: None
start 32768-16-3072
finish 32768-16-3072, (54/169) -> Max Dense: 38.56, Max Precomp: 61.02, Max Runtime: 37.97
dense config: BLOCK_SIZE_M: 128, BLOCK_SIZE_N: 64, BLOCK_SIZE_K: 128, num_buffers: 3, num_warps: 8, num_ctas: 1, num_stages: 3, maxnreg: None
precomp config: BLOCK_SIZE_M: 128, BLOCK_SIZE_N: 64, BLOCK_SIZE_K: 128, num_buffers: 4, num_warps: 4, num_ctas: 1, num_stages: 3, maxnreg: None
runtime config: BLOCK_SIZE_M: 128, BLOCK_SIZE_N: 64, BLOCK_SIZE_K: 128, num_buffers: 3, num_warps: 4, num_ctas: 1, num_stages: 3, maxnreg: None
start 49152-16-2048
finish 49152-16-2048, (55/169) -> Max Dense: 38.59, Max Precomp: 62.29, Max Runtime: 37.91
dense config: BLOCK_SIZE_M: 128, BLOCK_SIZE_N: 64, BLOCK_SIZE_K: 128, num_buffers: 3, num_warps: 4, num_ctas: 1, num_stages: 3, maxnreg: None
precomp config: BLOCK_SIZE_M: 128, BLOCK_SIZE_N: 64, BLOCK_SIZE_K: 128, num_buffers: 4, num_warps: 4, num_ctas: 1, num_stages: 3, maxnreg: None
runtime config: BLOCK_SIZE_M: 128, BLOCK_SIZE_N: 64, BLOCK_SIZE_K: 128, num_buffers: 3, num_warps: 4, num_ctas: 1, num_stages: 3, maxnreg: None
start 1536-16-49152
finish 1536-16-49152, (56/169) -> Max Dense: 18.51, Max Precomp: 24.10, Max Runtime: 12.02
dense config: BLOCK_SIZE_M: 64, BLOCK_SIZE_N: 64, BLOCK_SIZE_K: 128, num_buffers: 6, num_warps: 4, num_ctas: 1, num_stages: 3, maxnreg: None
precomp config: BLOCK_SIZE_M: 64, BLOCK_SIZE_N: 64, BLOCK_SIZE_K: 128, num_buffers: 6, num_warps: 4, num_ctas: 1, num_stages: 3, maxnreg: None
runtime config: BLOCK_SIZE_M: 64, BLOCK_SIZE_N: 64, BLOCK_SIZE_K: 128, num_buffers: 5, num_warps: 4, num_ctas: 1, num_stages: 3, maxnreg: None
start 3072-16-24576
finish 3072-16-24576, (57/169) -> Max Dense: 28.55, Max Precomp: 36.91, Max Runtime: 22.79
dense config: BLOCK_SIZE_M: 64, BLOCK_SIZE_N: 64, BLOCK_SIZE_K: 128, num_buffers: 6, num_warps: 4, num_ctas: 1, num_stages: 3, maxnreg: None
precomp config: BLOCK_SIZE_M: 64, BLOCK_SIZE_N: 64, BLOCK_SIZE_K: 128, num_buffers: 6, num_warps: 4, num_ctas: 1, num_stages: 3, maxnreg: None
runtime config: BLOCK_SIZE_M: 64, BLOCK_SIZE_N: 64, BLOCK_SIZE_K: 128, num_buffers: 5, num_warps: 4, num_ctas: 1, num_stages: 3, maxnreg: None
start 6144-16-12288
finish 6144-16-12288, (58/169) -> Max Dense: 35.21, Max Precomp: 48.23, Max Runtime: 34.03
dense config: BLOCK_SIZE_M: 64, BLOCK_SIZE_N: 64, BLOCK_SIZE_K: 128, num_buffers: 5, num_warps: 4, num_ctas: 1, num_stages: 3, maxnreg: None
precomp config: BLOCK_SIZE_M: 64, BLOCK_SIZE_N: 64, BLOCK_SIZE_K: 128, num_buffers: 6, num_warps: 4, num_ctas: 1, num_stages: 3, maxnreg: None
runtime config: BLOCK_SIZE_M: 64, BLOCK_SIZE_N: 64, BLOCK_SIZE_K: 128, num_buffers: 5, num_warps: 4, num_ctas: 1, num_stages: 3, maxnreg: None
start 12288-16-6144
finish 12288-16-6144, (59/169) -> Max Dense: 35.77, Max Precomp: 53.54, Max Runtime: 34.51
dense config: BLOCK_SIZE_M: 128, BLOCK_SIZE_N: 64, BLOCK_SIZE_K: 64, num_buffers: 5, num_warps: 4, num_ctas: 1, num_stages: 3, maxnreg: None
precomp config: BLOCK_SIZE_M: 128, BLOCK_SIZE_N: 64, BLOCK_SIZE_K: 128, num_buffers: 4, num_warps: 8, num_ctas: 1, num_stages: 3, maxnreg: None
runtime config: BLOCK_SIZE_M: 128, BLOCK_SIZE_N: 64, BLOCK_SIZE_K: 128, num_buffers: 3, num_warps: 8, num_ctas: 1, num_stages: 3, maxnreg: None
start 24576-16-3072
finish 24576-16-3072, (60/169) -> Max Dense: 35.61, Max Precomp: 53.49, Max Runtime: 34.82
dense config: BLOCK_SIZE_M: 64, BLOCK_SIZE_N: 64, BLOCK_SIZE_K: 128, num_buffers: 6, num_warps: 4, num_ctas: 1, num_stages: 3, maxnreg: None
precomp config: BLOCK_SIZE_M: 128, BLOCK_SIZE_N: 64, BLOCK_SIZE_K: 128, num_buffers: 4, num_warps: 4, num_ctas: 1, num_stages: 3, maxnreg: None
runtime config: BLOCK_SIZE_M: 64, BLOCK_SIZE_N: 64, BLOCK_SIZE_K: 128, num_buffers: 5, num_warps: 4, num_ctas: 1, num_stages: 3, maxnreg: None
start 49152-16-1536
finish 49152-16-1536, (61/169) -> Max Dense: 35.80, Max Precomp: 55.17, Max Runtime: 35.09
dense config: BLOCK_SIZE_M: 128, BLOCK_SIZE_N: 64, BLOCK_SIZE_K: 128, num_buffers: 4, num_warps: 8, num_ctas: 1, num_stages: 3, maxnreg: None
precomp config: BLOCK_SIZE_M: 128, BLOCK_SIZE_N: 64, BLOCK_SIZE_K: 128, num_buffers: 4, num_warps: 4, num_ctas: 1, num_stages: 3, maxnreg: None
runtime config: BLOCK_SIZE_M: 128, BLOCK_SIZE_N: 64, BLOCK_SIZE_K: 128, num_buffers: 3, num_warps: 4, num_ctas: 1, num_stages: 3, maxnreg: None
start 2048-16-32768
finish 2048-16-32768, (62/169) -> Max Dense: 21.94, Max Precomp: 28.28, Max Runtime: 15.71
dense config: BLOCK_SIZE_M: 64, BLOCK_SIZE_N: 64, BLOCK_SIZE_K: 128, num_buffers: 6, num_warps: 4, num_ctas: 1, num_stages: 3, maxnreg: None
precomp config: BLOCK_SIZE_M: 64, BLOCK_SIZE_N: 64, BLOCK_SIZE_K: 128, num_buffers: 6, num_warps: 4, num_ctas: 1, num_stages: 3, maxnreg: None
runtime config: BLOCK_SIZE_M: 64, BLOCK_SIZE_N: 64, BLOCK_SIZE_K: 128, num_buffers: 5, num_warps: 4, num_ctas: 1, num_stages: 3, maxnreg: None
start 4096-16-16384
finish 4096-16-16384, (63/169) -> Max Dense: 32.95, Max Precomp: 42.50, Max Runtime: 28.08
dense config: BLOCK_SIZE_M: 64, BLOCK_SIZE_N: 64, BLOCK_SIZE_K: 128, num_buffers: 6, num_warps: 4, num_ctas: 1, num_stages: 3, maxnreg: None
precomp config: BLOCK_SIZE_M: 64, BLOCK_SIZE_N: 64, BLOCK_SIZE_K: 128, num_buffers: 6, num_warps: 4, num_ctas: 1, num_stages: 3, maxnreg: None
runtime config: BLOCK_SIZE_M: 64, BLOCK_SIZE_N: 64, BLOCK_SIZE_K: 128, num_buffers: 6, num_warps: 4, num_ctas: 1, num_stages: 3, maxnreg: None
start 8192-16-8192
finish 8192-16-8192, (64/169) -> Max Dense: 34.90, Max Precomp: 51.17, Max Runtime: 34.08
dense config: BLOCK_SIZE_M: 64, BLOCK_SIZE_N: 64, BLOCK_SIZE_K: 128, num_buffers: 5, num_warps: 4, num_ctas: 1, num_stages: 3, maxnreg: None
precomp config: BLOCK_SIZE_M: 64, BLOCK_SIZE_N: 64, BLOCK_SIZE_K: 128, num_buffers: 6, num_warps: 4, num_ctas: 1, num_stages: 3, maxnreg: None
runtime config: BLOCK_SIZE_M: 64, BLOCK_SIZE_N: 64, BLOCK_SIZE_K: 128, num_buffers: 5, num_warps: 4, num_ctas: 1, num_stages: 3, maxnreg: None
start 16384-16-4096
finish 16384-16-4096, (65/169) -> Max Dense: 35.17, Max Precomp: 54.31, Max Runtime: 34.71
dense config: BLOCK_SIZE_M: 128, BLOCK_SIZE_N: 64, BLOCK_SIZE_K: 64, num_buffers: 5, num_warps: 4, num_ctas: 1, num_stages: 3, maxnreg: None
precomp config: BLOCK_SIZE_M: 128, BLOCK_SIZE_N: 64, BLOCK_SIZE_K: 128, num_buffers: 4, num_warps: 4, num_ctas: 1, num_stages: 3, maxnreg: None
runtime config: BLOCK_SIZE_M: 128, BLOCK_SIZE_N: 64, BLOCK_SIZE_K: 128, num_buffers: 3, num_warps: 4, num_ctas: 1, num_stages: 3, maxnreg: None
start 32768-16-2048
finish 32768-16-2048, (66/169) -> Max Dense: 35.04, Max Precomp: 54.18, Max Runtime: 34.52
dense config: BLOCK_SIZE_M: 128, BLOCK_SIZE_N: 64, BLOCK_SIZE_K: 128, num_buffers: 4, num_warps: 8, num_ctas: 1, num_stages: 3, maxnreg: None
precomp config: BLOCK_SIZE_M: 128, BLOCK_SIZE_N: 64, BLOCK_SIZE_K: 128, num_buffers: 4, num_warps: 4, num_ctas: 1, num_stages: 3, maxnreg: None
runtime config: BLOCK_SIZE_M: 128, BLOCK_SIZE_N: 64, BLOCK_SIZE_K: 128, num_buffers: 3, num_warps: 4, num_ctas: 1, num_stages: 3, maxnreg: None
start 1024-16-49152
finish 1024-16-49152, (67/169) -> Max Dense: 13.99, Max Precomp: 16.51, Max Runtime: 8.10
dense config: BLOCK_SIZE_M: 64, BLOCK_SIZE_N: 64, BLOCK_SIZE_K: 128, num_buffers: 6, num_warps: 4, num_ctas: 1, num_stages: 3, maxnreg: None
precomp config: BLOCK_SIZE_M: 64, BLOCK_SIZE_N: 64, BLOCK_SIZE_K: 128, num_buffers: 6, num_warps: 4, num_ctas: 1, num_stages: 3, maxnreg: None
runtime config: BLOCK_SIZE_M: 64, BLOCK_SIZE_N: 64, BLOCK_SIZE_K: 256, num_buffers: 3, num_warps: 4, num_ctas: 1, num_stages: 3, maxnreg: None
start 1536-16-32768
finish 1536-16-32768, (68/169) -> Max Dense: 18.20, Max Precomp: 23.16, Max Runtime: 11.90
dense config: BLOCK_SIZE_M: 64, BLOCK_SIZE_N: 64, BLOCK_SIZE_K: 128, num_buffers: 6, num_warps: 4, num_ctas: 1, num_stages: 3, maxnreg: None
precomp config: BLOCK_SIZE_M: 64, BLOCK_SIZE_N: 64, BLOCK_SIZE_K: 128, num_buffers: 6, num_warps: 4, num_ctas: 1, num_stages: 3, maxnreg: None
runtime config: BLOCK_SIZE_M: 64, BLOCK_SIZE_N: 64, BLOCK_SIZE_K: 128, num_buffers: 5, num_warps: 4, num_ctas: 1, num_stages: 3, maxnreg: None
start 2048-16-24576
finish 2048-16-24576, (69/169) -> Max Dense: 21.29, Max Precomp: 27.39, Max Runtime: 15.54
dense config: BLOCK_SIZE_M: 64, BLOCK_SIZE_N: 64, BLOCK_SIZE_K: 128, num_buffers: 6, num_warps: 4, num_ctas: 1, num_stages: 3, maxnreg: None
precomp config: BLOCK_SIZE_M: 64, BLOCK_SIZE_N: 64, BLOCK_SIZE_K: 128, num_buffers: 6, num_warps: 4, num_ctas: 1, num_stages: 3, maxnreg: None
runtime config: BLOCK_SIZE_M: 64, BLOCK_SIZE_N: 64, BLOCK_SIZE_K: 128, num_buffers: 5, num_warps: 4, num_ctas: 1, num_stages: 3, maxnreg: None
start 3072-16-16384
finish 3072-16-16384, (70/169) -> Max Dense: 26.84, Max Precomp: 34.63, Max Runtime: 21.76
dense config: BLOCK_SIZE_M: 64, BLOCK_SIZE_N: 64, BLOCK_SIZE_K: 128, num_buffers: 6, num_warps: 4, num_ctas: 1, num_stages: 3, maxnreg: None
precomp config: BLOCK_SIZE_M: 64, BLOCK_SIZE_N: 64, BLOCK_SIZE_K: 128, num_buffers: 6, num_warps: 4, num_ctas: 1, num_stages: 3, maxnreg: None
runtime config: BLOCK_SIZE_M: 64, BLOCK_SIZE_N: 64, BLOCK_SIZE_K: 128, num_buffers: 5, num_warps: 4, num_ctas: 1, num_stages: 3, maxnreg: None
start 4096-16-12288
finish 4096-16-12288, (71/169) -> Max Dense: 30.50, Max Precomp: 39.13, Max Runtime: 26.72
dense config: BLOCK_SIZE_M: 64, BLOCK_SIZE_N: 64, BLOCK_SIZE_K: 128, num_buffers: 6, num_warps: 4, num_ctas: 1, num_stages: 3, maxnreg: None
precomp config: BLOCK_SIZE_M: 64, BLOCK_SIZE_N: 64, BLOCK_SIZE_K: 128, num_buffers: 6, num_warps: 4, num_ctas: 1, num_stages: 3, maxnreg: None
runtime config: BLOCK_SIZE_M: 64, BLOCK_SIZE_N: 64, BLOCK_SIZE_K: 128, num_buffers: 6, num_warps: 4, num_ctas: 1, num_stages: 3, maxnreg: None
start 6144-16-8192
finish 6144-16-8192, (72/169) -> Max Dense: 30.98, Max Precomp: 43.78, Max Runtime: 30.37
dense config: BLOCK_SIZE_M: 64, BLOCK_SIZE_N: 64, BLOCK_SIZE_K: 128, num_buffers: 5, num_warps: 4, num_ctas: 1, num_stages: 3, maxnreg: None
precomp config: BLOCK_SIZE_M: 64, BLOCK_SIZE_N: 64, BLOCK_SIZE_K: 128, num_buffers: 6, num_warps: 4, num_ctas: 1, num_stages: 3, maxnreg: None
runtime config: BLOCK_SIZE_M: 64, BLOCK_SIZE_N: 64, BLOCK_SIZE_K: 128, num_buffers: 5, num_warps: 4, num_ctas: 1, num_stages: 3, maxnreg: None
start 8192-16-6144
finish 8192-16-6144, (73/169) -> Max Dense: 31.82, Max Precomp: 46.03, Max Runtime: 31.09
dense config: BLOCK_SIZE_M: 64, BLOCK_SIZE_N: 64, BLOCK_SIZE_K: 128, num_buffers: 5, num_warps: 4, num_ctas: 1, num_stages: 3, maxnreg: None
precomp config: BLOCK_SIZE_M: 64, BLOCK_SIZE_N: 64, BLOCK_SIZE_K: 128, num_buffers: 6, num_warps: 4, num_ctas: 1, num_stages: 3, maxnreg: None
runtime config: BLOCK_SIZE_M: 64, BLOCK_SIZE_N: 64, BLOCK_SIZE_K: 128, num_buffers: 5, num_warps: 4, num_ctas: 1, num_stages: 3, maxnreg: None
start 12288-16-4096
finish 12288-16-4096, (74/169) -> Max Dense: 31.94, Max Precomp: 47.55, Max Runtime: 30.71
dense config: BLOCK_SIZE_M: 128, BLOCK_SIZE_N: 64, BLOCK_SIZE_K: 64, num_buffers: 5, num_warps: 4, num_ctas: 1, num_stages: 3, maxnreg: None
precomp config: BLOCK_SIZE_M: 128, BLOCK_SIZE_N: 64, BLOCK_SIZE_K: 128, num_buffers: 4, num_warps: 4, num_ctas: 1, num_stages: 3, maxnreg: None
runtime config: BLOCK_SIZE_M: 128, BLOCK_SIZE_N: 64, BLOCK_SIZE_K: 128, num_buffers: 3, num_warps: 8, num_ctas: 1, num_stages: 3, maxnreg: None
start 16384-16-3072
finish 16384-16-3072, (75/169) -> Max Dense: 32.34, Max Precomp: 49.30, Max Runtime: 31.61
dense config: BLOCK_SIZE_M: 128, BLOCK_SIZE_N: 64, BLOCK_SIZE_K: 64, num_buffers: 5, num_warps: 4, num_ctas: 1, num_stages: 3, maxnreg: None
precomp config: BLOCK_SIZE_M: 128, BLOCK_SIZE_N: 64, BLOCK_SIZE_K: 128, num_buffers: 4, num_warps: 4, num_ctas: 1, num_stages: 3, maxnreg: None
runtime config: BLOCK_SIZE_M: 128, BLOCK_SIZE_N: 64, BLOCK_SIZE_K: 128, num_buffers: 3, num_warps: 4, num_ctas: 1, num_stages: 3, maxnreg: None
start 24576-16-2048
finish 24576-16-2048, (76/169) -> Max Dense: 31.97, Max Precomp: 47.52, Max Runtime: 31.06
dense config: BLOCK_SIZE_M: 64, BLOCK_SIZE_N: 64, BLOCK_SIZE_K: 128, num_buffers: 6, num_warps: 4, num_ctas: 1, num_stages: 3, maxnreg: None
precomp config: BLOCK_SIZE_M: 128, BLOCK_SIZE_N: 64, BLOCK_SIZE_K: 128, num_buffers: 4, num_warps: 4, num_ctas: 1, num_stages: 3, maxnreg: None
runtime config: BLOCK_SIZE_M: 64, BLOCK_SIZE_N: 64, BLOCK_SIZE_K: 128, num_buffers: 5, num_warps: 4, num_ctas: 1, num_stages: 3, maxnreg: None
start 32768-16-1536
finish 32768-16-1536, (77/169) -> Max Dense: 31.91, Max Precomp: 48.52, Max Runtime: 31.51
dense config: BLOCK_SIZE_M: 128, BLOCK_SIZE_N: 64, BLOCK_SIZE_K: 64, num_buffers: 7, num_warps: 8, num_ctas: 1, num_stages: 3, maxnreg: None
precomp config: BLOCK_SIZE_M: 128, BLOCK_SIZE_N: 64, BLOCK_SIZE_K: 128, num_buffers: 4, num_warps: 4, num_ctas: 1, num_stages: 3, maxnreg: None
runtime config: BLOCK_SIZE_M: 128, BLOCK_SIZE_N: 64, BLOCK_SIZE_K: 128, num_buffers: 4, num_warps: 8, num_ctas: 1, num_stages: 3, maxnreg: None
start 49152-16-1024
finish 49152-16-1024, (78/169) -> Max Dense: 32.22, Max Precomp: 47.93, Max Runtime: 31.75
dense config: BLOCK_SIZE_M: 128, BLOCK_SIZE_N: 64, BLOCK_SIZE_K: 64, num_buffers: 5, num_warps: 4, num_ctas: 1, num_stages: 3, maxnreg: None
precomp config: BLOCK_SIZE_M: 128, BLOCK_SIZE_N: 64, BLOCK_SIZE_K: 128, num_buffers: 4, num_warps: 4, num_ctas: 1, num_stages: 3, maxnreg: None
runtime config: BLOCK_SIZE_M: 128, BLOCK_SIZE_N: 64, BLOCK_SIZE_K: 128, num_buffers: 3, num_warps: 8, num_ctas: 1, num_stages: 3, maxnreg: None
start 768-16-49152
finish 768-16-49152, (79/169) -> Max Dense: 10.49, Max Precomp: 12.39, Max Runtime: 6.05
dense config: BLOCK_SIZE_M: 64, BLOCK_SIZE_N: 64, BLOCK_SIZE_K: 128, num_buffers: 5, num_warps: 4, num_ctas: 1, num_stages: 3, maxnreg: None
precomp config: BLOCK_SIZE_M: 64, BLOCK_SIZE_N: 64, BLOCK_SIZE_K: 128, num_buffers: 6, num_warps: 4, num_ctas: 1, num_stages: 3, maxnreg: None
runtime config: BLOCK_SIZE_M: 64, BLOCK_SIZE_N: 64, BLOCK_SIZE_K: 128, num_buffers: 5, num_warps: 4, num_ctas: 1, num_stages: 3, maxnreg: None
start 1536-16-24576
finish 1536-16-24576, (80/169) -> Max Dense: 17.69, Max Precomp: 22.30, Max Runtime: 11.72
dense config: BLOCK_SIZE_M: 64, BLOCK_SIZE_N: 64, BLOCK_SIZE_K: 128, num_buffers: 6, num_warps: 4, num_ctas: 1, num_stages: 3, maxnreg: None
precomp config: BLOCK_SIZE_M: 64, BLOCK_SIZE_N: 64, BLOCK_SIZE_K: 128, num_buffers: 6, num_warps: 4, num_ctas: 1, num_stages: 3, maxnreg: None
runtime config: BLOCK_SIZE_M: 64, BLOCK_SIZE_N: 64, BLOCK_SIZE_K: 128, num_buffers: 5, num_warps: 4, num_ctas: 1, num_stages: 3, maxnreg: None
start 3072-16-12288
finish 3072-16-12288, (81/169) -> Max Dense: 25.28, Max Precomp: 30.54, Max Runtime: 20.83
dense config: BLOCK_SIZE_M: 64, BLOCK_SIZE_N: 64, BLOCK_SIZE_K: 128, num_buffers: 6, num_warps: 4, num_ctas: 1, num_stages: 3, maxnreg: None
precomp config: BLOCK_SIZE_M: 64, BLOCK_SIZE_N: 64, BLOCK_SIZE_K: 128, num_buffers: 5, num_warps: 4, num_ctas: 1, num_stages: 3, maxnreg: None
runtime config: BLOCK_SIZE_M: 64, BLOCK_SIZE_N: 64, BLOCK_SIZE_K: 128, num_buffers: 5, num_warps: 4, num_ctas: 1, num_stages: 3, maxnreg: None
start 6144-16-6144
finish 6144-16-6144, (82/169) -> Max Dense: 28.73, Max Precomp: 40.10, Max Runtime: 27.67
dense config: BLOCK_SIZE_M: 64, BLOCK_SIZE_N: 64, BLOCK_SIZE_K: 128, num_buffers: 5, num_warps: 4, num_ctas: 1, num_stages: 3, maxnreg: None
precomp config: BLOCK_SIZE_M: 64, BLOCK_SIZE_N: 64, BLOCK_SIZE_K: 128, num_buffers: 6, num_warps: 4, num_ctas: 1, num_stages: 3, maxnreg: None
runtime config: BLOCK_SIZE_M: 64, BLOCK_SIZE_N: 64, BLOCK_SIZE_K: 128, num_buffers: 5, num_warps: 4, num_ctas: 1, num_stages: 3, maxnreg: None
start 12288-16-3072
finish 12288-16-3072, (83/169) -> Max Dense: 28.89, Max Precomp: 44.00, Max Runtime: 27.84
dense config: BLOCK_SIZE_M: 128, BLOCK_SIZE_N: 64, BLOCK_SIZE_K: 64, num_buffers: 5, num_warps: 4, num_ctas: 1, num_stages: 3, maxnreg: None
precomp config: BLOCK_SIZE_M: 128, BLOCK_SIZE_N: 64, BLOCK_SIZE_K: 128, num_buffers: 4, num_warps: 4, num_ctas: 1, num_stages: 3, maxnreg: None
runtime config: BLOCK_SIZE_M: 128, BLOCK_SIZE_N: 64, BLOCK_SIZE_K: 64, num_buffers: 5, num_warps: 4, num_ctas: 1, num_stages: 3, maxnreg: None
start 24576-16-1536
finish 24576-16-1536, (84/169) -> Max Dense: 28.60, Max Precomp: 43.01, Max Runtime: 27.89
dense config: BLOCK_SIZE_M: 128, BLOCK_SIZE_N: 64, BLOCK_SIZE_K: 64, num_buffers: 7, num_warps: 4, num_ctas: 1, num_stages: 3, maxnreg: None
precomp config: BLOCK_SIZE_M: 128, BLOCK_SIZE_N: 64, BLOCK_SIZE_K: 128, num_buffers: 4, num_warps: 4, num_ctas: 1, num_stages: 3, maxnreg: None
runtime config: BLOCK_SIZE_M: 128, BLOCK_SIZE_N: 64, BLOCK_SIZE_K: 128, num_buffers: 4, num_warps: 8, num_ctas: 1, num_stages: 3, maxnreg: None
start 49152-16-768
finish 49152-16-768, (85/169) -> Max Dense: 29.24, Max Precomp: 44.81, Max Runtime: 28.49
dense config: BLOCK_SIZE_M: 128, BLOCK_SIZE_N: 64, BLOCK_SIZE_K: 64, num_buffers: 6, num_warps: 4, num_ctas: 1, num_stages: 3, maxnreg: None
precomp config: BLOCK_SIZE_M: 128, BLOCK_SIZE_N: 64, BLOCK_SIZE_K: 128, num_buffers: 4, num_warps: 4, num_ctas: 1, num_stages: 3, maxnreg: None
runtime config: BLOCK_SIZE_M: 128, BLOCK_SIZE_N: 64, BLOCK_SIZE_K: 128, num_buffers: 4, num_warps: 4, num_ctas: 1, num_stages: 3, maxnreg: None
start 1024-16-32768
finish 1024-16-32768, (86/169) -> Max Dense: 13.71, Max Precomp: 15.89, Max Runtime: 7.95
dense config: BLOCK_SIZE_M: 64, BLOCK_SIZE_N: 64, BLOCK_SIZE_K: 128, num_buffers: 6, num_warps: 4, num_ctas: 1, num_stages: 3, maxnreg: None
precomp config: BLOCK_SIZE_M: 64, BLOCK_SIZE_N: 64, BLOCK_SIZE_K: 128, num_buffers: 6, num_warps: 4, num_ctas: 1, num_stages: 3, maxnreg: None
runtime config: BLOCK_SIZE_M: 64, BLOCK_SIZE_N: 64, BLOCK_SIZE_K: 128, num_buffers: 5, num_warps: 4, num_ctas: 1, num_stages: 3, maxnreg: None
start 2048-16-16384
finish 2048-16-16384, (87/169) -> Max Dense: 20.54, Max Precomp: 25.86, Max Runtime: 14.97
dense config: BLOCK_SIZE_M: 64, BLOCK_SIZE_N: 64, BLOCK_SIZE_K: 128, num_buffers: 6, num_warps: 4, num_ctas: 1, num_stages: 3, maxnreg: None
precomp config: BLOCK_SIZE_M: 64, BLOCK_SIZE_N: 64, BLOCK_SIZE_K: 128, num_buffers: 6, num_warps: 4, num_ctas: 1, num_stages: 3, maxnreg: None
runtime config: BLOCK_SIZE_M: 64, BLOCK_SIZE_N: 64, BLOCK_SIZE_K: 128, num_buffers: 5, num_warps: 4, num_ctas: 1, num_stages: 3, maxnreg: None
start 4096-16-8192
finish 4096-16-8192, (88/169) -> Max Dense: 26.62, Max Precomp: 35.39, Max Runtime: 24.45
dense config: BLOCK_SIZE_M: 64, BLOCK_SIZE_N: 64, BLOCK_SIZE_K: 128, num_buffers: 6, num_warps: 4, num_ctas: 1, num_stages: 3, maxnreg: None
precomp config: BLOCK_SIZE_M: 64, BLOCK_SIZE_N: 64, BLOCK_SIZE_K: 128, num_buffers: 6, num_warps: 4, num_ctas: 1, num_stages: 3, maxnreg: None
runtime config: BLOCK_SIZE_M: 64, BLOCK_SIZE_N: 64, BLOCK_SIZE_K: 128, num_buffers: 6, num_warps: 4, num_ctas: 1, num_stages: 3, maxnreg: None
start 8192-16-4096
finish 8192-16-4096, (89/169) -> Max Dense: 27.71, Max Precomp: 40.53, Max Runtime: 27.03
dense config: BLOCK_SIZE_M: 64, BLOCK_SIZE_N: 64, BLOCK_SIZE_K: 128, num_buffers: 6, num_warps: 4, num_ctas: 1, num_stages: 3, maxnreg: None
precomp config: BLOCK_SIZE_M: 64, BLOCK_SIZE_N: 64, BLOCK_SIZE_K: 128, num_buffers: 6, num_warps: 4, num_ctas: 1, num_stages: 3, maxnreg: None
runtime config: BLOCK_SIZE_M: 64, BLOCK_SIZE_N: 64, BLOCK_SIZE_K: 128, num_buffers: 6, num_warps: 4, num_ctas: 1, num_stages: 3, maxnreg: None
start 16384-16-2048
finish 16384-16-2048, (90/169) -> Max Dense: 28.53, Max Precomp: 43.55, Max Runtime: 27.81
dense config: BLOCK_SIZE_M: 128, BLOCK_SIZE_N: 64, BLOCK_SIZE_K: 64, num_buffers: 7, num_warps: 4, num_ctas: 1, num_stages: 3, maxnreg: None
precomp config: BLOCK_SIZE_M: 128, BLOCK_SIZE_N: 64, BLOCK_SIZE_K: 128, num_buffers: 4, num_warps: 4, num_ctas: 1, num_stages: 3, maxnreg: None
runtime config: BLOCK_SIZE_M: 128, BLOCK_SIZE_N: 64, BLOCK_SIZE_K: 128, num_buffers: 4, num_warps: 4, num_ctas: 1, num_stages: 3, maxnreg: None
start 32768-16-1024
finish 32768-16-1024, (91/169) -> Max Dense: 28.57, Max Precomp: 42.46, Max Runtime: 27.87
dense config: BLOCK_SIZE_M: 128, BLOCK_SIZE_N: 64, BLOCK_SIZE_K: 64, num_buffers: 6, num_warps: 4, num_ctas: 1, num_stages: 3, maxnreg: None
precomp config: BLOCK_SIZE_M: 128, BLOCK_SIZE_N: 64, BLOCK_SIZE_K: 128, num_buffers: 4, num_warps: 8, num_ctas: 1, num_stages: 3, maxnreg: None
runtime config: BLOCK_SIZE_M: 128, BLOCK_SIZE_N: 64, BLOCK_SIZE_K: 64, num_buffers: 5, num_warps: 8, num_ctas: 1, num_stages: 3, maxnreg: None
start 768-16-32768
finish 768-16-32768, (92/169) -> Max Dense: 10.23, Max Precomp: 12.03, Max Runtime: 5.96
dense config: BLOCK_SIZE_M: 64, BLOCK_SIZE_N: 64, BLOCK_SIZE_K: 128, num_buffers: 6, num_warps: 4, num_ctas: 1, num_stages: 3, maxnreg: None
precomp config: BLOCK_SIZE_M: 64, BLOCK_SIZE_N: 64, BLOCK_SIZE_K: 128, num_buffers: 6, num_warps: 4, num_ctas: 1, num_stages: 3, maxnreg: None
runtime config: BLOCK_SIZE_M: 64, BLOCK_SIZE_N: 64, BLOCK_SIZE_K: 128, num_buffers: 5, num_warps: 4, num_ctas: 1, num_stages: 3, maxnreg: None
start 1024-16-24576
finish 1024-16-24576, (93/169) -> Max Dense: 13.25, Max Precomp: 15.38, Max Runtime: 7.83
dense config: BLOCK_SIZE_M: 64, BLOCK_SIZE_N: 64, BLOCK_SIZE_K: 128, num_buffers: 6, num_warps: 4, num_ctas: 1, num_stages: 3, maxnreg: None
precomp config: BLOCK_SIZE_M: 64, BLOCK_SIZE_N: 64, BLOCK_SIZE_K: 128, num_buffers: 6, num_warps: 4, num_ctas: 1, num_stages: 3, maxnreg: None
runtime config: BLOCK_SIZE_M: 64, BLOCK_SIZE_N: 64, BLOCK_SIZE_K: 128, num_buffers: 5, num_warps: 4, num_ctas: 1, num_stages: 3, maxnreg: None
start 1536-16-16384
finish 1536-16-16384, (94/169) -> Max Dense: 16.90, Max Precomp: 21.04, Max Runtime: 11.34
dense config: BLOCK_SIZE_M: 64, BLOCK_SIZE_N: 64, BLOCK_SIZE_K: 128, num_buffers: 6, num_warps: 4, num_ctas: 1, num_stages: 3, maxnreg: None
precomp config: BLOCK_SIZE_M: 64, BLOCK_SIZE_N: 64, BLOCK_SIZE_K: 128, num_buffers: 6, num_warps: 4, num_ctas: 1, num_stages: 3, maxnreg: None
runtime config: BLOCK_SIZE_M: 64, BLOCK_SIZE_N: 64, BLOCK_SIZE_K: 128, num_buffers: 5, num_warps: 4, num_ctas: 1, num_stages: 3, maxnreg: None
start 2048-16-12288
finish 2048-16-12288, (95/169) -> Max Dense: 19.53, Max Precomp: 24.57, Max Runtime: 14.47
dense config: BLOCK_SIZE_M: 64, BLOCK_SIZE_N: 64, BLOCK_SIZE_K: 128, num_buffers: 6, num_warps: 4, num_ctas: 1, num_stages: 3, maxnreg: None
precomp config: BLOCK_SIZE_M: 64, BLOCK_SIZE_N: 64, BLOCK_SIZE_K: 128, num_buffers: 6, num_warps: 4, num_ctas: 1, num_stages: 3, maxnreg: None
runtime config: BLOCK_SIZE_M: 64, BLOCK_SIZE_N: 64, BLOCK_SIZE_K: 128, num_buffers: 5, num_warps: 4, num_ctas: 1, num_stages: 3, maxnreg: None
start 3072-16-8192
finish 3072-16-8192, (96/169) -> Max Dense: 22.65, Max Precomp: 29.74, Max Runtime: 19.25
dense config: BLOCK_SIZE_M: 64, BLOCK_SIZE_N: 64, BLOCK_SIZE_K: 128, num_buffers: 6, num_warps: 4, num_ctas: 1, num_stages: 3, maxnreg: None
precomp config: BLOCK_SIZE_M: 64, BLOCK_SIZE_N: 64, BLOCK_SIZE_K: 128, num_buffers: 6, num_warps: 4, num_ctas: 1, num_stages: 3, maxnreg: None
runtime config: BLOCK_SIZE_M: 64, BLOCK_SIZE_N: 64, BLOCK_SIZE_K: 128, num_buffers: 5, num_warps: 4, num_ctas: 1, num_stages: 3, maxnreg: None
start 4096-16-6144
finish 4096-16-6144, (97/169) -> Max Dense: 24.39, Max Precomp: 33.12, Max Runtime: 22.42
dense config: BLOCK_SIZE_M: 64, BLOCK_SIZE_N: 64, BLOCK_SIZE_K: 128, num_buffers: 6, num_warps: 4, num_ctas: 1, num_stages: 3, maxnreg: None
precomp config: BLOCK_SIZE_M: 64, BLOCK_SIZE_N: 64, BLOCK_SIZE_K: 128, num_buffers: 6, num_warps: 4, num_ctas: 1, num_stages: 3, maxnreg: None
runtime config: BLOCK_SIZE_M: 64, BLOCK_SIZE_N: 64, BLOCK_SIZE_K: 128, num_buffers: 6, num_warps: 4, num_ctas: 1, num_stages: 3, maxnreg: None
start 6144-16-4096
finish 6144-16-4096, (98/169) -> Max Dense: 24.93, Max Precomp: 36.04, Max Runtime: 24.23
dense config: BLOCK_SIZE_M: 64, BLOCK_SIZE_N: 64, BLOCK_SIZE_K: 128, num_buffers: 5, num_warps: 4, num_ctas: 1, num_stages: 3, maxnreg: None
precomp config: BLOCK_SIZE_M: 64, BLOCK_SIZE_N: 64, BLOCK_SIZE_K: 128, num_buffers: 6, num_warps: 4, num_ctas: 1, num_stages: 3, maxnreg: None
runtime config: BLOCK_SIZE_M: 64, BLOCK_SIZE_N: 64, BLOCK_SIZE_K: 128, num_buffers: 5, num_warps: 4, num_ctas: 1, num_stages: 3, maxnreg: None
start 8192-16-3072
finish 8192-16-3072, (99/169) -> Max Dense: 25.43, Max Precomp: 36.49, Max Runtime: 24.80
dense config: BLOCK_SIZE_M: 128, BLOCK_SIZE_N: 64, BLOCK_SIZE_K: 64, num_buffers: 7, num_warps: 4, num_ctas: 1, num_stages: 3, maxnreg: None
precomp config: BLOCK_SIZE_M: 64, BLOCK_SIZE_N: 64, BLOCK_SIZE_K: 128, num_buffers: 5, num_warps: 4, num_ctas: 1, num_stages: 3, maxnreg: None
runtime config: BLOCK_SIZE_M: 64, BLOCK_SIZE_N: 64, BLOCK_SIZE_K: 128, num_buffers: 5, num_warps: 4, num_ctas: 1, num_stages: 3, maxnreg: None
start 12288-16-2048
finish 12288-16-2048, (100/169) -> Max Dense: 25.62, Max Precomp: 38.84, Max Runtime: 24.60
dense config: BLOCK_SIZE_M: 128, BLOCK_SIZE_N: 64, BLOCK_SIZE_K: 64, num_buffers: 5, num_warps: 8, num_ctas: 1, num_stages: 3, maxnreg: None
precomp config: BLOCK_SIZE_M: 128, BLOCK_SIZE_N: 64, BLOCK_SIZE_K: 128, num_buffers: 4, num_warps: 4, num_ctas: 1, num_stages: 3, maxnreg: None
runtime config: BLOCK_SIZE_M: 128, BLOCK_SIZE_N: 64, BLOCK_SIZE_K: 64, num_buffers: 6, num_warps: 4, num_ctas: 1, num_stages: 3, maxnreg: None
start 16384-16-1536
finish 16384-16-1536, (101/169) -> Max Dense: 26.05, Max Precomp: 38.53, Max Runtime: 25.50
dense config: BLOCK_SIZE_M: 128, BLOCK_SIZE_N: 64, BLOCK_SIZE_K: 64, num_buffers: 7, num_warps: 4, num_ctas: 1, num_stages: 3, maxnreg: None
precomp config: BLOCK_SIZE_M: 128, BLOCK_SIZE_N: 64, BLOCK_SIZE_K: 128, num_buffers: 4, num_warps: 4, num_ctas: 1, num_stages: 3, maxnreg: None
runtime config: BLOCK_SIZE_M: 128, BLOCK_SIZE_N: 64, BLOCK_SIZE_K: 64, num_buffers: 6, num_warps: 4, num_ctas: 1, num_stages: 3, maxnreg: None
start 24576-16-1024
finish 24576-16-1024, (102/169) -> Max Dense: 25.89, Max Precomp: 36.94, Max Runtime: 25.20
dense config: BLOCK_SIZE_M: 128, BLOCK_SIZE_N: 64, BLOCK_SIZE_K: 64, num_buffers: 7, num_warps: 4, num_ctas: 1, num_stages: 3, maxnreg: None
precomp config: BLOCK_SIZE_M: 128, BLOCK_SIZE_N: 64, BLOCK_SIZE_K: 128, num_buffers: 4, num_warps: 8, num_ctas: 1, num_stages: 3, maxnreg: None
runtime config: BLOCK_SIZE_M: 64, BLOCK_SIZE_N: 64, BLOCK_SIZE_K: 128, num_buffers: 5, num_warps: 4, num_ctas: 1, num_stages: 3, maxnreg: None
start 32768-16-768
finish 32768-16-768, (103/169) -> Max Dense: 25.90, Max Precomp: 39.17, Max Runtime: 25.19
dense config: BLOCK_SIZE_M: 128, BLOCK_SIZE_N: 64, BLOCK_SIZE_K: 64, num_buffers: 7, num_warps: 8, num_ctas: 1, num_stages: 3, maxnreg: None
precomp config: BLOCK_SIZE_M: 128, BLOCK_SIZE_N: 64, BLOCK_SIZE_K: 128, num_buffers: 4, num_warps: 4, num_ctas: 1, num_stages: 3, maxnreg: None
runtime config: BLOCK_SIZE_M: 256, BLOCK_SIZE_N: 64, BLOCK_SIZE_K: 64, num_buffers: 3, num_warps: 8, num_ctas: 1, num_stages: 3, maxnreg: None
start 768-16-24576
finish 768-16-24576, (104/169) -> Max Dense: 9.92, Max Precomp: 11.62, Max Runtime: 5.86
dense config: BLOCK_SIZE_M: 64, BLOCK_SIZE_N: 64, BLOCK_SIZE_K: 128, num_buffers: 6, num_warps: 4, num_ctas: 1, num_stages: 3, maxnreg: None
precomp config: BLOCK_SIZE_M: 64, BLOCK_SIZE_N: 64, BLOCK_SIZE_K: 128, num_buffers: 6, num_warps: 4, num_ctas: 1, num_stages: 3, maxnreg: None
runtime config: BLOCK_SIZE_M: 64, BLOCK_SIZE_N: 64, BLOCK_SIZE_K: 128, num_buffers: 5, num_warps: 4, num_ctas: 1, num_stages: 3, maxnreg: None
start 1536-16-12288
finish 1536-16-12288, (105/169) -> Max Dense: 16.18, Max Precomp: 19.74, Max Runtime: 10.96
dense config: BLOCK_SIZE_M: 64, BLOCK_SIZE_N: 64, BLOCK_SIZE_K: 128, num_buffers: 6, num_warps: 4, num_ctas: 1, num_stages: 3, maxnreg: None
precomp config: BLOCK_SIZE_M: 64, BLOCK_SIZE_N: 64, BLOCK_SIZE_K: 128, num_buffers: 6, num_warps: 4, num_ctas: 1, num_stages: 3, maxnreg: None
runtime config: BLOCK_SIZE_M: 64, BLOCK_SIZE_N: 64, BLOCK_SIZE_K: 128, num_buffers: 5, num_warps: 4, num_ctas: 1, num_stages: 3, maxnreg: None
start 3072-16-6144
finish 3072-16-6144, (106/169) -> Max Dense: 21.11, Max Precomp: 27.50, Max Runtime: 18.04
dense config: BLOCK_SIZE_M: 64, BLOCK_SIZE_N: 64, BLOCK_SIZE_K: 128, num_buffers: 6, num_warps: 4, num_ctas: 1, num_stages: 3, maxnreg: None
precomp config: BLOCK_SIZE_M: 64, BLOCK_SIZE_N: 64, BLOCK_SIZE_K: 128, num_buffers: 6, num_warps: 4, num_ctas: 1, num_stages: 3, maxnreg: None
runtime config: BLOCK_SIZE_M: 64, BLOCK_SIZE_N: 64, BLOCK_SIZE_K: 128, num_buffers: 6, num_warps: 4, num_ctas: 1, num_stages: 3, maxnreg: None
start 6144-16-3072
finish 6144-16-3072, (107/169) -> Max Dense: 23.34, Max Precomp: 31.13, Max Runtime: 22.17
dense config: BLOCK_SIZE_M: 64, BLOCK_SIZE_N: 64, BLOCK_SIZE_K: 128, num_buffers: 5, num_warps: 4, num_ctas: 1, num_stages: 3, maxnreg: None
precomp config: BLOCK_SIZE_M: 64, BLOCK_SIZE_N: 64, BLOCK_SIZE_K: 128, num_buffers: 5, num_warps: 4, num_ctas: 1, num_stages: 3, maxnreg: None
runtime config: BLOCK_SIZE_M: 64, BLOCK_SIZE_N: 64, BLOCK_SIZE_K: 128, num_buffers: 5, num_warps: 4, num_ctas: 1, num_stages: 3, maxnreg: None
start 12288-16-1536
finish 12288-16-1536, (108/169) -> Max Dense: 23.59, Max Precomp: 32.77, Max Runtime: 22.69
dense config: BLOCK_SIZE_M: 128, BLOCK_SIZE_N: 64, BLOCK_SIZE_K: 64, num_buffers: 6, num_warps: 4, num_ctas: 1, num_stages: 3, maxnreg: None
precomp config: BLOCK_SIZE_M: 128, BLOCK_SIZE_N: 64, BLOCK_SIZE_K: 128, num_buffers: 3, num_warps: 4, num_ctas: 1, num_stages: 3, maxnreg: None
runtime config: BLOCK_SIZE_M: 128, BLOCK_SIZE_N: 64, BLOCK_SIZE_K: 128, num_buffers: 4, num_warps: 8, num_ctas: 1, num_stages: 3, maxnreg: None
start 24576-16-768
finish 24576-16-768, (109/169) -> Max Dense: 23.49, Max Precomp: 32.94, Max Runtime: 22.50
dense config: BLOCK_SIZE_M: 128, BLOCK_SIZE_N: 64, BLOCK_SIZE_K: 64, num_buffers: 6, num_warps: 4, num_ctas: 1, num_stages: 3, maxnreg: None
precomp config: BLOCK_SIZE_M: 128, BLOCK_SIZE_N: 64, BLOCK_SIZE_K: 128, num_buffers: 4, num_warps: 4, num_ctas: 1, num_stages: 3, maxnreg: None
runtime config: BLOCK_SIZE_M: 64, BLOCK_SIZE_N: 64, BLOCK_SIZE_K: 128, num_buffers: 4, num_warps: 4, num_ctas: 1, num_stages: 3, maxnreg: None
start 1024-16-16384
finish 1024-16-16384, (110/169) -> Max Dense: 12.58, Max Precomp: 14.58, Max Runtime: 7.61
dense config: BLOCK_SIZE_M: 64, BLOCK_SIZE_N: 64, BLOCK_SIZE_K: 128, num_buffers: 6, num_warps: 4, num_ctas: 1, num_stages: 3, maxnreg: None
precomp config: BLOCK_SIZE_M: 64, BLOCK_SIZE_N: 64, BLOCK_SIZE_K: 128, num_buffers: 6, num_warps: 4, num_ctas: 1, num_stages: 3, maxnreg: None
runtime config: BLOCK_SIZE_M: 64, BLOCK_SIZE_N: 64, BLOCK_SIZE_K: 128, num_buffers: 5, num_warps: 4, num_ctas: 1, num_stages: 3, maxnreg: None
start 2048-16-8192
finish 2048-16-8192, (111/169) -> Max Dense: 17.73, Max Precomp: 22.16, Max Runtime: 13.50
dense config: BLOCK_SIZE_M: 64, BLOCK_SIZE_N: 64, BLOCK_SIZE_K: 128, num_buffers: 6, num_warps: 4, num_ctas: 1, num_stages: 3, maxnreg: None
precomp config: BLOCK_SIZE_M: 64, BLOCK_SIZE_N: 64, BLOCK_SIZE_K: 128, num_buffers: 6, num_warps: 4, num_ctas: 1, num_stages: 3, maxnreg: None
runtime config: BLOCK_SIZE_M: 64, BLOCK_SIZE_N: 64, BLOCK_SIZE_K: 128, num_buffers: 5, num_warps: 4, num_ctas: 1, num_stages: 3, maxnreg: None
start 4096-16-4096
finish 4096-16-4096, (112/169) -> Max Dense: 21.57, Max Precomp: 27.52, Max Runtime: 20.26
dense config: BLOCK_SIZE_M: 64, BLOCK_SIZE_N: 64, BLOCK_SIZE_K: 128, num_buffers: 6, num_warps: 4, num_ctas: 1, num_stages: 3, maxnreg: None
precomp config: BLOCK_SIZE_M: 64, BLOCK_SIZE_N: 64, BLOCK_SIZE_K: 128, num_buffers: 6, num_warps: 4, num_ctas: 1, num_stages: 3, maxnreg: None
runtime config: BLOCK_SIZE_M: 64, BLOCK_SIZE_N: 64, BLOCK_SIZE_K: 128, num_buffers: 6, num_warps: 4, num_ctas: 1, num_stages: 3, maxnreg: None
start 8192-16-2048
finish 8192-16-2048, (113/169) -> Max Dense: 22.76, Max Precomp: 29.09, Max Runtime: 22.17
dense config: BLOCK_SIZE_M: 64, BLOCK_SIZE_N: 64, BLOCK_SIZE_K: 128, num_buffers: 5, num_warps: 4, num_ctas: 1, num_stages: 3, maxnreg: None
precomp config: BLOCK_SIZE_M: 64, BLOCK_SIZE_N: 64, BLOCK_SIZE_K: 128, num_buffers: 6, num_warps: 4, num_ctas: 1, num_stages: 3, maxnreg: None
runtime config: BLOCK_SIZE_M: 64, BLOCK_SIZE_N: 64, BLOCK_SIZE_K: 128, num_buffers: 5, num_warps: 4, num_ctas: 1, num_stages: 3, maxnreg: None
start 16384-16-1024
finish 16384-16-1024, (114/169) -> Max Dense: 23.46, Max Precomp: 30.60, Max Runtime: 22.48
dense config: BLOCK_SIZE_M: 128, BLOCK_SIZE_N: 64, BLOCK_SIZE_K: 64, num_buffers: 7, num_warps: 4, num_ctas: 1, num_stages: 3, maxnreg: None
precomp config: BLOCK_SIZE_M: 128, BLOCK_SIZE_N: 64, BLOCK_SIZE_K: 128, num_buffers: 4, num_warps: 4, num_ctas: 1, num_stages: 3, maxnreg: None
runtime config: BLOCK_SIZE_M: 128, BLOCK_SIZE_N: 64, BLOCK_SIZE_K: 128, num_buffers: 4, num_warps: 4, num_ctas: 1, num_stages: 3, maxnreg: None
start 768-16-16384
finish 768-16-16384, (115/169) -> Max Dense: 9.42, Max Precomp: 10.94, Max Runtime: 5.70
dense config: BLOCK_SIZE_M: 64, BLOCK_SIZE_N: 64, BLOCK_SIZE_K: 128, num_buffers: 6, num_warps: 4, num_ctas: 1, num_stages: 3, maxnreg: None
precomp config: BLOCK_SIZE_M: 64, BLOCK_SIZE_N: 64, BLOCK_SIZE_K: 128, num_buffers: 6, num_warps: 4, num_ctas: 1, num_stages: 3, maxnreg: None
runtime config: BLOCK_SIZE_M: 64, BLOCK_SIZE_N: 64, BLOCK_SIZE_K: 128, num_buffers: 5, num_warps: 4, num_ctas: 1, num_stages: 3, maxnreg: None
start 1024-16-12288
finish 1024-16-12288, (116/169) -> Max Dense: 11.85, Max Precomp: 13.64, Max Runtime: 7.37
dense config: BLOCK_SIZE_M: 64, BLOCK_SIZE_N: 64, BLOCK_SIZE_K: 128, num_buffers: 6, num_warps: 4, num_ctas: 1, num_stages: 3, maxnreg: None
precomp config: BLOCK_SIZE_M: 64, BLOCK_SIZE_N: 64, BLOCK_SIZE_K: 128, num_buffers: 6, num_warps: 4, num_ctas: 1, num_stages: 3, maxnreg: None
runtime config: BLOCK_SIZE_M: 64, BLOCK_SIZE_N: 64, BLOCK_SIZE_K: 128, num_buffers: 5, num_warps: 4, num_ctas: 1, num_stages: 3, maxnreg: None
start 1536-16-8192
finish 1536-16-8192, (117/169) -> Max Dense: 14.68, Max Precomp: 17.73, Max Runtime: 10.26
dense config: BLOCK_SIZE_M: 64, BLOCK_SIZE_N: 64, BLOCK_SIZE_K: 128, num_buffers: 6, num_warps: 4, num_ctas: 1, num_stages: 3, maxnreg: None
precomp config: BLOCK_SIZE_M: 64, BLOCK_SIZE_N: 64, BLOCK_SIZE_K: 128, num_buffers: 6, num_warps: 4, num_ctas: 1, num_stages: 3, maxnreg: None
runtime config: BLOCK_SIZE_M: 64, BLOCK_SIZE_N: 64, BLOCK_SIZE_K: 128, num_buffers: 5, num_warps: 4, num_ctas: 1, num_stages: 3, maxnreg: None
start 2048-16-6144
finish 2048-16-6144, (118/169) -> Max Dense: 16.48, Max Precomp: 20.59, Max Runtime: 12.72
dense config: BLOCK_SIZE_M: 64, BLOCK_SIZE_N: 64, BLOCK_SIZE_K: 128, num_buffers: 6, num_warps: 4, num_ctas: 1, num_stages: 3, maxnreg: None
precomp config: BLOCK_SIZE_M: 64, BLOCK_SIZE_N: 64, BLOCK_SIZE_K: 128, num_buffers: 6, num_warps: 4, num_ctas: 1, num_stages: 3, maxnreg: None
runtime config: BLOCK_SIZE_M: 64, BLOCK_SIZE_N: 64, BLOCK_SIZE_K: 128, num_buffers: 5, num_warps: 4, num_ctas: 1, num_stages: 3, maxnreg: None
start 3072-16-4096
finish 3072-16-4096, (119/169) -> Max Dense: 18.62, Max Precomp: 22.17, Max Runtime: 16.21
dense config: BLOCK_SIZE_M: 64, BLOCK_SIZE_N: 64, BLOCK_SIZE_K: 128, num_buffers: 6, num_warps: 4, num_ctas: 1, num_stages: 3, maxnreg: None
precomp config: BLOCK_SIZE_M: 64, BLOCK_SIZE_N: 64, BLOCK_SIZE_K: 128, num_buffers: 6, num_warps: 4, num_ctas: 1, num_stages: 3, maxnreg: None
runtime config: BLOCK_SIZE_M: 64, BLOCK_SIZE_N: 64, BLOCK_SIZE_K: 128, num_buffers: 6, num_warps: 4, num_ctas: 1, num_stages: 3, maxnreg: None
start 4096-16-3072
finish 4096-16-3072, (120/169) -> Max Dense: 19.81, Max Precomp: 23.17, Max Runtime: 18.19
dense config: BLOCK_SIZE_M: 64, BLOCK_SIZE_N: 64, BLOCK_SIZE_K: 128, num_buffers: 6, num_warps: 4, num_ctas: 1, num_stages: 3, maxnreg: None
precomp config: BLOCK_SIZE_M: 64, BLOCK_SIZE_N: 64, BLOCK_SIZE_K: 128, num_buffers: 6, num_warps: 4, num_ctas: 1, num_stages: 3, maxnreg: None
runtime config: BLOCK_SIZE_M: 64, BLOCK_SIZE_N: 64, BLOCK_SIZE_K: 128, num_buffers: 6, num_warps: 4, num_ctas: 1, num_stages: 3, maxnreg: None
start 6144-16-2048
finish 6144-16-2048, (121/169) -> Max Dense: 20.58, Max Precomp: 24.83, Max Runtime: 19.30
dense config: BLOCK_SIZE_M: 64, BLOCK_SIZE_N: 64, BLOCK_SIZE_K: 128, num_buffers: 6, num_warps: 4, num_ctas: 1, num_stages: 3, maxnreg: None
precomp config: BLOCK_SIZE_M: 128, BLOCK_SIZE_N: 64, BLOCK_SIZE_K: 128, num_buffers: 4, num_warps: 4, num_ctas: 1, num_stages: 3, maxnreg: None
runtime config: BLOCK_SIZE_M: 64, BLOCK_SIZE_N: 64, BLOCK_SIZE_K: 128, num_buffers: 5, num_warps: 4, num_ctas: 1, num_stages: 3, maxnreg: None
start 8192-16-1536
finish 8192-16-1536, (122/169) -> Max Dense: 20.50, Max Precomp: 24.18, Max Runtime: 20.13
dense config: BLOCK_SIZE_M: 64, BLOCK_SIZE_N: 64, BLOCK_SIZE_K: 128, num_buffers: 6, num_warps: 4, num_ctas: 1, num_stages: 3, maxnreg: None
precomp config: BLOCK_SIZE_M: 128, BLOCK_SIZE_N: 64, BLOCK_SIZE_K: 128, num_buffers: 4, num_warps: 4, num_ctas: 1, num_stages: 3, maxnreg: None
runtime config: BLOCK_SIZE_M: 64, BLOCK_SIZE_N: 64, BLOCK_SIZE_K: 128, num_buffers: 6, num_warps: 4, num_ctas: 1, num_stages: 3, maxnreg: None
start 12288-16-1024
finish 12288-16-1024, (123/169) -> Max Dense: 20.82, Max Precomp: 25.16, Max Runtime: 19.95
dense config: BLOCK_SIZE_M: 128, BLOCK_SIZE_N: 64, BLOCK_SIZE_K: 64, num_buffers: 5, num_warps: 4, num_ctas: 1, num_stages: 3, maxnreg: None
precomp config: BLOCK_SIZE_M: 128, BLOCK_SIZE_N: 64, BLOCK_SIZE_K: 128, num_buffers: 4, num_warps: 4, num_ctas: 1, num_stages: 3, maxnreg: None
runtime config: BLOCK_SIZE_M: 128, BLOCK_SIZE_N: 64, BLOCK_SIZE_K: 64, num_buffers: 5, num_warps: 4, num_ctas: 1, num_stages: 3, maxnreg: None
start 16384-16-768
finish 16384-16-768, (124/169) -> Max Dense: 20.92, Max Precomp: 25.13, Max Runtime: 20.16
dense config: BLOCK_SIZE_M: 128, BLOCK_SIZE_N: 64, BLOCK_SIZE_K: 64, num_buffers: 7, num_warps: 4, num_ctas: 1, num_stages: 3, maxnreg: None
precomp config: BLOCK_SIZE_M: 128, BLOCK_SIZE_N: 64, BLOCK_SIZE_K: 128, num_buffers: 3, num_warps: 8, num_ctas: 1, num_stages: 3, maxnreg: None
runtime config: BLOCK_SIZE_M: 128, BLOCK_SIZE_N: 64, BLOCK_SIZE_K: 64, num_buffers: 6, num_warps: 4, num_ctas: 1, num_stages: 3, maxnreg: None
start 768-16-12288
finish 768-16-12288, (125/169) -> Max Dense: 9.05, Max Precomp: 10.32, Max Runtime: 5.57
dense config: BLOCK_SIZE_M: 64, BLOCK_SIZE_N: 64, BLOCK_SIZE_K: 128, num_buffers: 5, num_warps: 4, num_ctas: 1, num_stages: 3, maxnreg: None
precomp config: BLOCK_SIZE_M: 64, BLOCK_SIZE_N: 64, BLOCK_SIZE_K: 128, num_buffers: 6, num_warps: 4, num_ctas: 1, num_stages: 3, maxnreg: None
runtime config: BLOCK_SIZE_M: 64, BLOCK_SIZE_N: 64, BLOCK_SIZE_K: 128, num_buffers: 5, num_warps: 4, num_ctas: 1, num_stages: 3, maxnreg: None
start 1536-16-6144
finish 1536-16-6144, (126/169) -> Max Dense: 13.78, Max Precomp: 15.86, Max Runtime: 9.73
dense config: BLOCK_SIZE_M: 64, BLOCK_SIZE_N: 64, BLOCK_SIZE_K: 128, num_buffers: 6, num_warps: 4, num_ctas: 1, num_stages: 3, maxnreg: None
precomp config: BLOCK_SIZE_M: 64, BLOCK_SIZE_N: 64, BLOCK_SIZE_K: 128, num_buffers: 6, num_warps: 4, num_ctas: 1, num_stages: 3, maxnreg: None
runtime config: BLOCK_SIZE_M: 64, BLOCK_SIZE_N: 64, BLOCK_SIZE_K: 128, num_buffers: 5, num_warps: 4, num_ctas: 1, num_stages: 3, maxnreg: None
start 3072-16-3072
finish 3072-16-3072, (127/169) -> Max Dense: 16.84, Max Precomp: 18.27, Max Runtime: 14.87
dense config: BLOCK_SIZE_M: 64, BLOCK_SIZE_N: 64, BLOCK_SIZE_K: 128, num_buffers: 6, num_warps: 4, num_ctas: 1, num_stages: 3, maxnreg: None
precomp config: BLOCK_SIZE_M: 64, BLOCK_SIZE_N: 64, BLOCK_SIZE_K: 128, num_buffers: 6, num_warps: 4, num_ctas: 1, num_stages: 3, maxnreg: None
runtime config: BLOCK_SIZE_M: 64, BLOCK_SIZE_N: 64, BLOCK_SIZE_K: 128, num_buffers: 5, num_warps: 4, num_ctas: 1, num_stages: 3, maxnreg: None
start 6144-16-1536
finish 6144-16-1536, (128/169) -> Max Dense: 18.07, Max Precomp: 19.06, Max Runtime: 17.35
dense config: BLOCK_SIZE_M: 64, BLOCK_SIZE_N: 64, BLOCK_SIZE_K: 128, num_buffers: 5, num_warps: 4, num_ctas: 1, num_stages: 3, maxnreg: None
precomp config: BLOCK_SIZE_M: 128, BLOCK_SIZE_N: 64, BLOCK_SIZE_K: 64, num_buffers: 6, num_warps: 4, num_ctas: 1, num_stages: 3, maxnreg: None
runtime config: BLOCK_SIZE_M: 64, BLOCK_SIZE_N: 64, BLOCK_SIZE_K: 128, num_buffers: 5, num_warps: 4, num_ctas: 1, num_stages: 3, maxnreg: None
start 12288-16-768
finish 12288-16-768, (129/169) -> Max Dense: 18.29, Max Precomp: 19.64, Max Runtime: 17.29
dense config: BLOCK_SIZE_M: 128, BLOCK_SIZE_N: 64, BLOCK_SIZE_K: 64, num_buffers: 5, num_warps: 4, num_ctas: 1, num_stages: 3, maxnreg: None
precomp config: BLOCK_SIZE_M: 128, BLOCK_SIZE_N: 64, BLOCK_SIZE_K: 64, num_buffers: 7, num_warps: 4, num_ctas: 1, num_stages: 3, maxnreg: None
runtime config: BLOCK_SIZE_M: 128, BLOCK_SIZE_N: 64, BLOCK_SIZE_K: 64, num_buffers: 5, num_warps: 4, num_ctas: 1, num_stages: 3, maxnreg: None
start 1024-16-8192
finish 1024-16-8192, (130/169) -> Max Dense: 10.92, Max Precomp: 12.26, Max Runtime: 7.01
dense config: BLOCK_SIZE_M: 64, BLOCK_SIZE_N: 64, BLOCK_SIZE_K: 128, num_buffers: 6, num_warps: 4, num_ctas: 1, num_stages: 3, maxnreg: None
precomp config: BLOCK_SIZE_M: 64, BLOCK_SIZE_N: 64, BLOCK_SIZE_K: 128, num_buffers: 6, num_warps: 4, num_ctas: 1, num_stages: 3, maxnreg: None
runtime config: BLOCK_SIZE_M: 64, BLOCK_SIZE_N: 64, BLOCK_SIZE_K: 128, num_buffers: 5, num_warps: 4, num_ctas: 1, num_stages: 3, maxnreg: None
start 2048-16-4096
finish 2048-16-4096, (131/169) -> Max Dense: 14.68, Max Precomp: 15.57, Max Runtime: 11.54
dense config: BLOCK_SIZE_M: 64, BLOCK_SIZE_N: 64, BLOCK_SIZE_K: 128, num_buffers: 6, num_warps: 4, num_ctas: 1, num_stages: 3, maxnreg: None
precomp config: BLOCK_SIZE_M: 64, BLOCK_SIZE_N: 64, BLOCK_SIZE_K: 128, num_buffers: 6, num_warps: 4, num_ctas: 1, num_stages: 3, maxnreg: None
runtime config: BLOCK_SIZE_M: 64, BLOCK_SIZE_N: 64, BLOCK_SIZE_K: 128, num_buffers: 5, num_warps: 4, num_ctas: 1, num_stages: 3, maxnreg: None
start 4096-16-2048
finish 4096-16-2048, (132/169) -> Max Dense: 17.19, Max Precomp: 16.74, Max Runtime: 15.63
dense config: BLOCK_SIZE_M: 64, BLOCK_SIZE_N: 64, BLOCK_SIZE_K: 128, num_buffers: 6, num_warps: 4, num_ctas: 1, num_stages: 3, maxnreg: None
precomp config: BLOCK_SIZE_M: 64, BLOCK_SIZE_N: 64, BLOCK_SIZE_K: 128, num_buffers: 5, num_warps: 8, num_ctas: 1, num_stages: 3, maxnreg: None
runtime config: BLOCK_SIZE_M: 64, BLOCK_SIZE_N: 64, BLOCK_SIZE_K: 128, num_buffers: 6, num_warps: 4, num_ctas: 1, num_stages: 3, maxnreg: None
start 8192-16-1024
finish 8192-16-1024, (133/169) -> Max Dense: 17.86, Max Precomp: 17.94, Max Runtime: 16.85
dense config: BLOCK_SIZE_M: 64, BLOCK_SIZE_N: 64, BLOCK_SIZE_K: 128, num_buffers: 6, num_warps: 4, num_ctas: 1, num_stages: 3, maxnreg: None
precomp config: BLOCK_SIZE_M: 128, BLOCK_SIZE_N: 64, BLOCK_SIZE_K: 128, num_buffers: 4, num_warps: 8, num_ctas: 1, num_stages: 3, maxnreg: None
runtime config: BLOCK_SIZE_M: 64, BLOCK_SIZE_N: 64, BLOCK_SIZE_K: 128, num_buffers: 4, num_warps: 4, num_ctas: 1, num_stages: 3, maxnreg: None
start 768-16-8192
finish 768-16-8192, (134/169) -> Max Dense: 8.30, Max Precomp: 9.40, Max Runtime: 5.25
dense config: BLOCK_SIZE_M: 64, BLOCK_SIZE_N: 64, BLOCK_SIZE_K: 128, num_buffers: 6, num_warps: 4, num_ctas: 1, num_stages: 3, maxnreg: None
precomp config: BLOCK_SIZE_M: 64, BLOCK_SIZE_N: 64, BLOCK_SIZE_K: 128, num_buffers: 6, num_warps: 4, num_ctas: 1, num_stages: 3, maxnreg: None
runtime config: BLOCK_SIZE_M: 64, BLOCK_SIZE_N: 64, BLOCK_SIZE_K: 128, num_buffers: 5, num_warps: 4, num_ctas: 1, num_stages: 3, maxnreg: None
start 1024-16-6144
finish 1024-16-6144, (135/169) -> Max Dense: 10.17, Max Precomp: 10.96, Max Runtime: 6.66
dense config: BLOCK_SIZE_M: 64, BLOCK_SIZE_N: 64, BLOCK_SIZE_K: 128, num_buffers: 6, num_warps: 4, num_ctas: 1, num_stages: 3, maxnreg: None
precomp config: BLOCK_SIZE_M: 64, BLOCK_SIZE_N: 64, BLOCK_SIZE_K: 128, num_buffers: 6, num_warps: 4, num_ctas: 1, num_stages: 3, maxnreg: None
runtime config: BLOCK_SIZE_M: 64, BLOCK_SIZE_N: 64, BLOCK_SIZE_K: 128, num_buffers: 5, num_warps: 4, num_ctas: 1, num_stages: 3, maxnreg: None
start 1536-16-4096
finish 1536-16-4096, (136/169) -> Max Dense: 11.89, Max Precomp: 12.17, Max Runtime: 8.89
dense config: BLOCK_SIZE_M: 64, BLOCK_SIZE_N: 64, BLOCK_SIZE_K: 128, num_buffers: 5, num_warps: 4, num_ctas: 1, num_stages: 3, maxnreg: None
precomp config: BLOCK_SIZE_M: 64, BLOCK_SIZE_N: 64, BLOCK_SIZE_K: 128, num_buffers: 5, num_warps: 4, num_ctas: 1, num_stages: 3, maxnreg: None
runtime config: BLOCK_SIZE_M: 64, BLOCK_SIZE_N: 64, BLOCK_SIZE_K: 128, num_buffers: 5, num_warps: 4, num_ctas: 1, num_stages: 3, maxnreg: None
start 2048-16-3072
finish 2048-16-3072, (137/169) -> Max Dense: 13.04, Max Precomp: 12.21, Max Runtime: 10.37
dense config: BLOCK_SIZE_M: 64, BLOCK_SIZE_N: 64, BLOCK_SIZE_K: 128, num_buffers: 5, num_warps: 4, num_ctas: 1, num_stages: 3, maxnreg: None
precomp config: BLOCK_SIZE_M: 128, BLOCK_SIZE_N: 64, BLOCK_SIZE_K: 128, num_buffers: 4, num_warps: 4, num_ctas: 1, num_stages: 3, maxnreg: None
runtime config: BLOCK_SIZE_M: 64, BLOCK_SIZE_N: 64, BLOCK_SIZE_K: 128, num_buffers: 5, num_warps: 4, num_ctas: 1, num_stages: 3, maxnreg: None
start 3072-16-2048
finish 3072-16-2048, (138/169) -> Max Dense: 13.94, Max Precomp: 13.31, Max Runtime: 12.39
dense config: BLOCK_SIZE_M: 64, BLOCK_SIZE_N: 64, BLOCK_SIZE_K: 128, num_buffers: 6, num_warps: 4, num_ctas: 1, num_stages: 3, maxnreg: None
precomp config: BLOCK_SIZE_M: 128, BLOCK_SIZE_N: 64, BLOCK_SIZE_K: 128, num_buffers: 4, num_warps: 8, num_ctas: 1, num_stages: 3, maxnreg: None
runtime config: BLOCK_SIZE_M: 64, BLOCK_SIZE_N: 64, BLOCK_SIZE_K: 128, num_buffers: 5, num_warps: 4, num_ctas: 1, num_stages: 3, maxnreg: None
start 4096-16-1536
finish 4096-16-1536, (139/169) -> Max Dense: 14.97, Max Precomp: 13.41, Max Runtime: 13.93
dense config: BLOCK_SIZE_M: 64, BLOCK_SIZE_N: 64, BLOCK_SIZE_K: 128, num_buffers: 5, num_warps: 4, num_ctas: 1, num_stages: 3, maxnreg: None
precomp config: BLOCK_SIZE_M: 128, BLOCK_SIZE_N: 64, BLOCK_SIZE_K: 128, num_buffers: 4, num_warps: 8, num_ctas: 1, num_stages: 3, maxnreg: None
runtime config: BLOCK_SIZE_M: 64, BLOCK_SIZE_N: 64, BLOCK_SIZE_K: 128, num_buffers: 5, num_warps: 4, num_ctas: 1, num_stages: 3, maxnreg: None
start 6144-16-1024
finish 6144-16-1024, (140/169) -> Max Dense: 15.32, Max Precomp: 13.42, Max Runtime: 14.49
dense config: BLOCK_SIZE_M: 64, BLOCK_SIZE_N: 64, BLOCK_SIZE_K: 128, num_buffers: 5, num_warps: 4, num_ctas: 1, num_stages: 3, maxnreg: None
precomp config: BLOCK_SIZE_M: 128, BLOCK_SIZE_N: 64, BLOCK_SIZE_K: 128, num_buffers: 3, num_warps: 8, num_ctas: 1, num_stages: 3, maxnreg: None
runtime config: BLOCK_SIZE_M: 64, BLOCK_SIZE_N: 64, BLOCK_SIZE_K: 128, num_buffers: 5, num_warps: 4, num_ctas: 1, num_stages: 3, maxnreg: None
start 8192-16-768
finish 8192-16-768, (141/169) -> Max Dense: 15.23, Max Precomp: 13.68, Max Runtime: 14.44
dense config: BLOCK_SIZE_M: 128, BLOCK_SIZE_N: 64, BLOCK_SIZE_K: 128, num_buffers: 4, num_warps: 4, num_ctas: 1, num_stages: 3, maxnreg: None
precomp config: BLOCK_SIZE_M: 128, BLOCK_SIZE_N: 64, BLOCK_SIZE_K: 128, num_buffers: 4, num_warps: 8, num_ctas: 1, num_stages: 3, maxnreg: None
runtime config: BLOCK_SIZE_M: 64, BLOCK_SIZE_N: 64, BLOCK_SIZE_K: 128, num_buffers: 4, num_warps: 4, num_ctas: 1, num_stages: 3, maxnreg: None
start 768-16-6144
finish 768-16-6144, (142/169) -> Max Dense: 7.70, Max Precomp: 8.20, Max Runtime: 4.97
dense config: BLOCK_SIZE_M: 64, BLOCK_SIZE_N: 64, BLOCK_SIZE_K: 128, num_buffers: 5, num_warps: 4, num_ctas: 1, num_stages: 3, maxnreg: None
precomp config: BLOCK_SIZE_M: 64, BLOCK_SIZE_N: 64, BLOCK_SIZE_K: 128, num_buffers: 5, num_warps: 4, num_ctas: 1, num_stages: 3, maxnreg: None
runtime config: BLOCK_SIZE_M: 64, BLOCK_SIZE_N: 64, BLOCK_SIZE_K: 128, num_buffers: 5, num_warps: 4, num_ctas: 1, num_stages: 3, maxnreg: None
start 1536-16-3072
finish 1536-16-3072, (143/169) -> Max Dense: 10.31, Max Precomp: 9.64, Max Runtime: 8.08
dense config: BLOCK_SIZE_M: 64, BLOCK_SIZE_N: 64, BLOCK_SIZE_K: 128, num_buffers: 5, num_warps: 4, num_ctas: 1, num_stages: 3, maxnreg: None
precomp config: BLOCK_SIZE_M: 64, BLOCK_SIZE_N: 64, BLOCK_SIZE_K: 128, num_buffers: 5, num_warps: 4, num_ctas: 1, num_stages: 3, maxnreg: None
runtime config: BLOCK_SIZE_M: 64, BLOCK_SIZE_N: 64, BLOCK_SIZE_K: 128, num_buffers: 5, num_warps: 4, num_ctas: 1, num_stages: 3, maxnreg: None
start 3072-16-1536
finish 3072-16-1536, (144/169) -> Max Dense: 12.09, Max Precomp: 10.06, Max Runtime: 10.58
dense config: BLOCK_SIZE_M: 64, BLOCK_SIZE_N: 64, BLOCK_SIZE_K: 128, num_buffers: 5, num_warps: 4, num_ctas: 1, num_stages: 3, maxnreg: None
precomp config: BLOCK_SIZE_M: 64, BLOCK_SIZE_N: 64, BLOCK_SIZE_K: 128, num_buffers: 5, num_warps: 4, num_ctas: 1, num_stages: 3, maxnreg: None
runtime config: BLOCK_SIZE_M: 64, BLOCK_SIZE_N: 64, BLOCK_SIZE_K: 128, num_buffers: 5, num_warps: 4, num_ctas: 1, num_stages: 3, maxnreg: None
start 6144-16-768
finish 6144-16-768, (145/169) -> Max Dense: 12.59, Max Precomp: 10.39, Max Runtime: 11.85
dense config: BLOCK_SIZE_M: 64, BLOCK_SIZE_N: 64, BLOCK_SIZE_K: 64, num_buffers: 6, num_warps: 4, num_ctas: 1, num_stages: 3, maxnreg: None
precomp config: BLOCK_SIZE_M: 128, BLOCK_SIZE_N: 64, BLOCK_SIZE_K: 128, num_buffers: 4, num_warps: 4, num_ctas: 1, num_stages: 3, maxnreg: None
runtime config: BLOCK_SIZE_M: 64, BLOCK_SIZE_N: 64, BLOCK_SIZE_K: 128, num_buffers: 4, num_warps: 4, num_ctas: 1, num_stages: 3, maxnreg: None
start 1024-16-4096
finish 1024-16-4096, (146/169) -> Max Dense: 8.58, Max Precomp: 8.05, Max Runtime: 6.03
dense config: BLOCK_SIZE_M: 64, BLOCK_SIZE_N: 64, BLOCK_SIZE_K: 128, num_buffers: 5, num_warps: 4, num_ctas: 1, num_stages: 3, maxnreg: None
precomp config: BLOCK_SIZE_M: 64, BLOCK_SIZE_N: 64, BLOCK_SIZE_K: 128, num_buffers: 6, num_warps: 4, num_ctas: 1, num_stages: 3, maxnreg: None
runtime config: BLOCK_SIZE_M: 64, BLOCK_SIZE_N: 64, BLOCK_SIZE_K: 128, num_buffers: 5, num_warps: 4, num_ctas: 1, num_stages: 3, maxnreg: None
start 2048-16-2048
finish 2048-16-2048, (147/169) -> Max Dense: 10.50, Max Precomp: 8.86, Max Runtime: 8.71
dense config: BLOCK_SIZE_M: 64, BLOCK_SIZE_N: 64, BLOCK_SIZE_K: 128, num_buffers: 6, num_warps: 4, num_ctas: 1, num_stages: 3, maxnreg: None
precomp config: BLOCK_SIZE_M: 128, BLOCK_SIZE_N: 64, BLOCK_SIZE_K: 128, num_buffers: 4, num_warps: 4, num_ctas: 1, num_stages: 3, maxnreg: None
runtime config: BLOCK_SIZE_M: 64, BLOCK_SIZE_N: 64, BLOCK_SIZE_K: 128, num_buffers: 4, num_warps: 4, num_ctas: 1, num_stages: 3, maxnreg: None
start 4096-16-1024
finish 4096-16-1024, (148/169) -> Max Dense: 11.57, Max Precomp: 9.36, Max Runtime: 10.85
dense config: BLOCK_SIZE_M: 64, BLOCK_SIZE_N: 64, BLOCK_SIZE_K: 128, num_buffers: 5, num_warps: 4, num_ctas: 1, num_stages: 3, maxnreg: None
precomp config: BLOCK_SIZE_M: 128, BLOCK_SIZE_N: 64, BLOCK_SIZE_K: 128, num_buffers: 4, num_warps: 4, num_ctas: 1, num_stages: 3, maxnreg: None
runtime config: BLOCK_SIZE_M: 64, BLOCK_SIZE_N: 64, BLOCK_SIZE_K: 128, num_buffers: 5, num_warps: 4, num_ctas: 1, num_stages: 3, maxnreg: None
start 768-16-4096
finish 768-16-4096, (149/169) -> Max Dense: 6.66, Max Precomp: 6.23, Max Runtime: 4.56
dense config: BLOCK_SIZE_M: 64, BLOCK_SIZE_N: 64, BLOCK_SIZE_K: 128, num_buffers: 6, num_warps: 4, num_ctas: 1, num_stages: 3, maxnreg: None
precomp config: BLOCK_SIZE_M: 64, BLOCK_SIZE_N: 64, BLOCK_SIZE_K: 128, num_buffers: 6, num_warps: 4, num_ctas: 1, num_stages: 3, maxnreg: None
runtime config: BLOCK_SIZE_M: 64, BLOCK_SIZE_N: 64, BLOCK_SIZE_K: 128, num_buffers: 5, num_warps: 4, num_ctas: 1, num_stages: 3, maxnreg: None
start 1024-16-3072
finish 1024-16-3072, (150/169) -> Max Dense: 7.49, Max Precomp: 6.55, Max Runtime: 5.50
dense config: BLOCK_SIZE_M: 64, BLOCK_SIZE_N: 64, BLOCK_SIZE_K: 128, num_buffers: 5, num_warps: 4, num_ctas: 1, num_stages: 3, maxnreg: None
precomp config: BLOCK_SIZE_M: 64, BLOCK_SIZE_N: 64, BLOCK_SIZE_K: 128, num_buffers: 5, num_warps: 4, num_ctas: 1, num_stages: 3, maxnreg: None
runtime config: BLOCK_SIZE_M: 64, BLOCK_SIZE_N: 64, BLOCK_SIZE_K: 128, num_buffers: 5, num_warps: 4, num_ctas: 1, num_stages: 3, maxnreg: None
start 1536-16-2048
finish 1536-16-2048, (151/169) -> Max Dense: 8.26, Max Precomp: 6.74, Max Runtime: 6.69
dense config: BLOCK_SIZE_M: 64, BLOCK_SIZE_N: 64, BLOCK_SIZE_K: 128, num_buffers: 5, num_warps: 4, num_ctas: 1, num_stages: 3, maxnreg: None
precomp config: BLOCK_SIZE_M: 64, BLOCK_SIZE_N: 64, BLOCK_SIZE_K: 128, num_buffers: 5, num_warps: 8, num_ctas: 1, num_stages: 3, maxnreg: None
runtime config: BLOCK_SIZE_M: 64, BLOCK_SIZE_N: 64, BLOCK_SIZE_K: 128, num_buffers: 5, num_warps: 4, num_ctas: 1, num_stages: 3, maxnreg: None
start 2048-16-1536
finish 2048-16-1536, (152/169) -> Max Dense: 8.91, Max Precomp: 6.82, Max Runtime: 7.49
dense config: BLOCK_SIZE_M: 64, BLOCK_SIZE_N: 64, BLOCK_SIZE_K: 128, num_buffers: 5, num_warps: 4, num_ctas: 1, num_stages: 3, maxnreg: None
precomp config: BLOCK_SIZE_M: 128, BLOCK_SIZE_N: 64, BLOCK_SIZE_K: 128, num_buffers: 4, num_warps: 8, num_ctas: 1, num_stages: 3, maxnreg: None
runtime config: BLOCK_SIZE_M: 64, BLOCK_SIZE_N: 64, BLOCK_SIZE_K: 128, num_buffers: 5, num_warps: 4, num_ctas: 1, num_stages: 3, maxnreg: None
start 3072-16-1024
finish 3072-16-1024, (153/169) -> Max Dense: 9.10, Max Precomp: 7.02, Max Runtime: 8.45
dense config: BLOCK_SIZE_M: 64, BLOCK_SIZE_N: 64, BLOCK_SIZE_K: 128, num_buffers: 4, num_warps: 4, num_ctas: 1, num_stages: 3, maxnreg: None
precomp config: BLOCK_SIZE_M: 128, BLOCK_SIZE_N: 64, BLOCK_SIZE_K: 128, num_buffers: 4, num_warps: 4, num_ctas: 1, num_stages: 3, maxnreg: None
runtime config: BLOCK_SIZE_M: 64, BLOCK_SIZE_N: 64, BLOCK_SIZE_K: 128, num_buffers: 5, num_warps: 4, num_ctas: 1, num_stages: 3, maxnreg: None
start 4096-16-768
finish 4096-16-768, (154/169) -> Max Dense: 9.52, Max Precomp: 7.15, Max Runtime: 8.93
dense config: BLOCK_SIZE_M: 64, BLOCK_SIZE_N: 64, BLOCK_SIZE_K: 128, num_buffers: 4, num_warps: 4, num_ctas: 1, num_stages: 3, maxnreg: None
precomp config: BLOCK_SIZE_M: 128, BLOCK_SIZE_N: 64, BLOCK_SIZE_K: 128, num_buffers: 4, num_warps: 8, num_ctas: 1, num_stages: 3, maxnreg: None
runtime config: BLOCK_SIZE_M: 64, BLOCK_SIZE_N: 64, BLOCK_SIZE_K: 128, num_buffers: 5, num_warps: 4, num_ctas: 1, num_stages: 3, maxnreg: None
start 768-16-3072
finish 768-16-3072, (155/169) -> Max Dense: 5.76, Max Precomp: 4.92, Max Runtime: 4.16
dense config: BLOCK_SIZE_M: 64, BLOCK_SIZE_N: 64, BLOCK_SIZE_K: 128, num_buffers: 5, num_warps: 4, num_ctas: 1, num_stages: 3, maxnreg: None
precomp config: BLOCK_SIZE_M: 64, BLOCK_SIZE_N: 64, BLOCK_SIZE_K: 128, num_buffers: 6, num_warps: 4, num_ctas: 1, num_stages: 3, maxnreg: None
runtime config: BLOCK_SIZE_M: 64, BLOCK_SIZE_N: 64, BLOCK_SIZE_K: 128, num_buffers: 5, num_warps: 4, num_ctas: 1, num_stages: 3, maxnreg: None
start 1536-16-1536
finish 1536-16-1536, (156/169) -> Max Dense: 6.89, Max Precomp: 5.14, Max Runtime: 5.82
dense config: BLOCK_SIZE_M: 64, BLOCK_SIZE_N: 64, BLOCK_SIZE_K: 128, num_buffers: 6, num_warps: 4, num_ctas: 1, num_stages: 3, maxnreg: None
precomp config: BLOCK_SIZE_M: 128, BLOCK_SIZE_N: 64, BLOCK_SIZE_K: 128, num_buffers: 4, num_warps: 4, num_ctas: 1, num_stages: 3, maxnreg: None
runtime config: BLOCK_SIZE_M: 64, BLOCK_SIZE_N: 64, BLOCK_SIZE_K: 128, num_buffers: 4, num_warps: 4, num_ctas: 1, num_stages: 3, maxnreg: None
start 3072-16-768
finish 3072-16-768, (157/169) -> Max Dense: 7.32, Max Precomp: 5.30, Max Runtime: 6.98
dense config: BLOCK_SIZE_M: 128, BLOCK_SIZE_N: 64, BLOCK_SIZE_K: 128, num_buffers: 4, num_warps: 4, num_ctas: 1, num_stages: 3, maxnreg: None
precomp config: BLOCK_SIZE_M: 128, BLOCK_SIZE_N: 64, BLOCK_SIZE_K: 64, num_buffers: 5, num_warps: 8, num_ctas: 1, num_stages: 3, maxnreg: None
runtime config: BLOCK_SIZE_M: 64, BLOCK_SIZE_N: 64, BLOCK_SIZE_K: 128, num_buffers: 4, num_warps: 4, num_ctas: 1, num_stages: 3, maxnreg: None
start 1024-16-2048
finish 1024-16-2048, (158/169) -> Max Dense: 6.01, Max Precomp: 4.46, Max Runtime: 4.69
dense config: BLOCK_SIZE_M: 64, BLOCK_SIZE_N: 64, BLOCK_SIZE_K: 128, num_buffers: 6, num_warps: 4, num_ctas: 1, num_stages: 3, maxnreg: None
precomp config: BLOCK_SIZE_M: 128, BLOCK_SIZE_N: 64, BLOCK_SIZE_K: 128, num_buffers: 4, num_warps: 4, num_ctas: 1, num_stages: 3, maxnreg: None
runtime config: BLOCK_SIZE_M: 64, BLOCK_SIZE_N: 64, BLOCK_SIZE_K: 128, num_buffers: 5, num_warps: 4, num_ctas: 1, num_stages: 3, maxnreg: None
start 2048-16-1024
finish 2048-16-1024, (159/169) -> Max Dense: 6.78, Max Precomp: 4.62, Max Runtime: 6.03
dense config: BLOCK_SIZE_M: 64, BLOCK_SIZE_N: 64, BLOCK_SIZE_K: 128, num_buffers: 5, num_warps: 4, num_ctas: 1, num_stages: 3, maxnreg: None
precomp config: BLOCK_SIZE_M: 128, BLOCK_SIZE_N: 64, BLOCK_SIZE_K: 128, num_buffers: 4, num_warps: 4, num_ctas: 1, num_stages: 3, maxnreg: None
runtime config: BLOCK_SIZE_M: 64, BLOCK_SIZE_N: 64, BLOCK_SIZE_K: 128, num_buffers: 4, num_warps: 4, num_ctas: 1, num_stages: 3, maxnreg: None
start 768-16-2048
finish 768-16-2048, (160/169) -> Max Dense: 4.52, Max Precomp: 3.41, Max Runtime: 3.52
dense config: BLOCK_SIZE_M: 64, BLOCK_SIZE_N: 64, BLOCK_SIZE_K: 128, num_buffers: 6, num_warps: 4, num_ctas: 1, num_stages: 3, maxnreg: None
precomp config: BLOCK_SIZE_M: 128, BLOCK_SIZE_N: 64, BLOCK_SIZE_K: 128, num_buffers: 4, num_warps: 4, num_ctas: 1, num_stages: 3, maxnreg: None
runtime config: BLOCK_SIZE_M: 64, BLOCK_SIZE_N: 64, BLOCK_SIZE_K: 128, num_buffers: 6, num_warps: 4, num_ctas: 1, num_stages: 3, maxnreg: None
start 1024-16-1536
finish 1024-16-1536, (161/169) -> Max Dense: 4.92, Max Precomp: 3.42, Max Runtime: 4.09
dense config: BLOCK_SIZE_M: 64, BLOCK_SIZE_N: 64, BLOCK_SIZE_K: 128, num_buffers: 6, num_warps: 4, num_ctas: 1, num_stages: 3, maxnreg: None
precomp config: BLOCK_SIZE_M: 128, BLOCK_SIZE_N: 64, BLOCK_SIZE_K: 128, num_buffers: 4, num_warps: 4, num_ctas: 1, num_stages: 3, maxnreg: None
runtime config: BLOCK_SIZE_M: 64, BLOCK_SIZE_N: 64, BLOCK_SIZE_K: 128, num_buffers: 5, num_warps: 4, num_ctas: 1, num_stages: 3, maxnreg: None
start 1536-16-1024
finish 1536-16-1024, (162/169) -> Max Dense: 5.39, Max Precomp: 3.47, Max Runtime: 4.70
dense config: BLOCK_SIZE_M: 64, BLOCK_SIZE_N: 64, BLOCK_SIZE_K: 128, num_buffers: 5, num_warps: 4, num_ctas: 1, num_stages: 3, maxnreg: None
precomp config: BLOCK_SIZE_M: 128, BLOCK_SIZE_N: 64, BLOCK_SIZE_K: 128, num_buffers: 3, num_warps: 8, num_ctas: 1, num_stages: 3, maxnreg: None
runtime config: BLOCK_SIZE_M: 64, BLOCK_SIZE_N: 64, BLOCK_SIZE_K: 128, num_buffers: 5, num_warps: 4, num_ctas: 1, num_stages: 3, maxnreg: None
start 2048-16-768
finish 2048-16-768, (163/169) -> Max Dense: 5.39, Max Precomp: 3.53, Max Runtime: 5.03
dense config: BLOCK_SIZE_M: 64, BLOCK_SIZE_N: 64, BLOCK_SIZE_K: 128, num_buffers: 6, num_warps: 4, num_ctas: 1, num_stages: 3, maxnreg: None
precomp config: BLOCK_SIZE_M: 128, BLOCK_SIZE_N: 64, BLOCK_SIZE_K: 128, num_buffers: 3, num_warps: 8, num_ctas: 1, num_stages: 3, maxnreg: None
runtime config: BLOCK_SIZE_M: 64, BLOCK_SIZE_N: 64, BLOCK_SIZE_K: 128, num_buffers: 4, num_warps: 4, num_ctas: 1, num_stages: 3, maxnreg: None
start 768-16-1536
finish 768-16-1536, (164/169) -> Max Dense: 3.88, Max Precomp: 2.58, Max Runtime: 3.10
dense config: BLOCK_SIZE_M: 64, BLOCK_SIZE_N: 64, BLOCK_SIZE_K: 128, num_buffers: 5, num_warps: 4, num_ctas: 1, num_stages: 3, maxnreg: None
precomp config: BLOCK_SIZE_M: 128, BLOCK_SIZE_N: 64, BLOCK_SIZE_K: 128, num_buffers: 4, num_warps: 8, num_ctas: 1, num_stages: 3, maxnreg: None
runtime config: BLOCK_SIZE_M: 64, BLOCK_SIZE_N: 64, BLOCK_SIZE_K: 128, num_buffers: 4, num_warps: 4, num_ctas: 1, num_stages: 3, maxnreg: None
start 1536-16-768
finish 1536-16-768, (165/169) -> Max Dense: 4.31, Max Precomp: 2.59, Max Runtime: 3.93
dense config: BLOCK_SIZE_M: 64, BLOCK_SIZE_N: 64, BLOCK_SIZE_K: 128, num_buffers: 5, num_warps: 4, num_ctas: 1, num_stages: 3, maxnreg: None
precomp config: BLOCK_SIZE_M: 128, BLOCK_SIZE_N: 64, BLOCK_SIZE_K: 128, num_buffers: 4, num_warps: 4, num_ctas: 1, num_stages: 3, maxnreg: None
runtime config: BLOCK_SIZE_M: 64, BLOCK_SIZE_N: 64, BLOCK_SIZE_K: 128, num_buffers: 4, num_warps: 4, num_ctas: 1, num_stages: 3, maxnreg: None
start 1024-16-1024
finish 1024-16-1024, (166/169) -> Max Dense: 3.83, Max Precomp: 2.39, Max Runtime: 3.25
dense config: BLOCK_SIZE_M: 64, BLOCK_SIZE_N: 64, BLOCK_SIZE_K: 128, num_buffers: 5, num_warps: 4, num_ctas: 1, num_stages: 3, maxnreg: None
precomp config: BLOCK_SIZE_M: 128, BLOCK_SIZE_N: 64, BLOCK_SIZE_K: 128, num_buffers: 3, num_warps: 4, num_ctas: 1, num_stages: 3, maxnreg: None
runtime config: BLOCK_SIZE_M: 64, BLOCK_SIZE_N: 64, BLOCK_SIZE_K: 128, num_buffers: 4, num_warps: 4, num_ctas: 1, num_stages: 3, maxnreg: None
start 768-16-1024
finish 768-16-1024, (167/169) -> Max Dense: 2.89, Max Precomp: 1.82, Max Runtime: 2.47
dense config: BLOCK_SIZE_M: 64, BLOCK_SIZE_N: 64, BLOCK_SIZE_K: 128, num_buffers: 6, num_warps: 4, num_ctas: 1, num_stages: 3, maxnreg: None
precomp config: BLOCK_SIZE_M: 128, BLOCK_SIZE_N: 64, BLOCK_SIZE_K: 128, num_buffers: 4, num_warps: 8, num_ctas: 1, num_stages: 3, maxnreg: None
runtime config: BLOCK_SIZE_M: 64, BLOCK_SIZE_N: 64, BLOCK_SIZE_K: 128, num_buffers: 4, num_warps: 4, num_ctas: 1, num_stages: 3, maxnreg: None
start 1024-16-768
finish 1024-16-768, (168/169) -> Max Dense: 2.98, Max Precomp: 1.83, Max Runtime: 2.72
dense config: BLOCK_SIZE_M: 64, BLOCK_SIZE_N: 64, BLOCK_SIZE_K: 128, num_buffers: 5, num_warps: 4, num_ctas: 1, num_stages: 3, maxnreg: None
precomp config: BLOCK_SIZE_M: 128, BLOCK_SIZE_N: 64, BLOCK_SIZE_K: 128, num_buffers: 4, num_warps: 4, num_ctas: 1, num_stages: 3, maxnreg: None
runtime config: BLOCK_SIZE_M: 64, BLOCK_SIZE_N: 64, BLOCK_SIZE_K: 128, num_buffers: 4, num_warps: 4, num_ctas: 1, num_stages: 3, maxnreg: None
start 768-16-768
finish 768-16-768, (169/169) -> Max Dense: 2.38, Max Precomp: 1.30, Max Runtime: 2.07
dense config: BLOCK_SIZE_M: 64, BLOCK_SIZE_N: 64, BLOCK_SIZE_K: 128, num_buffers: 5, num_warps: 4, num_ctas: 1, num_stages: 3, maxnreg: None
precomp config: BLOCK_SIZE_M: 64, BLOCK_SIZE_N: 64, BLOCK_SIZE_K: 128, num_buffers: 5, num_warps: 4, num_ctas: 1, num_stages: 3, maxnreg: None
runtime config: BLOCK_SIZE_M: 64, BLOCK_SIZE_N: 64, BLOCK_SIZE_K: 128, num_buffers: 4, num_warps: 4, num_ctas: 1, num_stages: 3, maxnreg: None
0.8845912038318092

[INFO] Optimization charts successfully compiled and saved to 'Benchmark/v7.5_16.png'
