Wed Jul 22 15:35:53 2026       
+-----------------------------------------------------------------------------------------+
| NVIDIA-SMI 580.159.04             Driver Version: 580.159.04     CUDA Version: 13.2     |
+-----------------------------------------+------------------------+----------------------+
| GPU  Name                 Persistence-M | Bus-Id          Disp.A | Volatile Uncorr. ECC |
| Fan  Temp   Perf          Pwr:Usage/Cap |           Memory-Usage | GPU-Util  Compute M. |
|                                         |                        |               MIG M. |
|=========================================+========================+======================|
|   0  NVIDIA H100 80GB HBM3          Off |   00000000:4E:00.0 Off |                    0 |
| N/A   40C    P0             69W /  700W |       0MiB /  81559MiB |      0%      Default |
|                                         |                        |             Disabled |
+-----------------------------------------+------------------------+----------------------+

+-----------------------------------------------------------------------------------------+
| Processes:                                                                              |
|  GPU   GI   CI              PID   Type   Process name                        GPU Memory |
|        ID   ID                                                               Usage      |
|=========================================================================================|
|  No running processes found                                                             |
+-----------------------------------------------------------------------------------------+
/usr/bin/rm: cannot remove '/usr/local/cuda/compat/lib': Read-only file system
rm: cannot remove '/usr/local/cuda/compat/lib': Read-only file system
CUDA Available: True
Device Count: 1
/usr/bin/rm: cannot remove '/usr/local/cuda/compat/lib': Read-only file system
rm: cannot remove '/usr/local/cuda/compat/lib': Read-only file system
start 49152-8192-49152 (1/169)
finish 49152-8192-49152 -> Dense: 702.1083455599955, Precomp WS: 1096.7696988800838, 7.6 WS: 599.1615867829261
  Dense   best config: {'BLOCK_SIZE_M': 128, 'BLOCK_SIZE_N': 256, 'BLOCK_SIZE_K': 64, 'num_buffers': 3, 'SUBTILE_FACTOR': 4}, num_warps=8
  Sparse  best config: {'BLOCK_SIZE_M': 128, 'BLOCK_SIZE_N': 256, 'BLOCK_SIZE_K': 64, 'num_buffers': 5, 'SUBTILE_FACTOR': 8}, num_warps=8
  Runtime best config: {'BLOCK_SIZE_M': 128, 'BLOCK_SIZE_N': 256, 'BLOCK_SIZE_K': 64, 'num_buffers': 4, 'SUBTILE_FACTOR': 8}, num_warps=8
start 32768-8192-49152 (2/169)
finish 32768-8192-49152 -> Dense: 655.7397728027472, Precomp WS: 1028.6705083880345, 7.6 WS: 636.5475817105424
  Dense   best config: {'BLOCK_SIZE_M': 128, 'BLOCK_SIZE_N': 256, 'BLOCK_SIZE_K': 64, 'num_buffers': 3, 'SUBTILE_FACTOR': 2}, num_warps=8
  Sparse  best config: {'BLOCK_SIZE_M': 128, 'BLOCK_SIZE_N': 256, 'BLOCK_SIZE_K': 64, 'num_buffers': 4, 'SUBTILE_FACTOR': 8}, num_warps=8
  Runtime best config: {'BLOCK_SIZE_M': 128, 'BLOCK_SIZE_N': 256, 'BLOCK_SIZE_K': 64, 'num_buffers': 3, 'SUBTILE_FACTOR': 8}, num_warps=8
start 49152-8192-32768 (3/169)
finish 49152-8192-32768 -> Dense: 636.6040821119726, Precomp WS: 1039.3870355773513, 7.6 WS: 642.0708117032178
  Dense   best config: {'BLOCK_SIZE_M': 128, 'BLOCK_SIZE_N': 256, 'BLOCK_SIZE_K': 64, 'num_buffers': 3, 'SUBTILE_FACTOR': 2}, num_warps=8
  Sparse  best config: {'BLOCK_SIZE_M': 128, 'BLOCK_SIZE_N': 256, 'BLOCK_SIZE_K': 64, 'num_buffers': 4, 'SUBTILE_FACTOR': 4}, num_warps=8
  Runtime best config: {'BLOCK_SIZE_M': 128, 'BLOCK_SIZE_N': 256, 'BLOCK_SIZE_K': 64, 'num_buffers': 3, 'SUBTILE_FACTOR': 8}, num_warps=8
start 24576-8192-49152 (4/169)
finish 24576-8192-49152 -> Dense: 644.2278692605597, Precomp WS: 1013.2009574772704, 7.6 WS: 643.8668243659647
  Dense   best config: {'BLOCK_SIZE_M': 128, 'BLOCK_SIZE_N': 256, 'BLOCK_SIZE_K': 64, 'num_buffers': 3, 'SUBTILE_FACTOR': 4}, num_warps=8
  Sparse  best config: {'BLOCK_SIZE_M': 128, 'BLOCK_SIZE_N': 256, 'BLOCK_SIZE_K': 64, 'num_buffers': 4, 'SUBTILE_FACTOR': 8}, num_warps=8
  Runtime best config: {'BLOCK_SIZE_M': 128, 'BLOCK_SIZE_N': 256, 'BLOCK_SIZE_K': 64, 'num_buffers': 3, 'SUBTILE_FACTOR': 8}, num_warps=8
start 49152-8192-24576 (5/169)
finish 49152-8192-24576 -> Dense: 639.5514880550963, Precomp WS: 1037.7554829475598, 7.6 WS: 632.6722397153654
  Dense   best config: {'BLOCK_SIZE_M': 128, 'BLOCK_SIZE_N': 256, 'BLOCK_SIZE_K': 64, 'num_buffers': 3, 'SUBTILE_FACTOR': 2}, num_warps=8
  Sparse  best config: {'BLOCK_SIZE_M': 128, 'BLOCK_SIZE_N': 256, 'BLOCK_SIZE_K': 64, 'num_buffers': 4, 'SUBTILE_FACTOR': 8}, num_warps=8
  Runtime best config: {'BLOCK_SIZE_M': 128, 'BLOCK_SIZE_N': 256, 'BLOCK_SIZE_K': 64, 'num_buffers': 3, 'SUBTILE_FACTOR': 8}, num_warps=8
start 32768-8192-32768 (6/169)
finish 32768-8192-32768 -> Dense: 638.3251219713612, Precomp WS: 984.9910670749805, 7.6 WS: 637.8523683993985
  Dense   best config: {'BLOCK_SIZE_M': 128, 'BLOCK_SIZE_N': 256, 'BLOCK_SIZE_K': 64, 'num_buffers': 3, 'SUBTILE_FACTOR': 2}, num_warps=8
  Sparse  best config: {'BLOCK_SIZE_M': 128, 'BLOCK_SIZE_N': 256, 'BLOCK_SIZE_K': 64, 'num_buffers': 4, 'SUBTILE_FACTOR': 4}, num_warps=8
  Runtime best config: {'BLOCK_SIZE_M': 128, 'BLOCK_SIZE_N': 256, 'BLOCK_SIZE_K': 64, 'num_buffers': 3, 'SUBTILE_FACTOR': 4}, num_warps=8
start 16384-8192-49152 (7/169)
finish 16384-8192-49152 -> Dense: 633.4521520951915, Precomp WS: 1017.6438216908796, 7.6 WS: 608.1004198482689
  Dense   best config: {'BLOCK_SIZE_M': 128, 'BLOCK_SIZE_N': 256, 'BLOCK_SIZE_K': 64, 'num_buffers': 3, 'SUBTILE_FACTOR': 4}, num_warps=8
  Sparse  best config: {'BLOCK_SIZE_M': 128, 'BLOCK_SIZE_N': 256, 'BLOCK_SIZE_K': 64, 'num_buffers': 4, 'SUBTILE_FACTOR': 8}, num_warps=8
  Runtime best config: {'BLOCK_SIZE_M': 128, 'BLOCK_SIZE_N': 256, 'BLOCK_SIZE_K': 64, 'num_buffers': 3, 'SUBTILE_FACTOR': 4}, num_warps=8
start 24576-8192-32768 (8/169)
finish 24576-8192-32768 -> Dense: 638.0858176985706, Precomp WS: 1002.7202952539441, 7.6 WS: 639.4142858131579
  Dense   best config: {'BLOCK_SIZE_M': 128, 'BLOCK_SIZE_N': 256, 'BLOCK_SIZE_K': 64, 'num_buffers': 3, 'SUBTILE_FACTOR': 4}, num_warps=8
  Sparse  best config: {'BLOCK_SIZE_M': 128, 'BLOCK_SIZE_N': 256, 'BLOCK_SIZE_K': 64, 'num_buffers': 4, 'SUBTILE_FACTOR': 8}, num_warps=8
  Runtime best config: {'BLOCK_SIZE_M': 128, 'BLOCK_SIZE_N': 256, 'BLOCK_SIZE_K': 64, 'num_buffers': 3, 'SUBTILE_FACTOR': 8}, num_warps=8
start 32768-8192-24576 (9/169)
finish 32768-8192-24576 -> Dense: 639.9000277897293, Precomp WS: 1019.3402315747214, 7.6 WS: 616.5739349724756
  Dense   best config: {'BLOCK_SIZE_M': 128, 'BLOCK_SIZE_N': 256, 'BLOCK_SIZE_K': 64, 'num_buffers': 3, 'SUBTILE_FACTOR': 4}, num_warps=8
  Sparse  best config: {'BLOCK_SIZE_M': 128, 'BLOCK_SIZE_N': 256, 'BLOCK_SIZE_K': 64, 'num_buffers': 4, 'SUBTILE_FACTOR': 4}, num_warps=8
  Runtime best config: {'BLOCK_SIZE_M': 128, 'BLOCK_SIZE_N': 256, 'BLOCK_SIZE_K': 64, 'num_buffers': 3, 'SUBTILE_FACTOR': 8}, num_warps=8
start 49152-8192-16384 (10/169)
finish 49152-8192-16384 -> Dense: 650.7485072313877, Precomp WS: 985.9918415967218, 7.6 WS: 614.6877342890534
  Dense   best config: {'BLOCK_SIZE_M': 128, 'BLOCK_SIZE_N': 256, 'BLOCK_SIZE_K': 64, 'num_buffers': 3, 'SUBTILE_FACTOR': 2}, num_warps=8
  Sparse  best config: {'BLOCK_SIZE_M': 128, 'BLOCK_SIZE_N': 256, 'BLOCK_SIZE_K': 64, 'num_buffers': 5, 'SUBTILE_FACTOR': 8}, num_warps=8
  Runtime best config: {'BLOCK_SIZE_M': 128, 'BLOCK_SIZE_N': 256, 'BLOCK_SIZE_K': 64, 'num_buffers': 3, 'SUBTILE_FACTOR': 4}, num_warps=8
start 12288-8192-49152 (11/169)
finish 12288-8192-49152 -> Dense: 644.2855780104496, Precomp WS: 985.937130498139, 7.6 WS: 621.2046086678905
  Dense   best config: {'BLOCK_SIZE_M': 128, 'BLOCK_SIZE_N': 256, 'BLOCK_SIZE_K': 64, 'num_buffers': 3, 'SUBTILE_FACTOR': 2}, num_warps=8
  Sparse  best config: {'BLOCK_SIZE_M': 128, 'BLOCK_SIZE_N': 256, 'BLOCK_SIZE_K': 64, 'num_buffers': 4, 'SUBTILE_FACTOR': 8}, num_warps=8
  Runtime best config: {'BLOCK_SIZE_M': 128, 'BLOCK_SIZE_N': 256, 'BLOCK_SIZE_K': 64, 'num_buffers': 3, 'SUBTILE_FACTOR': 4}, num_warps=8
start 24576-8192-24576 (12/169)
finish 24576-8192-24576 -> Dense: 650.8309180805097, Precomp WS: 993.9057399620755, 7.6 WS: 612.0027436400123
  Dense   best config: {'BLOCK_SIZE_M': 128, 'BLOCK_SIZE_N': 256, 'BLOCK_SIZE_K': 64, 'num_buffers': 3, 'SUBTILE_FACTOR': 2}, num_warps=8
  Sparse  best config: {'BLOCK_SIZE_M': 128, 'BLOCK_SIZE_N': 256, 'BLOCK_SIZE_K': 64, 'num_buffers': 4, 'SUBTILE_FACTOR': 8}, num_warps=8
  Runtime best config: {'BLOCK_SIZE_M': 128, 'BLOCK_SIZE_N': 256, 'BLOCK_SIZE_K': 64, 'num_buffers': 3, 'SUBTILE_FACTOR': 8}, num_warps=8
start 49152-8192-12288 (13/169)
finish 49152-8192-12288 -> Dense: 640.1415144959248, Precomp WS: 983.9394931118028, 7.6 WS: 613.8996982452186
  Dense   best config: {'BLOCK_SIZE_M': 128, 'BLOCK_SIZE_N': 256, 'BLOCK_SIZE_K': 64, 'num_buffers': 3, 'SUBTILE_FACTOR': 2}, num_warps=8
  Sparse  best config: {'BLOCK_SIZE_M': 128, 'BLOCK_SIZE_N': 256, 'BLOCK_SIZE_K': 64, 'num_buffers': 4, 'SUBTILE_FACTOR': 4}, num_warps=8
  Runtime best config: {'BLOCK_SIZE_M': 128, 'BLOCK_SIZE_N': 256, 'BLOCK_SIZE_K': 64, 'num_buffers': 3, 'SUBTILE_FACTOR': 8}, num_warps=8
start 16384-8192-32768 (14/169)
finish 16384-8192-32768 -> Dense: 630.0816823481504, Precomp WS: 973.8618434333763, 7.6 WS: 247.23364723205697
  Dense   best config: {'BLOCK_SIZE_M': 128, 'BLOCK_SIZE_N': 256, 'BLOCK_SIZE_K': 64, 'num_buffers': 3, 'SUBTILE_FACTOR': 4}, num_warps=8
  Sparse  best config: {'BLOCK_SIZE_M': 128, 'BLOCK_SIZE_N': 256, 'BLOCK_SIZE_K': 64, 'num_buffers': 4, 'SUBTILE_FACTOR': 4}, num_warps=8
  Runtime best config: {'BLOCK_SIZE_M': 128, 'BLOCK_SIZE_N': 256, 'BLOCK_SIZE_K': 64, 'num_buffers': 3, 'SUBTILE_FACTOR': 4}, num_warps=8
start 32768-8192-16384 (15/169)
finish 32768-8192-16384 -> Dense: 646.2867057237003, Precomp WS: 982.6840833838463, 7.6 WS: 608.1838614458112
  Dense   best config: {'BLOCK_SIZE_M': 128, 'BLOCK_SIZE_N': 256, 'BLOCK_SIZE_K': 64, 'num_buffers': 3, 'SUBTILE_FACTOR': 4}, num_warps=8
  Sparse  best config: {'BLOCK_SIZE_M': 128, 'BLOCK_SIZE_N': 256, 'BLOCK_SIZE_K': 64, 'num_buffers': 5, 'SUBTILE_FACTOR': 8}, num_warps=8
  Runtime best config: {'BLOCK_SIZE_M': 128, 'BLOCK_SIZE_N': 256, 'BLOCK_SIZE_K': 64, 'num_buffers': 3, 'SUBTILE_FACTOR': 8}, num_warps=8
start 8192-8192-49152 (16/169)
finish 8192-8192-49152 -> Dense: 631.2653641863907, Precomp WS: 991.435686849088, 7.6 WS: 609.7465631232538
  Dense   best config: {'BLOCK_SIZE_M': 128, 'BLOCK_SIZE_N': 256, 'BLOCK_SIZE_K': 64, 'num_buffers': 3, 'SUBTILE_FACTOR': 2}, num_warps=8
  Sparse  best config: {'BLOCK_SIZE_M': 128, 'BLOCK_SIZE_N': 256, 'BLOCK_SIZE_K': 64, 'num_buffers': 4, 'SUBTILE_FACTOR': 4}, num_warps=8
  Runtime best config: {'BLOCK_SIZE_M': 128, 'BLOCK_SIZE_N': 256, 'BLOCK_SIZE_K': 64, 'num_buffers': 3, 'SUBTILE_FACTOR': 8}, num_warps=8
start 12288-8192-32768 (17/169)
finish 12288-8192-32768 -> Dense: 641.1023547834961, Precomp WS: 964.3801172149861, 7.6 WS: 575.458426276182
  Dense   best config: {'BLOCK_SIZE_M': 128, 'BLOCK_SIZE_N': 256, 'BLOCK_SIZE_K': 64, 'num_buffers': 3, 'SUBTILE_FACTOR': 4}, num_warps=8
  Sparse  best config: {'BLOCK_SIZE_M': 128, 'BLOCK_SIZE_N': 256, 'BLOCK_SIZE_K': 64, 'num_buffers': 4, 'SUBTILE_FACTOR': 8}, num_warps=8
  Runtime best config: {'BLOCK_SIZE_M': 128, 'BLOCK_SIZE_N': 256, 'BLOCK_SIZE_K': 64, 'num_buffers': 3, 'SUBTILE_FACTOR': 4}, num_warps=8
start 16384-8192-24576 (18/169)
finish 16384-8192-24576 -> Dense: 624.2999327027876, Precomp WS: 978.5508197262442, 7.6 WS: 589.4747054539101
  Dense   best config: {'BLOCK_SIZE_M': 128, 'BLOCK_SIZE_N': 256, 'BLOCK_SIZE_K': 64, 'num_buffers': 3, 'SUBTILE_FACTOR': 4}, num_warps=8
  Sparse  best config: {'BLOCK_SIZE_M': 128, 'BLOCK_SIZE_N': 256, 'BLOCK_SIZE_K': 64, 'num_buffers': 5, 'SUBTILE_FACTOR': 8}, num_warps=8
  Runtime best config: {'BLOCK_SIZE_M': 128, 'BLOCK_SIZE_N': 256, 'BLOCK_SIZE_K': 64, 'num_buffers': 3, 'SUBTILE_FACTOR': 8}, num_warps=8
start 24576-8192-16384 (19/169)
finish 24576-8192-16384 -> Dense: 625.5527916088122, Precomp WS: 967.9422208630701, 7.6 WS: 606.7284102634319
  Dense   best config: {'BLOCK_SIZE_M': 128, 'BLOCK_SIZE_N': 256, 'BLOCK_SIZE_K': 64, 'num_buffers': 3, 'SUBTILE_FACTOR': 2}, num_warps=8
  Sparse  best config: {'BLOCK_SIZE_M': 128, 'BLOCK_SIZE_N': 256, 'BLOCK_SIZE_K': 64, 'num_buffers': 4, 'SUBTILE_FACTOR': 4}, num_warps=8
  Runtime best config: {'BLOCK_SIZE_M': 128, 'BLOCK_SIZE_N': 256, 'BLOCK_SIZE_K': 64, 'num_buffers': 3, 'SUBTILE_FACTOR': 8}, num_warps=8
start 32768-8192-12288 (20/169)
finish 32768-8192-12288 -> Dense: 625.1099955908354, Precomp WS: 990.0484714531555, 7.6 WS: 607.3605877461008
  Dense   best config: {'BLOCK_SIZE_M': 128, 'BLOCK_SIZE_N': 256, 'BLOCK_SIZE_K': 64, 'num_buffers': 3, 'SUBTILE_FACTOR': 2}, num_warps=8
  Sparse  best config: {'BLOCK_SIZE_M': 128, 'BLOCK_SIZE_N': 256, 'BLOCK_SIZE_K': 64, 'num_buffers': 4, 'SUBTILE_FACTOR': 4}, num_warps=8
  Runtime best config: {'BLOCK_SIZE_M': 128, 'BLOCK_SIZE_N': 256, 'BLOCK_SIZE_K': 64, 'num_buffers': 3, 'SUBTILE_FACTOR': 8}, num_warps=8
start 49152-8192-8192 (21/169)
finish 49152-8192-8192 -> Dense: 628.5471375735765, Precomp WS: 952.7031559705324, 7.6 WS: 601.2130672571745
  Dense   best config: {'BLOCK_SIZE_M': 128, 'BLOCK_SIZE_N': 256, 'BLOCK_SIZE_K': 64, 'num_buffers': 3, 'SUBTILE_FACTOR': 2}, num_warps=8
  Sparse  best config: {'BLOCK_SIZE_M': 128, 'BLOCK_SIZE_N': 256, 'BLOCK_SIZE_K': 64, 'num_buffers': 4, 'SUBTILE_FACTOR': 4}, num_warps=8
  Runtime best config: {'BLOCK_SIZE_M': 128, 'BLOCK_SIZE_N': 256, 'BLOCK_SIZE_K': 64, 'num_buffers': 3, 'SUBTILE_FACTOR': 8}, num_warps=8
start 6144-8192-49152 (22/169)
finish 6144-8192-49152 -> Dense: 619.9345014519913, Precomp WS: 955.2138629126308, 7.6 WS: 597.5631757538895
  Dense   best config: {'BLOCK_SIZE_M': 128, 'BLOCK_SIZE_N': 256, 'BLOCK_SIZE_K': 64, 'num_buffers': 3, 'SUBTILE_FACTOR': 2}, num_warps=8
  Sparse  best config: {'BLOCK_SIZE_M': 128, 'BLOCK_SIZE_N': 256, 'BLOCK_SIZE_K': 64, 'num_buffers': 4, 'SUBTILE_FACTOR': 8}, num_warps=8
  Runtime best config: {'BLOCK_SIZE_M': 128, 'BLOCK_SIZE_N': 256, 'BLOCK_SIZE_K': 64, 'num_buffers': 3, 'SUBTILE_FACTOR': 4}, num_warps=8
start 12288-8192-24576 (23/169)
