INFO:    Setting 'NVIDIA_VISIBLE_DEVICES=all' to emulate legacy GPU binding.
INFO:    Setting --writable-tmpfs (required by nvidia-container-cli)
[INFO] Skipping '4-Part' via CLI flag.

======================================================================
   STARTING FLASHATTENTION-3 BENCHMARK (HEAD_DIM=64)
   Active Kernels: ['3-Part (Standard)', '3-Part (PingPong)']
======================================================================

Start SEQ_LEN=512-HEAD_DIM=64 (1/6)
Finish SEQ_LEN=512-HEAD_DIM=64 -> PyTorch SDPA: 344.40 TFLOPS, 3-Part (Standard): 119.21 TFLOPS, 3-Part (PingPong): 113.66 TFLOPS
  [3-Part (Standard)] best config: {'BLOCK_SIZE_M': 256, 'BLOCK_SIZE_N': 128, 'BLOCK_SIZE_K': 64, 'num_stages': 2, 'SUBTILE_FACTOR': 4}, num_warps=8
  [3-Part (PingPong)] best config: {'BLOCK_SIZE_M': 256, 'BLOCK_SIZE_N': 64, 'BLOCK_SIZE_K': 64, 'num_stages': 4, 'SUBTILE_FACTOR': 2}, num_warps=8
Start SEQ_LEN=1024-HEAD_DIM=64 (2/6)
Finish SEQ_LEN=1024-HEAD_DIM=64 -> PyTorch SDPA: 390.45 TFLOPS, 3-Part (Standard): 187.45 TFLOPS, 3-Part (PingPong): 172.44 TFLOPS
  [3-Part (Standard)] best config: {'BLOCK_SIZE_M': 256, 'BLOCK_SIZE_N': 128, 'BLOCK_SIZE_K': 64, 'num_stages': 2, 'SUBTILE_FACTOR': 1}, num_warps=8
  [3-Part (PingPong)] best config: {'BLOCK_SIZE_M': 256, 'BLOCK_SIZE_N': 64, 'BLOCK_SIZE_K': 64, 'num_stages': 4, 'SUBTILE_FACTOR': 4}, num_warps=16
Start SEQ_LEN=2048-HEAD_DIM=64 (3/6)
Finish SEQ_LEN=2048-HEAD_DIM=64 -> PyTorch SDPA: 418.48 TFLOPS, 3-Part (Standard): 263.24 TFLOPS, 3-Part (PingPong): 235.26 TFLOPS
  [3-Part (Standard)] best config: {'BLOCK_SIZE_M': 256, 'BLOCK_SIZE_N': 128, 'BLOCK_SIZE_K': 64, 'num_stages': 2, 'SUBTILE_FACTOR': 2}, num_warps=8
  [3-Part (PingPong)] best config: {'BLOCK_SIZE_M': 128, 'BLOCK_SIZE_N': 128, 'BLOCK_SIZE_K': 64, 'num_stages': 4, 'SUBTILE_FACTOR': 2}, num_warps=8
Start SEQ_LEN=4096-HEAD_DIM=64 (4/6)
Finish SEQ_LEN=4096-HEAD_DIM=64 -> PyTorch SDPA: 430.92 TFLOPS, 3-Part (Standard): 321.32 TFLOPS, 3-Part (PingPong): 283.99 TFLOPS
  [3-Part (Standard)] best config: {'BLOCK_SIZE_M': 256, 'BLOCK_SIZE_N': 128, 'BLOCK_SIZE_K': 64, 'num_stages': 2, 'SUBTILE_FACTOR': 2}, num_warps=8
  [3-Part (PingPong)] best config: {'BLOCK_SIZE_M': 128, 'BLOCK_SIZE_N': 128, 'BLOCK_SIZE_K': 64, 'num_stages': 4, 'SUBTILE_FACTOR': 2}, num_warps=8
Start SEQ_LEN=8192-HEAD_DIM=64 (5/6)
Finish SEQ_LEN=8192-HEAD_DIM=64 -> PyTorch SDPA: 436.20 TFLOPS, 3-Part (Standard): 362.25 TFLOPS, 3-Part (PingPong): 317.00 TFLOPS
  [3-Part (Standard)] best config: {'BLOCK_SIZE_M': 256, 'BLOCK_SIZE_N': 128, 'BLOCK_SIZE_K': 64, 'num_stages': 4, 'SUBTILE_FACTOR': 2}, num_warps=8
  [3-Part (PingPong)] best config: {'BLOCK_SIZE_M': 128, 'BLOCK_SIZE_N': 128, 'BLOCK_SIZE_K': 64, 'num_stages': 4, 'SUBTILE_FACTOR': 2}, num_warps=8
Start SEQ_LEN=16384-HEAD_DIM=64 (6/6)
Finish SEQ_LEN=16384-HEAD_DIM=64 -> PyTorch SDPA: 439.67 TFLOPS, 3-Part (Standard): 386.28 TFLOPS, 3-Part (PingPong): 335.52 TFLOPS
  [3-Part (Standard)] best config: {'BLOCK_SIZE_M': 256, 'BLOCK_SIZE_N': 128, 'BLOCK_SIZE_K': 64, 'num_stages': 2, 'SUBTILE_FACTOR': 1}, num_warps=8
  [3-Part (PingPong)] best config: {'BLOCK_SIZE_M': 128, 'BLOCK_SIZE_N': 128, 'BLOCK_SIZE_K': 64, 'num_stages': 4, 'SUBTILE_FACTOR': 2}, num_warps=8

======================================================================
                    SUMMARY BENCHMARK RESULTS
======================================================================
 SEQ_LEN  PyTorch SDPA_TFLOPS  3-Part (Standard)_TFLOPS  3-Part (PingPong)_TFLOPS
     512           344.395902                119.207878                113.659523
    1024           390.447054                187.454638                172.435393
    2048           418.476302                263.238049                235.257439
    4096           430.919317                321.321012                283.992741
    8192           436.197626                362.251834                317.000635
   16384           439.671256                386.278308                335.521652

[INFO] Benchmark chart saved successfully to 'Benchmark/FA3_Benchmark_HEAD_DIM_64.png'
INFO:    Setting 'NVIDIA_VISIBLE_DEVICES=all' to emulate legacy GPU binding.
INFO:    Setting --writable-tmpfs (required by nvidia-container-cli)
[INFO] Skipping '4-Part' via CLI flag.

======================================================================
   STARTING FLASHATTENTION-3 BENCHMARK (HEAD_DIM=128)
   Active Kernels: ['3-Part (Standard)', '3-Part (PingPong)']
======================================================================

Start SEQ_LEN=512-HEAD_DIM=128 (1/6)
Finish SEQ_LEN=512-HEAD_DIM=128 -> PyTorch SDPA: 449.64 TFLOPS, 3-Part (Standard): 129.71 TFLOPS, 3-Part (PingPong): 122.74 TFLOPS
  [3-Part (Standard)] best config: {'BLOCK_SIZE_M': 128, 'BLOCK_SIZE_N': 128, 'BLOCK_SIZE_K': 128, 'num_stages': 2, 'SUBTILE_FACTOR': 4}, num_warps=8
  [3-Part (PingPong)] best config: {'BLOCK_SIZE_M': 128, 'BLOCK_SIZE_N': 64, 'BLOCK_SIZE_K': 128, 'num_stages': 4, 'SUBTILE_FACTOR': 4}, num_warps=8
Start SEQ_LEN=1024-HEAD_DIM=128 (2/6)
Finish SEQ_LEN=1024-HEAD_DIM=128 -> PyTorch SDPA: 517.44 TFLOPS, 3-Part (Standard): 213.03 TFLOPS, 3-Part (PingPong): 200.95 TFLOPS
  [3-Part (Standard)] best config: {'BLOCK_SIZE_M': 128, 'BLOCK_SIZE_N': 128, 'BLOCK_SIZE_K': 128, 'num_stages': 2, 'SUBTILE_FACTOR': 2}, num_warps=8
  [3-Part (PingPong)] best config: {'BLOCK_SIZE_M': 128, 'BLOCK_SIZE_N': 128, 'BLOCK_SIZE_K': 128, 'num_stages': 2, 'SUBTILE_FACTOR': 2}, num_warps=8
Start SEQ_LEN=2048-HEAD_DIM=128 (3/6)
Finish SEQ_LEN=2048-HEAD_DIM=128 -> PyTorch SDPA: 557.37 TFLOPS, 3-Part (Standard): 305.10 TFLOPS, 3-Part (PingPong): 281.41 TFLOPS
  [3-Part (Standard)] best config: {'BLOCK_SIZE_M': 128, 'BLOCK_SIZE_N': 128, 'BLOCK_SIZE_K': 128, 'num_stages': 2, 'SUBTILE_FACTOR': 2}, num_warps=8
  [3-Part (PingPong)] best config: {'BLOCK_SIZE_M': 128, 'BLOCK_SIZE_N': 128, 'BLOCK_SIZE_K': 128, 'num_stages': 2, 'SUBTILE_FACTOR': 2}, num_warps=8
Start SEQ_LEN=4096-HEAD_DIM=128 (4/6)
Finish SEQ_LEN=4096-HEAD_DIM=128 -> PyTorch SDPA: 576.34 TFLOPS, 3-Part (Standard): 379.17 TFLOPS, 3-Part (PingPong): 350.45 TFLOPS
  [3-Part (Standard)] best config: {'BLOCK_SIZE_M': 256, 'BLOCK_SIZE_N': 128, 'BLOCK_SIZE_K': 128, 'num_stages': 2, 'SUBTILE_FACTOR': 8}, num_warps=8
  [3-Part (PingPong)] best config: {'BLOCK_SIZE_M': 128, 'BLOCK_SIZE_N': 128, 'BLOCK_SIZE_K': 128, 'num_stages': 2, 'SUBTILE_FACTOR': 2}, num_warps=8
Start SEQ_LEN=8192-HEAD_DIM=128 (5/6)
Finish SEQ_LEN=8192-HEAD_DIM=128 -> PyTorch SDPA: 590.72 TFLOPS, 3-Part (Standard): 443.19 TFLOPS, 3-Part (PingPong): 405.64 TFLOPS
  [3-Part (Standard)] best config: {'BLOCK_SIZE_M': 128, 'BLOCK_SIZE_N': 128, 'BLOCK_SIZE_K': 128, 'num_stages': 2, 'SUBTILE_FACTOR': 2}, num_warps=8
  [3-Part (PingPong)] best config: {'BLOCK_SIZE_M': 128, 'BLOCK_SIZE_N': 128, 'BLOCK_SIZE_K': 128, 'num_stages': 2, 'SUBTILE_FACTOR': 4}, num_warps=8
Start SEQ_LEN=16384-HEAD_DIM=128 (6/6)
Finish SEQ_LEN=16384-HEAD_DIM=128 -> PyTorch SDPA: 594.10 TFLOPS, 3-Part (Standard): 478.69 TFLOPS, 3-Part (PingPong): 436.89 TFLOPS
  [3-Part (Standard)] best config: {'BLOCK_SIZE_M': 128, 'BLOCK_SIZE_N': 128, 'BLOCK_SIZE_K': 128, 'num_stages': 2, 'SUBTILE_FACTOR': 2}, num_warps=8
  [3-Part (PingPong)] best config: {'BLOCK_SIZE_M': 128, 'BLOCK_SIZE_N': 128, 'BLOCK_SIZE_K': 128, 'num_stages': 2, 'SUBTILE_FACTOR': 4}, num_warps=8

======================================================================
                    SUMMARY BENCHMARK RESULTS
======================================================================
 SEQ_LEN  PyTorch SDPA_TFLOPS  3-Part (Standard)_TFLOPS  3-Part (PingPong)_TFLOPS
     512           449.638869                129.706096                122.735728
    1024           517.439815                213.025627                200.954876
    2048           557.370746                305.096983                281.405874
    4096           576.342647                379.165644                350.446268
    8192           590.717667                443.194786                405.639302
   16384           594.100756                478.694062                436.888764

[INFO] Benchmark chart saved successfully to 'Benchmark/FA3_Benchmark_HEAD_DIM_128.png'
INFO:    Setting 'NVIDIA_VISIBLE_DEVICES=all' to emulate legacy GPU binding.
INFO:    Setting --writable-tmpfs (required by nvidia-container-cli)
[INFO] Skipping '4-Part' via CLI flag.

======================================================================
   STARTING FLASHATTENTION-3 BENCHMARK (HEAD_DIM=256)
   Active Kernels: ['3-Part (Standard)', '3-Part (PingPong)']
======================================================================

Start SEQ_LEN=512-HEAD_DIM=256 (1/6)
Finish SEQ_LEN=512-HEAD_DIM=256 -> PyTorch SDPA: 473.56 TFLOPS, 3-Part (Standard): 132.24 TFLOPS, 3-Part (PingPong): 114.04 TFLOPS
  [3-Part (Standard)] best config: {'BLOCK_SIZE_M': 128, 'BLOCK_SIZE_N': 64, 'BLOCK_SIZE_K': 256, 'num_stages': 2, 'SUBTILE_FACTOR': 4}, num_warps=8
  [3-Part (PingPong)] best config: {'BLOCK_SIZE_M': 64, 'BLOCK_SIZE_N': 64, 'BLOCK_SIZE_K': 256, 'num_stages': 2, 'SUBTILE_FACTOR': 1}, num_warps=4
Start SEQ_LEN=1024-HEAD_DIM=256 (2/6)
Finish SEQ_LEN=1024-HEAD_DIM=256 -> PyTorch SDPA: 545.32 TFLOPS, 3-Part (Standard): 221.29 TFLOPS, 3-Part (PingPong): 178.01 TFLOPS
  [3-Part (Standard)] best config: {'BLOCK_SIZE_M': 128, 'BLOCK_SIZE_N': 64, 'BLOCK_SIZE_K': 256, 'num_stages': 2, 'SUBTILE_FACTOR': 4}, num_warps=8
  [3-Part (PingPong)] best config: {'BLOCK_SIZE_M': 64, 'BLOCK_SIZE_N': 64, 'BLOCK_SIZE_K': 256, 'num_stages': 2, 'SUBTILE_FACTOR': 1}, num_warps=4
Start SEQ_LEN=2048-HEAD_DIM=256 (3/6)
Finish SEQ_LEN=2048-HEAD_DIM=256 -> PyTorch SDPA: 591.04 TFLOPS, 3-Part (Standard): 324.55 TFLOPS, 3-Part (PingPong): 252.84 TFLOPS
  [3-Part (Standard)] best config: {'BLOCK_SIZE_M': 128, 'BLOCK_SIZE_N': 64, 'BLOCK_SIZE_K': 256, 'num_stages': 2, 'SUBTILE_FACTOR': 4}, num_warps=8
  [3-Part (PingPong)] best config: {'BLOCK_SIZE_M': 64, 'BLOCK_SIZE_N': 64, 'BLOCK_SIZE_K': 256, 'num_stages': 2, 'SUBTILE_FACTOR': 1}, num_warps=4
Start SEQ_LEN=4096-HEAD_DIM=256 (4/6)
Finish SEQ_LEN=4096-HEAD_DIM=256 -> PyTorch SDPA: 622.36 TFLOPS, 3-Part (Standard): 417.92 TFLOPS, 3-Part (PingPong): 316.81 TFLOPS
  [3-Part (Standard)] best config: {'BLOCK_SIZE_M': 128, 'BLOCK_SIZE_N': 64, 'BLOCK_SIZE_K': 256, 'num_stages': 2, 'SUBTILE_FACTOR': 8}, num_warps=8
  [3-Part (PingPong)] best config: {'BLOCK_SIZE_M': 64, 'BLOCK_SIZE_N': 64, 'BLOCK_SIZE_K': 256, 'num_stages': 2, 'SUBTILE_FACTOR': 1}, num_warps=4
Start SEQ_LEN=8192-HEAD_DIM=256 (5/6)
Finish SEQ_LEN=8192-HEAD_DIM=256 -> PyTorch SDPA: 636.52 TFLOPS, 3-Part (Standard): 489.09 TFLOPS, 3-Part (PingPong): 337.83 TFLOPS
  [3-Part (Standard)] best config: {'BLOCK_SIZE_M': 128, 'BLOCK_SIZE_N': 64, 'BLOCK_SIZE_K': 256, 'num_stages': 2, 'SUBTILE_FACTOR': 4}, num_warps=8
  [3-Part (PingPong)] best config: {'BLOCK_SIZE_M': 64, 'BLOCK_SIZE_N': 64, 'BLOCK_SIZE_K': 256, 'num_stages': 2, 'SUBTILE_FACTOR': 2}, num_warps=4
Start SEQ_LEN=16384-HEAD_DIM=256 (6/6)
Finish SEQ_LEN=16384-HEAD_DIM=256 -> PyTorch SDPA: 641.75 TFLOPS, 3-Part (Standard): 532.81 TFLOPS, 3-Part (PingPong): 327.28 TFLOPS
  [3-Part (Standard)] best config: {'BLOCK_SIZE_M': 128, 'BLOCK_SIZE_N': 64, 'BLOCK_SIZE_K': 256, 'num_stages': 2, 'SUBTILE_FACTOR': 8}, num_warps=8
  [3-Part (PingPong)] best config: {'BLOCK_SIZE_M': 64, 'BLOCK_SIZE_N': 64, 'BLOCK_SIZE_K': 256, 'num_stages': 2, 'SUBTILE_FACTOR': 2}, num_warps=4

======================================================================
                    SUMMARY BENCHMARK RESULTS
======================================================================
 SEQ_LEN  PyTorch SDPA_TFLOPS  3-Part (Standard)_TFLOPS  3-Part (PingPong)_TFLOPS
     512           473.561681                132.236069                114.037084
    1024           545.316552                221.292613                178.007910
    2048           591.041971                324.552690                252.837236
    4096           622.356203                417.924249                316.809803
    8192           636.517877                489.090286                337.831087
   16384           641.750076                532.810373                327.276024

[INFO] Benchmark chart saved successfully to 'Benchmark/FA3_Benchmark_HEAD_DIM_256.png'

scontrol show job 795690
JobId=795690 JobName=FA3_baseline
   UserId=notming(3159615) GroupId=notming(3159615) MCS_label=N/A
   Priority=1281094 Nice=0 Account=rrg-mmehride QOS=normal
   JobState=COMPLETING Reason=None Dependency=(null)
   Requeue=0 Restarts=0 BatchFlag=1 Reboot=0 ExitCode=0:0
   RunTime=00:46:41 TimeLimit=02:00:00 TimeMin=N/A
   SubmitTime=2026-08-17T12:51:20 EligibleTime=2026-08-17T12:51:20
   AccrueTime=2026-08-17T12:51:20
   StartTime=2026-08-17T12:51:30 EndTime=2026-08-17T13:38:11 Deadline=N/A
   SuspendTime=None SecsPreSuspend=0 LastSchedEval=2026-08-17T12:51:30 Scheduler=Main
   Partition=compute AllocNode:Sid=trig-login01:2959961
   ReqNodeList=(null) ExcNodeList=(null)
   NodeList=trig0024
   BatchHost=trig0024
   NumNodes=1 NumCPUs=24 NumTasks=1 CPUs/Task=1 ReqB:S:C:T=0:0:*:*
   ReqTRES=cpu=1,mem=187.50G,node=1,billing=1,gres/gpu=1
   AllocTRES=cpu=24,mem=187.50G,node=1,billing=1,gres/gpu=1
   Socks/Node=* NtasksPerN:B:S:C=0:0:*:* CoreSpec=*
   MinCPUsNode=1 MinMemoryNode=187.50G MinTmpDiskNode=0
   Features=(null) DelayBoot=00:00:00
   OverSubscribe=OK Contiguous=0 Licenses=(null) LicensesAlloc=(null) Network=(null)
   Command=/scratch/notming/attention/sbatch_sh/benchmark_fa3_baseline.sh
   SubmitLine=SBATCH --comment /opt/slurm/bin/sbatch --export=NONE --get-user-env sbatch_sh/benchmark_fa3_baseline.sh --export=NONE --get-user-env sbatch_sh/benchmark_fa3_baseline.sh
   WorkDir=/scratch/notming/attention
   Comment=/opt/slurm/bin/sbatch --export=NONE --get-user-env sbatch_sh/benchmark_fa3_baseline.sh
   StdErr=
   StdIn=/dev/null
   StdOut=/scratch/notming/attention/FA3_baseline_795690.out
   CpusPerTres=gpu:24
   TresPerNode=gres/gpu:1

sacct -j 795690
JobID           JobName    Account    Elapsed  MaxVMSize     MaxRSS  SystemCPU    UserCPU ExitCode 
------------ ---------- ---------- ---------- ---------- ---------- ---------- ---------- -------- 
795690       FA3_basel+ rrg-mmehr+   00:46:41                         00:00:00   00:00:00      0:0 
795690.batch      batch rrg-mmehr+   00:46:41                         00:00:00   00:00:00      0:0 
795690.exte+     extern rrg-mmehr+   00:46:41                         00:00:00   00:00:00      0:0 

