INFO:    Setting 'NVIDIA_VISIBLE_DEVICES=all' to emulate legacy GPU binding.
INFO:    Setting --writable-tmpfs (required by nvidia-container-cli)

======================================================================
   STARTING FLASHATTENTION-3 BENCHMARK (HEAD_DIM=64)
   Active Kernels: ['4-Part (Dense)', '4-Part (Sparse 2:4)']
======================================================================

Start SEQ_LEN=512-HEAD_DIM=64 (1/6)
Finish SEQ_LEN=512-HEAD_DIM=64 -> PyTorch SDPA: 345.31 TFLOPS/ 0.0995 ms, 4-Part (Dense): 364.66 TFLOPS/ 0.0942 ms, 4-Part (Sparse 2:4): 181.98 TFLOPS/ 0.1888 ms
  [4-Part (Dense)] best config: {'BLOCK_SIZE_M': 128, 'BLOCK_SIZE_N': 128, 'BLOCK_SIZE_K': 64, 'num_stages': 5, 'SUBTILE_FACTOR': 1}, num_warps=4
  [4-Part (Sparse 2:4)] best config: {'BLOCK_SIZE_M': 128, 'BLOCK_SIZE_N': 128, 'BLOCK_SIZE_K': 64, 'num_stages': 4, 'SUBTILE_FACTOR': 1}, num_warps=4
Start SEQ_LEN=1024-HEAD_DIM=64 (2/6)
Finish SEQ_LEN=1024-HEAD_DIM=64 -> PyTorch SDPA: 374.19 TFLOPS/ 0.1836 ms, 4-Part (Dense): 380.32 TFLOPS/ 0.1807 ms, 4-Part (Sparse 2:4): 229.66 TFLOPS/ 0.2992 ms
  [4-Part (Dense)] best config: {'BLOCK_SIZE_M': 128, 'BLOCK_SIZE_N': 128, 'BLOCK_SIZE_K': 64, 'num_stages': 3, 'SUBTILE_FACTOR': 1}, num_warps=4
  [4-Part (Sparse 2:4)] best config: {'BLOCK_SIZE_M': 128, 'BLOCK_SIZE_N': 128, 'BLOCK_SIZE_K': 64, 'num_stages': 3, 'SUBTILE_FACTOR': 1}, num_warps=4
Start SEQ_LEN=2048-HEAD_DIM=64 (3/6)
Finish SEQ_LEN=2048-HEAD_DIM=64 -> PyTorch SDPA: 400.54 TFLOPS/ 0.3431 ms, 4-Part (Dense): 387.17 TFLOPS/ 0.3550 ms, 4-Part (Sparse 2:4): 263.94 TFLOPS/ 0.5207 ms
  [4-Part (Dense)] best config: {'BLOCK_SIZE_M': 128, 'BLOCK_SIZE_N': 128, 'BLOCK_SIZE_K': 64, 'num_stages': 4, 'SUBTILE_FACTOR': 1}, num_warps=4
  [4-Part (Sparse 2:4)] best config: {'BLOCK_SIZE_M': 128, 'BLOCK_SIZE_N': 128, 'BLOCK_SIZE_K': 64, 'num_stages': 3, 'SUBTILE_FACTOR': 1}, num_warps=4
Start SEQ_LEN=4096-HEAD_DIM=64 (4/6)
Finish SEQ_LEN=4096-HEAD_DIM=64 -> PyTorch SDPA: 411.80 TFLOPS/ 0.6675 ms, 4-Part (Dense): 393.63 TFLOPS/ 0.6983 ms, 4-Part (Sparse 2:4): 283.50 TFLOPS/ 0.9696 ms
  [4-Part (Dense)] best config: {'BLOCK_SIZE_M': 128, 'BLOCK_SIZE_N': 128, 'BLOCK_SIZE_K': 64, 'num_stages': 4, 'SUBTILE_FACTOR': 1}, num_warps=4
  [4-Part (Sparse 2:4)] best config: {'BLOCK_SIZE_M': 128, 'BLOCK_SIZE_N': 128, 'BLOCK_SIZE_K': 64, 'num_stages': 4, 'SUBTILE_FACTOR': 1}, num_warps=4
Start SEQ_LEN=8192-HEAD_DIM=64 (5/6)
Finish SEQ_LEN=8192-HEAD_DIM=64 -> PyTorch SDPA: 417.61 TFLOPS/ 1.3164 ms, 4-Part (Dense): 399.36 TFLOPS/ 1.3766 ms, 4-Part (Sparse 2:4): 294.20 TFLOPS/ 1.8686 ms
  [4-Part (Dense)] best config: {'BLOCK_SIZE_M': 128, 'BLOCK_SIZE_N': 128, 'BLOCK_SIZE_K': 64, 'num_stages': 4, 'SUBTILE_FACTOR': 1}, num_warps=4
  [4-Part (Sparse 2:4)] best config: {'BLOCK_SIZE_M': 128, 'BLOCK_SIZE_N': 128, 'BLOCK_SIZE_K': 64, 'num_stages': 3, 'SUBTILE_FACTOR': 1}, num_warps=4
Start SEQ_LEN=16384-HEAD_DIM=64 (6/6)
Finish SEQ_LEN=16384-HEAD_DIM=64 -> PyTorch SDPA: 421.83 TFLOPS/ 2.6066 ms, 4-Part (Dense): 400.64 TFLOPS/ 2.7444 ms, 4-Part (Sparse 2:4): 299.07 TFLOPS/ 3.6765 ms
  [4-Part (Dense)] best config: {'BLOCK_SIZE_M': 128, 'BLOCK_SIZE_N': 128, 'BLOCK_SIZE_K': 64, 'num_stages': 2, 'SUBTILE_FACTOR': 1}, num_warps=4
  [4-Part (Sparse 2:4)] best config: {'BLOCK_SIZE_M': 128, 'BLOCK_SIZE_N': 128, 'BLOCK_SIZE_K': 64, 'num_stages': 3, 'SUBTILE_FACTOR': 1}, num_warps=4

======================================================================
             BENCHMARK RESULTS TABLE (HEAD_DIM=64)
======================================================================
 SEQ_LEN  PyTorch SDPA_TFLOPS  4-Part (Dense)_TFLOPS  4-Part (Sparse 2:4)_TFLOPS
     512           345.307798             364.658462                  181.981180
    1024           374.192634             380.322577                  229.660295
    2048           400.542300             387.165278                  263.941011
    4096           411.797232             393.627971                  283.499522
    8192           417.605247             399.362744                  294.202339
   16384           421.825211             400.638996                  299.066913
======================================================================


[INFO] Benchmark chart saved successfully to '/home/notming/links/scratch/attention/results/plots/FA3_Benchmark_sparse_HEAD_DIM_64.png'

======================================================================
   STARTING FLASHATTENTION-3 BENCHMARK (HEAD_DIM=128)
   Active Kernels: ['4-Part (Dense)', '4-Part (Sparse 2:4)']
======================================================================

Start SEQ_LEN=512-HEAD_DIM=128 (1/6)
Finish SEQ_LEN=512-HEAD_DIM=128 -> PyTorch SDPA: 430.41 TFLOPS/ 0.1597 ms, 4-Part (Dense): 462.63 TFLOPS/ 0.1485 ms, 4-Part (Sparse 2:4): 289.09 TFLOPS/ 0.2377 ms
  [4-Part (Dense)] best config: {'BLOCK_SIZE_M': 128, 'BLOCK_SIZE_N': 128, 'BLOCK_SIZE_K': 128, 'num_stages': 2, 'SUBTILE_FACTOR': 1}, num_warps=4
  [4-Part (Sparse 2:4)] best config: {'BLOCK_SIZE_M': 128, 'BLOCK_SIZE_N': 128, 'BLOCK_SIZE_K': 128, 'num_stages': 2, 'SUBTILE_FACTOR': 1}, num_warps=4
Start SEQ_LEN=1024-HEAD_DIM=128 (2/6)
Finish SEQ_LEN=1024-HEAD_DIM=128 -> PyTorch SDPA: 493.13 TFLOPS/ 0.2787 ms, 4-Part (Dense): 519.68 TFLOPS/ 0.2645 ms, 4-Part (Sparse 2:4): 371.93 TFLOPS/ 0.3695 ms
  [4-Part (Dense)] best config: {'BLOCK_SIZE_M': 128, 'BLOCK_SIZE_N': 128, 'BLOCK_SIZE_K': 128, 'num_stages': 2, 'SUBTILE_FACTOR': 1}, num_warps=4
  [4-Part (Sparse 2:4)] best config: {'BLOCK_SIZE_M': 128, 'BLOCK_SIZE_N': 128, 'BLOCK_SIZE_K': 128, 'num_stages': 2, 'SUBTILE_FACTOR': 1}, num_warps=4
Start SEQ_LEN=2048-HEAD_DIM=128 (3/6)
Finish SEQ_LEN=2048-HEAD_DIM=128 -> PyTorch SDPA: 533.09 TFLOPS/ 0.5156 ms, 4-Part (Dense): 554.49 TFLOPS/ 0.4957 ms, 4-Part (Sparse 2:4): 429.50 TFLOPS/ 0.6400 ms
  [4-Part (Dense)] best config: {'BLOCK_SIZE_M': 128, 'BLOCK_SIZE_N': 128, 'BLOCK_SIZE_K': 128, 'num_stages': 2, 'SUBTILE_FACTOR': 1}, num_warps=4
  [4-Part (Sparse 2:4)] best config: {'BLOCK_SIZE_M': 128, 'BLOCK_SIZE_N': 128, 'BLOCK_SIZE_K': 128, 'num_stages': 2, 'SUBTILE_FACTOR': 1}, num_warps=4
Start SEQ_LEN=4096-HEAD_DIM=128 (4/6)
Finish SEQ_LEN=4096-HEAD_DIM=128 -> PyTorch SDPA: 543.24 TFLOPS/ 1.0120 ms, 4-Part (Dense): 567.08 TFLOPS/ 0.9695 ms, 4-Part (Sparse 2:4): 458.28 TFLOPS/ 1.1996 ms
  [4-Part (Dense)] best config: {'BLOCK_SIZE_M': 128, 'BLOCK_SIZE_N': 128, 'BLOCK_SIZE_K': 128, 'num_stages': 2, 'SUBTILE_FACTOR': 4}, num_warps=4
  [4-Part (Sparse 2:4)] best config: {'BLOCK_SIZE_M': 128, 'BLOCK_SIZE_N': 128, 'BLOCK_SIZE_K': 128, 'num_stages': 2, 'SUBTILE_FACTOR': 1}, num_warps=4
Start SEQ_LEN=8192-HEAD_DIM=128 (5/6)
Finish SEQ_LEN=8192-HEAD_DIM=128 -> PyTorch SDPA: 565.35 TFLOPS/ 1.9448 ms, 4-Part (Dense): 570.32 TFLOPS/ 1.9279 ms, 4-Part (Sparse 2:4): 478.70 TFLOPS/ 2.2969 ms
  [4-Part (Dense)] best config: {'BLOCK_SIZE_M': 128, 'BLOCK_SIZE_N': 128, 'BLOCK_SIZE_K': 128, 'num_stages': 2, 'SUBTILE_FACTOR': 4}, num_warps=4
  [4-Part (Sparse 2:4)] best config: {'BLOCK_SIZE_M': 128, 'BLOCK_SIZE_N': 128, 'BLOCK_SIZE_K': 128, 'num_stages': 2, 'SUBTILE_FACTOR': 1}, num_warps=4
Start SEQ_LEN=16384-HEAD_DIM=128 (6/6)
Finish SEQ_LEN=16384-HEAD_DIM=128 -> PyTorch SDPA: 568.80 TFLOPS/ 3.8661 ms, 4-Part (Dense): 598.33 TFLOPS/ 3.6753 ms, 4-Part (Sparse 2:4): 491.66 TFLOPS/ 4.4726 ms
  [4-Part (Dense)] best config: {'BLOCK_SIZE_M': 128, 'BLOCK_SIZE_N': 128, 'BLOCK_SIZE_K': 128, 'num_stages': 2, 'SUBTILE_FACTOR': 4}, num_warps=4
  [4-Part (Sparse 2:4)] best config: {'BLOCK_SIZE_M': 128, 'BLOCK_SIZE_N': 128, 'BLOCK_SIZE_K': 128, 'num_stages': 2, 'SUBTILE_FACTOR': 4}, num_warps=4

======================================================================
             BENCHMARK RESULTS TABLE (HEAD_DIM=128)
======================================================================
 SEQ_LEN  PyTorch SDPA_TFLOPS  4-Part (Dense)_TFLOPS  4-Part (Sparse 2:4)_TFLOPS
     512           430.407639             462.632053                  289.090268
    1024           493.129124             519.679903                  371.932631
    2048           533.094692             554.494825                  429.501738
    4096           543.239001             567.079943                  458.278198
    8192           565.347442             570.320765                  478.702736
   16384           568.799036             598.327362                  491.664123
======================================================================


[INFO] Benchmark chart saved successfully to '/home/notming/links/scratch/attention/results/plots/FA3_Benchmark_sparse_HEAD_DIM_128.png'

======================================================================
   STARTING FLASHATTENTION-3 BENCHMARK (HEAD_DIM=256)
   Active Kernels: ['4-Part (Dense)', '4-Part (Sparse 2:4)']
======================================================================

Start SEQ_LEN=512-HEAD_DIM=256 (1/6)
Finish SEQ_LEN=512-HEAD_DIM=256 -> PyTorch SDPA: 452.93 TFLOPS/ 0.3034 ms, 4-Part (Dense): 486.42 TFLOPS/ 0.2826 ms, 4-Part (Sparse 2:4): 384.81 TFLOPS/ 0.3572 ms
  [4-Part (Dense)] best config: {'BLOCK_SIZE_M': 128, 'BLOCK_SIZE_N': 64, 'BLOCK_SIZE_K': 256, 'num_stages': 2, 'SUBTILE_FACTOR': 4}, num_warps=4
  [4-Part (Sparse 2:4)] best config: {'BLOCK_SIZE_M': 128, 'BLOCK_SIZE_N': 64, 'BLOCK_SIZE_K': 256, 'num_stages': 2, 'SUBTILE_FACTOR': 4}, num_warps=4
Start SEQ_LEN=1024-HEAD_DIM=256 (2/6)
Finish SEQ_LEN=1024-HEAD_DIM=256 -> PyTorch SDPA: 522.28 TFLOPS/ 0.5263 ms, 4-Part (Dense): 530.72 TFLOPS/ 0.5179 ms, 4-Part (Sparse 2:4): 468.20 TFLOPS/ 0.5871 ms
  [4-Part (Dense)] best config: {'BLOCK_SIZE_M': 128, 'BLOCK_SIZE_N': 64, 'BLOCK_SIZE_K': 256, 'num_stages': 2, 'SUBTILE_FACTOR': 4}, num_warps=4
  [4-Part (Sparse 2:4)] best config: {'BLOCK_SIZE_M': 128, 'BLOCK_SIZE_N': 64, 'BLOCK_SIZE_K': 256, 'num_stages': 2, 'SUBTILE_FACTOR': 8}, num_warps=4
Start SEQ_LEN=2048-HEAD_DIM=256 (3/6)
Finish SEQ_LEN=2048-HEAD_DIM=256 -> PyTorch SDPA: 558.32 TFLOPS/ 0.9847 ms, 4-Part (Dense): 574.40 TFLOPS/ 0.9571 ms, 4-Part (Sparse 2:4): 545.64 TFLOPS/ 1.0075 ms
  [4-Part (Dense)] best config: {'BLOCK_SIZE_M': 128, 'BLOCK_SIZE_N': 64, 'BLOCK_SIZE_K': 256, 'num_stages': 2, 'SUBTILE_FACTOR': 8}, num_warps=4
  [4-Part (Sparse 2:4)] best config: {'BLOCK_SIZE_M': 128, 'BLOCK_SIZE_N': 64, 'BLOCK_SIZE_K': 256, 'num_stages': 2, 'SUBTILE_FACTOR': 8}, num_warps=4
Start SEQ_LEN=4096-HEAD_DIM=256 (4/6)
Finish SEQ_LEN=4096-HEAD_DIM=256 -> PyTorch SDPA: 595.14 TFLOPS/ 1.8475 ms, 4-Part (Dense): 598.50 TFLOPS/ 1.8371 ms, 4-Part (Sparse 2:4): 584.57 TFLOPS/ 1.8809 ms
  [4-Part (Dense)] best config: {'BLOCK_SIZE_M': 128, 'BLOCK_SIZE_N': 64, 'BLOCK_SIZE_K': 256, 'num_stages': 2, 'SUBTILE_FACTOR': 8}, num_warps=4
  [4-Part (Sparse 2:4)] best config: {'BLOCK_SIZE_M': 128, 'BLOCK_SIZE_N': 64, 'BLOCK_SIZE_K': 256, 'num_stages': 2, 'SUBTILE_FACTOR': 8}, num_warps=4
Start SEQ_LEN=8192-HEAD_DIM=256 (5/6)
Finish SEQ_LEN=8192-HEAD_DIM=256 -> PyTorch SDPA: 608.80 TFLOPS/ 3.6120 ms, 4-Part (Dense): 629.10 TFLOPS/ 3.4955 ms, 4-Part (Sparse 2:4): 606.40 TFLOPS/ 3.6263 ms
  [4-Part (Dense)] best config: {'BLOCK_SIZE_M': 128, 'BLOCK_SIZE_N': 64, 'BLOCK_SIZE_K': 256, 'num_stages': 2, 'SUBTILE_FACTOR': 8}, num_warps=4
  [4-Part (Sparse 2:4)] best config: {'BLOCK_SIZE_M': 128, 'BLOCK_SIZE_N': 64, 'BLOCK_SIZE_K': 256, 'num_stages': 2, 'SUBTILE_FACTOR': 8}, num_warps=4
Start SEQ_LEN=16384-HEAD_DIM=256 (6/6)
Finish SEQ_LEN=16384-HEAD_DIM=256 -> PyTorch SDPA: 613.32 TFLOPS/ 7.1709 ms, 4-Part (Dense): 621.49 TFLOPS/ 7.0767 ms, 4-Part (Sparse 2:4): 625.29 TFLOPS/ 7.0336 ms
  [4-Part (Dense)] best config: {'BLOCK_SIZE_M': 128, 'BLOCK_SIZE_N': 64, 'BLOCK_SIZE_K': 256, 'num_stages': 2, 'SUBTILE_FACTOR': 8}, num_warps=4
  [4-Part (Sparse 2:4)] best config: {'BLOCK_SIZE_M': 128, 'BLOCK_SIZE_N': 64, 'BLOCK_SIZE_K': 256, 'num_stages': 2, 'SUBTILE_FACTOR': 8}, num_warps=4

======================================================================
             BENCHMARK RESULTS TABLE (HEAD_DIM=256)
======================================================================
 SEQ_LEN  PyTorch SDPA_TFLOPS  4-Part (Dense)_TFLOPS  4-Part (Sparse 2:4)_TFLOPS
     512           452.928477             486.416186                  384.810496
    1024           522.275183             530.720224                  468.198884
    2048           558.317618             574.395731                  545.638439
    4096           595.140880             598.499241                  584.574313
    8192           608.802696             629.101520                  606.404057
   16384           613.316889             621.486457                  625.287974
======================================================================


[INFO] Benchmark chart saved successfully to '/home/notming/links/scratch/attention/results/plots/FA3_Benchmark_sparse_HEAD_DIM_256.png'

scontrol show job 900853
JobId=900853 JobName=FA3_baseline
   UserId=notming(3159615) GroupId=notming(3159615) MCS_label=N/A
   Priority=1492941 Nice=0 Account=rrg-mmehride QOS=normal
   JobState=COMPLETING Reason=None Dependency=(null)
   Requeue=0 Restarts=0 BatchFlag=1 Reboot=0 ExitCode=0:0
   RunTime=00:15:30 TimeLimit=02:00:00 TimeMin=N/A
   SubmitTime=2026-09-08T01:36:31 EligibleTime=2026-09-08T01:36:31
   AccrueTime=2026-09-08T01:36:31
   StartTime=2026-09-08T01:36:31 EndTime=2026-09-08T01:52:01 Deadline=N/A
   SuspendTime=None SecsPreSuspend=0 LastSchedEval=2026-09-08T01:36:31 Scheduler=Main
   Partition=compute AllocNode:Sid=trig-login01:155214
   ReqNodeList=(null) ExcNodeList=(null)
   NodeList=trig0019
   BatchHost=trig0019
   NumNodes=1 NumCPUs=24 NumTasks=1 CPUs/Task=1 ReqB:S:C:T=0:0:*:*
   ReqTRES=cpu=1,mem=187.50G,node=1,billing=1,gres/gpu=1
   AllocTRES=cpu=24,mem=187.50G,node=1,billing=1,gres/gpu=1
   Socks/Node=* NtasksPerN:B:S:C=0:0:*:* CoreSpec=*
   MinCPUsNode=1 MinMemoryNode=187.50G MinTmpDiskNode=0
   Features=(null) DelayBoot=00:00:00
   OverSubscribe=OK Contiguous=0 Licenses=(null) LicensesAlloc=(null) Network=(null)
   Command=/scratch/notming/attention/sbatch_sh/benchmark_fa3_sparse.sh
   SubmitLine=SBATCH --comment /opt/slurm/bin/sbatch --export=NONE --get-user-env sbatch_sh/benchmark_fa3_sparse.sh --export=NONE --get-user-env sbatch_sh/benchmark_fa3_sparse.sh
   WorkDir=/scratch/notming/attention
   Comment=/opt/slurm/bin/sbatch --export=NONE --get-user-env sbatch_sh/benchmark_fa3_sparse.sh
   StdErr=
   StdIn=/dev/null
   StdOut=/scratch/notming/attention/FA3_baseline_900853.out
   CpusPerTres=gpu:24
   TresPerNode=gres/gpu:1

sacct -j 900853
JobID           JobName    Account    Elapsed  MaxVMSize     MaxRSS  SystemCPU    UserCPU ExitCode 
------------ ---------- ---------- ---------- ---------- ---------- ---------- ---------- -------- 
900853       FA3_basel+ rrg-mmehr+   00:15:30                         00:00:00   00:00:00      0:0 
900853.batch      batch rrg-mmehr+   00:15:30                         00:00:00   00:00:00      0:0 
900853.exte+     extern rrg-mmehr+   00:15:30                         00:00:00   00:00:00      0:0 

