INFO:    Setting 'NVIDIA_VISIBLE_DEVICES=all' to emulate legacy GPU binding.
INFO:    Setting --writable-tmpfs (required by nvidia-container-cli)

======================================================================
   STARTING FLASHATTENTION-3 BENCHMARK (HEAD_DIM=64)
======================================================================

start SEQ_LEN=512-HEAD_DIM=64 (1/6)
finish SEQ_LEN=512-HEAD_DIM=64 -> SDPA: 342.29 TFLOPS, 3-Part: 115.63 TFLOPS, 4-Part: 113.53 TFLOPS
  3-Part best config: {'BLOCK_SIZE_M': 256, 'BLOCK_SIZE_N': 128, 'BLOCK_SIZE_K': 64, 'num_stages': 2, 'SUBTILE_FACTOR': 4}, num_warps=8
  4-Part best config: {'BLOCK_SIZE_M': 128, 'BLOCK_SIZE_N': 64, 'BLOCK_SIZE_K': 64, 'num_stages': 4, 'SUBTILE_FACTOR': 1}, num_warps=8
start SEQ_LEN=1024-HEAD_DIM=64 (2/6)
finish SEQ_LEN=1024-HEAD_DIM=64 -> SDPA: 388.01 TFLOPS, 3-Part: 179.44 TFLOPS, 4-Part: 179.17 TFLOPS
  3-Part best config: {'BLOCK_SIZE_M': 256, 'BLOCK_SIZE_N': 128, 'BLOCK_SIZE_K': 64, 'num_stages': 2, 'SUBTILE_FACTOR': 4}, num_warps=8
  4-Part best config: {'BLOCK_SIZE_M': 64, 'BLOCK_SIZE_N': 128, 'BLOCK_SIZE_K': 64, 'num_stages': 6, 'SUBTILE_FACTOR': 4}, num_warps=4
start SEQ_LEN=2048-HEAD_DIM=64 (3/6)
finish SEQ_LEN=2048-HEAD_DIM=64 -> SDPA: 415.93 TFLOPS, 3-Part: 246.05 TFLOPS, 4-Part: 245.26 TFLOPS
  3-Part best config: {'BLOCK_SIZE_M': 256, 'BLOCK_SIZE_N': 128, 'BLOCK_SIZE_K': 64, 'num_stages': 2, 'SUBTILE_FACTOR': 4}, num_warps=8
  4-Part best config: {'BLOCK_SIZE_M': 64, 'BLOCK_SIZE_N': 128, 'BLOCK_SIZE_K': 64, 'num_stages': 6, 'SUBTILE_FACTOR': 4}, num_warps=4
start SEQ_LEN=4096-HEAD_DIM=64 (4/6)
finish SEQ_LEN=4096-HEAD_DIM=64 -> SDPA: 428.81 TFLOPS, 3-Part: 298.79 TFLOPS, 4-Part: 298.34 TFLOPS
  3-Part best config: {'BLOCK_SIZE_M': 256, 'BLOCK_SIZE_N': 128, 'BLOCK_SIZE_K': 64, 'num_stages': 2, 'SUBTILE_FACTOR': 4}, num_warps=8
  4-Part best config: {'BLOCK_SIZE_M': 64, 'BLOCK_SIZE_N': 128, 'BLOCK_SIZE_K': 64, 'num_stages': 6, 'SUBTILE_FACTOR': 4}, num_warps=4
start SEQ_LEN=8192-HEAD_DIM=64 (5/6)
finish SEQ_LEN=8192-HEAD_DIM=64 -> SDPA: 433.81 TFLOPS, 3-Part: 332.74 TFLOPS, 4-Part: 332.02 TFLOPS
  3-Part best config: {'BLOCK_SIZE_M': 256, 'BLOCK_SIZE_N': 128, 'BLOCK_SIZE_K': 64, 'num_stages': 2, 'SUBTILE_FACTOR': 4}, num_warps=8
  4-Part best config: {'BLOCK_SIZE_M': 64, 'BLOCK_SIZE_N': 128, 'BLOCK_SIZE_K': 64, 'num_stages': 6, 'SUBTILE_FACTOR': 4}, num_warps=4
start SEQ_LEN=16384-HEAD_DIM=64 (6/6)
finish SEQ_LEN=16384-HEAD_DIM=64 -> SDPA: 437.07 TFLOPS, 3-Part: 353.72 TFLOPS, 4-Part: 351.31 TFLOPS
  3-Part best config: {'BLOCK_SIZE_M': 256, 'BLOCK_SIZE_N': 128, 'BLOCK_SIZE_K': 64, 'num_stages': 2, 'SUBTILE_FACTOR': 4}, num_warps=8
  4-Part best config: {'BLOCK_SIZE_M': 64, 'BLOCK_SIZE_N': 128, 'BLOCK_SIZE_K': 64, 'num_stages': 6, 'SUBTILE_FACTOR': 4}, num_warps=4

======================================================================
                    SUMMARY BENCHMARK RESULTS
======================================================================
 SEQ_LEN  PyTorch_SDPA_TFLOPS  Triton_3Part_TFLOPS  Triton_4Part_TFLOPS
     512           342.290850           115.631189           113.531632
    1024           388.013321           179.442612           179.174338
    2048           415.931603           246.045315           245.257660
    4096           428.810409           298.789705           298.342413
    8192           433.808995           332.739659           332.022770
   16384           437.069622           353.721710           351.310350

[INFO] Benchmark chart saved successfully to 'Benchmark/FA3_Benchmark_HEAD_DIM_64.png'
INFO:    Setting 'NVIDIA_VISIBLE_DEVICES=all' to emulate legacy GPU binding.
INFO:    Setting --writable-tmpfs (required by nvidia-container-cli)

======================================================================
   STARTING FLASHATTENTION-3 BENCHMARK (HEAD_DIM=128)
======================================================================

start SEQ_LEN=512-HEAD_DIM=128 (1/6)
finish SEQ_LEN=512-HEAD_DIM=128 -> SDPA: 446.40 TFLOPS, 3-Part: 127.67 TFLOPS, 4-Part: 124.58 TFLOPS
  3-Part best config: {'BLOCK_SIZE_M': 128, 'BLOCK_SIZE_N': 128, 'BLOCK_SIZE_K': 128, 'num_stages': 2, 'SUBTILE_FACTOR': 4}, num_warps=8
  4-Part best config: {'BLOCK_SIZE_M': 64, 'BLOCK_SIZE_N': 64, 'BLOCK_SIZE_K': 128, 'num_stages': 4, 'SUBTILE_FACTOR': 4}, num_warps=4
start SEQ_LEN=1024-HEAD_DIM=128 (2/6)
finish SEQ_LEN=1024-HEAD_DIM=128 -> SDPA: 515.55 TFLOPS, 3-Part: 207.20 TFLOPS, 4-Part: 198.71 TFLOPS
  3-Part best config: {'BLOCK_SIZE_M': 128, 'BLOCK_SIZE_N': 128, 'BLOCK_SIZE_K': 128, 'num_stages': 2, 'SUBTILE_FACTOR': 2}, num_warps=8
  4-Part best config: {'BLOCK_SIZE_M': 64, 'BLOCK_SIZE_N': 64, 'BLOCK_SIZE_K': 128, 'num_stages': 4, 'SUBTILE_FACTOR': 4}, num_warps=4
start SEQ_LEN=2048-HEAD_DIM=128 (3/6)
finish SEQ_LEN=2048-HEAD_DIM=128 -> SDPA: 556.41 TFLOPS, 3-Part: 293.40 TFLOPS, 4-Part: 278.51 TFLOPS
  3-Part best config: {'BLOCK_SIZE_M': 128, 'BLOCK_SIZE_N': 128, 'BLOCK_SIZE_K': 128, 'num_stages': 2, 'SUBTILE_FACTOR': 1}, num_warps=8
  4-Part best config: {'BLOCK_SIZE_M': 64, 'BLOCK_SIZE_N': 64, 'BLOCK_SIZE_K': 128, 'num_stages': 4, 'SUBTILE_FACTOR': 8}, num_warps=4
start SEQ_LEN=4096-HEAD_DIM=128 (4/6)
finish SEQ_LEN=4096-HEAD_DIM=128 -> SDPA: 571.15 TFLOPS, 3-Part: 369.12 TFLOPS, 4-Part: 343.69 TFLOPS
  3-Part best config: {'BLOCK_SIZE_M': 256, 'BLOCK_SIZE_N': 128, 'BLOCK_SIZE_K': 128, 'num_stages': 2, 'SUBTILE_FACTOR': 4}, num_warps=8
  4-Part best config: {'BLOCK_SIZE_M': 64, 'BLOCK_SIZE_N': 64, 'BLOCK_SIZE_K': 128, 'num_stages': 4, 'SUBTILE_FACTOR': 8}, num_warps=4
start SEQ_LEN=8192-HEAD_DIM=128 (5/6)
finish SEQ_LEN=8192-HEAD_DIM=128 -> SDPA: 589.05 TFLOPS, 3-Part: 422.65 TFLOPS, 4-Part: 388.69 TFLOPS
  3-Part best config: {'BLOCK_SIZE_M': 256, 'BLOCK_SIZE_N': 128, 'BLOCK_SIZE_K': 128, 'num_stages': 2, 'SUBTILE_FACTOR': 4}, num_warps=8
  4-Part best config: {'BLOCK_SIZE_M': 64, 'BLOCK_SIZE_N': 64, 'BLOCK_SIZE_K': 128, 'num_stages': 4, 'SUBTILE_FACTOR': 2}, num_warps=4
start SEQ_LEN=16384-HEAD_DIM=128 (6/6)
finish SEQ_LEN=16384-HEAD_DIM=128 -> SDPA: 592.86 TFLOPS, 3-Part: 455.81 TFLOPS, 4-Part: 417.13 TFLOPS
  3-Part best config: {'BLOCK_SIZE_M': 256, 'BLOCK_SIZE_N': 128, 'BLOCK_SIZE_K': 128, 'num_stages': 2, 'SUBTILE_FACTOR': 4}, num_warps=8
  4-Part best config: {'BLOCK_SIZE_M': 64, 'BLOCK_SIZE_N': 64, 'BLOCK_SIZE_K': 128, 'num_stages': 4, 'SUBTILE_FACTOR': 8}, num_warps=4

======================================================================
                    SUMMARY BENCHMARK RESULTS
======================================================================
 SEQ_LEN  PyTorch_SDPA_TFLOPS  Triton_3Part_TFLOPS  Triton_4Part_TFLOPS
     512           446.404411           127.671033           124.575068
    1024           515.546883           207.201786           198.710318
    2048           556.411601           293.395115           278.511158
    4096           571.152882           369.116150           343.689681
    8192           589.048094           422.646980           388.689774
   16384           592.863054           455.810311           417.128153

[INFO] Benchmark chart saved successfully to 'Benchmark/FA3_Benchmark_HEAD_DIM_128.png'
INFO:    Setting 'NVIDIA_VISIBLE_DEVICES=all' to emulate legacy GPU binding.
INFO:    Setting --writable-tmpfs (required by nvidia-container-cli)

======================================================================
   STARTING FLASHATTENTION-3 BENCHMARK (HEAD_DIM=256)
======================================================================

start SEQ_LEN=512-HEAD_DIM=256 (1/6)
finish SEQ_LEN=512-HEAD_DIM=256 -> SDPA: 470.35 TFLOPS, 3-Part: 130.39 TFLOPS, 4-Part: 102.03 TFLOPS
  3-Part best config: {'BLOCK_SIZE_M': 128, 'BLOCK_SIZE_N': 64, 'BLOCK_SIZE_K': 256, 'num_stages': 2, 'SUBTILE_FACTOR': 8}, num_warps=8
  4-Part best config: {'BLOCK_SIZE_M': 64, 'BLOCK_SIZE_N': 64, 'BLOCK_SIZE_K': 256, 'num_stages': 2, 'SUBTILE_FACTOR': 2}, num_warps=4
start SEQ_LEN=1024-HEAD_DIM=256 (2/6)
finish SEQ_LEN=1024-HEAD_DIM=256 -> SDPA: 546.07 TFLOPS, 3-Part: 216.72 TFLOPS, 4-Part: 151.92 TFLOPS
  3-Part best config: {'BLOCK_SIZE_M': 128, 'BLOCK_SIZE_N': 64, 'BLOCK_SIZE_K': 256, 'num_stages': 2, 'SUBTILE_FACTOR': 4}, num_warps=8
  4-Part best config: {'BLOCK_SIZE_M': 64, 'BLOCK_SIZE_N': 64, 'BLOCK_SIZE_K': 256, 'num_stages': 2, 'SUBTILE_FACTOR': 2}, num_warps=4
start SEQ_LEN=2048-HEAD_DIM=256 (3/6)
finish SEQ_LEN=2048-HEAD_DIM=256 -> SDPA: 590.21 TFLOPS, 3-Part: 313.64 TFLOPS, 4-Part: 199.28 TFLOPS
  3-Part best config: {'BLOCK_SIZE_M': 128, 'BLOCK_SIZE_N': 64, 'BLOCK_SIZE_K': 256, 'num_stages': 2, 'SUBTILE_FACTOR': 8}, num_warps=8
  4-Part best config: {'BLOCK_SIZE_M': 64, 'BLOCK_SIZE_N': 64, 'BLOCK_SIZE_K': 256, 'num_stages': 2, 'SUBTILE_FACTOR': 2}, num_warps=4
start SEQ_LEN=4096-HEAD_DIM=256 (4/6)
finish SEQ_LEN=4096-HEAD_DIM=256 -> SDPA: 620.68 TFLOPS, 3-Part: 400.62 TFLOPS, 4-Part: 234.96 TFLOPS
  3-Part best config: {'BLOCK_SIZE_M': 128, 'BLOCK_SIZE_N': 64, 'BLOCK_SIZE_K': 256, 'num_stages': 2, 'SUBTILE_FACTOR': 4}, num_warps=8
  4-Part best config: {'BLOCK_SIZE_M': 64, 'BLOCK_SIZE_N': 64, 'BLOCK_SIZE_K': 256, 'num_stages': 2, 'SUBTILE_FACTOR': 2}, num_warps=4
start SEQ_LEN=8192-HEAD_DIM=256 (5/6)
finish SEQ_LEN=8192-HEAD_DIM=256 -> SDPA: 635.11 TFLOPS, 3-Part: 464.43 TFLOPS, 4-Part: 258.52 TFLOPS
  3-Part best config: {'BLOCK_SIZE_M': 128, 'BLOCK_SIZE_N': 64, 'BLOCK_SIZE_K': 256, 'num_stages': 2, 'SUBTILE_FACTOR': 4}, num_warps=8
  4-Part best config: {'BLOCK_SIZE_M': 64, 'BLOCK_SIZE_N': 64, 'BLOCK_SIZE_K': 256, 'num_stages': 2, 'SUBTILE_FACTOR': 2}, num_warps=4
start SEQ_LEN=16384-HEAD_DIM=256 (6/6)
finish SEQ_LEN=16384-HEAD_DIM=256 -> SDPA: 639.67 TFLOPS, 3-Part: 507.15 TFLOPS, 4-Part: 271.49 TFLOPS
  3-Part best config: {'BLOCK_SIZE_M': 128, 'BLOCK_SIZE_N': 64, 'BLOCK_SIZE_K': 256, 'num_stages': 2, 'SUBTILE_FACTOR': 8}, num_warps=8
  4-Part best config: {'BLOCK_SIZE_M': 64, 'BLOCK_SIZE_N': 64, 'BLOCK_SIZE_K': 256, 'num_stages': 2, 'SUBTILE_FACTOR': 2}, num_warps=4

======================================================================
                    SUMMARY BENCHMARK RESULTS
======================================================================
 SEQ_LEN  PyTorch_SDPA_TFLOPS  Triton_3Part_TFLOPS  Triton_4Part_TFLOPS
     512           470.352009           130.390396           102.032098
    1024           546.065512           216.717667           151.917940
    2048           590.214477           313.641116           199.279626
    4096           620.682451           400.616323           234.963251
    8192           635.113252           464.432686           258.521272
   16384           639.670150           507.152078           271.491719

[INFO] Benchmark chart saved successfully to 'Benchmark/FA3_Benchmark_HEAD_DIM_256.png'

scontrol show job 761962
JobId=761962 JobName=FA3_baseline
   UserId=notming(3159615) GroupId=notming(3159615) MCS_label=N/A
   Priority=1284631 Nice=0 Account=rrg-mmehride QOS=normal
   JobState=COMPLETING Reason=None Dependency=(null)
   Requeue=0 Restarts=0 BatchFlag=1 Reboot=0 ExitCode=0:0
   RunTime=00:57:59 TimeLimit=02:00:00 TimeMin=N/A
   SubmitTime=2026-08-13T19:18:54 EligibleTime=2026-08-13T19:18:54
   AccrueTime=2026-08-13T19:18:54
   StartTime=2026-08-13T19:20:20 EndTime=2026-08-13T20:18:19 Deadline=N/A
   SuspendTime=None SecsPreSuspend=0 LastSchedEval=2026-08-13T19:20:20 Scheduler=Main
   Partition=compute AllocNode:Sid=trig-login01:1988542
   ReqNodeList=(null) ExcNodeList=(null)
   NodeList=trig0011
   BatchHost=trig0011
   NumNodes=1 NumCPUs=24 NumTasks=1 CPUs/Task=1 ReqB:S:C:T=0:0:*:*
   ReqTRES=cpu=1,mem=187.50G,node=1,billing=1,gres/gpu=1
   AllocTRES=cpu=24,mem=187.50G,node=1,billing=1,gres/gpu=1
   Socks/Node=* NtasksPerN:B:S:C=0:0:*:* CoreSpec=*
   MinCPUsNode=1 MinMemoryNode=187.50G MinTmpDiskNode=0
   Features=(null) DelayBoot=00:00:00
   OverSubscribe=OK Contiguous=0 Licenses=(null) LicensesAlloc=(null) Network=(null)
   Command=/scratch/notming/attention/sbatch_sh/benchmark_fa3_baseline.sh
   SubmitLine=SBATCH --comment /opt/slurm/bin/sbatch --export=NONE --get-user-env sbatch_sh/benchmark_fa3_baseline.sh --export=NONE --get-user-env sbatch_sh/benchmark_fa3_baseline.sh
   WorkDir=/scratch/notming/attention
   Comment=/opt/slurm/bin/sbatch --export=NONE --get-user-env sbatch_sh/benchmark_fa3_baseline.sh
   StdErr=
   StdIn=/dev/null
   StdOut=/scratch/notming/attention/FA3_baseline_761962.out
   CpusPerTres=gpu:24
   TresPerNode=gres/gpu:1

sacct -j 761962
JobID           JobName    Account    Elapsed  MaxVMSize     MaxRSS  SystemCPU    UserCPU ExitCode 
------------ ---------- ---------- ---------- ---------- ---------- ---------- ---------- -------- 
761962       FA3_basel+ rrg-mmehr+   00:57:59                        02:28.129  52:37.426      0:0 
761962.batch      batch rrg-mmehr+   00:57:59          0   9009852K  02:28.129  52:37.426      0:0 
761962.exte+     extern rrg-mmehr+   00:57:59                         00:00:00   00:00:00      0:0 

