INFO:    Setting 'NVIDIA_VISIBLE_DEVICES=all' to emulate legacy GPU binding.
INFO:    Setting --writable-tmpfs (required by nvidia-container-cli)

======================================================================
   STARTING FLASHATTENTION-3 BENCHMARK (HEAD_DIM=64)
======================================================================

start SEQ_LEN=512-HEAD_DIM=64 (1/6)
finish SEQ_LEN=512-HEAD_DIM=64 -> SDPA: 342.49 TFLOPS, 3-Part: 115.00 TFLOPS, 4-Part: 114.18 TFLOPS
  3-Part best config: {'BLOCK_SIZE_M': 256, 'BLOCK_SIZE_N': 128, 'BLOCK_SIZE_K': 64, 'num_stages': 2, 'SUBTILE_FACTOR': 4}, num_warps=8
  4-Part best config: {'BLOCK_SIZE_M': 256, 'BLOCK_SIZE_N': 64, 'BLOCK_SIZE_K': 64, 'num_stages': 2, 'SUBTILE_FACTOR': 1}, num_warps=8
start SEQ_LEN=1024-HEAD_DIM=64 (2/6)
finish SEQ_LEN=1024-HEAD_DIM=64 -> SDPA: 388.20 TFLOPS, 3-Part: 178.65 TFLOPS, 4-Part: 176.91 TFLOPS
  3-Part best config: {'BLOCK_SIZE_M': 256, 'BLOCK_SIZE_N': 128, 'BLOCK_SIZE_K': 64, 'num_stages': 2, 'SUBTILE_FACTOR': 4}, num_warps=8
  4-Part best config: {'BLOCK_SIZE_M': 256, 'BLOCK_SIZE_N': 64, 'BLOCK_SIZE_K': 64, 'num_stages': 3, 'SUBTILE_FACTOR': 1}, num_warps=8
start SEQ_LEN=2048-HEAD_DIM=64 (3/6)
finish SEQ_LEN=2048-HEAD_DIM=64 -> SDPA: 415.84 TFLOPS, 3-Part: 248.04 TFLOPS, 4-Part: 241.62 TFLOPS
  3-Part best config: {'BLOCK_SIZE_M': 128, 'BLOCK_SIZE_N': 128, 'BLOCK_SIZE_K': 64, 'num_stages': 3, 'SUBTILE_FACTOR': 1}, num_warps=8
  4-Part best config: {'BLOCK_SIZE_M': 256, 'BLOCK_SIZE_N': 64, 'BLOCK_SIZE_K': 64, 'num_stages': 3, 'SUBTILE_FACTOR': 1}, num_warps=8
start SEQ_LEN=4096-HEAD_DIM=64 (4/6)
finish SEQ_LEN=4096-HEAD_DIM=64 -> SDPA: 429.10 TFLOPS, 3-Part: 298.12 TFLOPS, 4-Part: 292.16 TFLOPS
  3-Part best config: {'BLOCK_SIZE_M': 256, 'BLOCK_SIZE_N': 128, 'BLOCK_SIZE_K': 64, 'num_stages': 2, 'SUBTILE_FACTOR': 4}, num_warps=8
  4-Part best config: {'BLOCK_SIZE_M': 256, 'BLOCK_SIZE_N': 64, 'BLOCK_SIZE_K': 64, 'num_stages': 2, 'SUBTILE_FACTOR': 1}, num_warps=8
start SEQ_LEN=8192-HEAD_DIM=64 (5/6)
finish SEQ_LEN=8192-HEAD_DIM=64 -> SDPA: 433.24 TFLOPS, 3-Part: 332.33 TFLOPS, 4-Part: 323.73 TFLOPS
  3-Part best config: {'BLOCK_SIZE_M': 256, 'BLOCK_SIZE_N': 128, 'BLOCK_SIZE_K': 64, 'num_stages': 2, 'SUBTILE_FACTOR': 4}, num_warps=8
  4-Part best config: {'BLOCK_SIZE_M': 256, 'BLOCK_SIZE_N': 64, 'BLOCK_SIZE_K': 64, 'num_stages': 3, 'SUBTILE_FACTOR': 1}, num_warps=8
start SEQ_LEN=16384-HEAD_DIM=64 (6/6)
finish SEQ_LEN=16384-HEAD_DIM=64 -> SDPA: 436.12 TFLOPS, 3-Part: 357.41 TFLOPS, 4-Part: 343.17 TFLOPS
  3-Part best config: {'BLOCK_SIZE_M': 128, 'BLOCK_SIZE_N': 128, 'BLOCK_SIZE_K': 64, 'num_stages': 4, 'SUBTILE_FACTOR': 1}, num_warps=8
  4-Part best config: {'BLOCK_SIZE_M': 256, 'BLOCK_SIZE_N': 64, 'BLOCK_SIZE_K': 64, 'num_stages': 3, 'SUBTILE_FACTOR': 1}, num_warps=8

======================================================================
                    SUMMARY BENCHMARK RESULTS
======================================================================
 SEQ_LEN  PyTorch_SDPA_TFLOPS  Triton_3Part_TFLOPS  Triton_4Part_TFLOPS
     512           342.488220           114.999528           114.181141
    1024           388.203773           178.650355           176.914399
    2048           415.837955           248.040078           241.615933
    4096           429.101861           298.124393           292.160270
    8192           433.236313           332.331100           323.734266
   16384           436.121415           357.414774           343.166313

[INFO] Benchmark chart saved successfully to 'Benchmark/FA3_Benchmark_HEAD_DIM_64.png'
INFO:    Setting 'NVIDIA_VISIBLE_DEVICES=all' to emulate legacy GPU binding.
INFO:    Setting --writable-tmpfs (required by nvidia-container-cli)

======================================================================
   STARTING FLASHATTENTION-3 BENCHMARK (HEAD_DIM=128)
======================================================================

start SEQ_LEN=512-HEAD_DIM=128 (1/6)
finish SEQ_LEN=512-HEAD_DIM=128 -> SDPA: 448.38 TFLOPS, 3-Part: 127.13 TFLOPS, 4-Part: 125.28 TFLOPS
  3-Part best config: {'BLOCK_SIZE_M': 128, 'BLOCK_SIZE_N': 128, 'BLOCK_SIZE_K': 128, 'num_stages': 2, 'SUBTILE_FACTOR': 4}, num_warps=8
  4-Part best config: {'BLOCK_SIZE_M': 128, 'BLOCK_SIZE_N': 128, 'BLOCK_SIZE_K': 128, 'num_stages': 2, 'SUBTILE_FACTOR': 1}, num_warps=4
start SEQ_LEN=1024-HEAD_DIM=128 (2/6)
finish SEQ_LEN=1024-HEAD_DIM=128 -> SDPA: 514.99 TFLOPS, 3-Part: 205.48 TFLOPS, 4-Part: 204.45 TFLOPS
  3-Part best config: {'BLOCK_SIZE_M': 256, 'BLOCK_SIZE_N': 128, 'BLOCK_SIZE_K': 128, 'num_stages': 2, 'SUBTILE_FACTOR': 4}, num_warps=8
  4-Part best config: {'BLOCK_SIZE_M': 128, 'BLOCK_SIZE_N': 128, 'BLOCK_SIZE_K': 128, 'num_stages': 2, 'SUBTILE_FACTOR': 2}, num_warps=4
start SEQ_LEN=2048-HEAD_DIM=128 (3/6)
finish SEQ_LEN=2048-HEAD_DIM=128 -> SDPA: 551.74 TFLOPS, 3-Part: 292.73 TFLOPS, 4-Part: 288.88 TFLOPS
  3-Part best config: {'BLOCK_SIZE_M': 256, 'BLOCK_SIZE_N': 128, 'BLOCK_SIZE_K': 128, 'num_stages': 2, 'SUBTILE_FACTOR': 4}, num_warps=8
  4-Part best config: {'BLOCK_SIZE_M': 128, 'BLOCK_SIZE_N': 128, 'BLOCK_SIZE_K': 128, 'num_stages': 2, 'SUBTILE_FACTOR': 2}, num_warps=4
start SEQ_LEN=4096-HEAD_DIM=128 (4/6)
finish SEQ_LEN=4096-HEAD_DIM=128 -> SDPA: 576.88 TFLOPS, 3-Part: 367.55 TFLOPS, 4-Part: 360.80 TFLOPS
  3-Part best config: {'BLOCK_SIZE_M': 256, 'BLOCK_SIZE_N': 128, 'BLOCK_SIZE_K': 128, 'num_stages': 2, 'SUBTILE_FACTOR': 4}, num_warps=8
  4-Part best config: {'BLOCK_SIZE_M': 128, 'BLOCK_SIZE_N': 128, 'BLOCK_SIZE_K': 128, 'num_stages': 2, 'SUBTILE_FACTOR': 2}, num_warps=4
start SEQ_LEN=8192-HEAD_DIM=128 (5/6)
finish SEQ_LEN=8192-HEAD_DIM=128 -> SDPA: 587.37 TFLOPS, 3-Part: 421.69 TFLOPS, 4-Part: 400.55 TFLOPS
  3-Part best config: {'BLOCK_SIZE_M': 256, 'BLOCK_SIZE_N': 128, 'BLOCK_SIZE_K': 128, 'num_stages': 2, 'SUBTILE_FACTOR': 4}, num_warps=8
  4-Part best config: {'BLOCK_SIZE_M': 128, 'BLOCK_SIZE_N': 128, 'BLOCK_SIZE_K': 128, 'num_stages': 2, 'SUBTILE_FACTOR': 4}, num_warps=4
start SEQ_LEN=16384-HEAD_DIM=128 (6/6)
finish SEQ_LEN=16384-HEAD_DIM=128 -> SDPA: 590.81 TFLOPS, 3-Part: 450.90 TFLOPS, 4-Part: 442.29 TFLOPS
  3-Part best config: {'BLOCK_SIZE_M': 128, 'BLOCK_SIZE_N': 128, 'BLOCK_SIZE_K': 128, 'num_stages': 2, 'SUBTILE_FACTOR': 1}, num_warps=8
  4-Part best config: {'BLOCK_SIZE_M': 128, 'BLOCK_SIZE_N': 128, 'BLOCK_SIZE_K': 128, 'num_stages': 2, 'SUBTILE_FACTOR': 2}, num_warps=4

======================================================================
                    SUMMARY BENCHMARK RESULTS
======================================================================
 SEQ_LEN  PyTorch_SDPA_TFLOPS  Triton_3Part_TFLOPS  Triton_4Part_TFLOPS
     512           448.378638           127.134624           125.282699
    1024           514.990775           205.483110           204.448493
    2048           551.740570           292.731710           288.881721
    4096           576.884898           367.554937           360.797285
    8192           587.365607           421.688972           400.553243
   16384           590.809565           450.895930           442.291261

[INFO] Benchmark chart saved successfully to 'Benchmark/FA3_Benchmark_HEAD_DIM_128.png'
INFO:    Setting 'NVIDIA_VISIBLE_DEVICES=all' to emulate legacy GPU binding.
INFO:    Setting --writable-tmpfs (required by nvidia-container-cli)

======================================================================
   STARTING FLASHATTENTION-3 BENCHMARK (HEAD_DIM=256)
======================================================================

start SEQ_LEN=512-HEAD_DIM=256 (1/6)
finish SEQ_LEN=512-HEAD_DIM=256 -> SDPA: 472.10 TFLOPS, 3-Part: 129.52 TFLOPS, 4-Part: 113.47 TFLOPS
  3-Part best config: {'BLOCK_SIZE_M': 128, 'BLOCK_SIZE_N': 64, 'BLOCK_SIZE_K': 256, 'num_stages': 2, 'SUBTILE_FACTOR': 4}, num_warps=8
  4-Part best config: {'BLOCK_SIZE_M': 128, 'BLOCK_SIZE_N': 64, 'BLOCK_SIZE_K': 256, 'num_stages': 2, 'SUBTILE_FACTOR': 8}, num_warps=4
start SEQ_LEN=1024-HEAD_DIM=256 (2/6)
finish SEQ_LEN=1024-HEAD_DIM=256 -> SDPA: 544.82 TFLOPS, 3-Part: 214.47 TFLOPS, 4-Part: 178.85 TFLOPS
  3-Part best config: {'BLOCK_SIZE_M': 128, 'BLOCK_SIZE_N': 64, 'BLOCK_SIZE_K': 256, 'num_stages': 2, 'SUBTILE_FACTOR': 4}, num_warps=8
  4-Part best config: {'BLOCK_SIZE_M': 128, 'BLOCK_SIZE_N': 64, 'BLOCK_SIZE_K': 256, 'num_stages': 2, 'SUBTILE_FACTOR': 8}, num_warps=4
start SEQ_LEN=2048-HEAD_DIM=256 (3/6)
finish SEQ_LEN=2048-HEAD_DIM=256 -> SDPA: 592.10 TFLOPS, 3-Part: 311.95 TFLOPS, 4-Part: 245.16 TFLOPS
  3-Part best config: {'BLOCK_SIZE_M': 128, 'BLOCK_SIZE_N': 64, 'BLOCK_SIZE_K': 256, 'num_stages': 2, 'SUBTILE_FACTOR': 4}, num_warps=8
  4-Part best config: {'BLOCK_SIZE_M': 128, 'BLOCK_SIZE_N': 64, 'BLOCK_SIZE_K': 256, 'num_stages': 2, 'SUBTILE_FACTOR': 8}, num_warps=4
start SEQ_LEN=4096-HEAD_DIM=256 (4/6)
finish SEQ_LEN=4096-HEAD_DIM=256 -> SDPA: 620.27 TFLOPS, 3-Part: 399.27 TFLOPS, 4-Part: 299.44 TFLOPS
  3-Part best config: {'BLOCK_SIZE_M': 128, 'BLOCK_SIZE_N': 64, 'BLOCK_SIZE_K': 256, 'num_stages': 2, 'SUBTILE_FACTOR': 8}, num_warps=8
  4-Part best config: {'BLOCK_SIZE_M': 128, 'BLOCK_SIZE_N': 64, 'BLOCK_SIZE_K': 256, 'num_stages': 2, 'SUBTILE_FACTOR': 8}, num_warps=4
start SEQ_LEN=8192-HEAD_DIM=256 (5/6)
finish SEQ_LEN=8192-HEAD_DIM=256 -> SDPA: 633.68 TFLOPS, 3-Part: 463.59 TFLOPS, 4-Part: 336.52 TFLOPS
  3-Part best config: {'BLOCK_SIZE_M': 128, 'BLOCK_SIZE_N': 64, 'BLOCK_SIZE_K': 256, 'num_stages': 2, 'SUBTILE_FACTOR': 8}, num_warps=8
  4-Part best config: {'BLOCK_SIZE_M': 128, 'BLOCK_SIZE_N': 64, 'BLOCK_SIZE_K': 256, 'num_stages': 2, 'SUBTILE_FACTOR': 8}, num_warps=4
start SEQ_LEN=16384-HEAD_DIM=256 (6/6)
finish SEQ_LEN=16384-HEAD_DIM=256 -> SDPA: 638.47 TFLOPS, 3-Part: 505.26 TFLOPS, 4-Part: 359.03 TFLOPS
  3-Part best config: {'BLOCK_SIZE_M': 128, 'BLOCK_SIZE_N': 64, 'BLOCK_SIZE_K': 256, 'num_stages': 2, 'SUBTILE_FACTOR': 8}, num_warps=8
  4-Part best config: {'BLOCK_SIZE_M': 128, 'BLOCK_SIZE_N': 64, 'BLOCK_SIZE_K': 256, 'num_stages': 2, 'SUBTILE_FACTOR': 8}, num_warps=4

======================================================================
                    SUMMARY BENCHMARK RESULTS
======================================================================
 SEQ_LEN  PyTorch_SDPA_TFLOPS  Triton_3Part_TFLOPS  Triton_4Part_TFLOPS
     512           472.103117           129.521406           113.471861
    1024           544.817987           214.465893           178.852229
    2048           592.095813           311.946658           245.159620
    4096           620.265398           399.267639           299.443141
    8192           633.683248           463.588314           336.524590
   16384           638.474399           505.259977           359.029553

[INFO] Benchmark chart saved successfully to 'Benchmark/FA3_Benchmark_HEAD_DIM_256.png'

scontrol show job 769685
JobId=769685 JobName=FA3_baseline
   UserId=notming(3159615) GroupId=notming(3159615) MCS_label=N/A
   Priority=1302157 Nice=0 Account=rrg-mmehride QOS=normal
   JobState=COMPLETING Reason=None Dependency=(null)
   Requeue=0 Restarts=0 BatchFlag=1 Reboot=0 ExitCode=0:0
   RunTime=00:52:49 TimeLimit=02:00:00 TimeMin=N/A
   SubmitTime=2026-08-14T18:30:56 EligibleTime=2026-08-14T18:30:56
   AccrueTime=2026-08-14T18:30:56
   StartTime=2026-08-14T18:30:57 EndTime=2026-08-14T19:23:46 Deadline=N/A
   SuspendTime=None SecsPreSuspend=0 LastSchedEval=2026-08-14T18:30:57 Scheduler=Main
   Partition=compute AllocNode:Sid=trig-login01:3802270
   ReqNodeList=(null) ExcNodeList=(null)
   NodeList=trig0009
   BatchHost=trig0009
   NumNodes=1 NumCPUs=24 NumTasks=1 CPUs/Task=1 ReqB:S:C:T=0:0:*:*
   ReqTRES=cpu=1,mem=187.50G,node=1,billing=1,gres/gpu=1
   AllocTRES=cpu=24,mem=187.50G,node=1,billing=1,gres/gpu=1
   Socks/Node=* NtasksPerN:B:S:C=0:0:*:* CoreSpec=*
   MinCPUsNode=1 MinMemoryNode=187.50G MinTmpDiskNode=0
   Features=(null) DelayBoot=00:00:00
   OverSubscribe=OK Contiguous=0 Licenses=(null) LicensesAlloc=(null) Network=(null)
   Command=/scratch/notming/attention/sbatch_sh/benchmark_fa3_baseline.sh
   SubmitLine=SBATCH --comment /opt/slurm/bin/sbatch --export=NONE --get-user-env sbatch_sh/benchmark_fa3_baseline.sh --export=NONE --get-user-env sbatch_sh/benchmark_fa3_baseline.sh
   WorkDir=/scratch/notming/attention
   Comment=/opt/slurm/bin/sbatch --export=NONE --get-user-env sbatch_sh/benchmark_fa3_baseline.sh
   StdErr=
   StdIn=/dev/null
   StdOut=/scratch/notming/attention/FA3_baseline_769685.out
   CpusPerTres=gpu:24
   TresPerNode=gres/gpu:1

sacct -j 769685
JobID           JobName    Account    Elapsed  MaxVMSize     MaxRSS  SystemCPU    UserCPU ExitCode 
------------ ---------- ---------- ---------- ---------- ---------- ---------- ---------- -------- 
769685       FA3_basel+ rrg-mmehr+   00:52:49                         00:00:00   00:00:00      0:0 
769685.batch      batch rrg-mmehr+   00:52:49                         00:00:00   00:00:00      0:0 
769685.exte+     extern rrg-mmehr+   00:52:49                         00:00:00   00:00:00      0:0 

