
scontrol show job 915004
JobId=915004 JobName=debugjob-1-notming
   UserId=notming(3159615) GroupId=notming(3159615) MCS_label=N/A
   Priority=11193417 Nice=0 Account=def-mmehride QOS=normal
   JobState=COMPLETING Reason=None Dependency=(null)
   Requeue=0 Restarts=0 BatchFlag=0 Reboot=0 ExitCode=0:0
   RunTime=00:08:38 TimeLimit=02:00:00 TimeMin=N/A
   SubmitTime=2026-09-14T00:35:06 EligibleTime=2026-09-14T00:35:06
   AccrueTime=Unknown
   StartTime=2026-09-14T00:35:06 EndTime=2026-09-14T00:43:44 Deadline=N/A
   SuspendTime=None SecsPreSuspend=0 LastSchedEval=2026-09-14T00:35:06 Scheduler=Main
   Partition=debug AllocNode:Sid=trig-login01:1822334
   ReqNodeList=(null) ExcNodeList=(null)
   NodeList=trig0047
   BatchHost=trig0047
   NumNodes=1 NumCPUs=24 NumTasks=24 CPUs/Task=1 ReqB:S:C:T=0:0:*:*
   ReqTRES=cpu=24,mem=187.50G,node=1,billing=1,gres/gpu=1
   AllocTRES=cpu=24,mem=187.50G,node=1,billing=1,gres/gpu=1
   Socks/Node=* NtasksPerN:B:S:C=0:0:*:* CoreSpec=*
   MinCPUsNode=1 MinMemoryNode=187.50G MinTmpDiskNode=0
   Features=(null) DelayBoot=00:00:00
   OverSubscribe=OK Contiguous=0 Licenses=(null) LicensesAlloc=(null) Network=(null)
   Command=/bin/sh
   SubmitLine=SALLOC --comment /opt/slurm/bin/salloc --time=2:0:0 --job-name=debugjob-1-notming --nodes=1 --ntasks=24 --account=def-mmehride -p debug --gpus-per-node=1 --time=2:0:0 --job-name=debugjob-1-notming --nodes=1 --ntasks=24 --account=def-mmehride -p debug --gpus-per-node=1
   WorkDir=/scratch/notming/attention
   Comment=/opt/slurm/bin/salloc --time=2:0:0 --job-name=debugjob-1-notming --nodes=1 --ntasks=24 --account=def-mmehride -p debug --gpus-per-node=1
   CpusPerTres=gpu:24
   TresPerNode=gres/gpu:1

sacct -j 915004
JobID           JobName    Account    Elapsed  MaxVMSize     MaxRSS  SystemCPU    UserCPU ExitCode 
------------ ---------- ---------- ---------- ---------- ---------- ---------- ---------- -------- 
915004       debugjob-+ def-mmehr+   00:08:38                         00:00:00   00:00:00      0:0 
915004.inte+ interacti+ def-mmehr+   00:08:38                         00:00:00   00:00:00      0:0 
915004.exte+     extern def-mmehr+   00:08:38                         00:00:00   00:00:00      0:0 

