INFO:    Setting 'NVIDIA_VISIBLE_DEVICES=all' to emulate legacy GPU binding.
INFO:    Setting --writable-tmpfs (required by nvidia-container-cli)
start 49152-8192-49152
finish 49152-8192-49152, (1/167)
start 24576-8192-49152
finish 24576-8192-49152, (2/167)
start 49152-8192-24576
finish 49152-8192-24576, (3/167)
start 32768-8192-32768
finish 32768-8192-32768, (4/167)
start 16384-8192-49152
finish 16384-8192-49152, (5/167)
start 24576-8192-32768
finish 24576-8192-32768, (6/167)
start 32768-8192-24576
finish 32768-8192-24576, (7/167)
start 49152-8192-16384
finish 49152-8192-16384, (8/167)
start 12288-8192-49152
finish 12288-8192-49152, (9/167)
start 24576-8192-24576
finish 24576-8192-24576, (10/167)
start 49152-8192-12288
finish 49152-8192-12288, (11/167)
start 16384-8192-32768
finish 16384-8192-32768, (12/167)
start 32768-8192-16384
finish 32768-8192-16384, (13/167)
start 8192-8192-49152
finish 8192-8192-49152, (14/167)
start 12288-8192-32768
finish 12288-8192-32768, (15/167)
start 16384-8192-24576
finish 16384-8192-24576, (16/167)
start 24576-8192-16384
finish 24576-8192-16384, (17/167)
start 32768-8192-12288
finish 32768-8192-12288, (18/167)
start 49152-8192-8192
finish 49152-8192-8192, (19/167)
start 6144-8192-49152
finish 6144-8192-49152, (20/167)
start 12288-8192-24576
finish 12288-8192-24576, (21/167)
start 24576-8192-12288
finish 24576-8192-12288, (22/167)
start 49152-8192-6144
finish 49152-8192-6144, (23/167)
start 8192-8192-32768
finish 8192-8192-32768, (24/167)
start 16384-8192-16384
finish 16384-8192-16384, (25/167)
start 32768-8192-8192
finish 32768-8192-8192, (26/167)
start 4096-8192-49152
finish 4096-8192-49152, (27/167)
start 6144-8192-32768
finish 6144-8192-32768, (28/167)
start 8192-8192-24576
finish 8192-8192-24576, (29/167)
start 12288-8192-16384
finish 12288-8192-16384, (30/167)
start 16384-8192-12288
finish 16384-8192-12288, (31/167)
start 24576-8192-8192
finish 24576-8192-8192, (32/167)
start 32768-8192-6144
finish 32768-8192-6144, (33/167)
start 49152-8192-4096
finish 49152-8192-4096, (34/167)
start 3072-8192-49152
finish 3072-8192-49152, (35/167)
start 6144-8192-24576
finish 6144-8192-24576, (36/167)
start 12288-8192-12288
finish 12288-8192-12288, (37/167)
start 24576-8192-6144
finish 24576-8192-6144, (38/167)
start 49152-8192-3072
finish 49152-8192-3072, (39/167)
start 4096-8192-32768
finish 4096-8192-32768, (40/167)
start 8192-8192-16384
finish 8192-8192-16384, (41/167)
start 16384-8192-8192
finish 16384-8192-8192, (42/167)
start 32768-8192-4096
finish 32768-8192-4096, (43/167)
start 2048-8192-49152
finish 2048-8192-49152, (44/167)
start 3072-8192-32768
finish 3072-8192-32768, (45/167)
start 4096-8192-24576
finish 4096-8192-24576, (46/167)
start 6144-8192-16384
finish 6144-8192-16384, (47/167)
start 8192-8192-12288
finish 8192-8192-12288, (48/167)
start 12288-8192-8192
finish 12288-8192-8192, (49/167)
start 16384-8192-6144
finish 16384-8192-6144, (50/167)
start 24576-8192-4096
finish 24576-8192-4096, (51/167)
start 32768-8192-3072
finish 32768-8192-3072, (52/167)
start 49152-8192-2048
finish 49152-8192-2048, (53/167)
start 1536-8192-49152
finish 1536-8192-49152, (54/167)
start 3072-8192-24576
finish 3072-8192-24576, (55/167)
start 6144-8192-12288
finish 6144-8192-12288, (56/167)
start 12288-8192-6144
finish 12288-8192-6144, (57/167)
start 24576-8192-3072
finish 24576-8192-3072, (58/167)
start 49152-8192-1536
finish 49152-8192-1536, (59/167)
start 2048-8192-32768
finish 2048-8192-32768, (60/167)
start 4096-8192-16384
finish 4096-8192-16384, (61/167)
start 8192-8192-8192
finish 8192-8192-8192, (62/167)
start 16384-8192-4096
finish 16384-8192-4096, (63/167)
start 32768-8192-2048
finish 32768-8192-2048, (64/167)
start 1024-8192-49152
finish 1024-8192-49152, (65/167)
start 1536-8192-32768
finish 1536-8192-32768, (66/167)
start 2048-8192-24576
finish 2048-8192-24576, (67/167)
start 3072-8192-16384
finish 3072-8192-16384, (68/167)
start 4096-8192-12288
finish 4096-8192-12288, (69/167)
start 6144-8192-8192
finish 6144-8192-8192, (70/167)
start 8192-8192-6144
finish 8192-8192-6144, (71/167)
start 12288-8192-4096
finish 12288-8192-4096, (72/167)
start 16384-8192-3072
finish 16384-8192-3072, (73/167)
start 24576-8192-2048
finish 24576-8192-2048, (74/167)
start 32768-8192-1536
finish 32768-8192-1536, (75/167)
start 49152-8192-1024
finish 49152-8192-1024, (76/167)
start 768-8192-49152
finish 768-8192-49152, (77/167)
start 1536-8192-24576
finish 1536-8192-24576, (78/167)
start 3072-8192-12288
finish 3072-8192-12288, (79/167)
start 6144-8192-6144
finish 6144-8192-6144, (80/167)
start 12288-8192-3072
finish 12288-8192-3072, (81/167)
start 24576-8192-1536
finish 24576-8192-1536, (82/167)
start 49152-8192-768
finish 49152-8192-768, (83/167)
start 1024-8192-32768
finish 1024-8192-32768, (84/167)
start 2048-8192-16384
finish 2048-8192-16384, (85/167)
start 4096-8192-8192
finish 4096-8192-8192, (86/167)
start 8192-8192-4096
finish 8192-8192-4096, (87/167)
start 16384-8192-2048
finish 16384-8192-2048, (88/167)
start 32768-8192-1024
finish 32768-8192-1024, (89/167)
start 768-8192-32768
finish 768-8192-32768, (90/167)
start 1024-8192-24576
finish 1024-8192-24576, (91/167)
start 1536-8192-16384
finish 1536-8192-16384, (92/167)
start 2048-8192-12288
finish 2048-8192-12288, (93/167)
start 3072-8192-8192
finish 3072-8192-8192, (94/167)
start 4096-8192-6144
finish 4096-8192-6144, (95/167)
start 6144-8192-4096
finish 6144-8192-4096, (96/167)
start 8192-8192-3072
finish 8192-8192-3072, (97/167)
start 12288-8192-2048
finish 12288-8192-2048, (98/167)
start 16384-8192-1536
finish 16384-8192-1536, (99/167)
start 24576-8192-1024
finish 24576-8192-1024, (100/167)
start 32768-8192-768
finish 32768-8192-768, (101/167)
start 768-8192-24576
finish 768-8192-24576, (102/167)
start 1536-8192-12288
finish 1536-8192-12288, (103/167)
start 3072-8192-6144
finish 3072-8192-6144, (104/167)
start 6144-8192-3072
finish 6144-8192-3072, (105/167)
start 12288-8192-1536
finish 12288-8192-1536, (106/167)
start 24576-8192-768
finish 24576-8192-768, (107/167)
start 1024-8192-16384
finish 1024-8192-16384, (108/167)
start 2048-8192-8192
finish 2048-8192-8192, (109/167)
start 4096-8192-4096
finish 4096-8192-4096, (110/167)
start 8192-8192-2048
finish 8192-8192-2048, (111/167)
start 16384-8192-1024
finish 16384-8192-1024, (112/167)
start 768-8192-16384
finish 768-8192-16384, (113/167)
start 1024-8192-12288
finish 1024-8192-12288, (114/167)
start 1536-8192-8192
finish 1536-8192-8192, (115/167)
start 2048-8192-6144
finish 2048-8192-6144, (116/167)
start 3072-8192-4096
finish 3072-8192-4096, (117/167)
start 4096-8192-3072
finish 4096-8192-3072, (118/167)
start 6144-8192-2048
finish 6144-8192-2048, (119/167)
start 8192-8192-1536
finish 8192-8192-1536, (120/167)
start 12288-8192-1024
finish 12288-8192-1024, (121/167)
start 16384-8192-768
finish 16384-8192-768, (122/167)
start 768-8192-12288
finish 768-8192-12288, (123/167)
start 1536-8192-6144
finish 1536-8192-6144, (124/167)
start 3072-8192-3072
finish 3072-8192-3072, (125/167)
start 6144-8192-1536
finish 6144-8192-1536, (126/167)
start 12288-8192-768
finish 12288-8192-768, (127/167)
start 1024-8192-8192
finish 1024-8192-8192, (128/167)
start 2048-8192-4096
finish 2048-8192-4096, (129/167)
start 4096-8192-2048
finish 4096-8192-2048, (130/167)
start 8192-8192-1024
finish 8192-8192-1024, (131/167)
start 768-8192-8192
finish 768-8192-8192, (132/167)
start 1024-8192-6144
finish 1024-8192-6144, (133/167)
start 1536-8192-4096
finish 1536-8192-4096, (134/167)
start 2048-8192-3072
finish 2048-8192-3072, (135/167)
start 3072-8192-2048
finish 3072-8192-2048, (136/167)
start 4096-8192-1536
finish 4096-8192-1536, (137/167)
start 6144-8192-1024
finish 6144-8192-1024, (138/167)
start 8192-8192-768
finish 8192-8192-768, (139/167)
start 768-8192-6144
finish 768-8192-6144, (140/167)
start 1536-8192-3072
finish 1536-8192-3072, (141/167)
start 3072-8192-1536
finish 3072-8192-1536, (142/167)
start 6144-8192-768
finish 6144-8192-768, (143/167)
start 1024-8192-4096
finish 1024-8192-4096, (144/167)
start 2048-8192-2048
finish 2048-8192-2048, (145/167)
start 4096-8192-1024
finish 4096-8192-1024, (146/167)
start 768-8192-4096
finish 768-8192-4096, (147/167)
start 1024-8192-3072
finish 1024-8192-3072, (148/167)
start 1536-8192-2048
finish 1536-8192-2048, (149/167)
start 2048-8192-1536
finish 2048-8192-1536, (150/167)
start 3072-8192-1024
finish 3072-8192-1024, (151/167)
start 4096-8192-768
finish 4096-8192-768, (152/167)
start 768-8192-3072
finish 768-8192-3072, (153/167)
start 1536-8192-1536
finish 1536-8192-1536, (154/167)
start 3072-8192-768
finish 3072-8192-768, (155/167)
start 1024-8192-2048
finish 1024-8192-2048, (156/167)
start 2048-8192-1024
finish 2048-8192-1024, (157/167)
start 768-8192-2048
finish 768-8192-2048, (158/167)
start 1024-8192-1536
finish 1024-8192-1536, (159/167)
start 1536-8192-1024
finish 1536-8192-1024, (160/167)
start 2048-8192-768
finish 2048-8192-768, (161/167)
start 768-8192-1536
finish 768-8192-1536, (162/167)
start 1536-8192-768
finish 1536-8192-768, (163/167)
start 1024-8192-1024
finish 1024-8192-1024, (164/167)
start 768-8192-1024
finish 768-8192-1024, (165/167)
start 1024-8192-768
finish 1024-8192-768, (166/167)
start 768-8192-768
finish 768-8192-768, (167/167)
0.6288487530147442

[INFO] Optimization charts successfully compiled and saved to 'Benchmark/v7.2_8192.png'
INFO:    Setting 'NVIDIA_VISIBLE_DEVICES=all' to emulate legacy GPU binding.
INFO:    Setting --writable-tmpfs (required by nvidia-container-cli)
start 49152-8192-49152
finish 49152-8192-49152, (1/167)
start 24576-8192-49152
finish 24576-8192-49152, (2/167)
start 49152-8192-24576
finish 49152-8192-24576, (3/167)
start 32768-8192-32768
finish 32768-8192-32768, (4/167)
start 16384-8192-49152
finish 16384-8192-49152, (5/167)
start 24576-8192-32768
finish 24576-8192-32768, (6/167)
start 32768-8192-24576
finish 32768-8192-24576, (7/167)
start 49152-8192-16384
finish 49152-8192-16384, (8/167)
start 12288-8192-49152
finish 12288-8192-49152, (9/167)
start 24576-8192-24576
finish 24576-8192-24576, (10/167)
start 49152-8192-12288
finish 49152-8192-12288, (11/167)
start 16384-8192-32768
finish 16384-8192-32768, (12/167)
start 32768-8192-16384
finish 32768-8192-16384, (13/167)
start 8192-8192-49152
finish 8192-8192-49152, (14/167)
start 12288-8192-32768
finish 12288-8192-32768, (15/167)
start 16384-8192-24576
finish 16384-8192-24576, (16/167)
start 24576-8192-16384
finish 24576-8192-16384, (17/167)
start 32768-8192-12288
finish 32768-8192-12288, (18/167)
start 49152-8192-8192
finish 49152-8192-8192, (19/167)
start 6144-8192-49152
finish 6144-8192-49152, (20/167)
start 12288-8192-24576
finish 12288-8192-24576, (21/167)
start 24576-8192-12288
finish 24576-8192-12288, (22/167)
start 49152-8192-6144
finish 49152-8192-6144, (23/167)
start 8192-8192-32768
finish 8192-8192-32768, (24/167)
start 16384-8192-16384
finish 16384-8192-16384, (25/167)
start 32768-8192-8192
finish 32768-8192-8192, (26/167)
start 4096-8192-49152
finish 4096-8192-49152, (27/167)
start 6144-8192-32768
finish 6144-8192-32768, (28/167)
start 8192-8192-24576
finish 8192-8192-24576, (29/167)
start 12288-8192-16384
finish 12288-8192-16384, (30/167)
start 16384-8192-12288
finish 16384-8192-12288, (31/167)
start 24576-8192-8192
finish 24576-8192-8192, (32/167)
start 32768-8192-6144
finish 32768-8192-6144, (33/167)
start 49152-8192-4096
finish 49152-8192-4096, (34/167)
start 3072-8192-49152
finish 3072-8192-49152, (35/167)
start 6144-8192-24576
finish 6144-8192-24576, (36/167)
start 12288-8192-12288
finish 12288-8192-12288, (37/167)
start 24576-8192-6144
finish 24576-8192-6144, (38/167)
start 49152-8192-3072
finish 49152-8192-3072, (39/167)
start 4096-8192-32768
finish 4096-8192-32768, (40/167)
start 8192-8192-16384
finish 8192-8192-16384, (41/167)
start 16384-8192-8192
finish 16384-8192-8192, (42/167)
start 32768-8192-4096
finish 32768-8192-4096, (43/167)
start 2048-8192-49152
finish 2048-8192-49152, (44/167)
start 3072-8192-32768
finish 3072-8192-32768, (45/167)
start 4096-8192-24576
finish 4096-8192-24576, (46/167)
start 6144-8192-16384
finish 6144-8192-16384, (47/167)
start 8192-8192-12288
finish 8192-8192-12288, (48/167)
start 12288-8192-8192
finish 12288-8192-8192, (49/167)
start 16384-8192-6144
finish 16384-8192-6144, (50/167)
start 24576-8192-4096
finish 24576-8192-4096, (51/167)
start 32768-8192-3072
finish 32768-8192-3072, (52/167)
start 49152-8192-2048
finish 49152-8192-2048, (53/167)
start 1536-8192-49152
finish 1536-8192-49152, (54/167)
start 3072-8192-24576
finish 3072-8192-24576, (55/167)
start 6144-8192-12288
finish 6144-8192-12288, (56/167)
start 12288-8192-6144
finish 12288-8192-6144, (57/167)
start 24576-8192-3072
finish 24576-8192-3072, (58/167)
start 49152-8192-1536
finish 49152-8192-1536, (59/167)
start 2048-8192-32768
finish 2048-8192-32768, (60/167)
start 4096-8192-16384
finish 4096-8192-16384, (61/167)
start 8192-8192-8192
finish 8192-8192-8192, (62/167)
start 16384-8192-4096
finish 16384-8192-4096, (63/167)
start 32768-8192-2048
finish 32768-8192-2048, (64/167)
start 1024-8192-49152
finish 1024-8192-49152, (65/167)
start 1536-8192-32768
finish 1536-8192-32768, (66/167)
start 2048-8192-24576
finish 2048-8192-24576, (67/167)
start 3072-8192-16384
finish 3072-8192-16384, (68/167)
start 4096-8192-12288
finish 4096-8192-12288, (69/167)
start 6144-8192-8192
finish 6144-8192-8192, (70/167)
start 8192-8192-6144
finish 8192-8192-6144, (71/167)
start 12288-8192-4096
finish 12288-8192-4096, (72/167)
start 16384-8192-3072
finish 16384-8192-3072, (73/167)
start 24576-8192-2048
finish 24576-8192-2048, (74/167)
start 32768-8192-1536
finish 32768-8192-1536, (75/167)
start 49152-8192-1024
finish 49152-8192-1024, (76/167)
start 768-8192-49152
finish 768-8192-49152, (77/167)
start 1536-8192-24576
finish 1536-8192-24576, (78/167)
start 3072-8192-12288
finish 3072-8192-12288, (79/167)
start 6144-8192-6144
finish 6144-8192-6144, (80/167)
start 12288-8192-3072
finish 12288-8192-3072, (81/167)
start 24576-8192-1536
finish 24576-8192-1536, (82/167)
start 49152-8192-768
finish 49152-8192-768, (83/167)
start 1024-8192-32768
finish 1024-8192-32768, (84/167)
start 2048-8192-16384
finish 2048-8192-16384, (85/167)
start 4096-8192-8192
finish 4096-8192-8192, (86/167)
start 8192-8192-4096
finish 8192-8192-4096, (87/167)
start 16384-8192-2048
finish 16384-8192-2048, (88/167)
start 32768-8192-1024
finish 32768-8192-1024, (89/167)
start 768-8192-32768
finish 768-8192-32768, (90/167)
start 1024-8192-24576
finish 1024-8192-24576, (91/167)
start 1536-8192-16384
finish 1536-8192-16384, (92/167)
start 2048-8192-12288
finish 2048-8192-12288, (93/167)
start 3072-8192-8192
finish 3072-8192-8192, (94/167)
start 4096-8192-6144
finish 4096-8192-6144, (95/167)
start 6144-8192-4096
finish 6144-8192-4096, (96/167)
start 8192-8192-3072
finish 8192-8192-3072, (97/167)
start 12288-8192-2048
finish 12288-8192-2048, (98/167)
start 16384-8192-1536
finish 16384-8192-1536, (99/167)
start 24576-8192-1024
finish 24576-8192-1024, (100/167)
start 32768-8192-768
finish 32768-8192-768, (101/167)
start 768-8192-24576
finish 768-8192-24576, (102/167)
start 1536-8192-12288
finish 1536-8192-12288, (103/167)
start 3072-8192-6144
finish 3072-8192-6144, (104/167)
start 6144-8192-3072
finish 6144-8192-3072, (105/167)
start 12288-8192-1536
finish 12288-8192-1536, (106/167)
start 24576-8192-768
finish 24576-8192-768, (107/167)
start 1024-8192-16384
finish 1024-8192-16384, (108/167)
start 2048-8192-8192
finish 2048-8192-8192, (109/167)
start 4096-8192-4096
finish 4096-8192-4096, (110/167)
start 8192-8192-2048
finish 8192-8192-2048, (111/167)
start 16384-8192-1024
finish 16384-8192-1024, (112/167)
start 768-8192-16384
finish 768-8192-16384, (113/167)
start 1024-8192-12288
finish 1024-8192-12288, (114/167)
start 1536-8192-8192
finish 1536-8192-8192, (115/167)
start 2048-8192-6144
finish 2048-8192-6144, (116/167)
start 3072-8192-4096
finish 3072-8192-4096, (117/167)
start 4096-8192-3072
finish 4096-8192-3072, (118/167)
start 6144-8192-2048
finish 6144-8192-2048, (119/167)
start 8192-8192-1536
finish 8192-8192-1536, (120/167)
start 12288-8192-1024
finish 12288-8192-1024, (121/167)
start 16384-8192-768
finish 16384-8192-768, (122/167)
start 768-8192-12288
finish 768-8192-12288, (123/167)
start 1536-8192-6144
finish 1536-8192-6144, (124/167)
start 3072-8192-3072
finish 3072-8192-3072, (125/167)
start 6144-8192-1536
finish 6144-8192-1536, (126/167)
start 12288-8192-768
finish 12288-8192-768, (127/167)
start 1024-8192-8192
finish 1024-8192-8192, (128/167)
start 2048-8192-4096
finish 2048-8192-4096, (129/167)
start 4096-8192-2048
finish 4096-8192-2048, (130/167)
start 8192-8192-1024
finish 8192-8192-1024, (131/167)
start 768-8192-8192
finish 768-8192-8192, (132/167)
start 1024-8192-6144
finish 1024-8192-6144, (133/167)
start 1536-8192-4096
finish 1536-8192-4096, (134/167)
start 2048-8192-3072
finish 2048-8192-3072, (135/167)
start 3072-8192-2048
finish 3072-8192-2048, (136/167)
start 4096-8192-1536
finish 4096-8192-1536, (137/167)
start 6144-8192-1024
finish 6144-8192-1024, (138/167)
start 8192-8192-768
finish 8192-8192-768, (139/167)
start 768-8192-6144
finish 768-8192-6144, (140/167)
start 1536-8192-3072
finish 1536-8192-3072, (141/167)
start 3072-8192-1536
finish 3072-8192-1536, (142/167)
start 6144-8192-768
finish 6144-8192-768, (143/167)
start 1024-8192-4096
finish 1024-8192-4096, (144/167)
start 2048-8192-2048
finish 2048-8192-2048, (145/167)
start 4096-8192-1024
finish 4096-8192-1024, (146/167)
start 768-8192-4096
finish 768-8192-4096, (147/167)
start 1024-8192-3072
finish 1024-8192-3072, (148/167)
start 1536-8192-2048
finish 1536-8192-2048, (149/167)
start 2048-8192-1536
finish 2048-8192-1536, (150/167)
start 3072-8192-1024
finish 3072-8192-1024, (151/167)
start 4096-8192-768
finish 4096-8192-768, (152/167)
start 768-8192-3072
finish 768-8192-3072, (153/167)
start 1536-8192-1536
finish 1536-8192-1536, (154/167)
start 3072-8192-768
finish 3072-8192-768, (155/167)
start 1024-8192-2048
finish 1024-8192-2048, (156/167)
start 2048-8192-1024
finish 2048-8192-1024, (157/167)
start 768-8192-2048
finish 768-8192-2048, (158/167)
start 1024-8192-1536
finish 1024-8192-1536, (159/167)
start 1536-8192-1024
finish 1536-8192-1024, (160/167)
start 2048-8192-768
finish 2048-8192-768, (161/167)
start 768-8192-1536
finish 768-8192-1536, (162/167)
start 1536-8192-768
finish 1536-8192-768, (163/167)
start 1024-8192-1024
finish 1024-8192-1024, (164/167)
start 768-8192-1024
finish 768-8192-1024, (165/167)
start 1024-8192-768
finish 1024-8192-768, (166/167)
start 768-8192-768
finish 768-8192-768, (167/167)
0.629651597443287

[INFO] Optimization charts successfully compiled and saved to 'Benchmark/v7.5_8192.png'

scontrol show job 622530
JobId=622530 JobName=8192_all_benchmark
   UserId=notming(3159615) GroupId=notming(3159615) MCS_label=N/A
   Priority=1289769 Nice=0 Account=rrg-mmehride QOS=normal
   JobState=COMPLETING Reason=None Dependency=(null)
   Requeue=0 Restarts=0 BatchFlag=1 Reboot=0 ExitCode=0:0
   RunTime=05:28:58 TimeLimit=12:00:00 TimeMin=N/A
   SubmitTime=2026-06-28T23:39:10 EligibleTime=2026-06-28T23:39:10
   AccrueTime=2026-06-28T23:39:10
   StartTime=2026-06-28T23:41:04 EndTime=2026-06-29T05:10:02 Deadline=N/A
   SuspendTime=None SecsPreSuspend=0 LastSchedEval=2026-06-28T23:41:04 Scheduler=Main
   Partition=compute AllocNode:Sid=trig-login01:3789372
   ReqNodeList=(null) ExcNodeList=(null)
   NodeList=trig0053
   BatchHost=trig0053
   NumNodes=1 NumCPUs=24 NumTasks=1 CPUs/Task=1 ReqB:S:C:T=0:0:*:*
   ReqTRES=cpu=1,mem=192500M,node=1,billing=1,gres/gpu=1
   AllocTRES=cpu=24,mem=192500M,node=1,billing=1,gres/gpu=1
   Socks/Node=* NtasksPerN:B:S:C=0:0:*:* CoreSpec=*
   MinCPUsNode=1 MinMemoryNode=192500M MinTmpDiskNode=0
   Features=(null) DelayBoot=00:00:00
   OverSubscribe=OK Contiguous=0 Licenses=(null) LicensesAlloc=(null) Network=(null)
   Command=/scratch/notming/compression/sbatch_sh/trillium/7_benchmark_all.sh
   SubmitLine=SBATCH --comment /opt/slurm/bin/sbatch --export=NONE --get-user-env 7_benchmark_all.sh --export=NONE --get-user-env 7_benchmark_all.sh
   WorkDir=/scratch/notming/compression/sbatch_sh/trillium
   Comment=/opt/slurm/bin/sbatch --export=NONE --get-user-env 7_benchmark_all.sh
   StdErr=
   StdIn=/dev/null
   StdOut=/scratch/notming/compression/sbatch_sh/trillium/8192_all_benchmark_622530.out
   CpusPerTres=gpu:24
   TresPerNode=gres/gpu:h100:1

sacct -j 622530
JobID           JobName    Account    Elapsed  MaxVMSize     MaxRSS  SystemCPU    UserCPU ExitCode 
------------ ---------- ---------- ---------- ---------- ---------- ---------- ---------- -------- 
622530       8192_all_+ rrg-mmehr+   05:28:58                         00:00:00   00:00:00      0:0 
622530.batch      batch rrg-mmehr+   05:28:58                         00:00:00   00:00:00      0:0 
622530.exte+     extern rrg-mmehr+   05:28:58                         00:00:00   00:00:00      0:0 

